

#########################################################################################################################################
#########################################################################################################################################
#########################################################################################################################################
#########################################################################################################################################
#########################################################################################################################################
DynamicSDDiP.jl (c) Christian Füllner, 2021
re-uses code from SDDP.jl (c) Oscar Dowson, 2017-21
||||||||||||||||||||||||||||||||||||||||||||||||||||||||||||||||||||||||||||||||||||||||||||||||||||||||||||||||||||||||||||||||||||||||
PATH
calling 
C:\Users\cg4102\.julia\packages\DynamicSDDiP\do2Fb\src
nothing
DATETIME
2024-10-11T05:05:04.344
||||||||||||||||||||||||||||||||||||||||||||||||||||||||||||||||||||||||||||||||||||||||||||||||||||||||||||||||||||||||||||||||||||||||
STOPPING RULES
SDDP.TimeLimit(10800.0)
SDDP.BoundStalling(20, 0.0001)
||||||||||||||||||||||||||||||||||||||||||||||||||||||||||||||||||||||||||||||||||||||||||||||||||||||||||||||||||||||||||||||||||||||||
REGULARIZATION
DynamicSDDiP.NoRegularization()
||||||||||||||||||||||||||||||||||||||||||||||||||||||||||||||||||||||||||||||||||||||||||||||||||||||||||||||||||||||||||||||||||||||||
CUT GENERATION REGIMES
DynamicSDDiP.CutGenerationRegime(DynamicSDDiP.NoStateApproximation(), DynamicSDDiP.UnifiedLagrangianDuality(0.0001, 0.0001, 1000, DynamicSDDiP.ZeroDuals(), DynamicSDDiP.BothBounds(), DynamicSDDiP.LevelBundle(0.5, true, false), DynamicSDDiP.StandardChoice(), DynamicSDDiP.Lax(), DynamicSDDiP.Core_Midpoint(DynamicSDDiP.ConvexHullCopy(), DynamicSDDiP.NoIntegerRelax(), DynamicSDDiP.Unbounded_Opt_SB(true), DynamicSDDiP.NoImprovement(), false), DynamicSDDiP.NoDualSpaceRestriction(), DynamicSDDiP.ConvexHullCopy(), nothing, nothing), 1, Inf, Inf, 0.0, true, 0.0001)

||||||||||||||||||||||||||||||||||||||||||||||||||||||||||||||||||||||||||||||||||||||||||||||||||||||||||||||||||||||||||||||||||||||||
CUT AGGREGATION
DynamicSDDiP.MultiCutRegime()
||||||||||||||||||||||||||||||||||||||||||||||||||||||||||||||||||||||||||||||||||||||||||||||||||||||||||||||||||||||||||||||||||||||||
CUT SELECTION
DynamicSDDiP.NoCutSelection()
||||||||||||||||||||||||||||||||||||||||||||||||||||||||||||||||||||||||||||||||||||||||||||||||||||||||||||||||||||||||||||||||||||||||
LATE BINARIZATION
DynamicSDDiP.NoLateBinarization()
||||||||||||||||||||||||||||||||||||||||||||||||||||||||||||||||||||||||||||||||||||||||||||||||||||||||||||||||||||||||||||||||||||||||
APPLIED SOLVERS (LP, MILP, MIQCP, MINLP, NLP, Lagrange)
DynamicSDDiP.AppliedSolvers(true, "Gurobi", "Gurobi", "Gurobi", "Gurobi", "Gurobi", "Gurobi", "Gurobi", "Gurobi", "Gurobi", 0.0001, 300)
DynamicSDDiP.Direct_Solver()
Numerical focus: false
Silent: true
||||||||||||||||||||||||||||||||||||||||||||||||||||||||||||||||||||||||||||||||||||||||||||||||||||||||||||||||||||||||||||||||||||||||
SAMPLING
Used seed for sampling scenarios: 
11111     
||||||||||||||||||||||||||||||||||||||||||||||||||||||||||||||||||||||||||||||||||||||||||||||||||||||||||||||||||||||||||||||||||||||||
RUN DESCRIPTION

||||||||||||||||||||||||||||||||||||||||||||||||||||||||||||||||||||||||||||||||||||||||||||||||||||||||||||||||||||||||||||||||||||||||
PROBLEM DESCRIPTION
Number of stages: 4
Number of realizations per stage: 20
Seed for scenario tree sampling: 12345
Solver: serial mode

────────────────────────────────────────────────────────────────────────────────────────────────────────────────────────────────────────────────────────────────────────────────────────────────────────
It.#               UB        Best UB             LB       Gap           Time        It_Time           Refinements                            #Var.   #Constr.             #Cuts       Lagrangian Dual                                               
                                                          [%]            [s]            [s]          σ       Bin.      Total      {0,1}          ℤ      Total    Total   Active      # It.    # C-It.  # C-Real.  
────────────────────────────────────────────────────────────────────────────────────────────────────────────────────────────────────────────────────────────────────────────────────────────────────────
1        1.512360e+03   1.512360e+03   4.387960e+02    0.7099   5.985900e+01   5.985900e+01      false       none        100         33          0          4       60       60       5253       5253         60
2        1.642811e+03   1.512360e+03   8.198636e+02    0.4579   1.624060e+02   1.025470e+02      false       none        100         33          0          4      117      117       6026       6026         60
3        1.257644e+03   1.257644e+03   1.229325e+03    0.0225   2.562190e+02   9.381300e+01      false       none        100         33          0          4      174      174       5393       5393         60
4        1.962830e+03   1.257644e+03   1.279491e+03    0.0171   3.346090e+02   7.839000e+01      false       none        100         33          0          4      215      215       4171       4171         60
5        1.205682e+03   1.205682e+03   1.319423e+03    0.0862   4.604380e+02   1.258290e+02      false       none        100         33          0          4      273      273       5645       5645         60
6        1.430945e+03   1.205682e+03   1.343090e+03    0.1023   6.135780e+02   1.531400e+02      false       none        100         33          0          4      333      333       5648       5648         60
7        2.320512e+03   1.205682e+03   1.379698e+03    0.1261   7.960790e+02   1.825010e+02      false       none        100         33          0          4      390      390       5724       5691         59
8        1.330697e+03   1.205682e+03   1.387550e+03    0.1311   9.873910e+02   1.913120e+02      false       none        100         33          0          4      450      450       5570       5570         60
9        1.823681e+03   1.205682e+03   1.415811e+03    0.1484   1.173079e+03   1.856880e+02      false       none        100         33          0          4      490      490       4525       4525         60
10       1.150455e+03   1.150455e+03   1.425189e+03    0.1928   1.429548e+03   2.564690e+02      false       none        100         33          0          4      550      550       6041       6041         60
11       1.648755e+03   1.150455e+03   1.426185e+03    0.1933   1.631361e+03   2.018130e+02      false       none        100         33          0          4      608      608       5126       5092         59
12       2.541165e+03   1.150455e+03   1.427471e+03    0.1941   1.817298e+03   1.859370e+02      false       none        100         33          0          4      646      646       4006       4006         60
13       1.345727e+03   1.150455e+03   1.439294e+03    0.2007   2.058392e+03   2.410940e+02      false       none        100         33          0          4      701      701       5131       5131         60
14       1.089942e+03   1.089942e+03   1.445017e+03    0.2457   2.307502e+03   2.491100e+02      false       none        100         33          0          4      760      760       5576       5576         60
15       1.131533e+03   1.089942e+03   1.450149e+03    0.2484   2.618877e+03   3.113750e+02      false       none        100         33          0          4      820      820       5716       5679         59
16       1.192153e+03   1.089942e+03   1.460181e+03    0.2536   2.933080e+03   3.142030e+02      false       none        100         33          0          4      878      878       5570       5495         58
17       2.617283e+03   1.089942e+03   1.465710e+03    0.2564   3.276284e+03   3.432040e+02      false       none        100         33          0          4      930      930       4880       4880         60
18       1.365623e+03   1.089942e+03   1.465783e+03    0.2564   3.548815e+03   2.725310e+02      false       none        100         33          0          4      989      989       5089       5089         60
19       1.209039e+03   1.089942e+03   1.466138e+03    0.2566   3.906175e+03   3.573600e+02      false       none        100         33          0          4     1046     1046       5379       5379         60
20       3.272236e+03   1.089942e+03   1.467379e+03    0.2572   4.229879e+03   3.237040e+02      false       none        100         33          0          4     1098     1098       4591       4591         60
21       1.173728e+03   1.089942e+03   1.471891e+03    0.2595   4.564223e+03   3.343440e+02      false       none        100         33          0          4     1149     1149       4502       4502         60
22       2.306596e+03   1.089942e+03   1.478826e+03    0.2630   4.949973e+03   3.857500e+02      false       none        100         33          0          4     1188     1188       4338       4338         60
23       2.854432e+03   1.089942e+03   1.480688e+03    0.2639   5.296567e+03   3.465940e+02      false       none        100         33          0          4     1238     1238       4388       4388         60
24       1.426728e+03   1.089942e+03   1.482360e+03    0.2647   5.707005e+03   4.104380e+02      false       none        100         33          0          4     1296     1296       5090       5054         59
25       1.987608e+03   1.089942e+03   1.482637e+03    0.2649   6.073146e+03   3.661410e+02      false       none        100         33          0          4     1352     1352       4832       4832         60
26       1.524382e+03   1.089942e+03   1.485431e+03    0.2662   6.473069e+03   3.999230e+02      false       none        100         33          0          4     1404     1404       4464       4464         60
27       1.102587e+03   1.089942e+03   1.485861e+03    0.2665   6.935131e+03   4.620620e+02      false       none        100         33          0          4     1460     1460       5021       5021         60
28       2.145953e+03   1.089942e+03   1.488893e+03    0.2680   7.477460e+03   5.423290e+02      false       none        100         33          0          4     1498     1498       4414       4414         60
29       2.204291e+03   1.089942e+03   1.490068e+03    0.2685   7.854679e+03   3.772190e+02      false       none        100         33          0          4     1536     1536       3697       3697         60
30       1.905189e+03   1.089942e+03   1.492646e+03    0.2698   8.257976e+03   4.032970e+02      false       none        100         33          0          4     1585     1585       4217       4217         60
31       1.223413e+03   1.089942e+03   1.493788e+03    0.2704   8.595101e+03   3.371250e+02      false       none        100         33          0          4     1628     1628       3568       3568         60
32       1.237731e+03   1.089942e+03   1.493928e+03    0.2704   9.110914e+03   5.158130e+02      false       none        100         33          0          4     1678     1678       4458       4458         60
33       1.478897e+03   1.089942e+03   1.495466e+03    0.2712   9.556118e+03   4.452040e+02      false       none        100         33          0          4     1735     1735       4582       4582         60
34       1.240932e+03   1.089942e+03   1.495620e+03    0.2712   1.006388e+04   5.077660e+02      false       none        100         33          0          4     1784     1784       4243       4243         60
35       2.656866e+03   1.089942e+03   1.496406e+03    0.2716   1.067054e+04   6.066570e+02      false       none        100         33          0          4     1821     1821       3949       3949         60
36       1.307845e+03   1.089942e+03   1.496565e+03    0.2717   1.131412e+04   6.435780e+02      false       none        100         33          0          4     1879     1879       5350       5314         59

Terminating DynamicSDDiP with status: time_limit
------------------------------------------------------------------------------
 ────────────────────────────────────────────────────────────────────────────────
                                        Time                    Allocations      
                               ───────────────────────   ────────────────────────
       Tot / % measured:            3.14h / 100.0%           31.5GiB / 100.0%    

 Section               ncalls     time    %tot     avg     alloc    %tot      avg
 ────────────────────────────────────────────────────────────────────────────────
 loop                       1    3.14h  100.0%   3.14h   31.5GiB  100.0%  31.5GiB
   iterations              36    3.14h  100.0%    314s   31.5GiB  100.0%   895MiB
     backward_pass         36    3.14h   99.9%    314s   31.5GiB  100.0%   895MiB
       solve_BP         2.16k    3.14h   99.9%   5.23s   31.4GiB   99.9%  14.9MiB
         solve_dual     2.16k    3.14h   99.9%   5.23s   31.4GiB   99.9%  14.9MiB
           solve_la...  2.16k    3.08h   97.9%   5.13s   29.1GiB   92.4%  13.8MiB
             inner_sol   176k    2.83h   90.1%  57.8ms   3.86GiB   12.3%  23.0KiB
               solv...   176k    2.82h   89.8%  57.7ms    500MiB    1.6%  2.90KiB
             bundle...   176k     689s    6.1%  3.91ms    490MiB    1.5%  2.85KiB
             outer_sol   176k     119s    1.1%   678μs    633MiB    2.0%  3.68KiB
             add_cut     176k    10.5s    0.1%  59.5μs   3.15GiB   10.0%  18.8KiB
             init_a...  2.16k    816ms    0.0%   378μs    361MiB    1.1%   171KiB
             relax_...  2.16k    233ms    0.0%   108μs   77.0MiB    0.2%  36.5KiB
             restor...  2.16k    219ms    0.0%   102μs   38.6MiB    0.1%  18.3KiB
             conver...  2.16k   7.19ms    0.0%  3.33μs    440KiB    0.0%     209B
             minima...  2.15k   1.30ms    0.0%   604ns     0.00B    0.0%    0.00B
           solve_pr...  6.48k     206s    1.8%  31.8ms   18.7MiB    0.1%  2.95KiB
           solve_core   2.16k    13.7s    0.1%  6.34ms   4.52MiB    0.0%  2.14KiB
           dual_ini...  2.16k   2.42ms    0.0%  1.12μs    709KiB    0.0%     336B
         space_change   4.32k   1.29ms    0.0%   299ns     0.00B    0.0%    0.00B
       update_bellman     108   31.1ms    0.0%   288μs   16.2MiB    0.1%   154KiB
         cut_selection  1.88k   1.09ms    0.0%   580ns    161KiB    0.0%    87.6B
     forward_pass          36    6.85s    0.1%   190ms   4.38MiB    0.0%   125KiB
       solve_subpro...    144    6.84s    0.1%  47.5ms   3.90MiB    0.0%  27.8KiB
         solver_cal...    144    6.82s    0.1%  47.3ms    942KiB    0.0%  6.54KiB
     calculate_bound       36    2.86s    0.0%  79.3ms   0.96MiB    0.0%  27.2KiB
       solver_call_...     36    2.85s    0.0%  79.2ms    169KiB    0.0%  4.71KiB
 ────────────────────────────────────────────────────────────────────────────────

||||||||||||||||||||||||||||||||||||||||||||||||||||||||||||||||||||||||||||||||||||||||||||||||||||||||||||||||||||||||||||||||||||||||
LAGRANGIAN DUAL SOLUTION RESULTS
mn_opt: 0 times (0.0%)
conv: 0 times (0.0%)
unbounded: 0 times (0.0%)
bound_issues: 7 times (0.3%)
subgr_stalling: 0 times (0.0%)
opt: 2153 times (99.7%)
feas_issues: 0 times (0.0%)
sub: 0 times (0.0%)
mn_iter: 0 times (0.0%)
iter: 0 times (0.0%)
mn_issue: 0 times (0.0%)

||||||||||||||||||||||||||||||||||||||||||||||||||||||||||||||||||||||||||||||||||||||||||||||||||||||||||||||||||||||||||||||||||||||||
SIMULATION RESULTS
DynamicSDDiP.Simulation(DynamicSDDiP.InSampleMonteCarlo(), 1000)
Lower bound: 1496.5647054188341
Statistical upper bound (confidence interval): 1545.8452249383463 ± 33.13912911059147
Pessimistic upper bound: 1578.9843540489378
