

#########################################################################################################################################
#########################################################################################################################################
#########################################################################################################################################
#########################################################################################################################################
#########################################################################################################################################
DynamicSDDiP.jl (c) Christian Füllner, 2021
re-uses code from SDDP.jl (c) Oscar Dowson, 2017-21
||||||||||||||||||||||||||||||||||||||||||||||||||||||||||||||||||||||||||||||||||||||||||||||||||||||||||||||||||||||||||||||||||||||||
PATH
calling 
C:\Users\cg4102\.julia\packages\DynamicSDDiP\do2Fb\src
nothing
DATETIME
2024-10-10T22:44:23.447
||||||||||||||||||||||||||||||||||||||||||||||||||||||||||||||||||||||||||||||||||||||||||||||||||||||||||||||||||||||||||||||||||||||||
STOPPING RULES
SDDP.TimeLimit(10800.0)
SDDP.BoundStalling(20, 0.0001)
||||||||||||||||||||||||||||||||||||||||||||||||||||||||||||||||||||||||||||||||||||||||||||||||||||||||||||||||||||||||||||||||||||||||
REGULARIZATION
DynamicSDDiP.NoRegularization()
||||||||||||||||||||||||||||||||||||||||||||||||||||||||||||||||||||||||||||||||||||||||||||||||||||||||||||||||||||||||||||||||||||||||
CUT GENERATION REGIMES
DynamicSDDiP.CutGenerationRegime(DynamicSDDiP.NoStateApproximation(), DynamicSDDiP.UnifiedLagrangianDuality(0.0001, 0.0001, 1000, DynamicSDDiP.ZeroDuals(), DynamicSDDiP.BothBounds(), DynamicSDDiP.LevelBundle(0.5, true, false), DynamicSDDiP.StandardChoice(), DynamicSDDiP.Lax(), DynamicSDDiP.Core_Epsilon(0.01, DynamicSDDiP.ConvexHullCopy(), DynamicSDDiP.NoIntegerRelax(), DynamicSDDiP.Unbounded_Opt_SB(true), DynamicSDDiP.NoImprovement(), false), DynamicSDDiP.NoDualSpaceRestriction(), DynamicSDDiP.ConvexHullCopy(), nothing, nothing), 1, Inf, Inf, 0.0, true, 0.0001)

||||||||||||||||||||||||||||||||||||||||||||||||||||||||||||||||||||||||||||||||||||||||||||||||||||||||||||||||||||||||||||||||||||||||
CUT AGGREGATION
DynamicSDDiP.MultiCutRegime()
||||||||||||||||||||||||||||||||||||||||||||||||||||||||||||||||||||||||||||||||||||||||||||||||||||||||||||||||||||||||||||||||||||||||
CUT SELECTION
DynamicSDDiP.NoCutSelection()
||||||||||||||||||||||||||||||||||||||||||||||||||||||||||||||||||||||||||||||||||||||||||||||||||||||||||||||||||||||||||||||||||||||||
LATE BINARIZATION
DynamicSDDiP.NoLateBinarization()
||||||||||||||||||||||||||||||||||||||||||||||||||||||||||||||||||||||||||||||||||||||||||||||||||||||||||||||||||||||||||||||||||||||||
APPLIED SOLVERS (LP, MILP, MIQCP, MINLP, NLP, Lagrange)
DynamicSDDiP.AppliedSolvers(true, "Gurobi", "Gurobi", "Gurobi", "Gurobi", "Gurobi", "Gurobi", "Gurobi", "Gurobi", "Gurobi", 0.0001, 300)
DynamicSDDiP.Direct_Solver()
Numerical focus: false
Silent: true
||||||||||||||||||||||||||||||||||||||||||||||||||||||||||||||||||||||||||||||||||||||||||||||||||||||||||||||||||||||||||||||||||||||||
SAMPLING
Used seed for sampling scenarios: 
11111     
||||||||||||||||||||||||||||||||||||||||||||||||||||||||||||||||||||||||||||||||||||||||||||||||||||||||||||||||||||||||||||||||||||||||
RUN DESCRIPTION

||||||||||||||||||||||||||||||||||||||||||||||||||||||||||||||||||||||||||||||||||||||||||||||||||||||||||||||||||||||||||||||||||||||||
PROBLEM DESCRIPTION
Number of stages: 4
Number of realizations per stage: 20
Seed for scenario tree sampling: 12345
Solver: serial mode

────────────────────────────────────────────────────────────────────────────────────────────────────────────────────────────────────────────────────────────────────────────────────────────────────────
It.#               UB        Best UB             LB       Gap           Time        It_Time           Refinements                            #Var.   #Constr.             #Cuts       Lagrangian Dual                                               
                                                          [%]            [s]            [s]          σ       Bin.      Total      {0,1}          ℤ      Total    Total   Active      # It.    # C-It.  # C-Real.  
────────────────────────────────────────────────────────────────────────────────────────────────────────────────────────────────────────────────────────────────────────────────────────────────────────
1        1.512360e+03   1.512360e+03   1.263995e+03    0.1642   1.166100e+02   1.166100e+02      false       none        100         33          0          4       60       60       7474       7474         60
2        1.206530e+03   1.206530e+03   1.295151e+03    0.0684   2.201880e+02   1.035780e+02      false       none        100         33          0          4      117      117       6545       6501         59
3        1.338497e+03   1.206530e+03   1.305834e+03    0.0760   3.690630e+02   1.488750e+02      false       none        100         33          0          4      175      175       7451       7451         60
4        1.981365e+03   1.206530e+03   1.333816e+03    0.0954   5.731110e+02   2.040480e+02      false       none        100         33          0          4      232      232       8120       7946         56
5        1.419443e+03   1.206530e+03   1.345827e+03    0.1035   7.291260e+02   1.560150e+02      false       none        100         33          0          4      290      290       6701       6624         58
6        1.439945e+03   1.206530e+03   1.369967e+03    0.1193   9.059860e+02   1.768600e+02      false       none        100         33          0          4      347      347       6896       6853         59
7        2.126626e+03   1.206530e+03   1.389342e+03    0.1316   1.146767e+03   2.407810e+02      false       none        100         33          0          4      407      407       7258       7210         59
8        1.503078e+03   1.206530e+03   1.400924e+03    0.1388   1.412377e+03   2.656100e+02      false       none        100         33          0          4      465      465       6971       6971         60
9        1.656091e+03   1.206530e+03   1.409065e+03    0.1437   1.680940e+03   2.685630e+02      false       none        100         33          0          4      517      517       6392       6392         60
10       1.186194e+03   1.186194e+03   1.423534e+03    0.1667   2.033221e+03   3.522810e+02      false       none        100         33          0          4      577      577       7462       7462         60
11       1.463227e+03   1.186194e+03   1.427743e+03    0.1692   2.372862e+03   3.396410e+02      false       none        100         33          0          4      636      636       7179       7179         60
12       2.587165e+03   1.186194e+03   1.448304e+03    0.1810   2.668972e+03   2.961100e+02      false       none        100         33          0          4      679      679       5841       5841         60
13       1.043815e+03   1.043815e+03   1.454267e+03    0.2822   3.072285e+03   4.033130e+02      false       none        100         33          0          4      736      736       7052       6973         58
14       1.128103e+03   1.043815e+03   1.457041e+03    0.2836   3.477223e+03   4.049380e+02      false       none        100         33          0          4      794      794       7255       7174         58
15       1.274812e+03   1.043815e+03   1.457441e+03    0.2838   3.911864e+03   4.346410e+02      false       none        100         33          0          4      853      853       7390       7390         60
16       1.131836e+03   1.043815e+03   1.468162e+03    0.2890   4.422396e+03   5.105320e+02      false       none        100         33          0          4      911      911       7447       7399         59
17       2.710458e+03   1.043815e+03   1.472451e+03    0.2911   4.940303e+03   5.179070e+02      false       none        100         33          0          4      963      963       6879       6839         59
18       1.412623e+03   1.043815e+03   1.476198e+03    0.2929   5.414302e+03   4.739990e+02      false       none        100         33          0          4     1020     1020       7127       7083         59
19       1.459625e+03   1.043815e+03   1.478415e+03    0.2940   5.945006e+03   5.307040e+02      false       none        100         33          0          4     1077     1077       7056       7056         60
20       3.349910e+03   1.043815e+03   1.480117e+03    0.2948   6.420366e+03   4.753600e+02      false       none        100         33          0          4     1113     1113       5342       5128         56
21       1.166248e+03   1.043815e+03   1.482857e+03    0.2961   7.024288e+03   6.039220e+02      false       none        100         33          0          4     1168     1168       7067       6983         58
22       2.310439e+03   1.043815e+03   1.485516e+03    0.2973   7.724149e+03   6.998610e+02      false       none        100         33          0          4     1205     1205       6321       6321         60
23       2.905155e+03   1.043815e+03   1.486290e+03    0.2977   8.363165e+03   6.390160e+02      false       none        100         33          0          4     1241     1241       5975       5811         56
24       1.431433e+03   1.043815e+03   1.492004e+03    0.3004   8.987635e+03   6.244700e+02      false       none        100         33          0          4     1293     1293       6299       6227         58
25       1.892725e+03   1.043815e+03   1.492839e+03    0.3008   9.574573e+03   5.869380e+02      false       none        100         33          0          4     1346     1346       7068       7023         59
26       1.505661e+03   1.043815e+03   1.495923e+03    0.3022   1.024440e+04   6.698280e+02      false       none        100         33          0          4     1394     1394       6473       6438         58
27       1.081717e+03   1.043815e+03   1.496966e+03    0.3027   1.113118e+04   8.867820e+02      false       none        100         33          0          4     1450     1450       7542       7458         58

Terminating DynamicSDDiP with status: time_limit
------------------------------------------------------------------------------
 ────────────────────────────────────────────────────────────────────────────────
                                        Time                    Allocations      
                               ───────────────────────   ────────────────────────
       Tot / % measured:            3.09h / 100.0%           34.5GiB /  99.2%    

 Section               ncalls     time    %tot     avg     alloc    %tot      avg
 ────────────────────────────────────────────────────────────────────────────────
 loop                       1    3.09h  100.0%   3.09h   34.2GiB  100.0%  34.2GiB
   iterations              27    3.09h  100.0%    412s   34.2GiB   99.9%  1.27GiB
     backward_pass         27    3.09h   99.9%    412s   33.0GiB   96.5%  1.22GiB
       solve_BP         1.62k    3.09h   99.9%   6.86s   32.8GiB   96.0%  20.8MiB
         solve_dual     1.62k    3.09h   99.8%   6.86s   32.8GiB   95.9%  20.7MiB
           solve_la...  1.62k    3.04h   98.2%   6.75s   30.9GiB   90.4%  19.5MiB
             inner_sol   187k    2.75h   88.9%  53.0ms   4.27GiB   12.5%  24.0KiB
               solv...   187k    2.74h   88.5%  52.8ms    717MiB    2.0%  3.93KiB
             bundle...   187k     809s    7.3%  4.33ms    470MiB    1.3%  2.58KiB
             outer_sol   187k     150s    1.3%   802μs    628MiB    1.8%  3.44KiB
             add_cut     187k    11.1s    0.1%  59.7μs   3.28GiB    9.6%  18.5KiB
             init_a...  1.62k    856ms    0.0%   529μs    299MiB    0.9%   189KiB
             relax_...  1.62k    199ms    0.0%   123μs   58.7MiB    0.2%  37.1KiB
             restor...  1.62k    163ms    0.0%   101μs   28.9MiB    0.1%  18.3KiB
             conver...  1.62k   89.4ms    0.0%  55.2μs   16.7MiB    0.0%  10.5KiB
             minima...  1.59k    968μs    0.0%   610ns     0.00B    0.0%    0.00B
           solve_pr...  4.86k     110s    1.0%  22.6ms   13.9MiB    0.0%  2.93KiB
           solve_core   1.62k    59.0s    0.5%  36.4ms   5.79MiB    0.0%  3.66KiB
           LP_relax...      1    167ms    0.0%   167ms   16.7MiB    0.0%  16.7MiB
             solver...      1   5.02ms    0.0%  5.02ms   4.20KiB    0.0%  4.20KiB
           solver_c...      1   24.8ms    0.0%  24.8ms   2.20KiB    0.0%  2.20KiB
           dual_ini...  1.62k   6.51ms    0.0%  4.02μs    540KiB    0.0%     342B
         space_change   3.24k    938μs    0.0%   290ns     0.00B    0.0%    0.00B
       update_bellman      81    571ms    0.0%  7.05ms   19.5MiB    0.1%   247KiB
         cut_selection  1.45k    852μs    0.0%   587ns    107KiB    0.0%    75.9B
     forward_pass          27    10.3s    0.1%   380ms   1.14GiB    3.3%  43.3MiB
       solve_subpro...    108    10.2s    0.1%  94.7ms   1.14GiB    3.3%  10.8MiB
         solver_cal...    108    9.64s    0.1%  89.2ms   1.08GiB    3.2%  10.2MiB
     calculate_bound       27    1.47s    0.0%  54.3ms   10.4MiB    0.0%   393KiB
       solver_call_...     27    1.37s    0.0%  50.6ms    110KiB    0.0%  4.09KiB
 ────────────────────────────────────────────────────────────────────────────────

||||||||||||||||||||||||||||||||||||||||||||||||||||||||||||||||||||||||||||||||||||||||||||||||||||||||||||||||||||||||||||||||||||||||
LAGRANGIAN DUAL SOLUTION RESULTS
mn_opt: 0 times (0.0%)
conv: 0 times (0.0%)
unbounded: 1 times (0.1%)
bound_issues: 32 times (2.0%)
subgr_stalling: 0 times (0.0%)
opt: 1587 times (98.0%)
feas_issues: 0 times (0.0%)
sub: 0 times (0.0%)
mn_iter: 0 times (0.0%)
iter: 0 times (0.0%)
mn_issue: 0 times (0.0%)

||||||||||||||||||||||||||||||||||||||||||||||||||||||||||||||||||||||||||||||||||||||||||||||||||||||||||||||||||||||||||||||||||||||||
SIMULATION RESULTS
DynamicSDDiP.Simulation(DynamicSDDiP.InSampleMonteCarlo(), 1000)
Lower bound: 1496.9663328052084
Statistical upper bound (confidence interval): 1583.8511459292254 ± 31.116754266133842
Pessimistic upper bound: 1614.967900195359
