#########################################################################################################################################
#########################################################################################################################################
#########################################################################################################################################
#########################################################################################################################################
#########################################################################################################################################
DynamicSDDiP.jl (c) Christian Füllner, 2021
re-uses code from SDDP.jl (c) Oscar Dowson, 2017-21
||||||||||||||||||||||||||||||||||||||||||||||||||||||||||||||||||||||||||||||||||||||||||||||||||||||||||||||||||||||||||||||||||||||||
PATH
calling 
C:\Users\cg4102\.julia\packages\DynamicSDDiP\vumhD\src
nothing
DATETIME
2023-03-15T09:43:01.368
||||||||||||||||||||||||||||||||||||||||||||||||||||||||||||||||||||||||||||||||||||||||||||||||||||||||||||||||||||||||||||||||||||||||
STOPPING RULES
SDDP.TimeLimit(10800.0)
SDDP.BoundStalling(20, 0.0001)
||||||||||||||||||||||||||||||||||||||||||||||||||||||||||||||||||||||||||||||||||||||||||||||||||||||||||||||||||||||||||||||||||||||||
REGULARIZATION
DynamicSDDiP.NoRegularization()
||||||||||||||||||||||||||||||||||||||||||||||||||||||||||||||||||||||||||||||||||||||||||||||||||||||||||||||||||||||||||||||||||||||||
CUT GENERATION REGIMES
DynamicSDDiP.CutGenerationRegime(DynamicSDDiP.NoStateApproximation(), DynamicSDDiP.UnifiedLagrangianDuality(0.0001, 0.0001, 1000, DynamicSDDiP.ZeroDuals(), DynamicSDDiP.BothBounds(), DynamicSDDiP.LevelBundle(0.5, true, false), DynamicSDDiP.StandardChoice(), DynamicSDDiP.Lax(), DynamicSDDiP.L₁_Deep(), DynamicSDDiP.NoDualSpaceRestriction(), DynamicSDDiP.ConvexHullCopy(), nothing, nothing), 1, Inf, Inf, 0.0, true, 0.0001)

||||||||||||||||||||||||||||||||||||||||||||||||||||||||||||||||||||||||||||||||||||||||||||||||||||||||||||||||||||||||||||||||||||||||
CUT AGGREGATION
DynamicSDDiP.MultiCutRegime()
||||||||||||||||||||||||||||||||||||||||||||||||||||||||||||||||||||||||||||||||||||||||||||||||||||||||||||||||||||||||||||||||||||||||
CUT SELECTION
DynamicSDDiP.NoCutSelection()
||||||||||||||||||||||||||||||||||||||||||||||||||||||||||||||||||||||||||||||||||||||||||||||||||||||||||||||||||||||||||||||||||||||||
LATE BINARIZATION
DynamicSDDiP.NoLateBinarization()
||||||||||||||||||||||||||||||||||||||||||||||||||||||||||||||||||||||||||||||||||||||||||||||||||||||||||||||||||||||||||||||||||||||||
APPLIED SOLVERS (LP, MILP, MIQCP, MINLP, NLP, Lagrange)
DynamicSDDiP.AppliedSolvers(true, "Gurobi", "Gurobi", "Gurobi", "Gurobi", "Gurobi", "Gurobi", "Gurobi", "Gurobi", "Gurobi", 0.0001, 300)
DynamicSDDiP.Direct_Solver()
Numerical focus: false
Silent: true
||||||||||||||||||||||||||||||||||||||||||||||||||||||||||||||||||||||||||||||||||||||||||||||||||||||||||||||||||||||||||||||||||||||||
SAMPLING
Used seed for sampling scenarios: 
11111     
||||||||||||||||||||||||||||||||||||||||||||||||||||||||||||||||||||||||||||||||||||||||||||||||||||||||||||||||||||||||||||||||||||||||
RUN DESCRIPTION

||||||||||||||||||||||||||||||||||||||||||||||||||||||||||||||||||||||||||||||||||||||||||||||||||||||||||||||||||||||||||||||||||||||||
PROBLEM DESCRIPTION
Number of stages: 4
Number of realizations per stage: 20
Seed for scenario tree sampling: 12345
Solver: serial mode

────────────────────────────────────────────────────────────────────────────────────────────────────────────────────────────────────────────────────────────────────────────────────────────────────────
It.#               UB        Best UB             LB       Gap           Time        It_Time           Refinements                            #Var.   #Constr.             #Cuts       Lagrangian Dual                                               
                                                          [%]            [s]            [s]          σ       Bin.      Total      {0,1}          ℤ      Total    Total   Active      # It.    # C-It.  # C-Real.  
────────────────────────────────────────────────────────────────────────────────────────────────────────────────────────────────────────────────────────────────────────────────────────────────────────
1        1.512360e+03   1.512360e+03   2.480896e+02    0.8360   1.795300e+01   1.795300e+01      false       none        100         33          0          4       60       60        551        551         60
2        1.642811e+03   1.512360e+03   3.895142e+02    0.7424   2.515700e+01   7.204000e+00      false       none        100         33          0          4      120      120       1389       1389         60
3        1.421382e+03   1.421382e+03   4.199396e+02    0.7046   3.240700e+01   7.250000e+00      false       none        100         33          0          4      180      180       1430       1430         60
4        2.370830e+03   1.421382e+03   4.235061e+02    0.7020   4.709400e+01   1.468700e+01      false       none        100         33          0          4      235      235       1958       1958         60
5        1.779443e+03   1.421382e+03   4.454915e+02    0.6866   7.951600e+01   3.242200e+01      false       none        100         33          0          4      293      293       2655       2655         60
6        1.785945e+03   1.421382e+03   5.868837e+02    0.5871   1.381720e+02   5.865600e+01      false       none        100         33          0          4      353      353       3350       3350         60
7        2.194875e+03   1.421382e+03   6.861968e+02    0.5172   2.020010e+02   6.382900e+01      false       none        100         33          0          4      413      413       2940       2940         60
8        1.433645e+03   1.421382e+03   7.269137e+02    0.4886   2.594840e+02   5.748300e+01      false       none        100         33          0          4      471      471       3396       3396         60
9        2.255681e+03   1.421382e+03   8.137631e+02    0.4275   3.207820e+02   6.129800e+01      false       none        100         33          0          4      519      519       3163       3163         60
10       1.204292e+03   1.204292e+03   1.000475e+03    0.1692   4.369080e+02   1.161260e+02      false       none        100         33          0          4      579      579       5381       5381         60
11       1.957622e+03   1.204292e+03   1.326364e+03    0.0920   5.837670e+02   1.468590e+02      false       none        100         33          0          4      639      639       4943       4943         60
12       2.534165e+03   1.204292e+03   1.339873e+03    0.1012   7.299390e+02   1.461720e+02      false       none        100         33          0          4      676      676       4052       4052         60
13       1.381890e+03   1.204292e+03   1.346629e+03    0.1057   8.917360e+02   1.617970e+02      false       none        100         33          0          4      734      734       4583       4583         60
14       1.451516e+03   1.204292e+03   1.358271e+03    0.1134   1.100111e+03   2.083750e+02      false       none        100         33          0          4      794      794       4949       4949         60
15       1.223150e+03   1.204292e+03   1.363462e+03    0.1167   1.330050e+03   2.299390e+02      false       none        100         33          0          4      853      853       4662       4662         60
16       1.224153e+03   1.204292e+03   1.365820e+03    0.1183   1.556409e+03   2.263590e+02      false       none        100         33          0          4      912      912       4547       4547         60
17       2.863797e+03   1.204292e+03   1.378156e+03    0.1262   1.822191e+03   2.657820e+02      false       none        100         33          0          4      967      967       4477       4477         60
18       1.349643e+03   1.204292e+03   1.394916e+03    0.1367   2.067144e+03   2.449530e+02      false       none        100         33          0          4     1017     1017       3929       3929         60
19       1.580851e+03   1.204292e+03   1.395166e+03    0.1368   2.296004e+03   2.288600e+02      false       none        100         33          0          4     1055     1055       3568       3568         60
20       3.366910e+03   1.204292e+03   1.399619e+03    0.1396   2.571583e+03   2.755790e+02      false       none        100         33          0          4     1105     1105       4022       4022         60
21       1.102902e+03   1.102902e+03   1.406843e+03    0.2160   2.869474e+03   2.978910e+02      false       none        100         33          0          4     1162     1162       4645       4645         60
22       2.124079e+03   1.102902e+03   1.411895e+03    0.2188   3.161130e+03   2.916560e+02      false       none        100         33          0          4     1213     1213       4127       4127         60
23       3.109520e+03   1.102902e+03   1.418916e+03    0.2227   3.428881e+03   2.677510e+02      false       none        100         33          0          4     1252     1252       3463       3463         60
24       1.376088e+03   1.102902e+03   1.421054e+03    0.2239   3.804132e+03   3.752510e+02      false       none        100         33          0          4     1308     1308       4751       4751         60
25       2.010413e+03   1.102902e+03   1.434351e+03    0.2311   4.222710e+03   4.185780e+02      false       none        100         33          0          4     1368     1368       4951       4951         60
26       1.497631e+03   1.102902e+03   1.435147e+03    0.2315   4.607649e+03   3.849390e+02      false       none        100         33          0          4     1423     1423       4659       4659         60
27       1.129438e+03   1.102902e+03   1.450873e+03    0.2398   5.075711e+03   4.680620e+02      false       none        100         33          0          4     1481     1481       5057       5057         60
28       2.216946e+03   1.102902e+03   1.458204e+03    0.2437   5.559024e+03   4.833130e+02      false       none        100         33          0          4     1533     1533       4663       4663         60
29       2.115203e+03   1.102902e+03   1.459476e+03    0.2443   6.044259e+03   4.852350e+02      false       none        100         33          0          4     1586     1586       4435       4435         60
30       1.936960e+03   1.102902e+03   1.459492e+03    0.2443   6.484322e+03   4.400630e+02      false       none        100         33          0          4     1641     1641       4628       4628         60
31       1.234979e+03   1.102902e+03   1.463611e+03    0.2465   6.939557e+03   4.552350e+02      false       none        100         33          0          4     1691     1691       4441       4441         60
32       1.186731e+03   1.102902e+03   1.464836e+03    0.2471   7.456636e+03   5.170790e+02      false       none        100         33          0          4     1749     1749       4892       4892         60
33       1.499572e+03   1.102902e+03   1.468901e+03    0.2492   7.963496e+03   5.068600e+02      false       none        100         33          0          4     1800     1800       4645       4645         60
34       1.418905e+03   1.102902e+03   1.469862e+03    0.2497   8.461060e+03   4.975640e+02      false       none        100         33          0          4     1856     1856       4497       4497         60
35       2.608866e+03   1.102902e+03   1.470628e+03    0.2500   8.986200e+03   5.251400e+02      false       none        100         33          0          4     1892     1892       3882       3882         60
36       1.190972e+03   1.102902e+03   1.471144e+03    0.2503   9.544420e+03   5.582200e+02      false       none        100         33          0          4     1949     1949       4717       4717         60
37       1.377185e+03   1.102902e+03   1.473762e+03    0.2516   1.013394e+04   5.895160e+02      false       none        100         33          0          4     2001     2001       4477       4477         60
38       1.654121e+03   1.102902e+03   1.475792e+03    0.2527   1.060083e+04   4.668910e+02      false       none        100         33          0          4     2055     2055       3999       3999         60
39       1.356525e+03   1.102902e+03   1.478328e+03    0.2540   1.118022e+04   5.793910e+02      false       none        100         33          0          4     2112     2112       4756       4756         60

Terminating DynamicSDDiP with status: time_limit
------------------------------------------------------------------------------
 ────────────────────────────────────────────────────────────────────────────────
                                        Time                    Allocations      
                               ───────────────────────   ────────────────────────
       Tot / % measured:            3.11h / 100.0%           27.6GiB /  99.1%    

 Section               ncalls     time    %tot     avg     alloc    %tot      avg
 ────────────────────────────────────────────────────────────────────────────────
 loop                       1    3.11h  100.0%   3.11h   27.3GiB  100.0%  27.3GiB
   iterations              39    3.11h  100.0%    287s   27.3GiB   99.9%   716MiB
     backward_pass         39    3.10h   99.8%    286s   26.1GiB   95.6%   685MiB
       solve_BP         2.34k    3.10h   99.8%   4.77s   25.9GiB   95.0%  11.3MiB
         solve_dual     2.34k    3.10h   99.8%   4.77s   25.9GiB   94.9%  11.3MiB
           solve_la...  2.34k    3.07h   98.9%   4.72s   25.9GiB   94.8%  11.3MiB
             inner_sol   156k    2.94h   94.7%  68.0ms   3.38GiB   12.4%  22.8KiB
               solv...   156k    2.93h   94.4%  67.8ms    443MiB    1.6%  2.92KiB
             bundle...   156k     311s    2.8%  2.00ms    375MiB    1.3%  2.47KiB
             outer_sol   156k    84.2s    0.8%   541μs    560MiB    2.0%  3.68KiB
             add_cut     156k    8.73s    0.1%  56.1μs   2.71GiB    9.9%  18.2KiB
             init_a...  2.34k    1.25s    0.0%   533μs    417MiB    1.5%   182KiB
             relax_...  2.34k    443ms    0.0%   189μs   86.6MiB    0.3%  37.9KiB
             restor...  2.34k    295ms    0.0%   126μs   45.9MiB    0.2%  20.1KiB
             conver...  2.34k   14.7ms    0.0%  6.29μs   1.88MiB    0.0%     842B
             minima...  2.34k   1.46ms    0.0%   626ns     0.00B    0.0%    0.00B
           solve_pr...  2.34k     104s    0.9%  44.6ms   6.87MiB    0.0%  3.01KiB
           dual_ini...  2.34k   7.14ms    0.0%  3.05μs    777KiB    0.0%     340B
         space_change   4.68k   1.10ms    0.0%   236ns     0.00B    0.0%    0.00B
       update_bellman     117    841ms    0.0%  7.19ms   33.2MiB    0.1%   291KiB
         cut_selection  2.11k   1.19ms    0.0%   563ns    177KiB    0.0%    85.8B
     forward_pass          39    13.7s    0.1%   350ms   1.14GiB    4.2%  29.9MiB
       solve_subpro...    156    13.6s    0.1%  87.3ms   1.14GiB    4.2%  7.48MiB
         solver_cal...    156    13.0s    0.1%  83.6ms   1.08GiB    3.9%  7.08MiB
     calculate_bound       39    2.39s    0.0%  61.3ms   11.0MiB    0.0%   288KiB
       solver_call_...     39    2.29s    0.0%  58.7ms    115KiB    0.0%  2.94KiB
 ────────────────────────────────────────────────────────────────────────────────

||||||||||||||||||||||||||||||||||||||||||||||||||||||||||||||||||||||||||||||||||||||||||||||||||||||||||||||||||||||||||||||||||||||||
LAGRANGIAN DUAL SOLUTION RESULTS
mn_opt: 0 times (0.0%)
conv: 0 times (0.0%)
unbounded: 0 times (0.0%)
bound_issues: 0 times (0.0%)
subgr_stalling: 0 times (0.0%)
opt: 2340 times (100.0%)
feas_issues: 0 times (0.0%)
sub: 0 times (0.0%)
mn_iter: 0 times (0.0%)
iter: 0 times (0.0%)
mn_issue: 0 times (0.0%)

||||||||||||||||||||||||||||||||||||||||||||||||||||||||||||||||||||||||||||||||||||||||||||||||||||||||||||||||||||||||||||||||||||||||
SIMULATION RESULTS
DynamicSDDiP.Simulation(DynamicSDDiP.InSampleMonteCarlo(), 1000)
Lower bound: 1478.3277181643787
Statistical upper bound (confidence interval): 1549.4936640530077 ± 32.99796625832464
Pessimistic upper bound: 1582.4916303113323

||||||||||||||||||||||||||||||||||||||||||||||||||||||||||||||||||||||||||||||||||||||||||||||||||||||||||||||||||||||||||||||||||||||||
SIMULATION RESULTS
Deterministic (historical) samples
Lower bound: 1478.3277181643787
Upper bound: 1570.0409646481476


#########################################################################################################################################
#########################################################################################################################################
#########################################################################################################################################
#########################################################################################################################################
#########################################################################################################################################
DynamicSDDiP.jl (c) Christian Füllner, 2021
re-uses code from SDDP.jl (c) Oscar Dowson, 2017-21
||||||||||||||||||||||||||||||||||||||||||||||||||||||||||||||||||||||||||||||||||||||||||||||||||||||||||||||||||||||||||||||||||||||||
PATH
calling 
C:\Users\cg4102\.julia\packages\DynamicSDDiP\fu0NR\src
nothing
DATETIME
2023-03-15T19:47:14.903
||||||||||||||||||||||||||||||||||||||||||||||||||||||||||||||||||||||||||||||||||||||||||||||||||||||||||||||||||||||||||||||||||||||||
STOPPING RULES
SDDP.TimeLimit(10800.0)
SDDP.BoundStalling(20, 0.0001)
||||||||||||||||||||||||||||||||||||||||||||||||||||||||||||||||||||||||||||||||||||||||||||||||||||||||||||||||||||||||||||||||||||||||
REGULARIZATION
DynamicSDDiP.NoRegularization()
||||||||||||||||||||||||||||||||||||||||||||||||||||||||||||||||||||||||||||||||||||||||||||||||||||||||||||||||||||||||||||||||||||||||
CUT GENERATION REGIMES
DynamicSDDiP.CutGenerationRegime(DynamicSDDiP.NoStateApproximation(), DynamicSDDiP.UnifiedLagrangianDuality(0.0001, 0.0001, 1000, DynamicSDDiP.ZeroDuals(), DynamicSDDiP.BothBounds(), DynamicSDDiP.LevelBundle(0.5, true, false), DynamicSDDiP.StandardChoice(), DynamicSDDiP.Lax(), DynamicSDDiP.L₁_Deep(), DynamicSDDiP.NoDualSpaceRestriction(), DynamicSDDiP.ConvexHullCopy(), nothing, nothing), 1, Inf, Inf, 0.0, true, 0.0001)

||||||||||||||||||||||||||||||||||||||||||||||||||||||||||||||||||||||||||||||||||||||||||||||||||||||||||||||||||||||||||||||||||||||||
CUT AGGREGATION
DynamicSDDiP.MultiCutRegime()
||||||||||||||||||||||||||||||||||||||||||||||||||||||||||||||||||||||||||||||||||||||||||||||||||||||||||||||||||||||||||||||||||||||||
CUT SELECTION
DynamicSDDiP.NoCutSelection()
||||||||||||||||||||||||||||||||||||||||||||||||||||||||||||||||||||||||||||||||||||||||||||||||||||||||||||||||||||||||||||||||||||||||
LATE BINARIZATION
DynamicSDDiP.NoLateBinarization()
||||||||||||||||||||||||||||||||||||||||||||||||||||||||||||||||||||||||||||||||||||||||||||||||||||||||||||||||||||||||||||||||||||||||
APPLIED SOLVERS (LP, MILP, MIQCP, MINLP, NLP, Lagrange)
DynamicSDDiP.AppliedSolvers(true, "Gurobi", "Gurobi", "Gurobi", "Gurobi", "Gurobi", "Gurobi", "Gurobi", "Gurobi", "Gurobi", 0.0001, 300)
DynamicSDDiP.Direct_Solver()
Numerical focus: false
Silent: true
||||||||||||||||||||||||||||||||||||||||||||||||||||||||||||||||||||||||||||||||||||||||||||||||||||||||||||||||||||||||||||||||||||||||
SAMPLING
Used seed for sampling scenarios: 
11111     
||||||||||||||||||||||||||||||||||||||||||||||||||||||||||||||||||||||||||||||||||||||||||||||||||||||||||||||||||||||||||||||||||||||||
RUN DESCRIPTION

||||||||||||||||||||||||||||||||||||||||||||||||||||||||||||||||||||||||||||||||||||||||||||||||||||||||||||||||||||||||||||||||||||||||
PROBLEM DESCRIPTION
Number of stages: 4
Number of realizations per stage: 20
Seed for scenario tree sampling: 12345
Solver: serial mode

────────────────────────────────────────────────────────────────────────────────────────────────────────────────────────────────────────────────────────────────────────────────────────────────────────
It.#               UB        Best UB             LB       Gap           Time        It_Time           Refinements                            #Var.   #Constr.             #Cuts       Lagrangian Dual                                               
                                                          [%]            [s]            [s]          σ       Bin.      Total      {0,1}          ℤ      Total    Total   Active      # It.    # C-It.  # C-Real.  
────────────────────────────────────────────────────────────────────────────────────────────────────────────────────────────────────────────────────────────────────────────────────────────────────────
1        1.512360e+03   1.512360e+03   2.480896e+02    0.8360   1.847000e+01   1.847000e+01      false       none        100         33          0          4       60       60        551        551         60
2        1.642811e+03   1.512360e+03   3.895142e+02    0.7424   2.576700e+01   7.297000e+00      false       none        100         33          0          4      120      120       1389       1389         60
3        1.421382e+03   1.421382e+03   4.199396e+02    0.7046   3.300100e+01   7.234000e+00      false       none        100         33          0          4      180      180       1430       1430         60
4        2.370830e+03   1.421382e+03   4.235061e+02    0.7020   4.748500e+01   1.448400e+01      false       none        100         33          0          4      235      235       1958       1958         60
5        1.779443e+03   1.421382e+03   4.454915e+02    0.6866   7.967300e+01   3.218800e+01      false       none        100         33          0          4      293      293       2655       2655         60
6        1.785945e+03   1.421382e+03   5.868837e+02    0.5871   1.378610e+02   5.818800e+01      false       none        100         33          0          4      353      353       3350       3350         60
7        2.194875e+03   1.421382e+03   6.861968e+02    0.5172   2.010950e+02   6.323400e+01      false       none        100         33          0          4      413      413       2940       2940         60
8        1.433645e+03   1.421382e+03   7.269137e+02    0.4886   2.582830e+02   5.718800e+01      false       none        100         33          0          4      471      471       3396       3396         60
9        2.255681e+03   1.421382e+03   8.137631e+02    0.4275   3.187050e+02   6.042200e+01      false       none        100         33          0          4      519      519       3163       3163         60
10       1.204292e+03   1.204292e+03   1.000475e+03    0.1692   4.339390e+02   1.152340e+02      false       none        100         33          0          4      579      579       5381       5381         60
11       1.957622e+03   1.204292e+03   1.326364e+03    0.0920   5.786580e+02   1.447190e+02      false       none        100         33          0          4      639      639       4943       4943         60
12       2.534165e+03   1.204292e+03   1.339873e+03    0.1012   7.231270e+02   1.444690e+02      false       none        100         33          0          4      676      676       4052       4052         60
13       1.381890e+03   1.204292e+03   1.346629e+03    0.1057   8.848930e+02   1.617660e+02      false       none        100         33          0          4      734      734       4583       4583         60
14       1.451516e+03   1.204292e+03   1.358271e+03    0.1134   1.093003e+03   2.081100e+02      false       none        100         33          0          4      794      794       4949       4949         60
15       1.223150e+03   1.204292e+03   1.363462e+03    0.1167   1.321597e+03   2.285940e+02      false       none        100         33          0          4      853      853       4662       4662         60
16       1.224153e+03   1.204292e+03   1.365820e+03    0.1183   1.546628e+03   2.250310e+02      false       none        100         33          0          4      912      912       4547       4547         60
17       2.863797e+03   1.204292e+03   1.378156e+03    0.1262   1.809363e+03   2.627350e+02      false       none        100         33          0          4      967      967       4477       4477         60
18       1.349643e+03   1.204292e+03   1.394916e+03    0.1367   2.054208e+03   2.448450e+02      false       none        100         33          0          4     1017     1017       3929       3929         60
19       1.580851e+03   1.204292e+03   1.395166e+03    0.1368   2.282599e+03   2.283910e+02      false       none        100         33          0          4     1055     1055       3568       3568         60
20       3.366910e+03   1.204292e+03   1.399619e+03    0.1396   2.557302e+03   2.747030e+02      false       none        100         33          0          4     1105     1105       4022       4022         60
21       1.102902e+03   1.102902e+03   1.406843e+03    0.2160   2.854146e+03   2.968440e+02      false       none        100         33          0          4     1162     1162       4645       4645         60
22       2.124079e+03   1.102902e+03   1.411895e+03    0.2188   3.148380e+03   2.942340e+02      false       none        100         33          0          4     1213     1213       4127       4127         60
23       3.109520e+03   1.102902e+03   1.418916e+03    0.2227   3.416132e+03   2.677520e+02      false       none        100         33          0          4     1252     1252       3463       3463         60
24       1.376088e+03   1.102902e+03   1.421054e+03    0.2239   3.786897e+03   3.707650e+02      false       none        100         33          0          4     1308     1308       4751       4751         60
25       2.010413e+03   1.102902e+03   1.434351e+03    0.2311   4.206321e+03   4.194240e+02      false       none        100         33          0          4     1368     1368       4951       4951         60
26       1.497631e+03   1.102902e+03   1.435147e+03    0.2315   4.591837e+03   3.855160e+02      false       none        100         33          0          4     1423     1423       4659       4659         60
27       1.129438e+03   1.102902e+03   1.450873e+03    0.2398   5.057978e+03   4.661410e+02      false       none        100         33          0          4     1481     1481       5057       5057         60
28       2.216946e+03   1.102902e+03   1.458204e+03    0.2437   5.539917e+03   4.819390e+02      false       none        100         33          0          4     1533     1533       4663       4663         60
29       2.115203e+03   1.102902e+03   1.459476e+03    0.2443   6.022792e+03   4.828750e+02      false       none        100         33          0          4     1586     1586       4435       4435         60
30       1.936960e+03   1.102902e+03   1.459492e+03    0.2443   6.462199e+03   4.394070e+02      false       none        100         33          0          4     1641     1641       4628       4628         60
31       1.234979e+03   1.102902e+03   1.463611e+03    0.2465   6.915371e+03   4.531720e+02      false       none        100         33          0          4     1691     1691       4441       4441         60
32       1.186731e+03   1.102902e+03   1.464836e+03    0.2471   7.429982e+03   5.146110e+02      false       none        100         33          0          4     1749     1749       4892       4892         60
33       1.499572e+03   1.102902e+03   1.468901e+03    0.2492   7.935873e+03   5.058910e+02      false       none        100         33          0          4     1800     1800       4645       4645         60
34       1.418905e+03   1.102902e+03   1.469862e+03    0.2497   8.433703e+03   4.978300e+02      false       none        100         33          0          4     1856     1856       4497       4497         60
35       2.608866e+03   1.102902e+03   1.470628e+03    0.2500   8.955844e+03   5.221410e+02      false       none        100         33          0          4     1892     1892       3882       3882         60
36       1.190972e+03   1.102902e+03   1.471144e+03    0.2503   9.509970e+03   5.541260e+02      false       none        100         33          0          4     1949     1949       4717       4717         60
37       1.377185e+03   1.102902e+03   1.473762e+03    0.2516   1.009849e+04   5.885160e+02      false       none        100         33          0          4     2001     2001       4477       4477         60
38       1.654121e+03   1.102902e+03   1.475792e+03    0.2527   1.056502e+04   4.665320e+02      false       none        100         33          0          4     2055     2055       3999       3999         60
39       1.356525e+03   1.102902e+03   1.478328e+03    0.2540   1.114374e+04   5.787200e+02      false       none        100         33          0          4     2112     2112       4756       4756         60

Terminating DynamicSDDiP with status: time_limit
------------------------------------------------------------------------------
 ────────────────────────────────────────────────────────────────────────────────
                                        Time                    Allocations      
                               ───────────────────────   ────────────────────────
       Tot / % measured:            3.10h / 100.0%           27.6GiB /  99.1%    

 Section               ncalls     time    %tot     avg     alloc    %tot      avg
 ────────────────────────────────────────────────────────────────────────────────
 loop                       1    3.10h  100.0%   3.10h   27.3GiB  100.0%  27.3GiB
   iterations              39    3.09h  100.0%    286s   27.3GiB   99.9%   716MiB
     backward_pass         39    3.09h   99.8%    285s   26.1GiB   95.6%   685MiB
       solve_BP         2.34k    3.09h   99.8%   4.75s   25.9GiB   95.0%  11.3MiB
         solve_dual     2.34k    3.09h   99.8%   4.75s   25.9GiB   94.9%  11.3MiB
           solve_la...  2.34k    3.06h   98.9%   4.71s   25.9GiB   94.8%  11.3MiB
             inner_sol   156k    2.93h   94.7%  67.8ms   3.38GiB   12.4%  22.8KiB
               solv...   156k    2.92h   94.5%  67.6ms    443MiB    1.6%  2.92KiB
             bundle...   156k     310s    2.8%  1.99ms    375MiB    1.3%  2.47KiB
             outer_sol   156k    83.9s    0.8%   539μs    560MiB    2.0%  3.68KiB
             add_cut     156k    8.39s    0.1%  53.9μs   2.71GiB    9.9%  18.2KiB
             init_a...  2.34k    1.20s    0.0%   512μs    417MiB    1.5%   182KiB
             relax_...  2.34k    438ms    0.0%   187μs   86.6MiB    0.3%  37.9KiB
             restor...  2.34k    254ms    0.0%   108μs   45.9MiB    0.2%  20.1KiB
             conver...  2.34k   14.3ms    0.0%  6.12μs   1.88MiB    0.0%     842B
             minima...  2.34k   1.32ms    0.0%   563ns     0.00B    0.0%    0.00B
           solve_pr...  2.34k     104s    0.9%  44.5ms   6.87MiB    0.0%  3.01KiB
           dual_ini...  2.34k   7.77ms    0.0%  3.32μs    777KiB    0.0%     340B
         space_change   4.68k   1.34ms    0.0%   287ns     0.00B    0.0%    0.00B
       update_bellman     117    820ms    0.0%  7.00ms   33.2MiB    0.1%   291KiB
         cut_selection  2.11k   1.20ms    0.0%   568ns    177KiB    0.0%    85.8B
     forward_pass          39    14.2s    0.1%   363ms   1.14GiB    4.2%  29.9MiB
       solve_subpro...    156    14.1s    0.1%  90.6ms   1.14GiB    4.2%  7.48MiB
         solver_cal...    156    13.5s    0.1%  86.6ms   1.08GiB    3.9%  7.08MiB
     calculate_bound       39    2.36s    0.0%  60.4ms   11.0MiB    0.0%   288KiB
       solver_call_...     39    2.26s    0.0%  57.9ms    115KiB    0.0%  2.94KiB
 ────────────────────────────────────────────────────────────────────────────────

||||||||||||||||||||||||||||||||||||||||||||||||||||||||||||||||||||||||||||||||||||||||||||||||||||||||||||||||||||||||||||||||||||||||
LAGRANGIAN DUAL SOLUTION RESULTS
mn_opt: 0 times (0.0%)
conv: 0 times (0.0%)
unbounded: 0 times (0.0%)
bound_issues: 0 times (0.0%)
subgr_stalling: 0 times (0.0%)
opt: 2340 times (100.0%)
feas_issues: 0 times (0.0%)
sub: 0 times (0.0%)
mn_iter: 0 times (0.0%)
iter: 0 times (0.0%)
mn_issue: 0 times (0.0%)

||||||||||||||||||||||||||||||||||||||||||||||||||||||||||||||||||||||||||||||||||||||||||||||||||||||||||||||||||||||||||||||||||||||||
SIMULATION RESULTS
DynamicSDDiP.Simulation(DynamicSDDiP.InSampleMonteCarlo(), 1000)
Lower bound: 1478.3277181643787
Statistical upper bound (confidence interval): 1549.4936640530077 ± 32.99796625832464
Pessimistic upper bound: 1582.4916303113323

||||||||||||||||||||||||||||||||||||||||||||||||||||||||||||||||||||||||||||||||||||||||||||||||||||||||||||||||||||||||||||||||||||||||
SIMULATION RESULTS
Deterministic (historical) samples
Lower bound: 1478.3277181643787
Upper bound: 1570.0409646481476
