#########################################################################################################################################
#########################################################################################################################################
#########################################################################################################################################
#########################################################################################################################################
#########################################################################################################################################
DynamicSDDiP.jl (c) Christian Füllner, 2021
re-uses code from SDDP.jl (c) Oscar Dowson, 2017-21
||||||||||||||||||||||||||||||||||||||||||||||||||||||||||||||||||||||||||||||||||||||||||||||||||||||||||||||||||||||||||||||||||||||||
PATH
calling 
C:\Users\cg4102\.julia\packages\DynamicSDDiP\oPHHa\src
nothing
DATETIME
2023-03-14T19:35:10.451
||||||||||||||||||||||||||||||||||||||||||||||||||||||||||||||||||||||||||||||||||||||||||||||||||||||||||||||||||||||||||||||||||||||||
STOPPING RULES
SDDP.TimeLimit(10800.0)
SDDP.BoundStalling(20, 0.0001)
||||||||||||||||||||||||||||||||||||||||||||||||||||||||||||||||||||||||||||||||||||||||||||||||||||||||||||||||||||||||||||||||||||||||
REGULARIZATION
DynamicSDDiP.NoRegularization()
||||||||||||||||||||||||||||||||||||||||||||||||||||||||||||||||||||||||||||||||||||||||||||||||||||||||||||||||||||||||||||||||||||||||
CUT GENERATION REGIMES
DynamicSDDiP.CutGenerationRegime(DynamicSDDiP.NoStateApproximation(), DynamicSDDiP.LagrangianDuality(0.0001, 0.0001, 1000, DynamicSDDiP.ZeroDuals(), DynamicSDDiP.BothBounds(), DynamicSDDiP.LevelBundle(0.5, true, false), DynamicSDDiP.StandardChoice(), DynamicSDDiP.Lax(), DynamicSDDiP.ConvexHullCopy(), false), 1, Inf, Inf, 0.0, true, 0.0001)

||||||||||||||||||||||||||||||||||||||||||||||||||||||||||||||||||||||||||||||||||||||||||||||||||||||||||||||||||||||||||||||||||||||||
CUT AGGREGATION
DynamicSDDiP.MultiCutRegime()
||||||||||||||||||||||||||||||||||||||||||||||||||||||||||||||||||||||||||||||||||||||||||||||||||||||||||||||||||||||||||||||||||||||||
CUT SELECTION
DynamicSDDiP.NoCutSelection()
||||||||||||||||||||||||||||||||||||||||||||||||||||||||||||||||||||||||||||||||||||||||||||||||||||||||||||||||||||||||||||||||||||||||
LATE BINARIZATION
DynamicSDDiP.NoLateBinarization()
||||||||||||||||||||||||||||||||||||||||||||||||||||||||||||||||||||||||||||||||||||||||||||||||||||||||||||||||||||||||||||||||||||||||
APPLIED SOLVERS (LP, MILP, MIQCP, MINLP, NLP, Lagrange)
DynamicSDDiP.AppliedSolvers(true, "Gurobi", "Gurobi", "Gurobi", "Gurobi", "Gurobi", "Gurobi", "Gurobi", "Gurobi", "Gurobi", 0.0001, 300)
DynamicSDDiP.Direct_Solver()
Numerical focus: false
Silent: true
||||||||||||||||||||||||||||||||||||||||||||||||||||||||||||||||||||||||||||||||||||||||||||||||||||||||||||||||||||||||||||||||||||||||
SAMPLING
Used seed for sampling scenarios: 
11111     
||||||||||||||||||||||||||||||||||||||||||||||||||||||||||||||||||||||||||||||||||||||||||||||||||||||||||||||||||||||||||||||||||||||||
RUN DESCRIPTION

||||||||||||||||||||||||||||||||||||||||||||||||||||||||||||||||||||||||||||||||||||||||||||||||||||||||||||||||||||||||||||||||||||||||
PROBLEM DESCRIPTION
Number of stages: 4
Number of realizations per stage: 20
Seed for scenario tree sampling: 12345
Solver: serial mode

────────────────────────────────────────────────────────────────────────────────────────────────────────────────────────────────────────────────────────────────────────────────────────────────────────
It.#               UB        Best UB             LB       Gap           Time        It_Time           Refinements                            #Var.   #Constr.             #Cuts       Lagrangian Dual                                               
                                                          [%]            [s]            [s]          σ       Bin.      Total      {0,1}          ℤ      Total    Total   Active      # It.    # C-It.  # C-Real.  
────────────────────────────────────────────────────────────────────────────────────────────────────────────────────────────────────────────────────────────────────────────────────────────────────────
1        1.512360e+03   1.512360e+03   3.342244e+02    0.7790   2.164000e+01   2.164000e+01      false       none        100         33          0          4       60       60       3035       3035         60
2        1.414811e+03   1.414811e+03   3.971520e+02    0.7193   5.425000e+01   3.261000e+01      false       none        100         33          0          4      120      120       3070       3070         60
3        1.312066e+03   1.312066e+03   4.362228e+02    0.6675   1.133440e+02   5.909400e+01      false       none        100         33          0          4      180      180       3068       3068         60
4        2.040365e+03   1.312066e+03   4.593319e+02    0.6499   1.820630e+02   6.871900e+01      false       none        100         33          0          4      240      240       3045       3045         60
5        1.723401e+03   1.312066e+03   4.859569e+02    0.6296   2.916260e+02   1.095630e+02      false       none        100         33          0          4      300      300       3273       3273         60
6        1.440594e+03   1.312066e+03   4.932341e+02    0.6241   4.162980e+02   1.246720e+02      false       none        100         33          0          4      360      360       3072       3072         60
7        1.939768e+03   1.312066e+03   5.153920e+02    0.6072   5.745800e+02   1.582820e+02      false       none        100         33          0          4      420      420       2997       2997         60
8        1.356857e+03   1.312066e+03   5.213088e+02    0.6027   7.678150e+02   1.932350e+02      false       none        100         33          0          4      480      480       3188       3188         60
9        1.701402e+03   1.312066e+03   5.288246e+02    0.5970   9.676120e+02   1.997970e+02      false       none        100         33          0          4      540      540       3142       3142         60
10       1.208853e+03   1.208853e+03   5.391148e+02    0.5540   1.239659e+03   2.720470e+02      false       none        100         33          0          4      600      600       3116       3116         60
11       1.264230e+03   1.208853e+03   5.430645e+02    0.5508   1.496863e+03   2.572040e+02      false       none        100         33          0          4      660      660       3145       3145         60
12       2.437302e+03   1.208853e+03   5.907816e+02    0.5113   1.806520e+03   3.096570e+02      false       none        100         33          0          4      720      720       2875       2875         60
13       1.590694e+03   1.208853e+03   5.928200e+02    0.5096   2.196646e+03   3.901260e+02      false       none        100         33          0          4      780      780       3295       3295         60
14       1.291277e+03   1.208853e+03   6.128855e+02    0.4930   2.609178e+03   4.125320e+02      false       none        100         33          0          4      840      840       3078       3078         60
15       1.169878e+03   1.169878e+03   6.167182e+02    0.4728   3.018538e+03   4.093600e+02      false       none        100         33          0          4      900      900       3115       3115         60
16       1.333499e+03   1.169878e+03   6.220213e+02    0.4683   3.464133e+03   4.455950e+02      false       none        100         33          0          4      960      960       3001       3001         60
17       2.683837e+03   1.169878e+03   6.288902e+02    0.4624   3.998587e+03   5.344540e+02      false       none        100         33          0          4     1020     1020       3321       3321         60
18       1.584547e+03   1.169878e+03   6.373797e+02    0.4552   4.512291e+03   5.137040e+02      false       none        100         33          0          4     1080     1080       2989       2989         60
19       1.769821e+03   1.169878e+03   6.452657e+02    0.4484   5.092402e+03   5.801110e+02      false       none        100         33          0          4     1140     1140       2782       2782         60
20       3.453256e+03   1.169878e+03   6.516796e+02    0.4430   5.697716e+03   6.053140e+02      false       none        100         33          0          4     1200     1200       3098       3098         60
21       1.231603e+03   1.169878e+03   6.718178e+02    0.4257   6.338967e+03   6.412510e+02      false       none        100         33          0          4     1260     1260       2975       2975         60
22       2.074669e+03   1.169878e+03   6.722719e+02    0.4253   7.010219e+03   6.712520e+02      false       none        100         33          0          4     1320     1320       3090       3090         60
23       3.213699e+03   1.169878e+03   6.782915e+02    0.4202   7.681205e+03   6.709860e+02      false       none        100         33          0          4     1380     1380       3013       3013         60
24       1.552125e+03   1.169878e+03   6.804718e+02    0.4183   8.386659e+03   7.054540e+02      false       none        100         33          0          4     1440     1440       3061       3061         60
25       2.112156e+03   1.169878e+03   6.858818e+02    0.4137   9.209487e+03   8.228280e+02      false       none        100         33          0          4     1500     1500       2923       2923         60
26       1.678138e+03   1.169878e+03   6.949103e+02    0.4060   9.990817e+03   7.813300e+02      false       none        100         33          0          4     1560     1560       2956       2956         60
27       1.247023e+03   1.169878e+03   7.025893e+02    0.3994   1.090215e+04   9.113300e+02      false       none        100         33          0          4     1620     1620       3213       3213         60

Terminating DynamicSDDiP with status: time_limit
------------------------------------------------------------------------------
 ────────────────────────────────────────────────────────────────────────────────
                                        Time                    Allocations      
                               ───────────────────────   ────────────────────────
       Tot / % measured:            3.03h / 100.0%           13.5GiB / 100.0%    

 Section               ncalls     time    %tot     avg     alloc    %tot      avg
 ────────────────────────────────────────────────────────────────────────────────
 loop                       1    3.03h  100.0%   3.03h   13.5GiB  100.0%  13.5GiB
   iterations              27    3.03h  100.0%    404s   13.5GiB  100.0%   514MiB
     backward_pass         27    3.02h   99.8%    403s   13.5GiB  100.0%   514MiB
       solve_BP         1.62k    3.02h   99.8%   6.72s   13.5GiB   99.9%  8.55MiB
         solve_dual     1.62k    3.02h   99.8%   6.72s   13.5GiB   99.8%  8.54MiB
           solve_la...  1.62k    2.98h   98.3%   6.62s   13.5GiB   99.7%  8.54MiB
             inner_sol  82.9k    2.94h   97.0%   128ms   1.94GiB   14.3%  24.6KiB
               solv...  82.9k    2.93h   96.9%   127ms    508MiB    3.7%  6.27KiB
             bundle...  82.9k    95.5s    0.9%  1.15ms    162MiB    1.2%  2.01KiB
             outer_sol  82.9k    16.3s    0.1%   196μs    235MiB    1.7%  2.90KiB
             add_cut    82.9k    4.32s    0.0%  52.1μs   1.35GiB   10.0%  17.1KiB
             init_a...  1.62k    547ms    0.0%   338μs    249MiB    1.8%   158KiB
             relax_...  1.62k    226ms    0.0%   139μs   55.2MiB    0.4%  34.9KiB
             restor...  1.62k    151ms    0.0%  92.9μs   28.9MiB    0.2%  18.3KiB
             conver...  1.62k   3.95ms    0.0%  2.44μs    304KiB    0.0%     192B
             minima...  1.62k   1.42ms    0.0%   877ns     0.00B    0.0%    0.00B
           solve_pr...  1.62k     163s    1.5%   101ms   8.08MiB    0.1%  5.11KiB
           dual_ini...  1.62k   2.05ms    0.0%  1.26μs    532KiB    0.0%     336B
         space_change   3.24k   1.18ms    0.0%   363ns     0.00B    0.0%    0.00B
       update_bellman      81   25.2ms    0.0%   312μs   13.1MiB    0.1%   165KiB
         cut_selection  1.62k    915μs    0.0%   565ns    114KiB    0.0%    72.3B
     forward_pass          27    11.5s    0.1%   428ms   3.55MiB    0.0%   135KiB
       solve_subpro...    108    11.5s    0.1%   107ms   3.19MiB    0.0%  30.3KiB
         solver_cal...    108    11.5s    0.1%   107ms   0.96MiB    0.0%  9.08KiB
     calculate_bound       27    5.43s    0.0%   201ms    850KiB    0.0%  31.5KiB
       solver_call_...     27    5.42s    0.0%   201ms    242KiB    0.0%  8.96KiB
 ────────────────────────────────────────────────────────────────────────────────

||||||||||||||||||||||||||||||||||||||||||||||||||||||||||||||||||||||||||||||||||||||||||||||||||||||||||||||||||||||||||||||||||||||||
LAGRANGIAN DUAL SOLUTION RESULTS
mn_opt: 0 times (0.0%)
conv: 0 times (0.0%)
unbounded: 0 times (0.0%)
bound_issues: 0 times (0.0%)
subgr_stalling: 0 times (0.0%)
opt: 1620 times (100.0%)
feas_issues: 0 times (0.0%)
sub: 0 times (0.0%)
mn_iter: 0 times (0.0%)
iter: 0 times (0.0%)
mn_issue: 0 times (0.0%)

||||||||||||||||||||||||||||||||||||||||||||||||||||||||||||||||||||||||||||||||||||||||||||||||||||||||||||||||||||||||||||||||||||||||
SIMULATION RESULTS
DynamicSDDiP.Simulation(DynamicSDDiP.InSampleMonteCarlo(), 1000)
Lower bound: 702.5892707591347
Statistical upper bound (confidence interval): 1706.8520239990505 ± 29.720635402844245
Pessimistic upper bound: 1736.5726594018947

||||||||||||||||||||||||||||||||||||||||||||||||||||||||||||||||||||||||||||||||||||||||||||||||||||||||||||||||||||||||||||||||||||||||
SIMULATION RESULTS
Deterministic (historical) samples
Lower bound: 702.5892707591347
Upper bound: 1716.5565916583064
