#########################################################################################################################################
#########################################################################################################################################
#########################################################################################################################################
#########################################################################################################################################
#########################################################################################################################################
DynamicSDDiP.jl (c) Christian Füllner, 2021
re-uses code from SDDP.jl (c) Oscar Dowson, 2017-21
||||||||||||||||||||||||||||||||||||||||||||||||||||||||||||||||||||||||||||||||||||||||||||||||||||||||||||||||||||||||||||||||||||||||
MACHINE
ior-sop-ws03
PATH
calling 
C:\Users\cg4102\.julia\packages\DynamicSDDiP\QTt9N\src
nothing
DATETIME
2025-09-26T11:33:15.201
||||||||||||||||||||||||||||||||||||||||||||||||||||||||||||||||||||||||||||||||||||||||||||||||||||||||||||||||||||||||||||||||||||||||
STOPPING RULES
SDDP.TimeLimit(10800.0)
SDDP.BoundStalling(20, 0.0001)
||||||||||||||||||||||||||||||||||||||||||||||||||||||||||||||||||||||||||||||||||||||||||||||||||||||||||||||||||||||||||||||||||||||||
REGULARIZATION
DynamicSDDiP.NoRegularization()
||||||||||||||||||||||||||||||||||||||||||||||||||||||||||||||||||||||||||||||||||||||||||||||||||||||||||||||||||||||||||||||||||||||||
CUT GENERATION REGIMES
DynamicSDDiP.CutGenerationRegime(DynamicSDDiP.NoStateApproximation(), DynamicSDDiP.UnifiedLagrangianDuality(0.0001, 0.0001, 1000, DynamicSDDiP.ZeroDuals(), DynamicSDDiP.BothBounds(), DynamicSDDiP.LevelBundle(0.5, true, false), DynamicSDDiP.MinimalNormChoice(), DynamicSDDiP.Lax(), DynamicSDDiP.L∞_Deep(), DynamicSDDiP.NoDualSpaceRestriction(), DynamicSDDiP.ConvexHullCopy(), false, nothing, nothing), 1, Inf, true, 0.0001, false, 0.01, 1)

||||||||||||||||||||||||||||||||||||||||||||||||||||||||||||||||||||||||||||||||||||||||||||||||||||||||||||||||||||||||||||||||||||||||
CUT AGGREGATION
DynamicSDDiP.MultiCutRegime()
||||||||||||||||||||||||||||||||||||||||||||||||||||||||||||||||||||||||||||||||||||||||||||||||||||||||||||||||||||||||||||||||||||||||
CUT SELECTION
DynamicSDDiP.NoCutSelection()
||||||||||||||||||||||||||||||||||||||||||||||||||||||||||||||||||||||||||||||||||||||||||||||||||||||||||||||||||||||||||||||||||||||||
LATE BINARIZATION
DynamicSDDiP.NoLateBinarization()
||||||||||||||||||||||||||||||||||||||||||||||||||||||||||||||||||||||||||||||||||||||||||||||||||||||||||||||||||||||||||||||||||||||||
APPLIED SOLVERS (LP, MILP, MIQCP, MINLP, NLP, Lagrange)
DynamicSDDiP.AppliedSolvers(true, "Gurobi", "Gurobi", "Gurobi", "Gurobi", "Gurobi", "Gurobi", "Gurobi", "Gurobi", "Gurobi", 0.0001, 300)
DynamicSDDiP.Direct_Solver()
Numerical focus: false
Silent: true
||||||||||||||||||||||||||||||||||||||||||||||||||||||||||||||||||||||||||||||||||||||||||||||||||||||||||||||||||||||||||||||||||||||||
SAMPLING
Used seed for sampling scenarios: 
11111     
||||||||||||||||||||||||||||||||||||||||||||||||||||||||||||||||||||||||||||||||||||||||||||||||||||||||||||||||||||||||||||||||||||||||
RUN DESCRIPTION

||||||||||||||||||||||||||||||||||||||||||||||||||||||||||||||||||||||||||||||||||||||||||||||||||||||||||||||||||||||||||||||||||||||||
PROBLEM DESCRIPTION
Number of stages: 4
Number of realizations per stage: 20
Seed for scenario tree sampling: 12345
Solver: serial mode

────────────────────────────────────────────────────────────────────────────────────────────────────────────────────────────────────────────────────────────────────────────────────────────────────────
It.#               UB        Best UB             LB       Gap           Time        It_Time           Refinements                            #Var.   #Constr.             #Cuts       Lagrangian Dual                                               
                                                          [%]            [s]            [s]          σ       Bin.      Total      {0,1}          ℤ      Total    Total   Active      # It.    # C-It.  # C-Real.  
────────────────────────────────────────────────────────────────────────────────────────────────────────────────────────────────────────────────────────────────────────────────────────────────────────
1        1.512360e+03   1.512360e+03   1.810029e+02    0.8803   2.240600e+01   2.240600e+01      false       none        100         33          0          4       60       60       2320       2320         60
2        1.642811e+03   1.512360e+03   3.295357e+02    0.7821   2.898900e+01   6.583000e+00      false       none        100         33          0          4      120      120       2150       2024         59
3        1.421382e+03   1.421382e+03   3.840558e+02    0.7298   3.774600e+01   8.757000e+00      false       none        100         33          0          4      180      180       2583       2583         60
4        2.370830e+03   1.421382e+03   3.974756e+02    0.7204   5.174000e+01   1.399400e+01      false       none        100         33          0          4      237      237       4800       4647         58
5        1.779443e+03   1.421382e+03   4.297740e+02    0.6976   6.805600e+01   1.631600e+01      false       none        100         33          0          4      297      297       3275       3275         60
6        1.785945e+03   1.421382e+03   5.871284e+02    0.5869   8.755800e+01   1.950200e+01      false       none        100         33          0          4      357      357       2926       2926         60
7        2.194875e+03   1.421382e+03   6.316790e+02    0.5556   1.098910e+02   2.233300e+01      false       none        100         33          0          4      417      417       3454       3454         60
8        1.496269e+03   1.421382e+03   6.425711e+02    0.5479   1.383870e+02   2.849600e+01      false       none        100         33          0          4      477      477       3350       3350         60
9        2.270419e+03   1.421382e+03   6.592885e+02    0.5362   1.773760e+02   3.898900e+01      false       none        100         33          0          4      528      528       3607       3286         55
10       1.413744e+03   1.413744e+03   6.674478e+02    0.5279   2.375280e+02   6.015200e+01      false       none        100         33          0          4      588      588       4073       4073         60
11       1.957622e+03   1.413744e+03   8.284477e+02    0.4140   3.758320e+02   1.383040e+02      false       none        100         33          0          4      645      645       8640       8522         59
12       2.519177e+03   1.413744e+03   1.123114e+03    0.2056   5.988580e+02   2.230260e+02      false       none        100         33          0          4      691      691      16167      15986         57
13       1.182058e+03   1.182058e+03   1.166569e+03    0.0131   8.014780e+02   2.026200e+02      false       none        100         33          0          4      751      751       7824       7824         60
14       1.364564e+03   1.182058e+03   1.168667e+03    0.0113   1.041421e+03   2.399430e+02      false       none        100         33          0          4      811      811       9166       9166         60
15       1.169065e+03   1.169065e+03   1.219515e+03    0.0414   1.272415e+03   2.309940e+02      false       none        100         33          0          4      871      871       6949       6949         60
16       1.276944e+03   1.169065e+03   1.238392e+03    0.0560   1.535926e+03   2.635110e+02      false       none        100         33          0          4      931      931       7284       7284         60
17       3.087792e+03   1.169065e+03   1.245326e+03    0.0612   1.905813e+03   3.698870e+02      false       none        100         33          0          4      989      989       8431       8271         58
18       1.482495e+03   1.169065e+03   1.246525e+03    0.0621   2.240215e+03   3.344020e+02      false       none        100         33          0          4     1049     1049       7798       7798         60
19       1.372553e+03   1.169065e+03   1.272248e+03    0.0811   2.657644e+03   4.174290e+02      false       none        100         33          0          4     1109     1109       8136       8136         60
20       2.975759e+03   1.169065e+03   1.283553e+03    0.0892   3.028861e+03   3.712170e+02      false       none        100         33          0          4     1167     1167       6673       6281         55
21       1.114294e+03   1.114294e+03   1.295346e+03    0.1398   3.400376e+03   3.715150e+02      false       none        100         33          0          4     1227     1227       7040       7040         60
22       2.367104e+03   1.114294e+03   1.314872e+03    0.1525   3.777662e+03   3.772860e+02      false       none        100         33          0          4     1267     1267      17579      17294         55
23       2.689716e+03   1.114294e+03   1.316829e+03    0.1538   4.253766e+03   4.761040e+02      false       none        100         33          0          4     1319     1319       9541       8873         54
24       1.566177e+03   1.114294e+03   1.333358e+03    0.1643   4.728316e+03   4.745500e+02      false       none        100         33          0          4     1374     1374       9745       9654         59
25       2.021476e+03   1.114294e+03   1.347617e+03    0.1731   5.372600e+03   6.442840e+02      false       none        100         33          0          4     1434     1434       8209       7967         59
26       1.456412e+03   1.114294e+03   1.351613e+03    0.1756   5.988134e+03   6.155340e+02      false       none        100         33          0          4     1489     1489      10905      10905         60
27       1.381928e+03   1.114294e+03   1.351940e+03    0.1758   6.729392e+03   7.412580e+02      false       none        100         33          0          4     1549     1549       8455       8455         60
28       2.365399e+03   1.114294e+03   1.379713e+03    0.1924   7.383047e+03   6.536550e+02      false       none        100         33          0          4     1589     1589      16553      16323         56
29       2.153721e+03   1.114294e+03   1.379987e+03    0.1925   8.014047e+03   6.310000e+02      false       none        100         33          0          4     1629     1629      19777      19547         56
30       1.943843e+03   1.114294e+03   1.391757e+03    0.1994   8.549711e+03   5.356640e+02      false       none        100         33          0          4     1685     1685      10821      10821         60
31       1.546345e+03   1.114294e+03   1.399911e+03    0.2040   9.454084e+03   9.043730e+02      false       none        100         33          0          4     1745     1745      10096      10000         59
32       1.042157e+03   1.042157e+03   1.414511e+03    0.2632   1.027678e+04   8.227000e+02      false       none        100         33          0          4     1803     1803       8251       8132         59
33       1.425226e+03   1.042157e+03   1.414904e+03    0.2634   1.090473e+04   6.279440e+02      false       none        100         33          0          4     1862     1862       7108       7108         60

Terminating DynamicSDDiP with status: time_limit
------------------------------------------------------------------------------
────────────────────────────────────────────────────────────────────────────────
                                       Time                    Allocations      
                              ───────────────────────   ────────────────────────
      Tot / % measured:            3.03h / 100.0%           22.0GiB /  98.8%    

Section               ncalls     time    %tot     avg     alloc    %tot      avg
────────────────────────────────────────────────────────────────────────────────
loop                       1    3.03h  100.0%   3.03h   21.8GiB  100.0%  21.8GiB
  iterations              33    3.03h  100.0%    330s   21.7GiB   99.8%   674MiB
    backward_pass         33    3.03h   99.9%    330s   20.6GiB   94.5%   638MiB
      solve_BP         1.98k    3.02h   99.9%   5.50s   20.4GiB   93.7%  10.5MiB
        solve_dual     1.98k    3.02h   99.8%   5.50s   20.4GiB   93.6%  10.5MiB
          solve_la...  1.98k    3.01h   99.3%   5.47s   20.3GiB   93.5%  10.5MiB
            minima...  1.98k    2.46h   81.1%   4.47s   10.4GiB   48.0%  5.40MiB
              solv...   206k    2.43h   80.1%  42.5ms    609MiB    2.7%  3.03KiB
            inner_sol  57.9k    1877s   17.2%  32.4ms   1.23GiB    5.7%  22.3KiB
              solv...  57.9k    1868s   17.1%  32.3ms    156MiB    0.7%  2.76KiB
            bundle...  57.9k    67.4s    0.6%  1.16ms    125MiB    0.6%  2.21KiB
            outer_sol  57.9k    13.7s    0.1%   236μs    270MiB    1.2%  4.78KiB
            add_cut    57.9k    2.97s    0.0%  51.2μs   1.02GiB    4.7%  18.4KiB
            init_a...  1.98k    1.00s    0.0%   507μs    347MiB    1.6%   180KiB
            relax_...  1.98k    373ms    0.0%   188μs   73.5MiB    0.3%  38.0KiB
            restor...  1.98k    210ms    0.0%   106μs   35.4MiB    0.2%  18.3KiB
            conver...  1.98k   12.9ms    0.0%  6.52μs   1.81MiB    0.0%     957B
          solve_pr...  1.98k    59.3s    0.5%  29.9ms   6.08MiB    0.0%  3.14KiB
          dual_ini...  1.98k   6.87ms    0.0%  3.47μs    658KiB    0.0%     341B
        space_change   3.96k   1.07ms    0.0%   271ns     0.00B    0.0%    0.00B
      update_bellman      99    709ms    0.0%  7.16ms   25.7MiB    0.1%   266KiB
        cut_selection  1.86k   1.09ms    0.0%   587ns    160KiB    0.0%    88.1B
    forward_pass          33    10.6s    0.1%   321ms   1.14GiB    5.3%  35.5MiB
      solve_subpro...    132    10.6s    0.1%  80.0ms   1.14GiB    5.2%  8.86MiB
        solver_cal...    132    9.94s    0.1%  75.3ms   1.08GiB    5.0%  8.38MiB
    calculate_bound       33    1.17s    0.0%  35.5ms   10.9MiB    0.0%   337KiB
      solver_call_...     33    1.07s    0.0%  32.3ms    156KiB    0.0%  4.73KiB
────────────────────────────────────────────────────────────────────────────────

||||||||||||||||||||||||||||||||||||||||||||||||||||||||||||||||||||||||||||||||||||||||||||||||||||||||||||||||||||||||||||||||||||||||
LAGRANGIAN DUAL SOLUTION RESULTS
mn_opt: 1868 times (94.3%)
conv: 0 times (0.0%)
unbounded: 0 times (0.0%)
bound_issues: 0 times (0.0%)
subgr_stalling: 0 times (0.0%)
opt: 0 times (0.0%)
feas_issues: 0 times (0.0%)
sub: 0 times (0.0%)
mn_iter: 70 times (3.5%)
iter: 0 times (0.0%)
mn_issue: 42 times (2.1%)

||||||||||||||||||||||||||||||||||||||||||||||||||||||||||||||||||||||||||||||||||||||||||||||||||||||||||||||||||||||||||||||||||||||||
SIMULATION RESULTS
DynamicSDDiP.Simulation(DynamicSDDiP.InSampleMonteCarlo(), 1000)
Lower bound: 1414.9036531370189
Statistical upper bound (confidence interval): 1694.87133184716 ± 34.207520288714804
Pessimistic upper bound: 1729.0788521358747
