

#########################################################################################################################################
#########################################################################################################################################
#########################################################################################################################################
#########################################################################################################################################
#########################################################################################################################################
DynamicSDDiP.jl (c) Christian Füllner, 2021
re-uses code from SDDP.jl (c) Oscar Dowson, 2017-21
||||||||||||||||||||||||||||||||||||||||||||||||||||||||||||||||||||||||||||||||||||||||||||||||||||||||||||||||||||||||||||||||||||||||
PATH
calling 
C:\Users\cg4102\.julia\packages\DynamicSDDiP\FVDoU\src
nothing
DATETIME
2023-03-18T18:27:25.408
||||||||||||||||||||||||||||||||||||||||||||||||||||||||||||||||||||||||||||||||||||||||||||||||||||||||||||||||||||||||||||||||||||||||
STOPPING RULES
SDDP.TimeLimit(10800.0)
SDDP.BoundStalling(20, 0.0001)
||||||||||||||||||||||||||||||||||||||||||||||||||||||||||||||||||||||||||||||||||||||||||||||||||||||||||||||||||||||||||||||||||||||||
REGULARIZATION
DynamicSDDiP.NoRegularization()
||||||||||||||||||||||||||||||||||||||||||||||||||||||||||||||||||||||||||||||||||||||||||||||||||||||||||||||||||||||||||||||||||||||||
CUT GENERATION REGIMES
DynamicSDDiP.CutGenerationRegime(DynamicSDDiP.NoStateApproximation(), DynamicSDDiP.StrengthenedDuality(), 1, Inf, Inf, 0.0, true, 0.0001)

||||||||||||||||||||||||||||||||||||||||||||||||||||||||||||||||||||||||||||||||||||||||||||||||||||||||||||||||||||||||||||||||||||||||
CUT AGGREGATION
DynamicSDDiP.MultiCutRegime()
||||||||||||||||||||||||||||||||||||||||||||||||||||||||||||||||||||||||||||||||||||||||||||||||||||||||||||||||||||||||||||||||||||||||
CUT SELECTION
DynamicSDDiP.NoCutSelection()
||||||||||||||||||||||||||||||||||||||||||||||||||||||||||||||||||||||||||||||||||||||||||||||||||||||||||||||||||||||||||||||||||||||||
LATE BINARIZATION
DynamicSDDiP.NoLateBinarization()
||||||||||||||||||||||||||||||||||||||||||||||||||||||||||||||||||||||||||||||||||||||||||||||||||||||||||||||||||||||||||||||||||||||||
APPLIED SOLVERS (LP, MILP, MIQCP, MINLP, NLP, Lagrange)
DynamicSDDiP.AppliedSolvers(true, "Gurobi", "Gurobi", "Gurobi", "Gurobi", "Gurobi", "Gurobi", "Gurobi", "Gurobi", "Gurobi", 0.0001, 300)
DynamicSDDiP.Direct_Solver()
Numerical focus: false
Silent: true
||||||||||||||||||||||||||||||||||||||||||||||||||||||||||||||||||||||||||||||||||||||||||||||||||||||||||||||||||||||||||||||||||||||||
SAMPLING
Used seed for sampling scenarios: 
11111     
||||||||||||||||||||||||||||||||||||||||||||||||||||||||||||||||||||||||||||||||||||||||||||||||||||||||||||||||||||||||||||||||||||||||
RUN DESCRIPTION

||||||||||||||||||||||||||||||||||||||||||||||||||||||||||||||||||||||||||||||||||||||||||||||||||||||||||||||||||||||||||||||||||||||||
PROBLEM DESCRIPTION
Number of stages: 4
Number of realizations per stage: 20
Seed for scenario tree sampling: 12345
Solver: serial mode

────────────────────────────────────────────────────────────────────────────────────────────────────────────────────────────────────────────────────────────────────────────────────────────────────────
It.#               UB        Best UB             LB       Gap           Time        It_Time           Refinements                            #Var.   #Constr.             #Cuts       Lagrangian Dual                                               
                                                          [%]            [s]            [s]          σ       Bin.      Total      {0,1}          ℤ      Total    Total   Active      # It.    # C-It.  # C-Real.  
────────────────────────────────────────────────────────────────────────────────────────────────────────────────────────────────────────────────────────────────────────────────────────────────────────
1        1.512360e+03   1.512360e+03   1.130045e+03    0.2528   3.750000e-01   3.750000e-01      false       none        100         33          0          4       60       60          0          0          0
2        1.067733e+03   1.067733e+03   1.138256e+03    0.0620   9.059999e-01   5.309999e-01      false       none        100         33          0          4       75       75          0          0          0
3        1.169346e+03   1.067733e+03   1.167408e+03    0.0854   1.453000e+00   5.470002e-01      false       none        100         33          0          4      104      104          0          0          0
4        1.962830e+03   1.067733e+03   1.168360e+03    0.0861   1.938000e+00   4.849999e-01      false       none        100         33          0          4      120      120          0          0          0
5        1.603445e+03   1.067733e+03   1.171587e+03    0.0886   2.547000e+00   6.090000e-01      false       none        100         33          0          4      132      132          0          0          0
6        1.268666e+03   1.067733e+03   1.171587e+03    0.0886   3.078000e+00   5.310001e-01      false       none        100         33          0          4      137      137          0          0          0
7        2.192620e+03   1.067733e+03   1.173652e+03    0.0902   3.766000e+00   6.880000e-01      false       none        100         33          0          4      154      154          0          0          0
8        1.482078e+03   1.067733e+03   1.174438e+03    0.0909   4.485000e+00   7.189999e-01      false       none        100         33          0          4      165      165          0          0          0
9        1.485169e+03   1.067733e+03   1.177557e+03    0.0933   5.157000e+00   6.720002e-01      false       none        100         33          0          4      179      179          0          0          0
10       1.125455e+03   1.067733e+03   1.184758e+03    0.0988   5.782000e+00   6.250000e-01      false       none        100         33          0          4      201      201          0          0          0
11       1.095230e+03   1.067733e+03   1.184758e+03    0.0988   6.391000e+00   6.090000e-01      false       none        100         33          0          4      201      201          0          0          0
12       2.550165e+03   1.067733e+03   1.184807e+03    0.0988   6.985000e+00   5.939999e-01      false       none        100         33          0          4      206      206          0          0          0
13       1.257753e+03   1.067733e+03   1.185368e+03    0.0992   7.751000e+00   7.660000e-01      false       none        100         33          0          4      217      217          0          0          0
14       1.171510e+03   1.067733e+03   1.185368e+03    0.0992   8.532000e+00   7.810001e-01      false       none        100         33          0          4      217      217          0          0          0
15       1.185533e+03   1.067733e+03   1.185368e+03    0.0992   9.313000e+00   7.809999e-01      false       none        100         33          0          4      218      218          0          0          0
16       1.168659e+03   1.067733e+03   1.185566e+03    0.0994   1.006300e+01   7.500000e-01      false       none        100         33          0          4      231      231          0          0          0
17       2.690451e+03   1.067733e+03   1.185566e+03    0.0994   1.086000e+01   7.969999e-01      false       none        100         33          0          4      231      231          0          0          0
18       1.289403e+03   1.067733e+03   1.185566e+03    0.0994   1.148500e+01   6.250000e-01      false       none        100         33          0          4      231      231          0          0          0
19       1.381186e+03   1.067733e+03   1.185608e+03    0.0994   1.225000e+01   7.650001e-01      false       none        100         33          0          4      238      238          0          0          0
20       3.397040e+03   1.067733e+03   1.185608e+03    0.0994   1.300000e+01   7.500000e-01      false       none        100         33          0          4      238      238          0          0          0
21       1.143363e+03   1.067733e+03   1.185846e+03    0.0996   1.367200e+01   6.719999e-01      false       none        100         33          0          4      243      243          0          0          0
22       2.018439e+03   1.067733e+03   1.185846e+03    0.0996   1.437500e+01   7.030001e-01      false       none        100         33          0          4      243      243          0          0          0
23       2.989699e+03   1.067733e+03   1.185846e+03    0.0996   1.512500e+01   7.500000e-01      false       none        100         33          0          4      243      243          0          0          0
24       1.503177e+03   1.067733e+03   1.185846e+03    0.0996   1.596900e+01   8.440001e-01      false       none        100         33          0          4      243      243          0          0          0
25       2.134320e+03   1.067733e+03   1.185859e+03    0.0996   1.659400e+01   6.250000e-01      false       none        100         33          0          4      246      246          0          0          0
26       1.446412e+03   1.067733e+03   1.185859e+03    0.0996   1.725000e+01   6.559999e-01      false       none        100         33          0          4      246      246          0          0          0
27       1.192717e+03   1.067733e+03   1.185859e+03    0.0996   1.800000e+01   7.500000e-01      false       none        100         33          0          4      246      246          0          0          0
28       2.236946e+03   1.067733e+03   1.185983e+03    0.0997   1.878200e+01   7.820001e-01      false       none        100         33          0          4      256      256          0          0          0
29       2.179945e+03   1.067733e+03   1.185983e+03    0.0997   1.942200e+01   6.399999e-01      false       none        100         33          0          4      256      256          0          0          0
30       1.913843e+03   1.067733e+03   1.185983e+03    0.0997   2.003200e+01   6.100001e-01      false       none        100         33          0          4      256      256          0          0          0
31       1.243413e+03   1.067733e+03   1.185983e+03    0.0997   2.064100e+01   6.090000e-01      false       none        100         33          0          4      256      256          0          0          0
32       1.252999e+03   1.067733e+03   1.185983e+03    0.0997   2.140700e+01   7.660000e-01      false       none        100         33          0          4      256      256          0          0          0
33       1.501494e+03   1.067733e+03   1.185983e+03    0.0997   2.198500e+01   5.779998e-01      false       none        100         33          0          4      256      256          0          0          0
34       1.319047e+03   1.067733e+03   1.185983e+03    0.0997   2.259400e+01   6.090002e-01      false       none        100         33          0          4      256      256          0          0          0
35       2.379305e+03   1.067733e+03   1.185983e+03    0.0997   2.325000e+01   6.559999e-01      false       none        100         33          0          4      256      256          0          0          0
36       1.517972e+03   1.067733e+03   1.185983e+03    0.0997   2.400000e+01   7.500000e-01      false       none        100         33          0          4      256      256          0          0          0
37       1.318099e+03   1.067733e+03   1.185983e+03    0.0997   2.475000e+01   7.500000e-01      false       none        100         33          0          4      256      256          0          0          0
38       1.738534e+03   1.067733e+03   1.185983e+03    0.0997   2.534400e+01   5.940001e-01      false       none        100         33          0          4      256      256          0          0          0
39       1.213424e+03   1.067733e+03   1.185983e+03    0.0997   2.595300e+01   6.090000e-01      false       none        100         33          0          4      256      256          0          0          0
40       1.176533e+03   1.067733e+03   1.185983e+03    0.0997   2.671900e+01   7.660000e-01      false       none        100         33          0          4      256      256          0          0          0
41       1.159060e+03   1.067733e+03   1.185983e+03    0.0997   2.732800e+01   6.090000e-01      false       none        100         33          0          4      256      256          0          0          0
42       1.339871e+03   1.067733e+03   1.186856e+03    0.1004   2.795300e+01   6.250000e-01      false       none        100         33          0          4      271      271          0          0          0
43       1.174981e+03   1.067733e+03   1.186856e+03    0.1004   2.873500e+01   7.819998e-01      false       none        100         33          0          4      274      274          0          0          0
44       2.440527e+03   1.067733e+03   1.186856e+03    0.1004   2.934400e+01   6.090002e-01      false       none        100         33          0          4      274      274          0          0          0
45       1.181367e+03   1.067733e+03   1.186856e+03    0.1004   3.003200e+01   6.880000e-01      false       none        100         33          0          4      274      274          0          0          0
46       1.829635e+03   1.067733e+03   1.186856e+03    0.1004   3.064100e+01   6.090000e-01      false       none        100         33          0          4      274      274          0          0          0
47       1.349131e+03   1.067733e+03   1.186856e+03    0.1004   3.132800e+01   6.870000e-01      false       none        100         33          0          4      274      274          0          0          0
48       1.595433e+03   1.067733e+03   1.186856e+03    0.1004   3.203200e+01   7.040000e-01      false       none        100         33          0          4      274      274          0          0          0
49       1.774097e+03   1.067733e+03   1.186856e+03    0.1004   3.264100e+01   6.090000e-01      false       none        100         33          0          4      274      274          0          0          0
50       2.250763e+03   1.067733e+03   1.186856e+03    0.1004   3.326600e+01   6.250000e-01      false       none        100         33          0          4      274      274          0          0          0
51       1.260207e+03   1.067733e+03   1.186856e+03    0.1004   3.403200e+01   7.660000e-01      false       none        100         33          0          4      274      274          0          0          0
52       1.222854e+03   1.067733e+03   1.186856e+03    0.1004   3.471900e+01   6.870000e-01      false       none        100         33          0          4      274      274          0          0          0
53       2.653440e+03   1.067733e+03   1.187096e+03    0.1006   3.546900e+01   7.500000e-01      false       none        100         33          0          4      281      281          0          0          0
54       1.219861e+03   1.067733e+03   1.187096e+03    0.1006   3.611000e+01   6.409998e-01      false       none        100         33          0          4      281      281          0          0          0
55       1.623044e+03   1.067733e+03   1.187096e+03    0.1006   3.681300e+01   7.030001e-01      false       none        100         33          0          4      281      281          0          0          0
56       1.233401e+03   1.067733e+03   1.187096e+03    0.1006   3.751600e+01   7.030001e-01      false       none        100         33          0          4      281      281          0          0          0
57       1.102258e+03   1.067733e+03   1.187096e+03    0.1006   3.823500e+01   7.189999e-01      false       none        100         33          0          4      281      281          0          0          0
58       2.050409e+03   1.067733e+03   1.187096e+03    0.1006   3.892200e+01   6.870000e-01      false       none        100         33          0          4      281      281          0          0          0
59       1.140775e+03   1.067733e+03   1.187096e+03    0.1006   3.953200e+01   6.100001e-01      false       none        100         33          0          4      281      281          0          0          0
60       1.330122e+03   1.067733e+03   1.187096e+03    0.1006   4.021900e+01   6.870000e-01      false       none        100         33          0          4      281      281          0          0          0
61       2.743589e+03   1.067733e+03   1.187096e+03    0.1006   4.096900e+01   7.500000e-01      false       none        100         33          0          4      282      282          0          0          0
62       2.358997e+03   1.067733e+03   1.187096e+03    0.1006   4.154700e+01   5.779998e-01      false       none        100         33          0          4      282      282          0          0          0
63       1.146899e+03   1.067733e+03   1.187096e+03    0.1006   4.225000e+01   7.030001e-01      false       none        100         33          0          4      282      282          0          0          0
64       1.362546e+03   1.067733e+03   1.187096e+03    0.1006   4.281300e+01   5.630000e-01      false       none        100         33          0          4      282      282          0          0          0
65       1.891643e+03   1.067733e+03   1.187096e+03    0.1006   4.357800e+01   7.650001e-01      false       none        100         33          0          4      282      282          0          0          0
66       2.560090e+03   1.067733e+03   1.187096e+03    0.1006   4.431300e+01   7.349999e-01      false       none        100         33          0          4      282      282          0          0          0
67       1.460258e+03   1.067733e+03   1.187096e+03    0.1006   4.489100e+01   5.780001e-01      false       none        100         33          0          4      282      282          0          0          0
68       1.119682e+03   1.067733e+03   1.187096e+03    0.1006   4.559400e+01   7.030001e-01      false       none        100         33          0          4      282      282          0          0          0
69       1.187079e+03   1.067733e+03   1.187096e+03    0.1006   4.629700e+01   7.029998e-01      false       none        100         33          0          4      282      282          0          0          0
70       1.164561e+03   1.067733e+03   1.187096e+03    0.1006   4.706300e+01   7.660000e-01      false       none        100         33          0          4      282      282          0          0          0
71       1.385360e+03   1.067733e+03   1.187096e+03    0.1006   4.779700e+01   7.340000e-01      false       none        100         33          0          4      282      282          0          0          0
72       1.601446e+03   1.067733e+03   1.187096e+03    0.1006   4.837500e+01   5.780001e-01      false       none        100         33          0          4      282      282          0          0          0
73       1.297662e+03   1.067733e+03   1.187096e+03    0.1006   4.912500e+01   7.500000e-01      false       none        100         33          0          4      282      282          0          0          0

Terminating DynamicSDDiP with status: bound_stalling
------------------------------------------------------------------------------
 ────────────────────────────────────────────────────────────────────────────────
                                        Time                    Allocations      
                               ───────────────────────   ────────────────────────
       Tot / % measured:            49.1s /  99.9%           1.08GiB /  99.8%    

 Section               ncalls     time    %tot     avg     alloc    %tot      avg
 ────────────────────────────────────────────────────────────────────────────────
 loop                       1    49.1s  100.0%   49.1s   1.08GiB  100.0%  1.08GiB
   iterations              73    48.9s   99.6%   670ms   1.08GiB   99.9%  15.1MiB
     backward_pass         73    47.0s   95.7%   644ms   1.07GiB   99.0%  15.0MiB
       solve_BP         4.38k    46.9s   95.5%  10.7ms   1.06GiB   98.1%   254KiB
         solve_dual     4.38k    46.6s   94.9%  10.6ms   1.03GiB   95.6%   247KiB
           solver_c...  4.38k    39.8s   81.1%  9.09ms   21.0MiB    1.9%  4.91KiB
           LP_relax...  4.38k    5.30s   10.8%  1.21ms    705MiB   63.7%   165KiB
             solver...  4.38k    2.22s    4.5%   506μs   8.15MiB    0.7%  1.91KiB
         space_change   8.76k   2.27ms    0.0%   259ns     0.00B    0.0%    0.00B
       update_bellman     219   18.5ms    0.0%  84.6μs   4.66MiB    0.4%  21.8KiB
         cut_selection    282    177μs    0.0%   627ns   20.4KiB    0.0%    74.0B
     forward_pass          73    1.48s    3.0%  20.3ms   8.12MiB    0.7%   114KiB
       solve_subpro...    292    1.47s    3.0%  5.05ms   7.15MiB    0.6%  25.1KiB
         solver_cal...    292    1.43s    2.9%  4.90ms   1.10MiB    0.1%  3.87KiB
     calculate_bound       73    433ms    0.9%  5.93ms   1.75MiB    0.2%  24.5KiB
       solver_call_...     73    422ms    0.9%  5.77ms    148KiB    0.0%  2.02KiB
 ────────────────────────────────────────────────────────────────────────────────

||||||||||||||||||||||||||||||||||||||||||||||||||||||||||||||||||||||||||||||||||||||||||||||||||||||||||||||||||||||||||||||||||||||||
LAGRANGIAN DUAL SOLUTION RESULTS
mn_opt: 0 times (NaN%)
conv: 0 times (NaN%)
unbounded: 0 times (NaN%)
bound_issues: 0 times (NaN%)
subgr_stalling: 0 times (NaN%)
opt: 0 times (NaN%)
feas_issues: 0 times (NaN%)
sub: 0 times (NaN%)
mn_iter: 0 times (NaN%)
iter: 0 times (NaN%)
mn_issue: 0 times (NaN%)

||||||||||||||||||||||||||||||||||||||||||||||||||||||||||||||||||||||||||||||||||||||||||||||||||||||||||||||||||||||||||||||||||||||||
SIMULATION RESULTS
DynamicSDDiP.Simulation(DynamicSDDiP.InSampleMonteCarlo(), 1000)
Lower bound: 1187.096066601886
Statistical upper bound (confidence interval): 1577.6308918618008 ± 31.029147588426692
Pessimistic upper bound: 1608.6600394502275
