

#########################################################################################################################################
#########################################################################################################################################
#########################################################################################################################################
#########################################################################################################################################
#########################################################################################################################################
DynamicSDDiP.jl (c) Christian Füllner, 2021
re-uses code from SDDP.jl (c) Oscar Dowson, 2017-21
||||||||||||||||||||||||||||||||||||||||||||||||||||||||||||||||||||||||||||||||||||||||||||||||||||||||||||||||||||||||||||||||||||||||
PATH
calling 
C:\Users\cg4102\.julia\packages\DynamicSDDiP\do2Fb\src
nothing
DATETIME
2024-10-11T01:54:46.755
||||||||||||||||||||||||||||||||||||||||||||||||||||||||||||||||||||||||||||||||||||||||||||||||||||||||||||||||||||||||||||||||||||||||
STOPPING RULES
SDDP.TimeLimit(10800.0)
SDDP.BoundStalling(20, 0.0001)
||||||||||||||||||||||||||||||||||||||||||||||||||||||||||||||||||||||||||||||||||||||||||||||||||||||||||||||||||||||||||||||||||||||||
REGULARIZATION
DynamicSDDiP.NoRegularization()
||||||||||||||||||||||||||||||||||||||||||||||||||||||||||||||||||||||||||||||||||||||||||||||||||||||||||||||||||||||||||||||||||||||||
CUT GENERATION REGIMES
DynamicSDDiP.CutGenerationRegime(DynamicSDDiP.NoStateApproximation(), DynamicSDDiP.UnifiedLagrangianDuality(0.0001, 0.0001, 1000, DynamicSDDiP.ZeroDuals(), DynamicSDDiP.BothBounds(), DynamicSDDiP.LevelBundle(0.5, true, false), DynamicSDDiP.StandardChoice(), DynamicSDDiP.Lax(), DynamicSDDiP.Core_Relint(DynamicSDDiP.ConvexHullCopy(), DynamicSDDiP.NoIntegerRelax(), DynamicSDDiP.Unbounded_Opt_SB(true), DynamicSDDiP.NoImprovement(), false), DynamicSDDiP.NoDualSpaceRestriction(), DynamicSDDiP.ConvexHullCopy(), nothing, nothing), 1, Inf, Inf, 0.0, true, 0.0001)

||||||||||||||||||||||||||||||||||||||||||||||||||||||||||||||||||||||||||||||||||||||||||||||||||||||||||||||||||||||||||||||||||||||||
CUT AGGREGATION
DynamicSDDiP.MultiCutRegime()
||||||||||||||||||||||||||||||||||||||||||||||||||||||||||||||||||||||||||||||||||||||||||||||||||||||||||||||||||||||||||||||||||||||||
CUT SELECTION
DynamicSDDiP.NoCutSelection()
||||||||||||||||||||||||||||||||||||||||||||||||||||||||||||||||||||||||||||||||||||||||||||||||||||||||||||||||||||||||||||||||||||||||
LATE BINARIZATION
DynamicSDDiP.NoLateBinarization()
||||||||||||||||||||||||||||||||||||||||||||||||||||||||||||||||||||||||||||||||||||||||||||||||||||||||||||||||||||||||||||||||||||||||
APPLIED SOLVERS (LP, MILP, MIQCP, MINLP, NLP, Lagrange)
DynamicSDDiP.AppliedSolvers(true, "Gurobi", "Gurobi", "Gurobi", "Gurobi", "Gurobi", "Gurobi", "Gurobi", "Gurobi", "Gurobi", 0.0001, 300)
DynamicSDDiP.Direct_Solver()
Numerical focus: false
Silent: true
||||||||||||||||||||||||||||||||||||||||||||||||||||||||||||||||||||||||||||||||||||||||||||||||||||||||||||||||||||||||||||||||||||||||
SAMPLING
Used seed for sampling scenarios: 
11111     
||||||||||||||||||||||||||||||||||||||||||||||||||||||||||||||||||||||||||||||||||||||||||||||||||||||||||||||||||||||||||||||||||||||||
RUN DESCRIPTION

||||||||||||||||||||||||||||||||||||||||||||||||||||||||||||||||||||||||||||||||||||||||||||||||||||||||||||||||||||||||||||||||||||||||
PROBLEM DESCRIPTION
Number of stages: 4
Number of realizations per stage: 20
Seed for scenario tree sampling: 12345
Solver: serial mode

────────────────────────────────────────────────────────────────────────────────────────────────────────────────────────────────────────────────────────────────────────────────────────────────────────
It.#               UB        Best UB             LB       Gap           Time        It_Time           Refinements                            #Var.   #Constr.             #Cuts       Lagrangian Dual                                               
                                                          [%]            [s]            [s]          σ       Bin.      Total      {0,1}          ℤ      Total    Total   Active      # It.    # C-It.  # C-Real.  
────────────────────────────────────────────────────────────────────────────────────────────────────────────────────────────────────────────────────────────────────────────────────────────────────────
1        1.512360e+03   1.512360e+03   9.936695e+02    0.3430   6.675000e+01   6.675000e+01      false       none        100         33          0          4       60       60       5698       5698         60
2        1.002782e+03   1.002782e+03   1.145433e+03    0.1245   1.713760e+02   1.046260e+02      false       none        100         33          0          4      119      119       6064       6064         60
3        1.184130e+03   1.002782e+03   1.207497e+03    0.1695   2.874850e+02   1.161090e+02      false       none        100         33          0          4      179      179       6110       6110         60
4        1.986830e+03   1.002782e+03   1.263208e+03    0.2062   4.052350e+02   1.177500e+02      false       none        100         33          0          4      232      232       5129       5129         60
5        1.681323e+03   1.002782e+03   1.285321e+03    0.2198   5.464070e+02   1.411720e+02      false       none        100         33          0          4      289      289       5657       5657         60
6        1.462701e+03   1.002782e+03   1.367906e+03    0.2669   6.907980e+02   1.443910e+02      false       none        100         33          0          4      345      345       5602       5602         60
7        2.238703e+03   1.002782e+03   1.377650e+03    0.2721   8.649070e+02   1.741090e+02      false       none        100         33          0          4      403      403       5567       5567         60
8        1.211463e+03   1.002782e+03   1.395565e+03    0.2815   1.079767e+03   2.148600e+02      false       none        100         33          0          4      461      461       6009       6009         60
9        1.500579e+03   1.002782e+03   1.406591e+03    0.2871   1.332673e+03   2.529060e+02      false       none        100         33          0          4      510      510       5437       5437         60
10       1.221983e+03   1.002782e+03   1.413729e+03    0.2907   1.593955e+03   2.612820e+02      false       none        100         33          0          4      570      570       6143       6143         60
11       1.437230e+03   1.002782e+03   1.432336e+03    0.2999   1.859674e+03   2.657190e+02      false       none        100         33          0          4      623      623       5346       5346         60
12       2.481240e+03   1.002782e+03   1.437873e+03    0.3026   2.188690e+03   3.290160e+02      false       none        100         33          0          4      663      663       5363       5363         60
13       1.079815e+03   1.002782e+03   1.457791e+03    0.3121   2.499753e+03   3.110630e+02      false       none        100         33          0          4      719      719       5743       5743         60
14       1.132277e+03   1.002782e+03   1.462082e+03    0.3141   2.791222e+03   2.914690e+02      false       none        100         33          0          4      774      774       5151       5151         60
15       1.202684e+03   1.002782e+03   1.462588e+03    0.3144   3.235285e+03   4.440630e+02      false       none        100         33          0          4      831      831       6069       6069         60
16       1.183330e+03   1.002782e+03   1.463248e+03    0.3147   3.603332e+03   3.680470e+02      false       none        100         33          0          4      888      888       5449       5449         60
17       2.617283e+03   1.002782e+03   1.471299e+03    0.3184   3.959801e+03   3.564690e+02      false       none        100         33          0          4      935      935       4463       4463         60
18       1.314403e+03   1.002782e+03   1.471703e+03    0.3186   4.263239e+03   3.034380e+02      false       none        100         33          0          4      982      982       4208       4208         60
19       1.396417e+03   1.002782e+03   1.484686e+03    0.3246   4.618255e+03   3.550160e+02      false       none        100         33          0          4     1019     1019       4113       4113         60
20       3.321582e+03   1.002782e+03   1.484936e+03    0.3247   4.996584e+03   3.783290e+02      false       none        100         33          0          4     1067     1067       4645       4645         60
21       1.088902e+03   1.002782e+03   1.487648e+03    0.3259   5.357834e+03   3.612500e+02      false       none        100         33          0          4     1123     1123       5120       5120         60
22       2.226439e+03   1.002782e+03   1.488184e+03    0.3262   5.703897e+03   3.460630e+02      false       none        100         33          0          4     1160     1160       4056       4056         60
23       3.034716e+03   1.002782e+03   1.488817e+03    0.3265   6.125976e+03   4.220790e+02      false       none        100         33          0          4     1208     1208       4838       4838         60
24       1.374088e+03   1.002782e+03   1.491192e+03    0.3275   6.608898e+03   4.829220e+02      false       none        100         33          0          4     1255     1255       4842       4842         60
25       1.917544e+03   1.002782e+03   1.491717e+03    0.3278   6.954618e+03   3.457200e+02      false       none        100         33          0          4     1307     1307       4530       4530         60
26       1.432412e+03   1.002782e+03   1.492884e+03    0.3283   7.384587e+03   4.299690e+02      false       none        100         33          0          4     1353     1353       4546       4546         60
27       1.229717e+03   1.002782e+03   1.493190e+03    0.3284   7.882494e+03   4.979070e+02      false       none        100         33          0          4     1410     1410       5211       5211         60
28       2.150622e+03   1.002782e+03   1.493454e+03    0.3285   8.459713e+03   5.772190e+02      false       none        100         33          0          4     1448     1448       4609       4609         60
29       2.017721e+03   1.002782e+03   1.496283e+03    0.3298   8.977496e+03   5.177830e+02      false       none        100         33          0          4     1485     1485       4252       4252         60
30       1.942843e+03   1.002782e+03   1.496999e+03    0.3301   9.498418e+03   5.209220e+02      false       none        100         33          0          4     1530     1530       4441       4441         60
31       1.219759e+03   1.002782e+03   1.498205e+03    0.3307   9.980606e+03   4.821880e+02      false       none        100         33          0          4     1584     1584       4734       4734         60
32       1.090581e+03   1.002782e+03   1.500233e+03    0.3316   1.048113e+04   5.005290e+02      false       none        100         33          0          4     1640     1640       4910       4910         60
33       1.564842e+03   1.002782e+03   1.500902e+03    0.3319   1.104278e+04   5.616410e+02      false       none        100         33          0          4     1693     1693       4807       4807         60

Terminating DynamicSDDiP with status: time_limit
------------------------------------------------------------------------------
 ────────────────────────────────────────────────────────────────────────────────
                                        Time                    Allocations      
                               ───────────────────────   ────────────────────────
       Tot / % measured:            3.07h / 100.0%           59.4GiB / 100.0%    

 Section               ncalls     time    %tot     avg     alloc    %tot      avg
 ────────────────────────────────────────────────────────────────────────────────
 loop                       1    3.07h  100.0%   3.07h   59.4GiB  100.0%  59.4GiB
   iterations              33    3.07h  100.0%    335s   59.4GiB  100.0%  1.80GiB
     backward_pass         33    3.07h   99.9%    334s   59.4GiB  100.0%  1.80GiB
       solve_BP         1.98k    3.07h   99.9%   5.57s   59.4GiB  100.0%  30.7MiB
         solve_dual     1.98k    3.07h   99.9%   5.57s   59.4GiB   99.9%  30.7MiB
           solve_la...  1.98k    3.00h   97.8%   5.46s   27.9GiB   47.0%  14.4MiB
             inner_sol   169k    2.76h   89.8%  58.8ms   3.78GiB    6.4%  23.5KiB
               solv...   169k    2.75h   89.6%  58.6ms    506MiB    0.8%  3.07KiB
             bundle...   169k     692s    6.3%  4.10ms    473MiB    0.8%  2.87KiB
             outer_sol   169k     117s    1.1%   692μs    602MiB    1.0%  3.65KiB
             add_cut     169k    9.93s    0.1%  58.8μs   3.00GiB    5.0%  18.6KiB
             init_a...  1.98k    786ms    0.0%   397μs    331MiB    0.5%   171KiB
             relax_...  1.98k    268ms    0.0%   135μs   78.6MiB    0.1%  40.7KiB
             restor...  1.98k    228ms    0.0%   115μs   39.0MiB    0.1%  20.2KiB
             conver...  1.98k   7.05ms    0.0%  3.56μs    402KiB    0.0%     208B
             minima...  1.98k   1.12ms    0.0%   564ns     0.00B    0.0%    0.00B
           solve_pr...  5.94k     173s    1.6%  29.2ms   16.7MiB    0.0%  2.87KiB
           solve_core   1.98k    2.94s    0.0%  1.49ms   3.13MiB    0.0%  1.62KiB
           dual_ini...  1.98k   2.37ms    0.0%  1.20μs    650KiB    0.0%     336B
         space_change   3.96k   1.31ms    0.0%   332ns     0.00B    0.0%    0.00B
       update_bellman      99   28.6ms    0.0%   289μs   14.5MiB    0.0%   150KiB
         cut_selection  1.69k   1.03ms    0.0%   609ns    152KiB    0.0%    92.1B
     forward_pass          33    5.52s    0.0%   167ms   4.06MiB    0.0%   126KiB
       solve_subpro...    132    5.51s    0.0%  41.8ms   3.63MiB    0.0%  28.2KiB
         solver_cal...    132    5.49s    0.0%  41.6ms    917KiB    0.0%  6.94KiB
     calculate_bound       33    2.26s    0.0%  68.6ms    903KiB    0.0%  27.4KiB
       solver_call_...     33    2.26s    0.0%  68.5ms    161KiB    0.0%  4.88KiB
 ────────────────────────────────────────────────────────────────────────────────

||||||||||||||||||||||||||||||||||||||||||||||||||||||||||||||||||||||||||||||||||||||||||||||||||||||||||||||||||||||||||||||||||||||||
LAGRANGIAN DUAL SOLUTION RESULTS
mn_opt: 0 times (0.0%)
conv: 0 times (0.0%)
unbounded: 0 times (0.0%)
bound_issues: 0 times (0.0%)
subgr_stalling: 0 times (0.0%)
opt: 1980 times (100.0%)
feas_issues: 0 times (0.0%)
sub: 0 times (0.0%)
mn_iter: 0 times (0.0%)
iter: 0 times (0.0%)
mn_issue: 0 times (0.0%)

||||||||||||||||||||||||||||||||||||||||||||||||||||||||||||||||||||||||||||||||||||||||||||||||||||||||||||||||||||||||||||||||||||||||
SIMULATION RESULTS
DynamicSDDiP.Simulation(DynamicSDDiP.InSampleMonteCarlo(), 1000)
Lower bound: 1500.9021602902155
Statistical upper bound (confidence interval): 1589.5708199151713 ± 33.64037409866215
Pessimistic upper bound: 1623.2111940138334
