#########################################################################################################################################
#########################################################################################################################################
#########################################################################################################################################
#########################################################################################################################################
#########################################################################################################################################
DynamicSDDiP.jl (c) Christian Füllner, 2021
re-uses code from SDDP.jl (c) Oscar Dowson, 2017-21
||||||||||||||||||||||||||||||||||||||||||||||||||||||||||||||||||||||||||||||||||||||||||||||||||||||||||||||||||||||||||||||||||||||||
PATH
calling 
C:\Users\cg4102\.julia\packages\DynamicSDDiP\vumhD\src
nothing
DATETIME
2023-03-15T13:54:17.342
||||||||||||||||||||||||||||||||||||||||||||||||||||||||||||||||||||||||||||||||||||||||||||||||||||||||||||||||||||||||||||||||||||||||
STOPPING RULES
SDDP.TimeLimit(10800.0)
SDDP.BoundStalling(20, 0.0001)
||||||||||||||||||||||||||||||||||||||||||||||||||||||||||||||||||||||||||||||||||||||||||||||||||||||||||||||||||||||||||||||||||||||||
REGULARIZATION
DynamicSDDiP.NoRegularization()
||||||||||||||||||||||||||||||||||||||||||||||||||||||||||||||||||||||||||||||||||||||||||||||||||||||||||||||||||||||||||||||||||||||||
CUT GENERATION REGIMES
DynamicSDDiP.CutGenerationRegime(DynamicSDDiP.NoStateApproximation(), DynamicSDDiP.LinearDuality(), 1, Inf, Inf, 0.0, true, 0.0001)

||||||||||||||||||||||||||||||||||||||||||||||||||||||||||||||||||||||||||||||||||||||||||||||||||||||||||||||||||||||||||||||||||||||||
CUT AGGREGATION
DynamicSDDiP.SingleCutRegime()
||||||||||||||||||||||||||||||||||||||||||||||||||||||||||||||||||||||||||||||||||||||||||||||||||||||||||||||||||||||||||||||||||||||||
CUT SELECTION
DynamicSDDiP.NoCutSelection()
||||||||||||||||||||||||||||||||||||||||||||||||||||||||||||||||||||||||||||||||||||||||||||||||||||||||||||||||||||||||||||||||||||||||
LATE BINARIZATION
DynamicSDDiP.NoLateBinarization()
||||||||||||||||||||||||||||||||||||||||||||||||||||||||||||||||||||||||||||||||||||||||||||||||||||||||||||||||||||||||||||||||||||||||
APPLIED SOLVERS (LP, MILP, MIQCP, MINLP, NLP, Lagrange)
DynamicSDDiP.AppliedSolvers(true, "Gurobi", "Gurobi", "Gurobi", "Gurobi", "Gurobi", "Gurobi", "Gurobi", "Gurobi", "Gurobi", 0.0001, 300)
DynamicSDDiP.Direct_Solver()
Numerical focus: false
Silent: true
||||||||||||||||||||||||||||||||||||||||||||||||||||||||||||||||||||||||||||||||||||||||||||||||||||||||||||||||||||||||||||||||||||||||
SAMPLING
Used seed for sampling scenarios: 
11111     
||||||||||||||||||||||||||||||||||||||||||||||||||||||||||||||||||||||||||||||||||||||||||||||||||||||||||||||||||||||||||||||||||||||||
RUN DESCRIPTION

||||||||||||||||||||||||||||||||||||||||||||||||||||||||||||||||||||||||||||||||||||||||||||||||||||||||||||||||||||||||||||||||||||||||
PROBLEM DESCRIPTION
Number of stages: 4
Number of realizations per stage: 20
Seed for scenario tree sampling: 12345
Solver: serial mode

────────────────────────────────────────────────────────────────────────────────────────────────────────────────────────────────────────────────────────────────────────────────────────────────────────
It.#               UB        Best UB             LB       Gap           Time        It_Time           Refinements                            #Var.   #Constr.             #Cuts       Lagrangian Dual                                               
                                                          [%]            [s]            [s]          σ       Bin.      Total      {0,1}          ℤ      Total    Total   Active      # It.    # C-It.  # C-Real.  
────────────────────────────────────────────────────────────────────────────────────────────────────────────────────────────────────────────────────────────────────────────────────────────────────────
1        1.512360e+03   1.512360e+03   5.379390e+02    0.6443   2.969999e-01   2.969999e-01      false       none         80         33          0          4        3        3          0          0          0
2        1.065733e+03   1.065733e+03   7.300305e+02    0.3150   3.599999e-01   6.299996e-02      false       none         80         33          0          4        6        6          0          0          0
3        1.157458e+03   1.065733e+03   7.617392e+02    0.2852   5.000000e-01   1.400001e-01      false       none         80         33          0          4        9        9          0          0          0
4        1.962830e+03   1.065733e+03   7.623291e+02    0.2847   5.630000e-01   6.299996e-02      false       none         80         33          0          4       11       11          0          0          0
5        1.603445e+03   1.065733e+03   7.845136e+02    0.2639   6.250000e-01   6.200004e-02      false       none         80         33          0          4       14       14          0          0          0
6        1.266565e+03   1.065733e+03   7.869202e+02    0.2616   6.880000e-01   6.299996e-02      false       none         80         33          0          4       16       16          0          0          0
7        1.946971e+03   1.065733e+03   7.870957e+02    0.2615   7.349999e-01   4.699993e-02      false       none         80         33          0          4       19       19          0          0          0
8        1.466625e+03   1.065733e+03   7.940556e+02    0.2549   7.969999e-01   6.200004e-02      false       none         80         33          0          4       22       22          0          0          0
9        1.645169e+03   1.065733e+03   7.940556e+02    0.2549   8.599999e-01   6.299996e-02      false       none         80         33          0          4       23       23          0          0          0
10       1.075077e+03   1.065733e+03   7.995828e+02    0.2497   9.219999e-01   6.200004e-02      false       none         80         33          0          4       26       26          0          0          0
11       1.095230e+03   1.065733e+03   7.996530e+02    0.2497   9.849999e-01   6.299996e-02      false       none         80         33          0          4       28       28          0          0          0
12       2.550165e+03   1.065733e+03   7.996530e+02    0.2497   1.047000e+00   6.200004e-02      false       none         80         33          0          4       29       29          0          0          0
13       1.232030e+03   1.065733e+03   7.996530e+02    0.2497   1.094000e+00   4.699993e-02      false       none         80         33          0          4       30       30          0          0          0
14       1.108590e+03   1.065733e+03   7.997322e+02    0.2496   1.156000e+00   6.200004e-02      false       none         80         33          0          4       32       32          0          0          0
15       1.080533e+03   1.065733e+03   8.000212e+02    0.2493   1.219000e+00   6.299996e-02      false       none         80         33          0          4       34       34          0          0          0
16       1.058723e+03   1.058723e+03   8.000212e+02    0.2444   1.281000e+00   6.200004e-02      false       none         80         33          0          4       35       35          0          0          0
17       2.625451e+03   1.058723e+03   8.000212e+02    0.2444   1.344000e+00   6.299996e-02      false       none         80         33          0          4       35       35          0          0          0
18       1.311403e+03   1.058723e+03   8.000802e+02    0.2443   1.407000e+00   6.299996e-02      false       none         80         33          0          4       38       38          0          0          0
19       1.362343e+03   1.058723e+03   8.001897e+02    0.2442   1.469000e+00   6.200004e-02      false       none         80         33          0          4       40       40          0          0          0
20       3.336236e+03   1.058723e+03   8.001897e+02    0.2442   1.532000e+00   6.299996e-02      false       none         80         33          0          4       41       41          0          0          0
21       1.119363e+03   1.058723e+03   8.001897e+02    0.2442   1.594000e+00   6.200004e-02      false       none         80         33          0          4       43       43          0          0          0
22       2.110596e+03   1.058723e+03   8.001897e+02    0.2442   1.656000e+00   6.200004e-02      false       none         80         33          0          4       44       44          0          0          0
23       2.925155e+03   1.058723e+03   8.001897e+02    0.2442   1.719000e+00   6.299996e-02      false       none         80         33          0          4       45       45          0          0          0
24       1.498125e+03   1.058723e+03   8.008590e+02    0.2436   1.953000e+00   2.340000e-01      false       none         80         33          0          4       47       47          0          0          0
25       2.134320e+03   1.058723e+03   8.008590e+02    0.2436   2.016000e+00   6.299996e-02      false       none         80         33          0          4       47       47          0          0          0
26       1.450285e+03   1.058723e+03   8.008590e+02    0.2436   2.078000e+00   6.200004e-02      false       none         80         33          0          4       49       49          0          0          0
27       1.062564e+03   1.058723e+03   8.008590e+02    0.2436   2.141000e+00   6.299996e-02      false       none         80         33          0          4       51       51          0          0          0
28       2.308946e+03   1.058723e+03   8.018266e+02    0.2426   2.219000e+00   7.800007e-02      false       none         80         33          0          4       53       53          0          0          0
29       2.096593e+03   1.058723e+03   8.018266e+02    0.2426   2.281000e+00   6.200004e-02      false       none         80         33          0          4       54       54          0          0          0
30       1.913843e+03   1.058723e+03   8.018266e+02    0.2426   2.344000e+00   6.299996e-02      false       none         80         33          0          4       54       54          0          0          0
31       1.413273e+03   1.058723e+03   8.018266e+02    0.2426   2.406000e+00   6.200004e-02      false       none         80         33          0          4       55       55          0          0          0
32       1.112658e+03   1.058723e+03   8.018266e+02    0.2426   2.469000e+00   6.299996e-02      false       none         80         33          0          4       56       56          0          0          0
33       1.501494e+03   1.058723e+03   8.021058e+02    0.2424   2.531000e+00   6.200004e-02      false       none         80         33          0          4       58       58          0          0          0
34       1.358695e+03   1.058723e+03   8.023135e+02    0.2422   2.594000e+00   6.299996e-02      false       none         80         33          0          4       60       60          0          0          0
35       2.483305e+03   1.058723e+03   8.023135e+02    0.2422   2.656000e+00   6.200004e-02      false       none         80         33          0          4       60       60          0          0          0
36       1.480124e+03   1.058723e+03   8.023135e+02    0.2422   2.719000e+00   6.299996e-02      false       none         80         33          0          4       62       62          0          0          0
37       1.292099e+03   1.058723e+03   8.023135e+02    0.2422   2.797000e+00   7.800007e-02      false       none         80         33          0          4       63       63          0          0          0
38       1.738534e+03   1.058723e+03   8.023135e+02    0.2422   2.860000e+00   6.299996e-02      false       none         80         33          0          4       63       63          0          0          0
39       1.229424e+03   1.058723e+03   8.023135e+02    0.2422   2.922000e+00   6.200004e-02      false       none         80         33          0          4       64       64          0          0          0
40       1.083533e+03   1.058723e+03   8.023700e+02    0.2421   2.985000e+00   6.299996e-02      false       none         80         33          0          4       66       66          0          0          0
41       1.455948e+03   1.058723e+03   8.023700e+02    0.2421   3.047000e+00   6.200004e-02      false       none         80         33          0          4       66       66          0          0          0
42       1.483871e+03   1.058723e+03   8.025238e+02    0.2420   3.110000e+00   6.299996e-02      false       none         80         33          0          4       68       68          0          0          0
43       1.171422e+03   1.058723e+03   8.025238e+02    0.2420   3.172000e+00   6.200004e-02      false       none         80         33          0          4       70       70          0          0          0
44       2.333175e+03   1.058723e+03   8.025238e+02    0.2420   3.250000e+00   7.800007e-02      false       none         80         33          0          4       71       71          0          0          0
45       1.060974e+03   1.058723e+03   8.025238e+02    0.2420   3.328000e+00   7.799983e-02      false       none         80         33          0          4       72       72          0          0          0
46       2.023929e+03   1.058723e+03   8.025238e+02    0.2420   3.422000e+00   9.400010e-02      false       none         80         33          0          4       72       72          0          0          0
47       1.324874e+03   1.058723e+03   8.025238e+02    0.2420   3.485000e+00   6.299996e-02      false       none         80         33          0          4       73       73          0          0          0
48       1.694175e+03   1.058723e+03   8.025238e+02    0.2420   3.547000e+00   6.200004e-02      false       none         80         33          0          4       74       74          0          0          0
49       2.007604e+03   1.058723e+03   8.025238e+02    0.2420   3.625000e+00   7.800007e-02      false       none         80         33          0          4       75       75          0          0          0
50       2.202763e+03   1.058723e+03   8.025238e+02    0.2420   3.688000e+00   6.299996e-02      false       none         80         33          0          4       76       76          0          0          0
51       1.331123e+03   1.058723e+03   8.025238e+02    0.2420   3.750000e+00   6.200004e-02      false       none         80         33          0          4       77       77          0          0          0
52       1.138824e+03   1.058723e+03   8.025238e+02    0.2420   3.813000e+00   6.299996e-02      false       none         80         33          0          4       78       78          0          0          0
53       2.943260e+03   1.058723e+03   8.025238e+02    0.2420   3.875000e+00   6.200004e-02      false       none         80         33          0          4       78       78          0          0          0
54       1.242162e+03   1.058723e+03   8.025238e+02    0.2420   3.953000e+00   7.799983e-02      false       none         80         33          0          4       78       78          0          0          0
55       1.428600e+03   1.058723e+03   8.025238e+02    0.2420   4.016000e+00   6.299996e-02      false       none         80         33          0          4       78       78          0          0          0
56       1.339401e+03   1.058723e+03   8.025238e+02    0.2420   4.078000e+00   6.200004e-02      false       none         80         33          0          4       78       78          0          0          0
57       1.175857e+03   1.058723e+03   8.025238e+02    0.2420   4.141000e+00   6.299996e-02      false       none         80         33          0          4       78       78          0          0          0
58       2.157152e+03   1.058723e+03   8.025238e+02    0.2420   4.203000e+00   6.200004e-02      false       none         80         33          0          4       78       78          0          0          0
59       1.247320e+03   1.058723e+03   8.027028e+02    0.2418   4.281000e+00   7.800007e-02      false       none         80         33          0          4       80       80          0          0          0
60       1.435122e+03   1.058723e+03   8.027028e+02    0.2418   4.344000e+00   6.299996e-02      false       none         80         33          0          4       80       80          0          0          0
61       2.842589e+03   1.058723e+03   8.030684e+02    0.2415   4.407000e+00   6.299996e-02      false       none         80         33          0          4       82       82          0          0          0
62       2.358997e+03   1.058723e+03   8.030684e+02    0.2415   4.469000e+00   6.200004e-02      false       none         80         33          0          4       82       82          0          0          0
63       1.120508e+03   1.058723e+03   8.030684e+02    0.2415   4.531000e+00   6.200004e-02      false       none         80         33          0          4       82       82          0          0          0
64       1.362546e+03   1.058723e+03   8.030684e+02    0.2415   4.594000e+00   6.299996e-02      false       none         80         33          0          4       83       83          0          0          0
65       2.004591e+03   1.058723e+03   8.031536e+02    0.2414   4.656000e+00   6.200004e-02      false       none         80         33          0          4       85       85          0          0          0
66       2.644367e+03   1.058723e+03   8.031536e+02    0.2414   4.719000e+00   6.299996e-02      false       none         80         33          0          4       85       85          0          0          0
67       1.460258e+03   1.058723e+03   8.031536e+02    0.2414   4.781000e+00   6.200004e-02      false       none         80         33          0          4       85       85          0          0          0
68       1.078404e+03   1.058723e+03   8.031536e+02    0.2414   4.860000e+00   7.900000e-02      false       none         80         33          0          4       85       85          0          0          0
69       1.164236e+03   1.058723e+03   8.031536e+02    0.2414   4.922000e+00   6.200004e-02      false       none         80         33          0          4       85       85          0          0          0
70       1.145509e+03   1.058723e+03   8.031536e+02    0.2414   4.985000e+00   6.299996e-02      false       none         80         33          0          4       85       85          0          0          0
71       1.392436e+03   1.058723e+03   8.031536e+02    0.2414   5.047000e+00   6.200004e-02      false       none         80         33          0          4       85       85          0          0          0
72       1.601446e+03   1.058723e+03   8.031536e+02    0.2414   5.110000e+00   6.299996e-02      false       none         80         33          0          4       85       85          0          0          0
73       1.273662e+03   1.058723e+03   8.031536e+02    0.2414   5.172000e+00   6.200004e-02      false       none         80         33          0          4       85       85          0          0          0
74       2.096432e+03   1.058723e+03   8.031536e+02    0.2414   5.235000e+00   6.299996e-02      false       none         80         33          0          4       85       85          0          0          0
75       1.253989e+03   1.058723e+03   8.031536e+02    0.2414   5.313000e+00   7.800007e-02      false       none         80         33          0          4       85       85          0          0          0
76       1.239442e+03   1.058723e+03   8.031536e+02    0.2414   5.375000e+00   6.200004e-02      false       none         80         33          0          4       85       85          0          0          0
77       3.177984e+03   1.058723e+03   8.031536e+02    0.2414   5.438000e+00   6.299996e-02      false       none         80         33          0          4       85       85          0          0          0
78       1.676062e+03   1.058723e+03   8.031536e+02    0.2414   5.500000e+00   6.200004e-02      false       none         80         33          0          4       86       86          0          0          0
79       1.555576e+03   1.058723e+03   8.031536e+02    0.2414   5.578000e+00   7.799983e-02      false       none         80         33          0          4       86       86          0          0          0
80       2.401549e+03   1.058723e+03   8.031536e+02    0.2414   5.641000e+00   6.299996e-02      false       none         80         33          0          4       87       87          0          0          0
81       1.127294e+03   1.058723e+03   8.031536e+02    0.2414   5.703000e+00   6.200004e-02      false       none         80         33          0          4       88       88          0          0          0
82       1.272808e+03   1.058723e+03   8.031536e+02    0.2414   5.781000e+00   7.800007e-02      false       none         80         33          0          4       88       88          0          0          0
83       1.695109e+03   1.058723e+03   8.031536e+02    0.2414   5.844000e+00   6.299996e-02      false       none         80         33          0          4       88       88          0          0          0
84       1.320953e+03   1.058723e+03   8.031536e+02    0.2414   5.907000e+00   6.299996e-02      false       none         80         33          0          4       88       88          0          0          0
85       1.389829e+03   1.058723e+03   8.031536e+02    0.2414   5.969000e+00   6.200004e-02      false       none         80         33          0          4       89       89          0          0          0

Terminating DynamicSDDiP with status: bound_stalling
------------------------------------------------------------------------------
 ────────────────────────────────────────────────────────────────────────────────
                                        Time                    Allocations      
                               ───────────────────────   ────────────────────────
       Tot / % measured:            6.02s /  99.1%            838MiB /  99.6%    

 Section               ncalls     time    %tot     avg     alloc    %tot      avg
 ────────────────────────────────────────────────────────────────────────────────
 loop                       1    5.96s  100.0%   5.96s    834MiB  100.0%   834MiB
   iterations              85    5.75s   96.5%  67.7ms    833MiB   99.9%  9.80MiB
     backward_pass         85    4.29s   72.0%  50.5ms    823MiB   98.7%  9.68MiB
       solve_BP         5.10k    4.23s   70.9%   829μs    817MiB   97.9%   164KiB
         solve_dual     5.10k    4.01s   67.3%   787μs    784MiB   93.9%   157KiB
           LP_relax...  5.10k    3.98s   66.8%   781μs    768MiB   92.1%   154KiB
             solver...  5.10k    467ms    7.8%  91.5μs   3.24MiB    0.4%     666B
         space_change   10.2k   1.49ms    0.0%   146ns     0.00B    0.0%    0.00B
       update_bellman     255   8.92ms    0.1%  35.0μs   1.35MiB    0.2%  5.42KiB
         cut_selection     89    107μs    0.0%  1.20μs   6.50KiB    0.0%    74.8B
     forward_pass          85    1.22s   20.5%  14.4ms   7.90MiB    0.9%  95.2KiB
       solve_subpro...    340    1.21s   20.3%  3.56ms   6.78MiB    0.8%  20.4KiB
         solver_cal...    340    1.17s   19.6%  3.44ms   1.19MiB    0.1%  3.59KiB
     calculate_bound       85    234ms    3.9%  2.75ms   1.97MiB    0.2%  23.7KiB
       solver_call_...     85    223ms    3.7%  2.62ms    155KiB    0.0%  1.83KiB
 ────────────────────────────────────────────────────────────────────────────────

||||||||||||||||||||||||||||||||||||||||||||||||||||||||||||||||||||||||||||||||||||||||||||||||||||||||||||||||||||||||||||||||||||||||
LAGRANGIAN DUAL SOLUTION RESULTS
mn_opt: 0 times (NaN%)
conv: 0 times (NaN%)
unbounded: 0 times (NaN%)
bound_issues: 0 times (NaN%)
subgr_stalling: 0 times (NaN%)
opt: 0 times (NaN%)
feas_issues: 0 times (NaN%)
sub: 0 times (NaN%)
mn_iter: 0 times (NaN%)
iter: 0 times (NaN%)
mn_issue: 0 times (NaN%)

||||||||||||||||||||||||||||||||||||||||||||||||||||||||||||||||||||||||||||||||||||||||||||||||||||||||||||||||||||||||||||||||||||||||
SIMULATION RESULTS
DynamicSDDiP.Simulation(DynamicSDDiP.InSampleMonteCarlo(), 1000)
Lower bound: 803.1535685220028
Statistical upper bound (confidence interval): 1562.3788826992004 ± 33.102062468377184
Pessimistic upper bound: 1595.4809451675776

||||||||||||||||||||||||||||||||||||||||||||||||||||||||||||||||||||||||||||||||||||||||||||||||||||||||||||||||||||||||||||||||||||||||
SIMULATION RESULTS
Deterministic (historical) samples
Lower bound: 803.1535685220028
Upper bound: 1589.378092883944


#########################################################################################################################################
#########################################################################################################################################
#########################################################################################################################################
#########################################################################################################################################
#########################################################################################################################################
DynamicSDDiP.jl (c) Christian Füllner, 2021
re-uses code from SDDP.jl (c) Oscar Dowson, 2017-21
||||||||||||||||||||||||||||||||||||||||||||||||||||||||||||||||||||||||||||||||||||||||||||||||||||||||||||||||||||||||||||||||||||||||
PATH
calling 
C:\Users\cg4102\.julia\packages\DynamicSDDiP\fu0NR\src
nothing
DATETIME
2023-03-15T23:57:55.163
||||||||||||||||||||||||||||||||||||||||||||||||||||||||||||||||||||||||||||||||||||||||||||||||||||||||||||||||||||||||||||||||||||||||
STOPPING RULES
SDDP.TimeLimit(10800.0)
SDDP.BoundStalling(20, 0.0001)
||||||||||||||||||||||||||||||||||||||||||||||||||||||||||||||||||||||||||||||||||||||||||||||||||||||||||||||||||||||||||||||||||||||||
REGULARIZATION
DynamicSDDiP.NoRegularization()
||||||||||||||||||||||||||||||||||||||||||||||||||||||||||||||||||||||||||||||||||||||||||||||||||||||||||||||||||||||||||||||||||||||||
CUT GENERATION REGIMES
DynamicSDDiP.CutGenerationRegime(DynamicSDDiP.NoStateApproximation(), DynamicSDDiP.LinearDuality(), 1, Inf, Inf, 0.0, true, 0.0001)

||||||||||||||||||||||||||||||||||||||||||||||||||||||||||||||||||||||||||||||||||||||||||||||||||||||||||||||||||||||||||||||||||||||||
CUT AGGREGATION
DynamicSDDiP.SingleCutRegime()
||||||||||||||||||||||||||||||||||||||||||||||||||||||||||||||||||||||||||||||||||||||||||||||||||||||||||||||||||||||||||||||||||||||||
CUT SELECTION
DynamicSDDiP.NoCutSelection()
||||||||||||||||||||||||||||||||||||||||||||||||||||||||||||||||||||||||||||||||||||||||||||||||||||||||||||||||||||||||||||||||||||||||
LATE BINARIZATION
DynamicSDDiP.NoLateBinarization()
||||||||||||||||||||||||||||||||||||||||||||||||||||||||||||||||||||||||||||||||||||||||||||||||||||||||||||||||||||||||||||||||||||||||
APPLIED SOLVERS (LP, MILP, MIQCP, MINLP, NLP, Lagrange)
DynamicSDDiP.AppliedSolvers(true, "Gurobi", "Gurobi", "Gurobi", "Gurobi", "Gurobi", "Gurobi", "Gurobi", "Gurobi", "Gurobi", 0.0001, 300)
DynamicSDDiP.Direct_Solver()
Numerical focus: false
Silent: true
||||||||||||||||||||||||||||||||||||||||||||||||||||||||||||||||||||||||||||||||||||||||||||||||||||||||||||||||||||||||||||||||||||||||
SAMPLING
Used seed for sampling scenarios: 
11111     
||||||||||||||||||||||||||||||||||||||||||||||||||||||||||||||||||||||||||||||||||||||||||||||||||||||||||||||||||||||||||||||||||||||||
RUN DESCRIPTION

||||||||||||||||||||||||||||||||||||||||||||||||||||||||||||||||||||||||||||||||||||||||||||||||||||||||||||||||||||||||||||||||||||||||
PROBLEM DESCRIPTION
Number of stages: 4
Number of realizations per stage: 20
Seed for scenario tree sampling: 12345
Solver: serial mode

────────────────────────────────────────────────────────────────────────────────────────────────────────────────────────────────────────────────────────────────────────────────────────────────────────
It.#               UB        Best UB             LB       Gap           Time        It_Time           Refinements                            #Var.   #Constr.             #Cuts       Lagrangian Dual                                               
                                                          [%]            [s]            [s]          σ       Bin.      Total      {0,1}          ℤ      Total    Total   Active      # It.    # C-It.  # C-Real.  
────────────────────────────────────────────────────────────────────────────────────────────────────────────────────────────────────────────────────────────────────────────────────────────────────────
1        1.512360e+03   1.512360e+03   5.379390e+02    0.6443   2.970002e-01   2.970002e-01      false       none         80         33          0          4        3        3          0          0          0
2        1.065733e+03   1.065733e+03   7.300305e+02    0.3150   3.590002e-01   6.200004e-02      false       none         80         33          0          4        6        6          0          0          0
3        1.157458e+03   1.065733e+03   7.617392e+02    0.2852   4.060001e-01   4.699993e-02      false       none         80         33          0          4        9        9          0          0          0
4        1.962830e+03   1.065733e+03   7.623291e+02    0.2847   4.690001e-01   6.299996e-02      false       none         80         33          0          4       11       11          0          0          0
5        1.603445e+03   1.065733e+03   7.845136e+02    0.2639   5.310001e-01   6.200004e-02      false       none         80         33          0          4       14       14          0          0          0
6        1.266565e+03   1.065733e+03   7.869202e+02    0.2616   5.780001e-01   4.699993e-02      false       none         80         33          0          4       16       16          0          0          0
7        1.946971e+03   1.065733e+03   7.870957e+02    0.2615   6.410000e-01   6.299996e-02      false       none         80         33          0          4       19       19          0          0          0
8        1.466625e+03   1.065733e+03   7.940556e+02    0.2549   7.030001e-01   6.200004e-02      false       none         80         33          0          4       22       22          0          0          0
9        1.645169e+03   1.065733e+03   7.940556e+02    0.2549   7.660000e-01   6.299996e-02      false       none         80         33          0          4       23       23          0          0          0
10       1.075077e+03   1.065733e+03   7.995828e+02    0.2497   8.130002e-01   4.700017e-02      false       none         80         33          0          4       26       26          0          0          0
11       1.095230e+03   1.065733e+03   7.996530e+02    0.2497   8.750000e-01   6.199980e-02      false       none         80         33          0          4       28       28          0          0          0
12       2.550165e+03   1.065733e+03   7.996530e+02    0.2497   9.370000e-01   6.200004e-02      false       none         80         33          0          4       29       29          0          0          0
13       1.232030e+03   1.065733e+03   7.996530e+02    0.2497   1.000000e+00   6.299996e-02      false       none         80         33          0          4       30       30          0          0          0
14       1.108590e+03   1.065733e+03   7.997322e+02    0.2496   1.141000e+00   1.410000e-01      false       none         80         33          0          4       32       32          0          0          0
15       1.080533e+03   1.065733e+03   8.000212e+02    0.2493   1.203000e+00   6.200004e-02      false       none         80         33          0          4       34       34          0          0          0
16       1.058723e+03   1.058723e+03   8.000212e+02    0.2444   1.266000e+00   6.299996e-02      false       none         80         33          0          4       35       35          0          0          0
17       2.625451e+03   1.058723e+03   8.000212e+02    0.2444   1.312000e+00   4.600000e-02      false       none         80         33          0          4       35       35          0          0          0
18       1.311403e+03   1.058723e+03   8.000802e+02    0.2443   1.375000e+00   6.299996e-02      false       none         80         33          0          4       38       38          0          0          0
19       1.362343e+03   1.058723e+03   8.001897e+02    0.2442   1.437000e+00   6.200004e-02      false       none         80         33          0          4       40       40          0          0          0
20       3.336236e+03   1.058723e+03   8.001897e+02    0.2442   1.500000e+00   6.299996e-02      false       none         80         33          0          4       41       41          0          0          0
21       1.119363e+03   1.058723e+03   8.001897e+02    0.2442   1.562000e+00   6.200004e-02      false       none         80         33          0          4       43       43          0          0          0
22       2.110596e+03   1.058723e+03   8.001897e+02    0.2442   1.625000e+00   6.299996e-02      false       none         80         33          0          4       44       44          0          0          0
23       2.925155e+03   1.058723e+03   8.001897e+02    0.2442   1.687000e+00   6.200004e-02      false       none         80         33          0          4       45       45          0          0          0
24       1.498125e+03   1.058723e+03   8.008590e+02    0.2436   1.750000e+00   6.299996e-02      false       none         80         33          0          4       47       47          0          0          0
25       2.134320e+03   1.058723e+03   8.008590e+02    0.2436   1.797000e+00   4.700017e-02      false       none         80         33          0          4       47       47          0          0          0
26       1.450285e+03   1.058723e+03   8.008590e+02    0.2436   1.859000e+00   6.200004e-02      false       none         80         33          0          4       49       49          0          0          0
27       1.062564e+03   1.058723e+03   8.008590e+02    0.2436   1.922000e+00   6.299996e-02      false       none         80         33          0          4       51       51          0          0          0
28       2.308946e+03   1.058723e+03   8.018266e+02    0.2426   1.984000e+00   6.200004e-02      false       none         80         33          0          4       53       53          0          0          0
29       2.096593e+03   1.058723e+03   8.018266e+02    0.2426   2.047000e+00   6.299996e-02      false       none         80         33          0          4       54       54          0          0          0
30       1.913843e+03   1.058723e+03   8.018266e+02    0.2426   2.109000e+00   6.200004e-02      false       none         80         33          0          4       54       54          0          0          0
31       1.413273e+03   1.058723e+03   8.018266e+02    0.2426   2.172000e+00   6.299996e-02      false       none         80         33          0          4       55       55          0          0          0
32       1.112658e+03   1.058723e+03   8.018266e+02    0.2426   2.250000e+00   7.799983e-02      false       none         80         33          0          4       56       56          0          0          0
33       1.501494e+03   1.058723e+03   8.021058e+02    0.2424   2.297000e+00   4.700017e-02      false       none         80         33          0          4       58       58          0          0          0
34       1.358695e+03   1.058723e+03   8.023135e+02    0.2422   2.547000e+00   2.500000e-01      false       none         80         33          0          4       60       60          0          0          0
35       2.483305e+03   1.058723e+03   8.023135e+02    0.2422   2.609000e+00   6.200004e-02      false       none         80         33          0          4       60       60          0          0          0
36       1.480124e+03   1.058723e+03   8.023135e+02    0.2422   2.672000e+00   6.299996e-02      false       none         80         33          0          4       62       62          0          0          0
37       1.292099e+03   1.058723e+03   8.023135e+02    0.2422   2.734000e+00   6.200004e-02      false       none         80         33          0          4       63       63          0          0          0
38       1.738534e+03   1.058723e+03   8.023135e+02    0.2422   2.797000e+00   6.299996e-02      false       none         80         33          0          4       63       63          0          0          0
39       1.229424e+03   1.058723e+03   8.023135e+02    0.2422   2.859000e+00   6.200004e-02      false       none         80         33          0          4       64       64          0          0          0
40       1.083533e+03   1.058723e+03   8.023700e+02    0.2421   2.922000e+00   6.299996e-02      false       none         80         33          0          4       66       66          0          0          0
41       1.455948e+03   1.058723e+03   8.023700e+02    0.2421   2.984000e+00   6.200004e-02      false       none         80         33          0          4       66       66          0          0          0
42       1.483871e+03   1.058723e+03   8.025238e+02    0.2420   3.047000e+00   6.299996e-02      false       none         80         33          0          4       68       68          0          0          0
43       1.171422e+03   1.058723e+03   8.025238e+02    0.2420   3.109000e+00   6.200004e-02      false       none         80         33          0          4       70       70          0          0          0
44       2.333175e+03   1.058723e+03   8.025238e+02    0.2420   3.188000e+00   7.900000e-02      false       none         80         33          0          4       71       71          0          0          0
45       1.060974e+03   1.058723e+03   8.025238e+02    0.2420   3.250000e+00   6.199980e-02      false       none         80         33          0          4       72       72          0          0          0
46       2.023929e+03   1.058723e+03   8.025238e+02    0.2420   3.313000e+00   6.300020e-02      false       none         80         33          0          4       72       72          0          0          0
47       1.324874e+03   1.058723e+03   8.025238e+02    0.2420   3.375000e+00   6.199980e-02      false       none         80         33          0          4       73       73          0          0          0
48       1.694175e+03   1.058723e+03   8.025238e+02    0.2420   3.453000e+00   7.800007e-02      false       none         80         33          0          4       74       74          0          0          0
49       2.007604e+03   1.058723e+03   8.025238e+02    0.2420   3.516000e+00   6.299996e-02      false       none         80         33          0          4       75       75          0          0          0
50       2.202763e+03   1.058723e+03   8.025238e+02    0.2420   3.594000e+00   7.800007e-02      false       none         80         33          0          4       76       76          0          0          0
51       1.331123e+03   1.058723e+03   8.025238e+02    0.2420   3.656000e+00   6.200004e-02      false       none         80         33          0          4       77       77          0          0          0
52       1.138824e+03   1.058723e+03   8.025238e+02    0.2420   3.719000e+00   6.299996e-02      false       none         80         33          0          4       78       78          0          0          0
53       2.943260e+03   1.058723e+03   8.025238e+02    0.2420   3.781000e+00   6.200004e-02      false       none         80         33          0          4       78       78          0          0          0
54       1.242162e+03   1.058723e+03   8.025238e+02    0.2420   3.844000e+00   6.299996e-02      false       none         80         33          0          4       78       78          0          0          0
55       1.428600e+03   1.058723e+03   8.025238e+02    0.2420   3.922000e+00   7.800007e-02      false       none         80         33          0          4       78       78          0          0          0
56       1.339401e+03   1.058723e+03   8.025238e+02    0.2420   4.000000e+00   7.799983e-02      false       none         80         33          0          4       78       78          0          0          0
57       1.175857e+03   1.058723e+03   8.025238e+02    0.2420   4.062000e+00   6.200004e-02      false       none         80         33          0          4       78       78          0          0          0
58       2.157152e+03   1.058723e+03   8.025238e+02    0.2420   4.125000e+00   6.299996e-02      false       none         80         33          0          4       78       78          0          0          0
59       1.247320e+03   1.058723e+03   8.027028e+02    0.2418   4.187000e+00   6.200004e-02      false       none         80         33          0          4       80       80          0          0          0
60       1.435122e+03   1.058723e+03   8.027028e+02    0.2418   4.250000e+00   6.299996e-02      false       none         80         33          0          4       80       80          0          0          0
61       2.842589e+03   1.058723e+03   8.030684e+02    0.2415   4.312000e+00   6.200004e-02      false       none         80         33          0          4       82       82          0          0          0
62       2.358997e+03   1.058723e+03   8.030684e+02    0.2415   4.375000e+00   6.299996e-02      false       none         80         33          0          4       82       82          0          0          0
63       1.120508e+03   1.058723e+03   8.030684e+02    0.2415   4.453000e+00   7.800007e-02      false       none         80         33          0          4       82       82          0          0          0
64       1.362546e+03   1.058723e+03   8.030684e+02    0.2415   4.516000e+00   6.299996e-02      false       none         80         33          0          4       83       83          0          0          0
65       2.004591e+03   1.058723e+03   8.031536e+02    0.2414   4.578000e+00   6.200004e-02      false       none         80         33          0          4       85       85          0          0          0
66       2.644367e+03   1.058723e+03   8.031536e+02    0.2414   4.625000e+00   4.699993e-02      false       none         80         33          0          4       85       85          0          0          0
67       1.460258e+03   1.058723e+03   8.031536e+02    0.2414   4.687000e+00   6.200004e-02      false       none         80         33          0          4       85       85          0          0          0
68       1.078404e+03   1.058723e+03   8.031536e+02    0.2414   4.750000e+00   6.299996e-02      false       none         80         33          0          4       85       85          0          0          0
69       1.164236e+03   1.058723e+03   8.031536e+02    0.2414   4.828000e+00   7.800007e-02      false       none         80         33          0          4       85       85          0          0          0
70       1.145509e+03   1.058723e+03   8.031536e+02    0.2414   4.891000e+00   6.299996e-02      false       none         80         33          0          4       85       85          0          0          0
71       1.392436e+03   1.058723e+03   8.031536e+02    0.2414   4.953000e+00   6.200004e-02      false       none         80         33          0          4       85       85          0          0          0
72       1.601446e+03   1.058723e+03   8.031536e+02    0.2414   5.016000e+00   6.299996e-02      false       none         80         33          0          4       85       85          0          0          0
73       1.273662e+03   1.058723e+03   8.031536e+02    0.2414   5.078000e+00   6.200004e-02      false       none         80         33          0          4       85       85          0          0          0
74       2.096432e+03   1.058723e+03   8.031536e+02    0.2414   5.141000e+00   6.299996e-02      false       none         80         33          0          4       85       85          0          0          0
75       1.253989e+03   1.058723e+03   8.031536e+02    0.2414   5.203000e+00   6.200004e-02      false       none         80         33          0          4       85       85          0          0          0
76       1.239442e+03   1.058723e+03   8.031536e+02    0.2414   5.281000e+00   7.800007e-02      false       none         80         33          0          4       85       85          0          0          0
77       3.177984e+03   1.058723e+03   8.031536e+02    0.2414   5.344000e+00   6.299996e-02      false       none         80         33          0          4       85       85          0          0          0
78       1.676062e+03   1.058723e+03   8.031536e+02    0.2414   5.406000e+00   6.200004e-02      false       none         80         33          0          4       86       86          0          0          0
79       1.555576e+03   1.058723e+03   8.031536e+02    0.2414   5.469000e+00   6.299996e-02      false       none         80         33          0          4       86       86          0          0          0
80       2.401549e+03   1.058723e+03   8.031536e+02    0.2414   5.531000e+00   6.200004e-02      false       none         80         33          0          4       87       87          0          0          0
81       1.127294e+03   1.058723e+03   8.031536e+02    0.2414   5.594000e+00   6.299996e-02      false       none         80         33          0          4       88       88          0          0          0
82       1.272808e+03   1.058723e+03   8.031536e+02    0.2414   5.672000e+00   7.800007e-02      false       none         80         33          0          4       88       88          0          0          0
83       1.695109e+03   1.058723e+03   8.031536e+02    0.2414   5.734000e+00   6.200004e-02      false       none         80         33          0          4       88       88          0          0          0
84       1.320953e+03   1.058723e+03   8.031536e+02    0.2414   5.797000e+00   6.299996e-02      false       none         80         33          0          4       88       88          0          0          0
85       1.389829e+03   1.058723e+03   8.031536e+02    0.2414   5.859000e+00   6.200004e-02      false       none         80         33          0          4       89       89          0          0          0

Terminating DynamicSDDiP with status: bound_stalling
------------------------------------------------------------------------------
 ────────────────────────────────────────────────────────────────────────────────
                                        Time                    Allocations      
                               ───────────────────────   ────────────────────────
       Tot / % measured:            5.91s /  99.0%            838MiB /  99.6%    

 Section               ncalls     time    %tot     avg     alloc    %tot      avg
 ────────────────────────────────────────────────────────────────────────────────
 loop                       1    5.85s  100.0%   5.85s    834MiB  100.0%   834MiB
   iterations              85    5.60s   95.7%  65.9ms    833MiB   99.9%  9.80MiB
     backward_pass         85    4.19s   71.6%  49.3ms    823MiB   98.7%  9.68MiB
       solve_BP         5.10k    4.13s   70.6%   810μs    817MiB   97.9%   164KiB
         solve_dual     5.10k    3.94s   67.3%   772μs    784MiB   93.9%   157KiB
           LP_relax...  5.10k    3.73s   63.8%   732μs    768MiB   92.1%   154KiB
             solver...  5.10k    457ms    7.8%  89.6μs   3.24MiB    0.4%     666B
         space_change   10.2k   1.43ms    0.0%   141ns     0.00B    0.0%    0.00B
       update_bellman     255   8.65ms    0.1%  33.9μs   1.35MiB    0.2%  5.42KiB
         cut_selection     89   94.7μs    0.0%  1.06μs   6.50KiB    0.0%    74.8B
     forward_pass          85    1.18s   20.2%  13.9ms   7.90MiB    0.9%  95.2KiB
       solve_subpro...    340    1.17s   20.0%  3.44ms   6.78MiB    0.8%  20.4KiB
         solver_cal...    340    1.13s   19.3%  3.33ms   1.19MiB    0.1%  3.59KiB
     calculate_bound       85    229ms    3.9%  2.69ms   1.97MiB    0.2%  23.7KiB
       solver_call_...     85    218ms    3.7%  2.56ms    155KiB    0.0%  1.83KiB
 ────────────────────────────────────────────────────────────────────────────────

||||||||||||||||||||||||||||||||||||||||||||||||||||||||||||||||||||||||||||||||||||||||||||||||||||||||||||||||||||||||||||||||||||||||
LAGRANGIAN DUAL SOLUTION RESULTS
mn_opt: 0 times (NaN%)
conv: 0 times (NaN%)
unbounded: 0 times (NaN%)
bound_issues: 0 times (NaN%)
subgr_stalling: 0 times (NaN%)
opt: 0 times (NaN%)
feas_issues: 0 times (NaN%)
sub: 0 times (NaN%)
mn_iter: 0 times (NaN%)
iter: 0 times (NaN%)
mn_issue: 0 times (NaN%)

||||||||||||||||||||||||||||||||||||||||||||||||||||||||||||||||||||||||||||||||||||||||||||||||||||||||||||||||||||||||||||||||||||||||
SIMULATION RESULTS
DynamicSDDiP.Simulation(DynamicSDDiP.InSampleMonteCarlo(), 1000)
Lower bound: 803.1535685220028
Statistical upper bound (confidence interval): 1562.3788826992004 ± 33.102062468377184
Pessimistic upper bound: 1595.4809451675776

||||||||||||||||||||||||||||||||||||||||||||||||||||||||||||||||||||||||||||||||||||||||||||||||||||||||||||||||||||||||||||||||||||||||
SIMULATION RESULTS
Deterministic (historical) samples
Lower bound: 803.1535685220028
Upper bound: 1589.378092883944
