#########################################################################################################################################
#########################################################################################################################################
#########################################################################################################################################
#########################################################################################################################################
#########################################################################################################################################
DynamicSDDiP.jl (c) Christian Füllner, 2021
re-uses code from SDDP.jl (c) Oscar Dowson, 2017-21
||||||||||||||||||||||||||||||||||||||||||||||||||||||||||||||||||||||||||||||||||||||||||||||||||||||||||||||||||||||||||||||||||||||||
PATH
calling 
C:\Users\cg4102\.julia\packages\DynamicSDDiP\oPHHa\src
nothing
DATETIME
2023-03-14T15:50:41.811
||||||||||||||||||||||||||||||||||||||||||||||||||||||||||||||||||||||||||||||||||||||||||||||||||||||||||||||||||||||||||||||||||||||||
STOPPING RULES
SDDP.TimeLimit(10800.0)
SDDP.BoundStalling(20, 0.0001)
||||||||||||||||||||||||||||||||||||||||||||||||||||||||||||||||||||||||||||||||||||||||||||||||||||||||||||||||||||||||||||||||||||||||
REGULARIZATION
DynamicSDDiP.NoRegularization()
||||||||||||||||||||||||||||||||||||||||||||||||||||||||||||||||||||||||||||||||||||||||||||||||||||||||||||||||||||||||||||||||||||||||
CUT GENERATION REGIMES
DynamicSDDiP.CutGenerationRegime(DynamicSDDiP.NoStateApproximation(), DynamicSDDiP.LagrangianDuality(0.0001, 0.0001, 1000, DynamicSDDiP.ZeroDuals(), DynamicSDDiP.BothBounds(), DynamicSDDiP.LevelBundle(0.5, true, false), DynamicSDDiP.StandardChoice(), DynamicSDDiP.Lax(), DynamicSDDiP.ConvexHullCopy(), false), 1, Inf, Inf, 0.0, true, 0.0001)

||||||||||||||||||||||||||||||||||||||||||||||||||||||||||||||||||||||||||||||||||||||||||||||||||||||||||||||||||||||||||||||||||||||||
CUT AGGREGATION
DynamicSDDiP.SingleCutRegime()
||||||||||||||||||||||||||||||||||||||||||||||||||||||||||||||||||||||||||||||||||||||||||||||||||||||||||||||||||||||||||||||||||||||||
CUT SELECTION
DynamicSDDiP.NoCutSelection()
||||||||||||||||||||||||||||||||||||||||||||||||||||||||||||||||||||||||||||||||||||||||||||||||||||||||||||||||||||||||||||||||||||||||
LATE BINARIZATION
DynamicSDDiP.NoLateBinarization()
||||||||||||||||||||||||||||||||||||||||||||||||||||||||||||||||||||||||||||||||||||||||||||||||||||||||||||||||||||||||||||||||||||||||
APPLIED SOLVERS (LP, MILP, MIQCP, MINLP, NLP, Lagrange)
DynamicSDDiP.AppliedSolvers(true, "Gurobi", "Gurobi", "Gurobi", "Gurobi", "Gurobi", "Gurobi", "Gurobi", "Gurobi", "Gurobi", 0.0001, 300)
DynamicSDDiP.Direct_Solver()
Numerical focus: false
Silent: true
||||||||||||||||||||||||||||||||||||||||||||||||||||||||||||||||||||||||||||||||||||||||||||||||||||||||||||||||||||||||||||||||||||||||
SAMPLING
Used seed for sampling scenarios: 
11111     
||||||||||||||||||||||||||||||||||||||||||||||||||||||||||||||||||||||||||||||||||||||||||||||||||||||||||||||||||||||||||||||||||||||||
RUN DESCRIPTION

||||||||||||||||||||||||||||||||||||||||||||||||||||||||||||||||||||||||||||||||||||||||||||||||||||||||||||||||||||||||||||||||||||||||
PROBLEM DESCRIPTION
Number of stages: 4
Number of realizations per stage: 20
Seed for scenario tree sampling: 12345
Solver: serial mode

────────────────────────────────────────────────────────────────────────────────────────────────────────────────────────────────────────────────────────────────────────────────────────────────────────
It.#               UB        Best UB             LB       Gap           Time        It_Time           Refinements                            #Var.   #Constr.             #Cuts       Lagrangian Dual                                               
                                                          [%]            [s]            [s]          σ       Bin.      Total      {0,1}          ℤ      Total    Total   Active      # It.    # C-It.  # C-Real.  
────────────────────────────────────────────────────────────────────────────────────────────────────────────────────────────────────────────────────────────────────────────────────────────────────────
1        1.512360e+03   1.512360e+03   2.780000e+02    0.8162   1.665600e+01   1.665600e+01      false       none         80         33          0          4        3        3       2906       2906         60
2        1.450811e+03   1.450811e+03   2.860000e+02    0.8029   3.535900e+01   1.870300e+01      false       none         80         33          0          4        6        6       2946       2946         60
3        1.333983e+03   1.333983e+03   3.100000e+02    0.7676   5.470300e+01   1.934400e+01      false       none         80         33          0          4        9        9       2764       2764         60
4        2.485915e+03   1.333983e+03   3.190000e+02    0.7609   7.451600e+01   1.981300e+01      false       none         80         33          0          4       12       12       2702       2702         60
5        1.628401e+03   1.333983e+03   3.194618e+02    0.7605   9.926600e+01   2.475000e+01      false       none         80         33          0          4       15       15       2851       2851         60
6        1.773225e+03   1.333983e+03   3.265127e+02    0.7552   1.311090e+02   3.184300e+01      false       none         80         33          0          4       18       18       2942       2942         60
7        2.178096e+03   1.333983e+03   3.313456e+02    0.7516   1.588280e+02   2.771900e+01      false       none         80         33          0          4       21       21       2855       2855         60
8        1.290384e+03   1.290384e+03   3.383396e+02    0.7378   1.916250e+02   3.279700e+01      false       none         80         33          0          4       24       24       2912       2912         60
9        1.958681e+03   1.290384e+03   3.385355e+02    0.7376   2.364850e+02   4.486000e+01      false       none         80         33          0          4       27       27       3083       3083         60
10       1.121801e+03   1.121801e+03   3.400000e+02    0.6969   2.701250e+02   3.364000e+01      false       none         80         33          0          4       30       30       2760       2760         60
11       1.265199e+03   1.121801e+03   3.400000e+02    0.6969   3.167820e+02   4.665700e+01      false       none         80         33          0          4       33       33       3221       3221         60
12       2.363282e+03   1.121801e+03   3.438075e+02    0.6935   3.614540e+02   4.467200e+01      false       none         80         33          0          4       36       36       3178       3178         60
13       1.410407e+03   1.121801e+03   3.460000e+02    0.6916   4.110160e+02   4.956200e+01      false       none         80         33          0          4       39       39       3039       3039         60
14       1.453450e+03   1.121801e+03   3.954195e+02    0.6475   4.660630e+02   5.504700e+01      false       none         80         33          0          4       42       42       2999       2999         60
15       1.291397e+03   1.121801e+03   4.030000e+02    0.6408   5.138600e+02   4.779700e+01      false       none         80         33          0          4       45       45       2796       2796         60
16       1.193291e+03   1.121801e+03   4.049707e+02    0.6390   5.681730e+02   5.431300e+01      false       none         80         33          0          4       48       48       2927       2927         60
17       3.153835e+03   1.121801e+03   4.060920e+02    0.6380   6.170790e+02   4.890600e+01      false       none         80         33          0          4       51       51       2941       2941         60
18       1.443266e+03   1.121801e+03   4.409175e+02    0.6070   6.641730e+02   4.709400e+01      false       none         80         33          0          4       54       54       2871       2871         60
19       1.659851e+03   1.121801e+03   4.410000e+02    0.6069   7.233140e+02   5.914100e+01      false       none         80         33          0          4       57       57       3038       3038         60
20       3.558069e+03   1.121801e+03   4.561990e+02    0.5933   7.746110e+02   5.129700e+01      false       none         80         33          0          4       60       60       2860       2860         60
21       1.641728e+03   1.121801e+03   4.570000e+02    0.5926   8.365640e+02   6.195300e+01      false       none         80         33          0          4       63       63       2855       2855         60
22       2.170499e+03   1.121801e+03   4.717102e+02    0.5795   8.850490e+02   4.848500e+01      false       none         80         33          0          4       66       66       2858       2858         60
23       2.751062e+03   1.121801e+03   4.717267e+02    0.5795   9.525020e+02   6.745300e+01      false       none         80         33          0          4       69       69       3170       3170         60
24       1.707177e+03   1.121801e+03   4.721479e+02    0.5791   1.016127e+03   6.362500e+01      false       none         80         33          0          4       72       72       2955       2955         60
25       2.118727e+03   1.121801e+03   4.813861e+02    0.5709   1.083877e+03   6.775000e+01      false       none         80         33          0          4       75       75       2873       2873         60
26       1.707234e+03   1.121801e+03   4.851349e+02    0.5675   1.146908e+03   6.303100e+01      false       none         80         33          0          4       78       78       3022       3022         60
27       1.167023e+03   1.121801e+03   4.865051e+02    0.5663   1.216002e+03   6.909400e+01      false       none         80         33          0          4       81       81       3111       3111         60
28       2.535343e+03   1.121801e+03   4.905250e+02    0.5627   1.268799e+03   5.279700e+01      false       none         80         33          0          4       84       84       2979       2979         60
29       2.202066e+03   1.121801e+03   4.976995e+02    0.5563   1.338581e+03   6.978200e+01      false       none         80         33          0          4       87       87       3190       3190         60
30       2.382611e+03   1.121801e+03   4.993226e+02    0.5549   1.402331e+03   6.375000e+01      false       none         80         33          0          4       90       90       2702       2702         60
31       1.421588e+03   1.121801e+03   5.004933e+02    0.5538   1.464378e+03   6.204700e+01      false       none         80         33          0          4       93       93       2859       2859         60
32       1.532925e+03   1.121801e+03   5.059380e+02    0.5490   1.530925e+03   6.654700e+01      false       none         80         33          0          4       96       96       2855       2855         60
33       1.883678e+03   1.121801e+03   5.201636e+02    0.5363   1.589363e+03   5.843800e+01      false       none         80         33          0          4       99       99       2768       2768         60
34       1.556388e+03   1.121801e+03   5.310692e+02    0.5266   1.653910e+03   6.454700e+01      false       none         80         33          0          4      102      102       2700       2700         60
35       2.736670e+03   1.121801e+03   5.344006e+02    0.5236   1.731410e+03   7.750000e+01      false       none         80         33          0          4      105      105       3021       3021         60
36       1.501808e+03   1.121801e+03   5.352171e+02    0.5229   1.799269e+03   6.785900e+01      false       none         80         33          0          4      108      108       2901       2901         60
37       1.314034e+03   1.121801e+03   5.389131e+02    0.5196   1.865269e+03   6.600000e+01      false       none         80         33          0          4      111      111       2818       2818         60
38       1.832526e+03   1.121801e+03   5.394524e+02    0.5191   1.947754e+03   8.248500e+01      false       none         80         33          0          4      114      114       3020       3020         60
39       1.899278e+03   1.121801e+03   5.396532e+02    0.5189   2.032957e+03   8.520300e+01      false       none         80         33          0          4      117      117       2797       2797         60
40       1.435966e+03   1.121801e+03   5.423987e+02    0.5165   2.125254e+03   9.229700e+01      false       none         80         33          0          4      120      120       2884       2884         60
41       1.616856e+03   1.121801e+03   5.447905e+02    0.5144   2.225630e+03   1.003760e+02      false       none         80         33          0          4      123      123       3219       3219         60
42       1.417871e+03   1.121801e+03   5.475421e+02    0.5119   2.298380e+03   7.275000e+01      false       none         80         33          0          4      126      126       2817       2817         60
43       1.447403e+03   1.121801e+03   5.521938e+02    0.5078   2.384536e+03   8.615600e+01      false       none         80         33          0          4      129      129       2947       2947         60
44       2.544807e+03   1.121801e+03   5.523417e+02    0.5076   2.473005e+03   8.846900e+01      false       none         80         33          0          4      132      132       3024       3024         60
45       1.332330e+03   1.121801e+03   5.528010e+02    0.5072   2.554974e+03   8.196900e+01      false       none         80         33          0          4      135      135       2871       2871         60
46       2.152134e+03   1.121801e+03   5.545163e+02    0.5057   2.643818e+03   8.884400e+01      false       none         80         33          0          4      138      138       2814       2814         60
47       1.549315e+03   1.121801e+03   5.583456e+02    0.5023   2.740740e+03   9.692200e+01      false       none         80         33          0          4      141      141       3082       3082         60
48       1.800538e+03   1.121801e+03   5.627275e+02    0.4984   2.835990e+03   9.525000e+01      false       none         80         33          0          4      144      144       3050       3050         60
49       1.827218e+03   1.121801e+03   5.635745e+02    0.4976   2.921022e+03   8.503200e+01      false       none         80         33          0          4      147      147       2949       2949         60
50       2.452633e+03   1.121801e+03   5.646155e+02    0.4967   3.010647e+03   8.962500e+01      false       none         80         33          0          4      150      150       3199       3199         60
51       1.705365e+03   1.121801e+03   5.689684e+02    0.4928   3.117288e+03   1.066410e+02      false       none         80         33          0          4      153      153       2946       2946         60
52       1.780714e+03   1.121801e+03   5.713456e+02    0.4907   3.216163e+03   9.887500e+01      false       none         80         33          0          4      156      156       2883       2883         60
53       2.765231e+03   1.121801e+03   5.755436e+02    0.4869   3.305913e+03   8.975000e+01      false       none         80         33          0          4      159      159       2902       2902         60
54       1.396861e+03   1.121801e+03   5.773626e+02    0.4853   3.391335e+03   8.542200e+01      false       none         80         33          0          4      162      162       2950       2950         60
55       1.680478e+03   1.121801e+03   5.795402e+02    0.4834   3.480788e+03   8.945300e+01      false       none         80         33          0          4      165      165       2791       2791         60
56       1.439356e+03   1.121801e+03   5.874738e+02    0.4763   3.575523e+03   9.473500e+01      false       none         80         33          0          4      168      168       2930       2930         60
57       1.552097e+03   1.121801e+03   5.885954e+02    0.4753   3.679976e+03   1.044530e+02      false       none         80         33          0          4      171      171       2894       2894         60
58       2.238740e+03   1.121801e+03   5.904248e+02    0.4737   3.784477e+03   1.045010e+02      false       none         80         33          0          4      174      174       3029       3029         60
59       1.337925e+03   1.121801e+03   5.910226e+02    0.4731   3.890211e+03   1.057340e+02      false       none         80         33          0          4      177      177       2813       2813         60
60       1.520122e+03   1.121801e+03   5.917796e+02    0.4725   3.996618e+03   1.064070e+02      false       none         80         33          0          4      180      180       2860       2860         60
61       3.273588e+03   1.121801e+03   5.970000e+02    0.4678   4.127759e+03   1.311410e+02      false       none         80         33          0          4      183      183       3071       3071         60
62       2.208114e+03   1.121801e+03   5.999971e+02    0.4651   4.241665e+03   1.139060e+02      false       none         80         33          0          4      186      186       3152       3152         60
63       1.190204e+03   1.121801e+03   6.001317e+02    0.4650   4.349306e+03   1.076410e+02      false       none         80         33          0          4      189      189       3043       3043         60
64       1.627998e+03   1.121801e+03   6.052037e+02    0.4605   4.469588e+03   1.202820e+02      false       none         80         33          0          4      192      192       3087       3087         60
65       2.241658e+03   1.121801e+03   6.101506e+02    0.4561   4.563729e+03   9.414100e+01      false       none         80         33          0          4      195      195       3126       3126         60
66       2.331736e+03   1.121801e+03   6.134435e+02    0.4532   4.685588e+03   1.218590e+02      false       none         80         33          0          4      198      198       2956       2956         60
67       1.801603e+03   1.121801e+03   6.142937e+02    0.4524   4.811417e+03   1.258290e+02      false       none         80         33          0          4      201      201       3024       3024         60
68       1.285000e+03   1.121801e+03   6.145931e+02    0.4521   4.933932e+03   1.225150e+02      false       none         80         33          0          4      204      204       2741       2741         60
69       1.507028e+03   1.121801e+03   6.172494e+02    0.4498   5.048355e+03   1.144230e+02      false       none         80         33          0          4      207      207       2836       2836         60
70       1.239561e+03   1.121801e+03   6.215632e+02    0.4459   5.170308e+03   1.219530e+02      false       none         80         33          0          4      210      210       2864       2864         60
71       1.747527e+03   1.121801e+03   6.232428e+02    0.4444   5.315293e+03   1.449850e+02      false       none         80         33          0          4      213      213       2907       2907         60
72       1.747078e+03   1.121801e+03   6.242828e+02    0.4435   5.452043e+03   1.367500e+02      false       none         80         33          0          4      216      216       2987       2987         60
73       1.264285e+03   1.121801e+03   6.285313e+02    0.4397   5.579981e+03   1.279380e+02      false       none         80         33          0          4      219      219       2921       2921         60
74       2.442544e+03   1.121801e+03   6.318523e+02    0.4368   5.693200e+03   1.132190e+02      false       none         80         33          0          4      222      222       2916       2916         60
75       1.963416e+03   1.121801e+03   6.333456e+02    0.4354   5.828091e+03   1.348910e+02      false       none         80         33          0          4      225      225       2960       2960         60
76       1.544790e+03   1.121801e+03   6.344017e+02    0.4345   5.973185e+03   1.450940e+02      false       none         80         33          0          4      228      228       3220       3220         60
77       3.180062e+03   1.121801e+03   6.350000e+02    0.4339   6.116498e+03   1.433130e+02      false       none         80         33          0          4      231      231       3272       3272         60
78       1.996511e+03   1.121801e+03   6.360000e+02    0.4331   6.242217e+03   1.257190e+02      false       none         80         33          0          4      234      234       2918       2918         60
79       1.780565e+03   1.121801e+03   6.361623e+02    0.4329   6.343498e+03   1.012810e+02      false       none         80         33          0          4      237      237       2658       2658         60
80       2.824764e+03   1.121801e+03   6.403729e+02    0.4292   6.487248e+03   1.437500e+02      false       none         80         33          0          4      240      240       2927       2927         60
81       1.524453e+03   1.121801e+03   6.426946e+02    0.4271   6.631124e+03   1.438760e+02      false       none         80         33          0          4      243      243       2786       2786         60
82       1.467761e+03   1.121801e+03   6.460000e+02    0.4241   6.779577e+03   1.484530e+02      false       none         80         33          0          4      246      246       3008       3008         60
83       1.874185e+03   1.121801e+03   6.474259e+02    0.4229   6.919796e+03   1.402190e+02      false       none         80         33          0          4      249      249       3055       3055         60
84       1.218586e+03   1.121801e+03   6.478841e+02    0.4225   7.061343e+03   1.415470e+02      false       none         80         33          0          4      252      252       2854       2854         60
85       1.441171e+03   1.121801e+03   6.504135e+02    0.4202   7.208000e+03   1.466570e+02      false       none         80         33          0          4      255      255       3132       3132         60
86       1.179593e+03   1.121801e+03   6.527089e+02    0.4182   7.352375e+03   1.443750e+02      false       none         80         33          0          4      258      258       2927       2927         60
87       1.897587e+03   1.121801e+03   6.539061e+02    0.4171   7.490797e+03   1.384220e+02      false       none         80         33          0          4      261      261       2970       2970         60
88       2.267013e+03   1.121801e+03   6.545401e+02    0.4165   7.620829e+03   1.300320e+02      false       none         80         33          0          4      264      264       2728       2728         60
89       1.224145e+03   1.121801e+03   6.550000e+02    0.4161   7.760360e+03   1.395310e+02      false       none         80         33          0          4      267      267       2716       2716         60
90       1.671000e+03   1.121801e+03   6.564294e+02    0.4148   7.883111e+03   1.227510e+02      false       none         80         33          0          4      270      270       2648       2648         60
91       1.508686e+03   1.121801e+03   6.568652e+02    0.4145   8.042392e+03   1.592810e+02      false       none         80         33          0          4      273      273       3053       3053         60
92       1.305023e+03   1.121801e+03   6.580000e+02    0.4134   8.183158e+03   1.407660e+02      false       none         80         33          0          4      276      276       2802       2802         60
93       1.696733e+03   1.121801e+03   6.591616e+02    0.4124   8.320565e+03   1.374070e+02      false       none         80         33          0          4      279      279       2732       2732         60
94       1.723886e+03   1.121801e+03   6.623364e+02    0.4096   8.454831e+03   1.342660e+02      false       none         80         33          0          4      282      282       2898       2898         60
95       1.281153e+03   1.121801e+03   6.639002e+02    0.4082   8.616175e+03   1.613440e+02      false       none         80         33          0          4      285      285       2897       2897         60
96       2.068029e+03   1.121801e+03   6.644059e+02    0.4077   8.750128e+03   1.339530e+02      false       none         80         33          0          4      288      288       2934       2934         60
97       3.615432e+03   1.121801e+03   6.645674e+02    0.4076   8.888753e+03   1.386250e+02      false       none         80         33          0          4      291      291       2864       2864         60
98       1.889818e+03   1.121801e+03   6.664525e+02    0.4059   9.057098e+03   1.683450e+02      false       none         80         33          0          4      294      294       3031       3031         60
99       2.099896e+03   1.121801e+03   6.685678e+02    0.4040   9.223598e+03   1.665000e+02      false       none         80         33          0          4      297      297       3064       3064         60
100      1.893029e+03   1.121801e+03   6.689449e+02    0.4037   9.371145e+03   1.475470e+02      false       none         80         33          0          4      300      300       2961       2961         60
101      1.313959e+03   1.121801e+03   6.719055e+02    0.4010   9.507364e+03   1.362190e+02      false       none         80         33          0          4      303      303       2728       2728         60
102      1.643011e+03   1.121801e+03   6.730000e+02    0.4001   9.668099e+03   1.607350e+02      false       none         80         33          0          4      306      306       2939       2939         60
103      2.713507e+03   1.121801e+03   6.750024e+02    0.3983   9.844271e+03   1.761720e+02      false       none         80         33          0          4      309      309       3262       3262         60
104      1.823545e+03   1.121801e+03   6.753441e+02    0.3980   1.000937e+04   1.650950e+02      false       none         80         33          0          4      312      312       2904       2904         60
105      2.037080e+03   1.121801e+03   6.781563e+02    0.3955   1.016607e+04   1.567030e+02      false       none         80         33          0          4      315      315       2809       2809         60
106      1.812348e+03   1.121801e+03   6.790000e+02    0.3947   1.033454e+04   1.684690e+02      false       none         80         33          0          4      318      318       3182       3182         60
107      1.565768e+03   1.121801e+03   6.815534e+02    0.3924   1.048230e+04   1.477660e+02      false       none         80         33          0          4      321      321       2906       2906         60
108      1.720977e+03   1.121801e+03   6.817286e+02    0.3923   1.065612e+04   1.738130e+02      false       none         80         33          0          4      324      324       3100       3100         60
109      2.533564e+03   1.121801e+03   6.818419e+02    0.3922   1.080013e+04   1.440160e+02      false       none         80         33          0          4      327      327       2743       2743         60

Terminating DynamicSDDiP with status: time_limit
------------------------------------------------------------------------------
 ────────────────────────────────────────────────────────────────────────────────
                                        Time                    Allocations      
                               ───────────────────────   ────────────────────────
       Tot / % measured:            3.00h / 100.0%           52.8GiB / 100.0%    

 Section               ncalls     time    %tot     avg     alloc    %tot      avg
 ────────────────────────────────────────────────────────────────────────────────
 loop                       1    3.00h  100.0%   3.00h   52.8GiB  100.0%  52.8GiB
   iterations             109    3.00h  100.0%   99.1s   52.8GiB  100.0%   496MiB
     backward_pass        109    2.99h   99.8%   98.8s   52.7GiB  100.0%   495MiB
       solve_BP         6.54k    2.99h   99.8%   1.65s   52.7GiB   99.9%  8.26MiB
         solve_dual     6.54k    2.99h   99.8%   1.65s   52.7GiB   99.9%  8.25MiB
           solve_la...  6.54k    2.94h   97.9%   1.62s   52.6GiB   99.7%  8.24MiB
             inner_sol   320k    2.78h   92.8%  31.3ms   7.92GiB   15.0%  26.0KiB
               solv...   320k    2.77h   92.3%  31.1ms   2.42GiB    4.6%  7.92KiB
             bundle...   320k     362s    3.3%  1.13ms    627MiB    1.2%  2.01KiB
             outer_sol   320k    61.1s    0.6%   191μs    936MiB    1.7%  2.99KiB
             add_cut     320k    16.6s    0.2%  52.0μs   5.22GiB    9.9%  17.1KiB
             init_a...  6.54k    2.46s    0.0%   376μs   0.99GiB    1.9%   159KiB
             relax_...  6.54k    990ms    0.0%   151μs    224MiB    0.4%  35.1KiB
             restor...  6.54k    650ms    0.0%  99.4μs    117MiB    0.2%  18.3KiB
             conver...  6.54k   14.9ms    0.0%  2.28μs   1.20MiB    0.0%     192B
             minima...  6.54k   5.53ms    0.0%   846ns     0.00B    0.0%    0.00B
           solve_pr...  6.54k     197s    1.8%  30.2ms   40.9MiB    0.1%  6.40KiB
           dual_ini...  6.54k   8.45ms    0.0%  1.29μs   2.10MiB    0.0%     336B
         space_change   13.1k   4.70ms    0.0%   359ns     0.00B    0.0%    0.00B
       update_bellman     327   20.4ms    0.0%  62.3μs   3.32MiB    0.0%  10.4KiB
         cut_selection    327    386μs    0.0%  1.18μs   23.0KiB    0.0%    71.9B
     forward_pass         109    17.4s    0.2%   160ms   13.9MiB    0.0%   130KiB
       solve_subpro...    436    17.4s    0.2%  39.9ms   12.4MiB    0.0%  29.2KiB
         solver_cal...    436    17.3s    0.2%  39.7ms   4.91MiB    0.0%  11.5KiB
     calculate_bound      109    8.13s    0.1%  74.6ms   5.00MiB    0.0%  47.0KiB
       solver_call_...    109    8.11s    0.1%  74.4ms   2.67MiB    0.0%  25.1KiB
 ────────────────────────────────────────────────────────────────────────────────

||||||||||||||||||||||||||||||||||||||||||||||||||||||||||||||||||||||||||||||||||||||||||||||||||||||||||||||||||||||||||||||||||||||||
LAGRANGIAN DUAL SOLUTION RESULTS
mn_opt: 0 times (0.0%)
conv: 0 times (0.0%)
unbounded: 0 times (0.0%)
bound_issues: 0 times (0.0%)
subgr_stalling: 0 times (0.0%)
opt: 6540 times (100.0%)
feas_issues: 0 times (0.0%)
sub: 0 times (0.0%)
mn_iter: 0 times (0.0%)
iter: 0 times (0.0%)
mn_issue: 0 times (0.0%)

||||||||||||||||||||||||||||||||||||||||||||||||||||||||||||||||||||||||||||||||||||||||||||||||||||||||||||||||||||||||||||||||||||||||
SIMULATION RESULTS
DynamicSDDiP.Simulation(DynamicSDDiP.InSampleMonteCarlo(), 1000)
Lower bound: 681.8418962961748
Statistical upper bound (confidence interval): 1734.1083853480507 ± 32.26122202451203
Pessimistic upper bound: 1766.3696073725628

||||||||||||||||||||||||||||||||||||||||||||||||||||||||||||||||||||||||||||||||||||||||||||||||||||||||||||||||||||||||||||||||||||||||
SIMULATION RESULTS
Deterministic (historical) samples
Lower bound: 681.8418962961748
Upper bound: 1760.3002338946753
