

#########################################################################################################################################
#########################################################################################################################################
#########################################################################################################################################
#########################################################################################################################################
#########################################################################################################################################
DynamicSDDiP.jl (c) Christian Füllner, 2021
re-uses code from SDDP.jl (c) Oscar Dowson, 2017-21
||||||||||||||||||||||||||||||||||||||||||||||||||||||||||||||||||||||||||||||||||||||||||||||||||||||||||||||||||||||||||||||||||||||||
PATH
calling 
C:\Users\cg4102\.julia\packages\DynamicSDDiP\FVDoU\src
nothing
DATETIME
2023-03-18T18:26:58.893
||||||||||||||||||||||||||||||||||||||||||||||||||||||||||||||||||||||||||||||||||||||||||||||||||||||||||||||||||||||||||||||||||||||||
STOPPING RULES
SDDP.TimeLimit(10800.0)
SDDP.BoundStalling(20, 0.0001)
||||||||||||||||||||||||||||||||||||||||||||||||||||||||||||||||||||||||||||||||||||||||||||||||||||||||||||||||||||||||||||||||||||||||
REGULARIZATION
DynamicSDDiP.NoRegularization()
||||||||||||||||||||||||||||||||||||||||||||||||||||||||||||||||||||||||||||||||||||||||||||||||||||||||||||||||||||||||||||||||||||||||
CUT GENERATION REGIMES
DynamicSDDiP.CutGenerationRegime(DynamicSDDiP.NoStateApproximation(), DynamicSDDiP.LinearDuality(), 1, Inf, Inf, 0.0, true, 0.0001)

||||||||||||||||||||||||||||||||||||||||||||||||||||||||||||||||||||||||||||||||||||||||||||||||||||||||||||||||||||||||||||||||||||||||
CUT AGGREGATION
DynamicSDDiP.MultiCutRegime()
||||||||||||||||||||||||||||||||||||||||||||||||||||||||||||||||||||||||||||||||||||||||||||||||||||||||||||||||||||||||||||||||||||||||
CUT SELECTION
DynamicSDDiP.NoCutSelection()
||||||||||||||||||||||||||||||||||||||||||||||||||||||||||||||||||||||||||||||||||||||||||||||||||||||||||||||||||||||||||||||||||||||||
LATE BINARIZATION
DynamicSDDiP.NoLateBinarization()
||||||||||||||||||||||||||||||||||||||||||||||||||||||||||||||||||||||||||||||||||||||||||||||||||||||||||||||||||||||||||||||||||||||||
APPLIED SOLVERS (LP, MILP, MIQCP, MINLP, NLP, Lagrange)
DynamicSDDiP.AppliedSolvers(true, "Gurobi", "Gurobi", "Gurobi", "Gurobi", "Gurobi", "Gurobi", "Gurobi", "Gurobi", "Gurobi", 0.0001, 300)
DynamicSDDiP.Direct_Solver()
Numerical focus: false
Silent: true
||||||||||||||||||||||||||||||||||||||||||||||||||||||||||||||||||||||||||||||||||||||||||||||||||||||||||||||||||||||||||||||||||||||||
SAMPLING
Used seed for sampling scenarios: 
11111     
||||||||||||||||||||||||||||||||||||||||||||||||||||||||||||||||||||||||||||||||||||||||||||||||||||||||||||||||||||||||||||||||||||||||
RUN DESCRIPTION

||||||||||||||||||||||||||||||||||||||||||||||||||||||||||||||||||||||||||||||||||||||||||||||||||||||||||||||||||||||||||||||||||||||||
PROBLEM DESCRIPTION
Number of stages: 4
Number of realizations per stage: 20
Seed for scenario tree sampling: 12345
Solver: serial mode

────────────────────────────────────────────────────────────────────────────────────────────────────────────────────────────────────────────────────────────────────────────────────────────────────────
It.#               UB        Best UB             LB       Gap           Time        It_Time           Refinements                            #Var.   #Constr.             #Cuts       Lagrangian Dual                                               
                                                          [%]            [s]            [s]          σ       Bin.      Total      {0,1}          ℤ      Total    Total   Active      # It.    # C-It.  # C-Real.  
────────────────────────────────────────────────────────────────────────────────────────────────────────────────────────────────────────────────────────────────────────────────────────────────────────
1        1.512360e+03   1.512360e+03   5.634890e+02    0.6274   9.300017e-02   9.300017e-02      false       none        100         33          0          4       60       60          0          0          0
2        1.196843e+03   1.196843e+03   7.800129e+02    0.3483   1.560001e-01   6.299996e-02      false       none        100         33          0          4      103      103          0          0          0
3        1.093818e+03   1.093818e+03   7.993900e+02    0.2692   2.340002e-01   7.800007e-02      false       none        100         33          0          4      143      143          0          0          0
4        1.962830e+03   1.093818e+03   7.995970e+02    0.2690   3.120000e-01   7.799983e-02      false       none        100         33          0          4      151      151          0          0          0
5        1.565445e+03   1.093818e+03   7.998011e+02    0.2688   3.750000e-01   6.299996e-02      false       none        100         33          0          4      162      162          0          0          0
6        1.256565e+03   1.093818e+03   8.003908e+02    0.2683   4.680002e-01   9.300017e-02      false       none        100         33          0          4      176      176          0          0          0
7        1.946971e+03   1.093818e+03   8.003908e+02    0.2683   5.310001e-01   6.299996e-02      false       none        100         33          0          4      176      176          0          0          0
8        1.471625e+03   1.093818e+03   8.035935e+02    0.2653   6.400001e-01   1.090000e-01      false       none        100         33          0          4      193      193          0          0          0
9        1.589169e+03   1.093818e+03   8.037351e+02    0.2652   7.180002e-01   7.800007e-02      false       none        100         33          0          4      202      202          0          0          0
10       1.089077e+03   1.089077e+03   8.043609e+02    0.2614   7.970002e-01   7.900000e-02      false       none        100         33          0          4      212      212          0          0          0
11       1.107230e+03   1.089077e+03   8.043754e+02    0.2614   8.750000e-01   7.799983e-02      false       none        100         33          0          4      220      220          0          0          0
12       2.550165e+03   1.089077e+03   8.043754e+02    0.2614   9.370000e-01   6.200004e-02      false       none        100         33          0          4      220      220          0          0          0
13       1.236030e+03   1.089077e+03   8.043787e+02    0.2614   1.015000e+00   7.800007e-02      false       none        100         33          0          4      223      223          0          0          0
14       1.111590e+03   1.089077e+03   8.043787e+02    0.2614   1.094000e+00   7.900000e-02      false       none        100         33          0          4      223      223          0          0          0
15       1.080533e+03   1.080533e+03   8.043787e+02    0.2556   1.187000e+00   9.299994e-02      false       none        100         33          0          4      224      224          0          0          0
16       1.058723e+03   1.058723e+03   8.043787e+02    0.2402   1.265000e+00   7.800007e-02      false       none        100         33          0          4      224      224          0          0          0
17       2.625451e+03   1.058723e+03   8.043787e+02    0.2402   1.343000e+00   7.800007e-02      false       none        100         33          0          4      224      224          0          0          0
18       1.301403e+03   1.058723e+03   8.043787e+02    0.2402   1.422000e+00   7.900000e-02      false       none        100         33          0          4      224      224          0          0          0
19       1.358343e+03   1.058723e+03   8.043787e+02    0.2402   1.515000e+00   9.299994e-02      false       none        100         33          0          4      225      225          0          0          0
20       3.341236e+03   1.058723e+03   8.043787e+02    0.2402   1.594000e+00   7.900000e-02      false       none        100         33          0          4      225      225          0          0          0
21       1.119363e+03   1.058723e+03   8.043787e+02    0.2402   1.672000e+00   7.800007e-02      false       none        100         33          0          4      228      228          0          0          0
22       2.126596e+03   1.058723e+03   8.043787e+02    0.2402   1.750000e+00   7.799983e-02      false       none        100         33          0          4      228      228          0          0          0
23       2.920155e+03   1.058723e+03   8.043787e+02    0.2402   1.828000e+00   7.800007e-02      false       none        100         33          0          4      228      228          0          0          0
24       1.494125e+03   1.058723e+03   8.043787e+02    0.2402   1.906000e+00   7.800007e-02      false       none        100         33          0          4      229      229          0          0          0
25       2.134320e+03   1.058723e+03   8.043787e+02    0.2402   1.984000e+00   7.800007e-02      false       none        100         33          0          4      229      229          0          0          0
26       1.450285e+03   1.058723e+03   8.043787e+02    0.2402   2.078000e+00   9.399986e-02      false       none        100         33          0          4      229      229          0          0          0
27       1.062564e+03   1.058723e+03   8.043787e+02    0.2402   2.156000e+00   7.800007e-02      false       none        100         33          0          4      236      236          0          0          0
28       2.353946e+03   1.058723e+03   8.043787e+02    0.2402   2.234000e+00   7.800007e-02      false       none        100         33          0          4      236      236          0          0          0
29       2.072593e+03   1.058723e+03   8.043787e+02    0.2402   2.343000e+00   1.090000e-01      false       none        100         33          0          4      236      236          0          0          0
30       1.913843e+03   1.058723e+03   8.043787e+02    0.2402   2.406000e+00   6.299996e-02      false       none        100         33          0          4      236      236          0          0          0
31       1.411273e+03   1.058723e+03   8.043787e+02    0.2402   2.500000e+00   9.399986e-02      false       none        100         33          0          4      236      236          0          0          0
32       1.113738e+03   1.058723e+03   8.043787e+02    0.2402   2.578000e+00   7.800007e-02      false       none        100         33          0          4      236      236          0          0          0
33       1.501494e+03   1.058723e+03   8.044906e+02    0.2401   2.656000e+00   7.800007e-02      false       none        100         33          0          4      245      245          0          0          0
34       1.350695e+03   1.058723e+03   8.044906e+02    0.2401   2.734000e+00   7.800007e-02      false       none        100         33          0          4      245      245          0          0          0
35       2.483305e+03   1.058723e+03   8.044906e+02    0.2401   2.812000e+00   7.799983e-02      false       none        100         33          0          4      245      245          0          0          0
36       1.456124e+03   1.058723e+03   8.044906e+02    0.2401   2.891000e+00   7.900000e-02      false       none        100         33          0          4      245      245          0          0          0
37       1.292099e+03   1.058723e+03   8.044906e+02    0.2401   2.969000e+00   7.800007e-02      false       none        100         33          0          4      245      245          0          0          0
38       1.738534e+03   1.058723e+03   8.044906e+02    0.2401   3.047000e+00   7.800007e-02      false       none        100         33          0          4      245      245          0          0          0
39       1.229424e+03   1.058723e+03   8.045174e+02    0.2401   3.125000e+00   7.799983e-02      false       none        100         33          0          4      255      255          0          0          0
40       1.080533e+03   1.058723e+03   8.045174e+02    0.2401   3.218000e+00   9.300017e-02      false       none        100         33          0          4      255      255          0          0          0
41       1.455948e+03   1.058723e+03   8.045174e+02    0.2401   3.312000e+00   9.399986e-02      false       none        100         33          0          4      255      255          0          0          0
42       1.483871e+03   1.058723e+03   8.045174e+02    0.2401   3.390000e+00   7.800007e-02      false       none        100         33          0          4      255      255          0          0          0
43       1.126422e+03   1.058723e+03   8.045174e+02    0.2401   3.468000e+00   7.800007e-02      false       none        100         33          0          4      257      257          0          0          0
44       2.333175e+03   1.058723e+03   8.045174e+02    0.2401   3.547000e+00   7.900000e-02      false       none        100         33          0          4      257      257          0          0          0
45       1.060974e+03   1.058723e+03   8.045174e+02    0.2401   3.625000e+00   7.799983e-02      false       none        100         33          0          4      257      257          0          0          0
46       2.023929e+03   1.058723e+03   8.045174e+02    0.2401   3.703000e+00   7.800007e-02      false       none        100         33          0          4      257      257          0          0          0
47       1.324874e+03   1.058723e+03   8.045174e+02    0.2401   3.781000e+00   7.800007e-02      false       none        100         33          0          4      257      257          0          0          0
48       1.702175e+03   1.058723e+03   8.045174e+02    0.2401   3.875000e+00   9.399986e-02      false       none        100         33          0          4      257      257          0          0          0
49       1.764619e+03   1.058723e+03   8.045174e+02    0.2401   3.953000e+00   7.800007e-02      false       none        100         33          0          4      257      257          0          0          0
50       2.202763e+03   1.058723e+03   8.045174e+02    0.2401   4.046000e+00   9.299994e-02      false       none        100         33          0          4      257      257          0          0          0
51       1.326207e+03   1.058723e+03   8.045174e+02    0.2401   4.125000e+00   7.900000e-02      false       none        100         33          0          4      257      257          0          0          0
52       1.131824e+03   1.058723e+03   8.045174e+02    0.2401   4.218000e+00   9.300017e-02      false       none        100         33          0          4      257      257          0          0          0
53       2.943260e+03   1.058723e+03   8.045174e+02    0.2401   4.281000e+00   6.299996e-02      false       none        100         33          0          4      257      257          0          0          0
54       1.242162e+03   1.058723e+03   8.045174e+02    0.2401   4.375000e+00   9.399986e-02      false       none        100         33          0          4      257      257          0          0          0
55       1.428600e+03   1.058723e+03   8.045174e+02    0.2401   4.453000e+00   7.800007e-02      false       none        100         33          0          4      257      257          0          0          0
56       1.339401e+03   1.058723e+03   8.045174e+02    0.2401   4.531000e+00   7.800007e-02      false       none        100         33          0          4      257      257          0          0          0
57       1.175857e+03   1.058723e+03   8.045174e+02    0.2401   4.609000e+00   7.800007e-02      false       none        100         33          0          4      257      257          0          0          0
58       2.157152e+03   1.058723e+03   8.045174e+02    0.2401   4.687000e+00   7.799983e-02      false       none        100         33          0          4      257      257          0          0          0
59       1.247320e+03   1.058723e+03   8.045174e+02    0.2401   4.781000e+00   9.400010e-02      false       none        100         33          0          4      257      257          0          0          0

Terminating DynamicSDDiP with status: bound_stalling
------------------------------------------------------------------------------
 ────────────────────────────────────────────────────────────────────────────────
                                        Time                    Allocations      
                               ───────────────────────   ────────────────────────
       Tot / % measured:            4.80s /  99.4%            627MiB /  99.7%    

 Section               ncalls     time    %tot     avg     alloc    %tot      avg
 ────────────────────────────────────────────────────────────────────────────────
 loop                       1    4.77s  100.0%   4.77s    625MiB  100.0%   625MiB
   iterations              59    4.60s   96.3%  78.0ms    625MiB   99.9%  10.6MiB
     backward_pass         59    2.98s   62.5%  50.6ms    616MiB   98.5%  10.4MiB
       solve_BP         3.54k    2.91s   60.9%   821μs    607MiB   97.0%   176KiB
         solve_dual     3.54k    2.77s   58.0%   783μs    584MiB   93.4%   169KiB
           LP_relax...  3.54k    2.76s   57.7%   778μs    573MiB   91.7%   166KiB
             solver...  3.54k    447ms    9.4%   126μs   2.71MiB    0.4%     802B
         space_change   7.08k   1.05ms    0.0%   148ns     0.00B    0.0%    0.00B
       update_bellman     177   13.3ms    0.3%  75.2μs   3.94MiB    0.6%  22.8KiB
         cut_selection    257    150μs    0.0%   585ns   18.3KiB    0.0%    73.1B
     forward_pass          59    1.30s   27.2%  22.0ms   6.99MiB    1.1%   121KiB
       solve_subpro...    236    1.29s   27.0%  5.47ms   6.21MiB    1.0%  27.0KiB
         solver_cal...    236    1.25s   26.1%  5.28ms   0.97MiB    0.2%  4.21KiB
     calculate_bound       59    314ms    6.6%  5.32ms   1.40MiB    0.2%  24.3KiB
       solver_call_...     59    306ms    6.4%  5.18ms    110KiB    0.0%  1.87KiB
 ────────────────────────────────────────────────────────────────────────────────

||||||||||||||||||||||||||||||||||||||||||||||||||||||||||||||||||||||||||||||||||||||||||||||||||||||||||||||||||||||||||||||||||||||||
LAGRANGIAN DUAL SOLUTION RESULTS
mn_opt: 0 times (NaN%)
conv: 0 times (NaN%)
unbounded: 0 times (NaN%)
bound_issues: 0 times (NaN%)
subgr_stalling: 0 times (NaN%)
opt: 0 times (NaN%)
feas_issues: 0 times (NaN%)
sub: 0 times (NaN%)
mn_iter: 0 times (NaN%)
iter: 0 times (NaN%)
mn_issue: 0 times (NaN%)

||||||||||||||||||||||||||||||||||||||||||||||||||||||||||||||||||||||||||||||||||||||||||||||||||||||||||||||||||||||||||||||||||||||||
SIMULATION RESULTS
DynamicSDDiP.Simulation(DynamicSDDiP.InSampleMonteCarlo(), 1000)
Lower bound: 804.5173936703136
Statistical upper bound (confidence interval): 1569.4902754757009 ± 33.13987625003978
Pessimistic upper bound: 1602.6301517257407
