#########################################################################################################################################
#########################################################################################################################################
#########################################################################################################################################
#########################################################################################################################################
#########################################################################################################################################
DynamicSDDiP.jl (c) Christian Füllner, 2021
re-uses code from SDDP.jl (c) Oscar Dowson, 2017-21
||||||||||||||||||||||||||||||||||||||||||||||||||||||||||||||||||||||||||||||||||||||||||||||||||||||||||||||||||||||||||||||||||||||||
PATH
calling 
C:\Users\cg4102\.julia\packages\DynamicSDDiP\vumhD\src
nothing
DATETIME
2023-03-15T13:56:10.936
||||||||||||||||||||||||||||||||||||||||||||||||||||||||||||||||||||||||||||||||||||||||||||||||||||||||||||||||||||||||||||||||||||||||
STOPPING RULES
SDDP.TimeLimit(10800.0)
SDDP.BoundStalling(20, 0.0001)
||||||||||||||||||||||||||||||||||||||||||||||||||||||||||||||||||||||||||||||||||||||||||||||||||||||||||||||||||||||||||||||||||||||||
REGULARIZATION
DynamicSDDiP.NoRegularization()
||||||||||||||||||||||||||||||||||||||||||||||||||||||||||||||||||||||||||||||||||||||||||||||||||||||||||||||||||||||||||||||||||||||||
CUT GENERATION REGIMES
DynamicSDDiP.CutGenerationRegime(DynamicSDDiP.NoStateApproximation(), DynamicSDDiP.StrengthenedDuality(), 1, Inf, Inf, 0.0, true, 0.0001)

||||||||||||||||||||||||||||||||||||||||||||||||||||||||||||||||||||||||||||||||||||||||||||||||||||||||||||||||||||||||||||||||||||||||
CUT AGGREGATION
DynamicSDDiP.SingleCutRegime()
||||||||||||||||||||||||||||||||||||||||||||||||||||||||||||||||||||||||||||||||||||||||||||||||||||||||||||||||||||||||||||||||||||||||
CUT SELECTION
DynamicSDDiP.NoCutSelection()
||||||||||||||||||||||||||||||||||||||||||||||||||||||||||||||||||||||||||||||||||||||||||||||||||||||||||||||||||||||||||||||||||||||||
LATE BINARIZATION
DynamicSDDiP.NoLateBinarization()
||||||||||||||||||||||||||||||||||||||||||||||||||||||||||||||||||||||||||||||||||||||||||||||||||||||||||||||||||||||||||||||||||||||||
APPLIED SOLVERS (LP, MILP, MIQCP, MINLP, NLP, Lagrange)
DynamicSDDiP.AppliedSolvers(true, "Gurobi", "Gurobi", "Gurobi", "Gurobi", "Gurobi", "Gurobi", "Gurobi", "Gurobi", "Gurobi", 0.0001, 300)
DynamicSDDiP.Direct_Solver()
Numerical focus: false
Silent: true
||||||||||||||||||||||||||||||||||||||||||||||||||||||||||||||||||||||||||||||||||||||||||||||||||||||||||||||||||||||||||||||||||||||||
SAMPLING
Used seed for sampling scenarios: 
11111     
||||||||||||||||||||||||||||||||||||||||||||||||||||||||||||||||||||||||||||||||||||||||||||||||||||||||||||||||||||||||||||||||||||||||
RUN DESCRIPTION

||||||||||||||||||||||||||||||||||||||||||||||||||||||||||||||||||||||||||||||||||||||||||||||||||||||||||||||||||||||||||||||||||||||||
PROBLEM DESCRIPTION
Number of stages: 4
Number of realizations per stage: 20
Seed for scenario tree sampling: 12345
Solver: serial mode

────────────────────────────────────────────────────────────────────────────────────────────────────────────────────────────────────────────────────────────────────────────────────────────────────────
It.#               UB        Best UB             LB       Gap           Time        It_Time           Refinements                            #Var.   #Constr.             #Cuts       Lagrangian Dual                                               
                                                          [%]            [s]            [s]          σ       Bin.      Total      {0,1}          ℤ      Total    Total   Active      # It.    # C-It.  # C-Real.  
────────────────────────────────────────────────────────────────────────────────────────────────────────────────────────────────────────────────────────────────────────────────────────────────────────
1        1.512360e+03   1.512360e+03   1.098165e+03    0.2739   4.840000e-01   4.840000e-01      false       none         80         33          0          4        3        3          0          0          0
2        1.067733e+03   1.067733e+03   1.098165e+03    0.0277   9.679999e-01   4.840000e-01      false       none         80         33          0          4        3        3          0          0          0
3        1.064084e+03   1.064084e+03   1.112645e+03    0.0436   1.468000e+00   5.000000e-01      false       none         80         33          0          4        6        6          0          0          0
4        1.952365e+03   1.064084e+03   1.139628e+03    0.0663   1.968000e+00   5.000000e-01      false       none         80         33          0          4        8        8          0          0          0
5        1.237675e+03   1.064084e+03   1.139628e+03    0.0663   2.531000e+00   5.630000e-01      false       none         80         33          0          4        8        8          0          0          0
6        1.268666e+03   1.064084e+03   1.139628e+03    0.0663   3.046000e+00   5.150001e-01      false       none         80         33          0          4        8        8          0          0          0
7        2.177811e+03   1.064084e+03   1.148056e+03    0.0731   3.593000e+00   5.469999e-01      false       none         80         33          0          4       11       11          0          0          0
8        1.498625e+03   1.064084e+03   1.148915e+03    0.0738   4.093000e+00   5.000000e-01      false       none         80         33          0          4       13       13          0          0          0
9        1.533169e+03   1.064084e+03   1.148915e+03    0.0738   4.562000e+00   4.689999e-01      false       none         80         33          0          4       13       13          0          0          0
10       1.085455e+03   1.064084e+03   1.148915e+03    0.0738   4.999000e+00   4.370000e-01      false       none         80         33          0          4       14       14          0          0          0
11       1.095230e+03   1.064084e+03   1.148915e+03    0.0738   5.499000e+00   5.000000e-01      false       none         80         33          0          4       14       14          0          0          0
12       2.550165e+03   1.064084e+03   1.155808e+03    0.0794   5.952000e+00   4.530001e-01      false       none         80         33          0          4       16       16          0          0          0
13       1.138815e+03   1.064084e+03   1.155808e+03    0.0794   6.468000e+00   5.160000e-01      false       none         80         33          0          4       17       17          0          0          0
14       1.088590e+03   1.064084e+03   1.155808e+03    0.0794   6.968000e+00   5.000000e-01      false       none         80         33          0          4       17       17          0          0          0
15       1.105150e+03   1.064084e+03   1.155808e+03    0.0794   7.437000e+00   4.689999e-01      false       none         80         33          0          4       18       18          0          0          0
16       1.110209e+03   1.064084e+03   1.155808e+03    0.0794   7.937000e+00   5.000000e-01      false       none         80         33          0          4       18       18          0          0          0
17       2.622938e+03   1.064084e+03   1.155808e+03    0.0794   8.437000e+00   5.000000e-01      false       none         80         33          0          4       18       18          0          0          0
18       1.289403e+03   1.064084e+03   1.155808e+03    0.0794   8.937000e+00   5.000000e-01      false       none         80         33          0          4       18       18          0          0          0
19       1.153809e+03   1.064084e+03   1.155808e+03    0.0794   9.437000e+00   5.000000e-01      false       none         80         33          0          4       18       18          0          0          0
20       3.268494e+03   1.064084e+03   1.155808e+03    0.0794   9.937000e+00   5.000000e-01      false       none         80         33          0          4       18       18          0          0          0
21       1.109363e+03   1.064084e+03   1.155808e+03    0.0794   1.045200e+01   5.150001e-01      false       none         80         33          0          4       18       18          0          0          0
22       2.234439e+03   1.064084e+03   1.155808e+03    0.0794   1.093700e+01   4.849999e-01      false       none         80         33          0          4       18       18          0          0          0
23       2.895155e+03   1.064084e+03   1.155808e+03    0.0794   1.143700e+01   5.000000e-01      false       none         80         33          0          4       18       18          0          0          0
24       1.336728e+03   1.064084e+03   1.155808e+03    0.0794   1.195200e+01   5.150001e-01      false       none         80         33          0          4       18       18          0          0          0
25       2.134320e+03   1.064084e+03   1.155808e+03    0.0794   1.242100e+01   4.690001e-01      false       none         80         33          0          4       18       18          0          0          0
26       1.446412e+03   1.064084e+03   1.155808e+03    0.0794   1.295200e+01   5.309999e-01      false       none         80         33          0          4       18       18          0          0          0
27       1.068717e+03   1.064084e+03   1.155808e+03    0.0794   1.343700e+01   4.849999e-01      false       none         80         33          0          4       18       18          0          0          0
28       2.213221e+03   1.064084e+03   1.155808e+03    0.0794   1.395200e+01   5.150001e-01      false       none         80         33          0          4       19       19          0          0          0
29       2.179945e+03   1.064084e+03   1.155808e+03    0.0794   1.445200e+01   5.000000e-01      false       none         80         33          0          4       19       19          0          0          0
30       1.913843e+03   1.064084e+03   1.155808e+03    0.0794   1.492100e+01   4.690001e-01      false       none         80         33          0          4       19       19          0          0          0
31       1.222413e+03   1.064084e+03   1.155808e+03    0.0794   1.545200e+01   5.309999e-01      false       none         80         33          0          4       19       19          0          0          0
32       1.048581e+03   1.048581e+03   1.155808e+03    0.0928   1.595200e+01   5.000000e-01      false       none         80         33          0          4       19       19          0          0          0

Terminating DynamicSDDiP with status: bound_stalling
------------------------------------------------------------------------------
 ────────────────────────────────────────────────────────────────────────────────
                                        Time                    Allocations      
                               ───────────────────────   ────────────────────────
       Tot / % measured:            16.0s /  99.8%            454MiB /  99.6%    

 Section               ncalls     time    %tot     avg     alloc    %tot      avg
 ────────────────────────────────────────────────────────────────────────────────
 loop                       1    15.9s  100.0%   15.9s    452MiB  100.0%   452MiB
   iterations              32    15.9s   99.5%   496ms    452MiB   99.9%  14.1MiB
     backward_pass         32    15.4s   96.8%   482ms    448MiB   99.0%  14.0MiB
       solve_BP         1.92k    15.4s   96.6%  8.02ms    445MiB   98.4%   237KiB
         solve_dual     1.92k    15.3s   95.8%  7.96ms    433MiB   95.7%   231KiB
           solver_c...  1.92k    12.7s   79.3%  6.59ms   8.88MiB    2.0%  4.73KiB
           LP_relax...  1.92k    1.88s   11.8%   981μs    276MiB   61.1%   147KiB
             solver...  1.92k    624ms    3.9%   325μs   2.32MiB    0.5%  1.24KiB
         space_change   3.84k   1.10ms    0.0%   287ns     0.00B    0.0%    0.00B
       update_bellman      96   3.65ms    0.0%  38.0μs    405KiB    0.1%  4.22KiB
         cut_selection     19   23.1μs    0.0%  1.22μs   1.34KiB    0.0%    72.4B
     forward_pass          32    354ms    2.2%  11.1ms   3.27MiB    0.7%   105KiB
       solve_subpro...    128    349ms    2.2%  2.73ms   2.84MiB    0.6%  22.8KiB
         solver_cal...    128    335ms    2.1%  2.61ms    760KiB    0.2%  5.94KiB
     calculate_bound       32   73.9ms    0.5%  2.31ms    769KiB    0.2%  24.0KiB
       solver_call_...     32   69.4ms    0.4%  2.17ms   67.7KiB    0.0%  2.12KiB
 ────────────────────────────────────────────────────────────────────────────────

||||||||||||||||||||||||||||||||||||||||||||||||||||||||||||||||||||||||||||||||||||||||||||||||||||||||||||||||||||||||||||||||||||||||
LAGRANGIAN DUAL SOLUTION RESULTS
mn_opt: 0 times (NaN%)
conv: 0 times (NaN%)
unbounded: 0 times (NaN%)
bound_issues: 0 times (NaN%)
subgr_stalling: 0 times (NaN%)
opt: 0 times (NaN%)
feas_issues: 0 times (NaN%)
sub: 0 times (NaN%)
mn_iter: 0 times (NaN%)
iter: 0 times (NaN%)
mn_issue: 0 times (NaN%)

||||||||||||||||||||||||||||||||||||||||||||||||||||||||||||||||||||||||||||||||||||||||||||||||||||||||||||||||||||||||||||||||||||||||
SIMULATION RESULTS
DynamicSDDiP.Simulation(DynamicSDDiP.InSampleMonteCarlo(), 1000)
Lower bound: 1155.8079062330003
Statistical upper bound (confidence interval): 1540.6603990659003 ± 32.262340258412706
Pessimistic upper bound: 1572.922739324313

||||||||||||||||||||||||||||||||||||||||||||||||||||||||||||||||||||||||||||||||||||||||||||||||||||||||||||||||||||||||||||||||||||||||
SIMULATION RESULTS
Deterministic (historical) samples
Lower bound: 1155.8079062330003
Upper bound: 1559.1895719918396

