

#########################################################################################################################################
#########################################################################################################################################
#########################################################################################################################################
#########################################################################################################################################
#########################################################################################################################################
DynamicSDDiP.jl (c) Christian Füllner, 2021
re-uses code from SDDP.jl (c) Oscar Dowson, 2017-21
||||||||||||||||||||||||||||||||||||||||||||||||||||||||||||||||||||||||||||||||||||||||||||||||||||||||||||||||||||||||||||||||||||||||
PATH
calling 
C:\Users\cg4102\.julia\dev\DynamicSDDiP.jl\src

DATETIME
2026-03-07T19:43:03.504
||||||||||||||||||||||||||||||||||||||||||||||||||||||||||||||||||||||||||||||||||||||||||||||||||||||||||||||||||||||||||||||||||||||||
STOPPING RULES
SDDP.TimeLimit(500.0)
SDDP.BoundStalling(20, 0.0001)
||||||||||||||||||||||||||||||||||||||||||||||||||||||||||||||||||||||||||||||||||||||||||||||||||||||||||||||||||||||||||||||||||||||||
REGULARIZATION
DynamicSDDiP.NoRegularization()
||||||||||||||||||||||||||||||||||||||||||||||||||||||||||||||||||||||||||||||||||||||||||||||||||||||||||||||||||||||||||||||||||||||||
CUT GENERATION REGIMES
DynamicSDDiP.CutGenerationRegime(DynamicSDDiP.NoStateApproximation(), DynamicSDDiP.LinearDuality(), 1, Inf, true, 0.0001)

||||||||||||||||||||||||||||||||||||||||||||||||||||||||||||||||||||||||||||||||||||||||||||||||||||||||||||||||||||||||||||||||||||||||
CUT AGGREGATION
DynamicSDDiP.SingleCutRegime()
||||||||||||||||||||||||||||||||||||||||||||||||||||||||||||||||||||||||||||||||||||||||||||||||||||||||||||||||||||||||||||||||||||||||
CUT SELECTION
DynamicSDDiP.NoCutSelection()
||||||||||||||||||||||||||||||||||||||||||||||||||||||||||||||||||||||||||||||||||||||||||||||||||||||||||||||||||||||||||||||||||||||||
APPLIED SOLVERS (LP, MILP, MIQCP, MINLP, NLP, Lagrange)
DynamicSDDiP.AppliedSolvers(true, "Gurobi", "Gurobi", "Gurobi", "Gurobi", "Gurobi", "Gurobi", "Gurobi", "Gurobi", "Gurobi", 0.0001, 300)
DynamicSDDiP.Direct_Solver()
Numerical focus: false
Silent: true
||||||||||||||||||||||||||||||||||||||||||||||||||||||||||||||||||||||||||||||||||||||||||||||||||||||||||||||||||||||||||||||||||||||||
SAMPLING
Used seed for sampling scenarios: 
11111     
||||||||||||||||||||||||||||||||||||||||||||||||||||||||||||||||||||||||||||||||||||||||||||||||||||||||||||||||||||||||||||||||||||||||
RUN DESCRIPTION

||||||||||||||||||||||||||||||||||||||||||||||||||||||||||||||||||||||||||||||||||||||||||||||||||||||||||||||||||||||||||||||||||||||||
PROBLEM DESCRIPTION
Number of stages: 100
Number of realizations per stage: 20
Seed for scenario tree sampling: 12345
Solver: serial mode

────────────────────────────────────────────────────────────────────────────────────────────────────────────────────────────────────────────────────────────────────────────────────────────────────────
It.#               UB        Best UB             LB       Gap           Time        It_Time           Refinements                            #Var.   #Constr.             #Cuts       Lagrangian Dual                                               
                                                          [%]            [s]            [s]          σ       Bin.      Total      {0,1}          ℤ      Total    Total   Active      # It.    # C-It.  # C-Real.  
────────────────────────────────────────────────────────────────────────────────────────────────────────────────────────────────────────────────────────────────────────────────────────────────────────
1        7.736893e+04   7.736893e+04   5.462748e+04    0.2939   1.654150e+02   1.654150e+02      false       none        882         48        800         48       99       99          0          0          0
2        7.811276e+04   7.736893e+04   5.469220e+04    0.2931   2.792800e+02   1.138650e+02      false       none        882         48        800         48      198      198          0          0          0
3        8.089619e+04   7.736893e+04   5.472758e+04    0.2926   3.974120e+02   1.181320e+02      false       none        882         48        800         48      297      297          0          0          0
4        8.018619e+04   7.736893e+04   5.479256e+04    0.2918   5.173100e+02   1.198980e+02      false       none        882         48        800         48      396      396          0          0          0

Terminating DynamicSDDiP with status: time_limit
------------------------------------------------------------------------------
────────────────────────────────────────────────────────────────────────────────
                                       Time                    Allocations      
                              ───────────────────────   ────────────────────────
      Tot / % measured:             521s /  98.7%           9.01GiB /  92.6%    

Section               ncalls     time    %tot     avg     alloc    %tot      avg
────────────────────────────────────────────────────────────────────────────────
loop                       1     514s  100.0%    514s   8.34GiB  100.0%  8.34GiB
  iterations               4     513s   99.8%    128s   8.32GiB   99.7%  2.08GiB
    backward_pass          4     438s   85.3%    110s   8.08GiB   96.8%  2.02GiB
      solve_BP         7.92k     436s   84.8%  55.0ms   8.04GiB   96.4%  1.04MiB
        solve_dual     7.92k     435s   84.6%  54.9ms   8.01GiB   96.0%  1.04MiB
          LP_relax...  7.92k     434s   84.4%  54.7ms   7.92GiB   94.9%  1.02MiB
            solver...  7.92k    9.82s    1.9%  1.24ms   16.3MiB    0.2%  2.11KiB
        space_change   15.8k   8.48ms    0.0%   535ns     0.00B    0.0%    0.00B
      update_bellman     396    1.20s    0.2%  3.04ms   6.43MiB    0.1%  16.6KiB
        cut_selection    396    778μs    0.0%  1.96μs   27.8KiB    0.0%    72.0B
    forward_pass           4    74.2s   14.4%   18.5s    239MiB    2.8%  59.8MiB
      solve_subpro...    400    74.0s   14.4%   185ms    238MiB    2.8%   609KiB
        solver_cal...    400    68.6s   13.3%   171ms    128MiB    1.5%   327KiB
    calculate_bound        4    607ms    0.1%   152ms   9.17MiB    0.1%  2.29MiB
      solver_call_...      4    257ms    0.0%  64.2ms   47.9KiB    0.0%  12.0KiB
    bin_refinement         4   30.4μs    0.0%  7.60μs     0.00B    0.0%    0.00B
────────────────────────────────────────────────────────────────────────────────

||||||||||||||||||||||||||||||||||||||||||||||||||||||||||||||||||||||||||||||||||||||||||||||||||||||||||||||||||||||||||||||||||||||||
LAGRANGIAN DUAL SOLUTION RESULTS
opt: 0 times (NaN%)
feas_issues: 0 times (NaN%)
mn_opt: 0 times (NaN%)
conv: 0 times (NaN%)
unbounded: 0 times (NaN%)
bound_issues: 0 times (NaN%)
sub: 0 times (NaN%)
subgr_stalling: 0 times (NaN%)
mn_iter: 0 times (NaN%)
iter: 0 times (NaN%)
mn_issue: 0 times (NaN%)


#########################################################################################################################################
#########################################################################################################################################
#########################################################################################################################################
#########################################################################################################################################
#########################################################################################################################################
DynamicSDDiP.jl (c) Christian Füllner, 2021
re-uses code from SDDP.jl (c) Oscar Dowson, 2017-21
||||||||||||||||||||||||||||||||||||||||||||||||||||||||||||||||||||||||||||||||||||||||||||||||||||||||||||||||||||||||||||||||||||||||
PATH
calling 
C:\Users\cg4102\.julia\dev\DynamicSDDiP.jl\src

DATETIME
2026-03-07T19:51:46.480
||||||||||||||||||||||||||||||||||||||||||||||||||||||||||||||||||||||||||||||||||||||||||||||||||||||||||||||||||||||||||||||||||||||||
STOPPING RULES
SDDP.TimeLimit(500.0)
SDDP.BoundStalling(20, 0.0001)
||||||||||||||||||||||||||||||||||||||||||||||||||||||||||||||||||||||||||||||||||||||||||||||||||||||||||||||||||||||||||||||||||||||||
REGULARIZATION
DynamicSDDiP.NoRegularization()
||||||||||||||||||||||||||||||||||||||||||||||||||||||||||||||||||||||||||||||||||||||||||||||||||||||||||||||||||||||||||||||||||||||||
CUT GENERATION REGIMES
DynamicSDDiP.CutGenerationRegime(DynamicSDDiP.NoStateApproximation(), DynamicSDDiP.StrengthenedDuality(), 1, Inf, true, 0.0001)

||||||||||||||||||||||||||||||||||||||||||||||||||||||||||||||||||||||||||||||||||||||||||||||||||||||||||||||||||||||||||||||||||||||||
CUT AGGREGATION
DynamicSDDiP.SingleCutRegime()
||||||||||||||||||||||||||||||||||||||||||||||||||||||||||||||||||||||||||||||||||||||||||||||||||||||||||||||||||||||||||||||||||||||||
CUT SELECTION
DynamicSDDiP.NoCutSelection()
||||||||||||||||||||||||||||||||||||||||||||||||||||||||||||||||||||||||||||||||||||||||||||||||||||||||||||||||||||||||||||||||||||||||
APPLIED SOLVERS (LP, MILP, MIQCP, MINLP, NLP, Lagrange)
DynamicSDDiP.AppliedSolvers(true, "Gurobi", "Gurobi", "Gurobi", "Gurobi", "Gurobi", "Gurobi", "Gurobi", "Gurobi", "Gurobi", 0.0001, 300)
DynamicSDDiP.Direct_Solver()
Numerical focus: false
Silent: true
||||||||||||||||||||||||||||||||||||||||||||||||||||||||||||||||||||||||||||||||||||||||||||||||||||||||||||||||||||||||||||||||||||||||
SAMPLING
Used seed for sampling scenarios: 
11111     
||||||||||||||||||||||||||||||||||||||||||||||||||||||||||||||||||||||||||||||||||||||||||||||||||||||||||||||||||||||||||||||||||||||||
RUN DESCRIPTION

||||||||||||||||||||||||||||||||||||||||||||||||||||||||||||||||||||||||||||||||||||||||||||||||||||||||||||||||||||||||||||||||||||||||
PROBLEM DESCRIPTION
Number of stages: 100
Number of realizations per stage: 20
Seed for scenario tree sampling: 12345
Solver: serial mode

────────────────────────────────────────────────────────────────────────────────────────────────────────────────────────────────────────────────────────────────────────────────────────────────────────
It.#               UB        Best UB             LB       Gap           Time        It_Time           Refinements                            #Var.   #Constr.             #Cuts       Lagrangian Dual                                               
                                                          [%]            [s]            [s]          σ       Bin.      Total      {0,1}          ℤ      Total    Total   Active      # It.    # C-It.  # C-Real.  
────────────────────────────────────────────────────────────────────────────────────────────────────────────────────────────────────────────────────────────────────────────────────────────────────────
1        7.736893e+04   7.736893e+04   5.550811e+04    0.2826   2.772500e+02   2.772500e+02      false       none        882         48        800         48       99       99          0          0          0


#########################################################################################################################################
#########################################################################################################################################
#########################################################################################################################################
#########################################################################################################################################
#########################################################################################################################################
DynamicSDDiP.jl (c) Christian Füllner, 2021
re-uses code from SDDP.jl (c) Oscar Dowson, 2017-21
||||||||||||||||||||||||||||||||||||||||||||||||||||||||||||||||||||||||||||||||||||||||||||||||||||||||||||||||||||||||||||||||||||||||
PATH
calling 
C:\Users\cg4102\.julia\dev\DynamicSDDiP.jl\src

DATETIME
2026-03-07T20:04:27.554
||||||||||||||||||||||||||||||||||||||||||||||||||||||||||||||||||||||||||||||||||||||||||||||||||||||||||||||||||||||||||||||||||||||||
STOPPING RULES
SDDP.TimeLimit(500.0)
SDDP.BoundStalling(20, 0.0001)
||||||||||||||||||||||||||||||||||||||||||||||||||||||||||||||||||||||||||||||||||||||||||||||||||||||||||||||||||||||||||||||||||||||||
REGULARIZATION
DynamicSDDiP.NoRegularization()
||||||||||||||||||||||||||||||||||||||||||||||||||||||||||||||||||||||||||||||||||||||||||||||||||||||||||||||||||||||||||||||||||||||||
CUT GENERATION REGIMES
DynamicSDDiP.CutGenerationRegime(DynamicSDDiP.NoStateApproximation(), DynamicSDDiP.LinearDuality(), 1, Inf, true, 0.0001)

||||||||||||||||||||||||||||||||||||||||||||||||||||||||||||||||||||||||||||||||||||||||||||||||||||||||||||||||||||||||||||||||||||||||
CUT AGGREGATION
DynamicSDDiP.MultiCutRegime()
||||||||||||||||||||||||||||||||||||||||||||||||||||||||||||||||||||||||||||||||||||||||||||||||||||||||||||||||||||||||||||||||||||||||
CUT SELECTION
DynamicSDDiP.NoCutSelection()
||||||||||||||||||||||||||||||||||||||||||||||||||||||||||||||||||||||||||||||||||||||||||||||||||||||||||||||||||||||||||||||||||||||||
APPLIED SOLVERS (LP, MILP, MIQCP, MINLP, NLP, Lagrange)
DynamicSDDiP.AppliedSolvers(true, "Gurobi", "Gurobi", "Gurobi", "Gurobi", "Gurobi", "Gurobi", "Gurobi", "Gurobi", "Gurobi", 0.0001, 300)
DynamicSDDiP.Direct_Solver()
Numerical focus: false
Silent: true
||||||||||||||||||||||||||||||||||||||||||||||||||||||||||||||||||||||||||||||||||||||||||||||||||||||||||||||||||||||||||||||||||||||||
SAMPLING
Used seed for sampling scenarios: 
11111     
||||||||||||||||||||||||||||||||||||||||||||||||||||||||||||||||||||||||||||||||||||||||||||||||||||||||||||||||||||||||||||||||||||||||
RUN DESCRIPTION

||||||||||||||||||||||||||||||||||||||||||||||||||||||||||||||||||||||||||||||||||||||||||||||||||||||||||||||||||||||||||||||||||||||||
PROBLEM DESCRIPTION
Number of stages: 100
Number of realizations per stage: 20
Seed for scenario tree sampling: 12345
Solver: serial mode

────────────────────────────────────────────────────────────────────────────────────────────────────────────────────────────────────────────────────────────────────────────────────────────────────────
It.#               UB        Best UB             LB       Gap           Time        It_Time           Refinements                            #Var.   #Constr.             #Cuts       Lagrangian Dual                                               
                                                          [%]            [s]            [s]          σ       Bin.      Total      {0,1}          ℤ      Total    Total   Active      # It.    # C-It.  # C-Real.  
────────────────────────────────────────────────────────────────────────────────────────────────────────────────────────────────────────────────────────────────────────────────────────────────────────
1        7.736893e+04   7.736893e+04   5.462748e+04    0.2939   1.324960e+02   1.324960e+02      false       none        902         48        800         48     1980     1980          0          0          0
2        7.811276e+04   7.736893e+04   5.474365e+04    0.2924   2.616140e+02   1.291180e+02      false       none        902         48        800         48     3960     3960          0          0          0
3        7.896556e+04   7.736893e+04   5.489352e+04    0.2905   3.819210e+02   1.203070e+02      false       none        902         48        800         48     5940     5940          0          0          0
4        7.878477e+04   7.736893e+04   5.497886e+04    0.2894   5.131110e+02   1.311900e+02      false       none        902         48        800         48     7920     7920          0          0          0

Terminating DynamicSDDiP with status: time_limit
------------------------------------------------------------------------------
────────────────────────────────────────────────────────────────────────────────
                                       Time                    Allocations      
                              ───────────────────────   ────────────────────────
      Tot / % measured:             513s /  99.8%           8.55GiB /  94.9%    

Section               ncalls     time    %tot     avg     alloc    %tot      avg
────────────────────────────────────────────────────────────────────────────────
loop                       1     512s  100.0%    512s   8.11GiB  100.0%  8.11GiB
  iterations               4     512s  100.0%    128s   8.11GiB  100.0%  2.03GiB
    backward_pass          4     450s   87.8%    112s   7.98GiB   98.3%  1.99GiB
      solve_BP         7.92k     448s   87.5%  56.6ms   7.93GiB   97.7%  1.03MiB
        solve_dual     7.92k     448s   87.4%  56.5ms   7.90GiB   97.3%  1.02MiB
          LP_relax...  7.92k     448s   87.4%  56.5ms   7.88GiB   97.1%  1.02MiB
            solver...  7.92k    11.0s    2.1%  1.39ms   16.3MiB    0.2%  2.11KiB
        space_change   15.8k   9.21ms    0.0%   581ns     0.00B    0.0%    0.00B
      update_bellman     396    1.42s    0.3%  3.58ms   41.8MiB    0.5%   108KiB
        cut_selection  7.92k   7.75ms    0.0%   979ns    557KiB    0.0%    72.0B
    forward_pass           4    62.2s   12.1%   15.6s    136MiB    1.6%  34.1MiB
      solve_subpro...    400    62.2s   12.1%   156ms    136MiB    1.6%   347KiB
        solver_cal...    400    62.1s   12.1%   155ms    115MiB    1.4%   294KiB
    calculate_bound        4   97.2ms    0.0%  24.3ms   1.51MiB    0.0%   386KiB
      solver_call_...      4   91.7ms    0.0%  22.9ms   21.8KiB    0.0%  5.44KiB
    bin_refinement         4   8.40μs    0.0%  2.10μs     0.00B    0.0%    0.00B
────────────────────────────────────────────────────────────────────────────────

||||||||||||||||||||||||||||||||||||||||||||||||||||||||||||||||||||||||||||||||||||||||||||||||||||||||||||||||||||||||||||||||||||||||
LAGRANGIAN DUAL SOLUTION RESULTS
opt: 0 times (NaN%)
feas_issues: 0 times (NaN%)
mn_opt: 0 times (NaN%)
conv: 0 times (NaN%)
unbounded: 0 times (NaN%)
bound_issues: 0 times (NaN%)
sub: 0 times (NaN%)
subgr_stalling: 0 times (NaN%)
mn_iter: 0 times (NaN%)
iter: 0 times (NaN%)
mn_issue: 0 times (NaN%)


#########################################################################################################################################
#########################################################################################################################################
#########################################################################################################################################
#########################################################################################################################################
#########################################################################################################################################
DynamicSDDiP.jl (c) Christian Füllner, 2021
re-uses code from SDDP.jl (c) Oscar Dowson, 2017-21
||||||||||||||||||||||||||||||||||||||||||||||||||||||||||||||||||||||||||||||||||||||||||||||||||||||||||||||||||||||||||||||||||||||||
PATH
calling 
C:\Users\cg4102\.julia\dev\DynamicSDDiP.jl\src

DATETIME
2026-03-07T20:13:01.388
||||||||||||||||||||||||||||||||||||||||||||||||||||||||||||||||||||||||||||||||||||||||||||||||||||||||||||||||||||||||||||||||||||||||
STOPPING RULES
SDDP.TimeLimit(500.0)
SDDP.BoundStalling(20, 0.0001)
||||||||||||||||||||||||||||||||||||||||||||||||||||||||||||||||||||||||||||||||||||||||||||||||||||||||||||||||||||||||||||||||||||||||
REGULARIZATION
DynamicSDDiP.NoRegularization()
||||||||||||||||||||||||||||||||||||||||||||||||||||||||||||||||||||||||||||||||||||||||||||||||||||||||||||||||||||||||||||||||||||||||
CUT GENERATION REGIMES
DynamicSDDiP.CutGenerationRegime(DynamicSDDiP.NoStateApproximation(), DynamicSDDiP.StrengthenedDuality(), 1, Inf, true, 0.0001)

||||||||||||||||||||||||||||||||||||||||||||||||||||||||||||||||||||||||||||||||||||||||||||||||||||||||||||||||||||||||||||||||||||||||
CUT AGGREGATION
DynamicSDDiP.MultiCutRegime()
||||||||||||||||||||||||||||||||||||||||||||||||||||||||||||||||||||||||||||||||||||||||||||||||||||||||||||||||||||||||||||||||||||||||
CUT SELECTION
DynamicSDDiP.NoCutSelection()
||||||||||||||||||||||||||||||||||||||||||||||||||||||||||||||||||||||||||||||||||||||||||||||||||||||||||||||||||||||||||||||||||||||||
APPLIED SOLVERS (LP, MILP, MIQCP, MINLP, NLP, Lagrange)
DynamicSDDiP.AppliedSolvers(true, "Gurobi", "Gurobi", "Gurobi", "Gurobi", "Gurobi", "Gurobi", "Gurobi", "Gurobi", "Gurobi", 0.0001, 300)
DynamicSDDiP.Direct_Solver()
Numerical focus: false
Silent: true
||||||||||||||||||||||||||||||||||||||||||||||||||||||||||||||||||||||||||||||||||||||||||||||||||||||||||||||||||||||||||||||||||||||||
SAMPLING
Used seed for sampling scenarios: 
11111     
||||||||||||||||||||||||||||||||||||||||||||||||||||||||||||||||||||||||||||||||||||||||||||||||||||||||||||||||||||||||||||||||||||||||
RUN DESCRIPTION

||||||||||||||||||||||||||||||||||||||||||||||||||||||||||||||||||||||||||||||||||||||||||||||||||||||||||||||||||||||||||||||||||||||||
PROBLEM DESCRIPTION
Number of stages: 100
Number of realizations per stage: 20
Seed for scenario tree sampling: 12345
Solver: serial mode

────────────────────────────────────────────────────────────────────────────────────────────────────────────────────────────────────────────────────────────────────────────────────────────────────────
It.#               UB        Best UB             LB       Gap           Time        It_Time           Refinements                            #Var.   #Constr.             #Cuts       Lagrangian Dual                                               
                                                          [%]            [s]            [s]          σ       Bin.      Total      {0,1}          ℤ      Total    Total   Active      # It.    # C-It.  # C-Real.  
────────────────────────────────────────────────────────────────────────────────────────────────────────────────────────────────────────────────────────────────────────────────────────────────────────
1        7.736893e+04   7.736893e+04   5.550811e+04    0.2826   2.740330e+02   2.740330e+02      false       none        902         48        800         48     1980     1980          0          0          0
2        7.811307e+04   7.736893e+04   5.563580e+04    0.2809   6.311100e+02   3.570770e+02      false       none        902         48        800         48     3960     3960          0          0          0

Terminating DynamicSDDiP with status: time_limit
------------------------------------------------------------------------------
────────────────────────────────────────────────────────────────────────────────
                                       Time                    Allocations      
                              ───────────────────────   ────────────────────────
      Tot / % measured:             631s /  99.9%           5.74GiB /  92.4%    

Section               ncalls     time    %tot     avg     alloc    %tot      avg
────────────────────────────────────────────────────────────────────────────────
loop                       1     630s  100.0%    630s   5.30GiB  100.0%  5.30GiB
  iterations               2     630s  100.0%    315s   5.30GiB  100.0%  2.65GiB
    backward_pass          2     606s   96.1%    303s   5.18GiB   97.7%  2.59GiB
      solve_BP         3.96k     605s   96.0%   153ms   5.15GiB   97.2%  1.33MiB
        solve_dual     3.96k     605s   96.0%   153ms   5.14GiB   96.9%  1.33MiB
          LP_relax...  3.96k     217s   34.5%  54.9ms   3.95GiB   74.5%  1.02MiB
            solver...  3.96k    9.66s    1.5%  2.44ms   9.35MiB    0.2%  2.42KiB
          solve_pr...  3.96k     193s   30.6%  48.7ms   41.4MiB    0.8%  10.7KiB
          solver_c...  3.96k     191s   30.2%  48.1ms   39.4MiB    0.7%  10.2KiB
        space_change   7.92k   4.24ms    0.0%   535ns     0.00B    0.0%    0.00B
      update_bellman     198    618ms    0.1%  3.12ms   22.1MiB    0.4%   114KiB
        cut_selection  3.96k   3.95ms    0.0%   999ns    433KiB    0.0%     112B
    forward_pass           2    24.6s    3.9%   12.3s    126MiB    2.3%  63.0MiB
      solve_subpro...    200    24.5s    3.9%   123ms    126MiB    2.3%   643KiB
        solver_cal...    200    24.5s    3.9%   122ms    110MiB    2.0%   563KiB
    calculate_bound        2   15.8ms    0.0%  7.89ms    769KiB    0.0%   384KiB
      solver_call_...      2   12.9ms    0.0%  6.46ms   7.25KiB    0.0%  3.62KiB
    bin_refinement         2   3.90μs    0.0%  1.95μs     0.00B    0.0%    0.00B
────────────────────────────────────────────────────────────────────────────────

||||||||||||||||||||||||||||||||||||||||||||||||||||||||||||||||||||||||||||||||||||||||||||||||||||||||||||||||||||||||||||||||||||||||
LAGRANGIAN DUAL SOLUTION RESULTS
opt: 0 times (NaN%)
feas_issues: 0 times (NaN%)
mn_opt: 0 times (NaN%)
conv: 0 times (NaN%)
unbounded: 0 times (NaN%)
bound_issues: 0 times (NaN%)
sub: 0 times (NaN%)
subgr_stalling: 0 times (NaN%)
mn_iter: 0 times (NaN%)
iter: 0 times (NaN%)
mn_issue: 0 times (NaN%)


#########################################################################################################################################
#########################################################################################################################################
#########################################################################################################################################
#########################################################################################################################################
#########################################################################################################################################
DynamicSDDiP.jl (c) Christian Füllner, 2021
re-uses code from SDDP.jl (c) Oscar Dowson, 2017-21
||||||||||||||||||||||||||||||||||||||||||||||||||||||||||||||||||||||||||||||||||||||||||||||||||||||||||||||||||||||||||||||||||||||||
PATH
calling 
C:\Users\cg4102\.julia\dev\DynamicSDDiP.jl\src

DATETIME
2026-03-07T20:23:33.366
||||||||||||||||||||||||||||||||||||||||||||||||||||||||||||||||||||||||||||||||||||||||||||||||||||||||||||||||||||||||||||||||||||||||
STOPPING RULES
SDDP.TimeLimit(500.0)
SDDP.BoundStalling(20, 0.0001)
||||||||||||||||||||||||||||||||||||||||||||||||||||||||||||||||||||||||||||||||||||||||||||||||||||||||||||||||||||||||||||||||||||||||
REGULARIZATION
DynamicSDDiP.NoRegularization()
||||||||||||||||||||||||||||||||||||||||||||||||||||||||||||||||||||||||||||||||||||||||||||||||||||||||||||||||||||||||||||||||||||||||
CUT GENERATION REGIMES
DynamicSDDiP.CutGenerationRegime(DynamicSDDiP.NoStateApproximation(), DynamicSDDiP.LagrangianDuality(0.01, 0.01, 100, DynamicSDDiP.ZeroDuals(), DynamicSDDiP.BothBounds(), DynamicSDDiP.LevelBundle(0.5, true, false), DynamicSDDiP.StandardChoice(), DynamicSDDiP.Lax(), DynamicSDDiP.StateSpaceCopy(), false), 1, Inf, true, 0.0001)

||||||||||||||||||||||||||||||||||||||||||||||||||||||||||||||||||||||||||||||||||||||||||||||||||||||||||||||||||||||||||||||||||||||||
CUT AGGREGATION
DynamicSDDiP.SingleCutRegime()
||||||||||||||||||||||||||||||||||||||||||||||||||||||||||||||||||||||||||||||||||||||||||||||||||||||||||||||||||||||||||||||||||||||||
CUT SELECTION
DynamicSDDiP.NoCutSelection()
||||||||||||||||||||||||||||||||||||||||||||||||||||||||||||||||||||||||||||||||||||||||||||||||||||||||||||||||||||||||||||||||||||||||
APPLIED SOLVERS (LP, MILP, MIQCP, MINLP, NLP, Lagrange)
DynamicSDDiP.AppliedSolvers(true, "Gurobi", "Gurobi", "Gurobi", "Gurobi", "Gurobi", "Gurobi", "Gurobi", "Gurobi", "Gurobi", 0.0001, 300)
DynamicSDDiP.Direct_Solver()
Numerical focus: false
Silent: true
||||||||||||||||||||||||||||||||||||||||||||||||||||||||||||||||||||||||||||||||||||||||||||||||||||||||||||||||||||||||||||||||||||||||
SAMPLING
Used seed for sampling scenarios: 
11111     
||||||||||||||||||||||||||||||||||||||||||||||||||||||||||||||||||||||||||||||||||||||||||||||||||||||||||||||||||||||||||||||||||||||||
RUN DESCRIPTION

||||||||||||||||||||||||||||||||||||||||||||||||||||||||||||||||||||||||||||||||||||||||||||||||||||||||||||||||||||||||||||||||||||||||
PROBLEM DESCRIPTION
Number of stages: 100
Number of realizations per stage: 20
Seed for scenario tree sampling: 12345
Solver: serial mode

────────────────────────────────────────────────────────────────────────────────────────────────────────────────────────────────────────────────────────────────────────────────────────────────────────
It.#               UB        Best UB             LB       Gap           Time        It_Time           Refinements                            #Var.   #Constr.             #Cuts       Lagrangian Dual                                               
                                                          [%]            [s]            [s]          σ       Bin.      Total      {0,1}          ℤ      Total    Total   Active      # It.    # C-It.  # C-Real.  
────────────────────────────────────────────────────────────────────────────────────────────────────────────────────────────────────────────────────────────────────────────────────────────────────────
1        7.736893e+04   7.736893e+04   6.214095e+04    0.1968   5.988240e+02   5.988240e+02      false       none        882         48        800         48       99       99       3176       3176       1980

Terminating DynamicSDDiP with status: time_limit
------------------------------------------------------------------------------
────────────────────────────────────────────────────────────────────────────────
                                       Time                    Allocations      
                              ───────────────────────   ────────────────────────
      Tot / % measured:             599s /  99.8%           2.31GiB /  81.1%    

Section               ncalls     time    %tot     avg     alloc    %tot      avg
────────────────────────────────────────────────────────────────────────────────
loop                       1     598s  100.0%    598s   1.88GiB  100.0%  1.88GiB
  iterations               1     598s  100.0%    598s   1.88GiB  100.0%  1.88GiB
    backward_pass          1     579s   96.9%    579s   1.76GiB   93.7%  1.76GiB
      solve_BP         1.98k     579s   96.9%   293ms   1.76GiB   93.6%   930KiB
        solve_dual     1.98k     579s   96.9%   292ms   1.75GiB   93.1%   926KiB
          solve_pr...  1.98k     310s   51.8%   156ms   35.3MiB    1.8%  18.2KiB
          solve_la...  1.98k     263s   43.9%   133ms   1.51GiB   80.5%   801KiB
            inner_sol  3.18k     252s   42.1%  79.3ms    885MiB   46.1%   285KiB
              solv...  3.18k     250s   41.8%  78.7ms   39.3MiB    2.0%  12.7KiB
            bundle...  3.18k    2.90s    0.5%   913μs   12.3MiB    0.6%  3.96KiB
            init_a...  1.98k    2.55s    0.4%  1.29ms    216MiB   11.2%   112KiB
            outer_sol  3.18k    2.17s    0.4%   682μs   66.0MiB    3.4%  21.3KiB
            add_cut    3.18k    567ms    0.1%   179μs   73.1MiB    3.8%  23.6KiB
            relax_...  1.98k    396ms    0.1%   200μs   34.6MiB    1.8%  17.9KiB
            restor...  1.98k    176ms    0.0%  88.9μs   12.0MiB    0.6%  6.19KiB
            conver...  1.98k   7.16ms    0.0%  3.61μs    340KiB    0.0%     176B
            minima...  1.98k   2.68ms    0.0%  1.35μs     0.00B    0.0%    0.00B
          dual_ini...  1.98k   2.97ms    0.0%  1.50μs    371KiB    0.0%     192B
        space_change   3.96k   1.64ms    0.0%   413ns     0.00B    0.0%    0.00B
      update_bellman      99   31.7ms    0.0%   320μs    670KiB    0.0%  6.77KiB
        cut_selection     99    222μs    0.0%  2.24μs   18.6KiB    0.0%     192B
    forward_pass           1    18.2s    3.1%   18.2s    121MiB    6.3%   121MiB
      solve_subpro...    100    18.2s    3.1%   182ms    121MiB    6.3%  1.21MiB
        solver_cal...    100    18.2s    3.0%   182ms    108MiB    5.6%  1.08MiB
    calculate_bound        1    149ms    0.0%   149ms    410KiB    0.0%   410KiB
      solver_call_...      1    146ms    0.0%   146ms   29.0KiB    0.0%  29.0KiB
    bin_refinement         1   15.3μs    0.0%  15.3μs     0.00B    0.0%    0.00B
────────────────────────────────────────────────────────────────────────────────

||||||||||||||||||||||||||||||||||||||||||||||||||||||||||||||||||||||||||||||||||||||||||||||||||||||||||||||||||||||||||||||||||||||||
LAGRANGIAN DUAL SOLUTION RESULTS
opt: 1980 times (100.0%)
feas_issues: 0 times (0.0%)
mn_opt: 0 times (0.0%)
conv: 0 times (0.0%)
unbounded: 0 times (0.0%)
bound_issues: 0 times (0.0%)
sub: 0 times (0.0%)
subgr_stalling: 0 times (0.0%)
mn_iter: 0 times (0.0%)
iter: 0 times (0.0%)
mn_issue: 0 times (0.0%)


#########################################################################################################################################
#########################################################################################################################################
#########################################################################################################################################
#########################################################################################################################################
#########################################################################################################################################
DynamicSDDiP.jl (c) Christian Füllner, 2021
re-uses code from SDDP.jl (c) Oscar Dowson, 2017-21
||||||||||||||||||||||||||||||||||||||||||||||||||||||||||||||||||||||||||||||||||||||||||||||||||||||||||||||||||||||||||||||||||||||||
PATH
calling 
C:\Users\cg4102\.julia\dev\DynamicSDDiP.jl\src

DATETIME
2026-03-07T20:33:32.972
||||||||||||||||||||||||||||||||||||||||||||||||||||||||||||||||||||||||||||||||||||||||||||||||||||||||||||||||||||||||||||||||||||||||
STOPPING RULES
SDDP.TimeLimit(500.0)
SDDP.BoundStalling(20, 0.0001)
||||||||||||||||||||||||||||||||||||||||||||||||||||||||||||||||||||||||||||||||||||||||||||||||||||||||||||||||||||||||||||||||||||||||
REGULARIZATION
DynamicSDDiP.NoRegularization()
||||||||||||||||||||||||||||||||||||||||||||||||||||||||||||||||||||||||||||||||||||||||||||||||||||||||||||||||||||||||||||||||||||||||
CUT GENERATION REGIMES
DynamicSDDiP.CutGenerationRegime(DynamicSDDiP.NoStateApproximation(), DynamicSDDiP.LagrangianDuality(0.01, 0.01, 100, DynamicSDDiP.ZeroDuals(), DynamicSDDiP.BothBounds(), DynamicSDDiP.LevelBundle(0.5, true, false), DynamicSDDiP.StandardChoice(), DynamicSDDiP.Lax(), DynamicSDDiP.StateSpaceCopy(), false), 1, Inf, true, 0.0001)

||||||||||||||||||||||||||||||||||||||||||||||||||||||||||||||||||||||||||||||||||||||||||||||||||||||||||||||||||||||||||||||||||||||||
CUT AGGREGATION
DynamicSDDiP.MultiCutRegime()
||||||||||||||||||||||||||||||||||||||||||||||||||||||||||||||||||||||||||||||||||||||||||||||||||||||||||||||||||||||||||||||||||||||||
CUT SELECTION
DynamicSDDiP.NoCutSelection()
||||||||||||||||||||||||||||||||||||||||||||||||||||||||||||||||||||||||||||||||||||||||||||||||||||||||||||||||||||||||||||||||||||||||
APPLIED SOLVERS (LP, MILP, MIQCP, MINLP, NLP, Lagrange)
DynamicSDDiP.AppliedSolvers(true, "Gurobi", "Gurobi", "Gurobi", "Gurobi", "Gurobi", "Gurobi", "Gurobi", "Gurobi", "Gurobi", 0.0001, 300)
DynamicSDDiP.Direct_Solver()
Numerical focus: false
Silent: true
||||||||||||||||||||||||||||||||||||||||||||||||||||||||||||||||||||||||||||||||||||||||||||||||||||||||||||||||||||||||||||||||||||||||
SAMPLING
Used seed for sampling scenarios: 
11111     
||||||||||||||||||||||||||||||||||||||||||||||||||||||||||||||||||||||||||||||||||||||||||||||||||||||||||||||||||||||||||||||||||||||||
RUN DESCRIPTION

||||||||||||||||||||||||||||||||||||||||||||||||||||||||||||||||||||||||||||||||||||||||||||||||||||||||||||||||||||||||||||||||||||||||
PROBLEM DESCRIPTION
Number of stages: 100
Number of realizations per stage: 20
Seed for scenario tree sampling: 12345
Solver: serial mode

────────────────────────────────────────────────────────────────────────────────────────────────────────────────────────────────────────────────────────────────────────────────────────────────────────
It.#               UB        Best UB             LB       Gap           Time        It_Time           Refinements                            #Var.   #Constr.             #Cuts       Lagrangian Dual                                               
                                                          [%]            [s]            [s]          σ       Bin.      Total      {0,1}          ℤ      Total    Total   Active      # It.    # C-It.  # C-Real.  
────────────────────────────────────────────────────────────────────────────────────────────────────────────────────────────────────────────────────────────────────────────────────────────────────────
1        7.736893e+04   7.736893e+04   6.214096e+04    0.1968   7.977230e+02   7.977230e+02      false       none        902         48        800         48     1980     1980       3176       3176       1980

Terminating DynamicSDDiP with status: time_limit
------------------------------------------------------------------------------
────────────────────────────────────────────────────────────────────────────────
                                       Time                    Allocations      
                              ───────────────────────   ────────────────────────
      Tot / % measured:             798s /  99.9%           2.02GiB /  78.4%    

Section               ncalls     time    %tot     avg     alloc    %tot      avg
────────────────────────────────────────────────────────────────────────────────
loop                       1     797s  100.0%    797s   1.59GiB  100.0%  1.59GiB
  iterations               1     797s  100.0%    797s   1.59GiB  100.0%  1.59GiB
    backward_pass          1     779s   97.7%    779s   1.47GiB   92.4%  1.47GiB
      solve_BP         1.98k     778s   97.6%   393ms   1.45GiB   91.7%   771KiB
        solve_dual     1.98k     778s   97.6%   393ms   1.45GiB   91.2%   766KiB
          solve_pr...  1.98k     451s   56.5%   228ms   40.6MiB    2.5%  21.0KiB
          solve_la...  1.98k     327s   41.1%   165ms   1.40GiB   88.3%   741KiB
            inner_sol  3.18k     316s   39.7%   100ms    889MiB   54.7%   287KiB
              solv...  3.18k     314s   39.4%  98.8ms   42.0MiB    2.6%  13.6KiB
            bundle...  3.18k    3.76s    0.5%  1.18ms   12.3MiB    0.8%  3.96KiB
            outer_sol  3.18k    2.46s    0.3%   773μs   64.9MiB    4.0%  20.9KiB
            init_a...  1.98k    2.15s    0.3%  1.09ms    153MiB    9.4%  79.0KiB
            relax_...  1.98k    487ms    0.1%   246μs   34.6MiB    2.1%  17.9KiB
            restor...  1.98k    242ms    0.0%   122μs   12.0MiB    0.7%  6.19KiB
            add_cut    3.18k    234ms    0.0%  73.8μs   45.4MiB    2.8%  14.6KiB
            conver...  1.98k   8.39ms    0.0%  4.24μs    340KiB    0.0%     176B
            minima...  1.98k   3.33ms    0.0%  1.68μs     0.00B    0.0%    0.00B
          dual_ini...  1.98k   3.92ms    0.0%  1.98μs    371KiB    0.0%     192B
        space_change   3.96k   2.06ms    0.0%   521ns     0.00B    0.0%    0.00B
      update_bellman      99    508ms    0.1%  5.13ms   9.43MiB    0.6%  97.5KiB
        cut_selection  1.98k   15.2ms    0.0%  7.65μs    371KiB    0.0%     192B
    forward_pass           1    18.0s    2.3%   18.0s    123MiB    7.5%   123MiB
      solve_subpro...    100    18.0s    2.3%   180ms    122MiB    7.5%  1.22MiB
        solver_cal...    100    18.0s    2.3%   180ms    109MiB    6.7%  1.09MiB
    calculate_bound        1    171ms    0.0%   171ms    407KiB    0.0%   407KiB
      solver_call_...      1    170ms    0.0%   170ms   26.1KiB    0.0%  26.1KiB
    bin_refinement         1   2.40μs    0.0%  2.40μs     0.00B    0.0%    0.00B
────────────────────────────────────────────────────────────────────────────────

||||||||||||||||||||||||||||||||||||||||||||||||||||||||||||||||||||||||||||||||||||||||||||||||||||||||||||||||||||||||||||||||||||||||
LAGRANGIAN DUAL SOLUTION RESULTS
opt: 1980 times (100.0%)
feas_issues: 0 times (0.0%)
mn_opt: 0 times (0.0%)
conv: 0 times (0.0%)
unbounded: 0 times (0.0%)
bound_issues: 0 times (0.0%)
sub: 0 times (0.0%)
subgr_stalling: 0 times (0.0%)
mn_iter: 0 times (0.0%)
iter: 0 times (0.0%)
mn_issue: 0 times (0.0%)


#########################################################################################################################################
#########################################################################################################################################
#########################################################################################################################################
#########################################################################################################################################
#########################################################################################################################################
DynamicSDDiP.jl (c) Christian Füllner, 2021
re-uses code from SDDP.jl (c) Oscar Dowson, 2017-21
||||||||||||||||||||||||||||||||||||||||||||||||||||||||||||||||||||||||||||||||||||||||||||||||||||||||||||||||||||||||||||||||||||||||
PATH
calling 
C:\Users\cg4102\.julia\dev\DynamicSDDiP.jl\src

DATETIME
2026-03-07T20:46:51.627
||||||||||||||||||||||||||||||||||||||||||||||||||||||||||||||||||||||||||||||||||||||||||||||||||||||||||||||||||||||||||||||||||||||||
STOPPING RULES
SDDP.TimeLimit(500.0)
SDDP.BoundStalling(20, 0.0001)
||||||||||||||||||||||||||||||||||||||||||||||||||||||||||||||||||||||||||||||||||||||||||||||||||||||||||||||||||||||||||||||||||||||||
REGULARIZATION
DynamicSDDiP.NoRegularization()
||||||||||||||||||||||||||||||||||||||||||||||||||||||||||||||||||||||||||||||||||||||||||||||||||||||||||||||||||||||||||||||||||||||||
CUT GENERATION REGIMES
DynamicSDDiP.CutGenerationRegime(DynamicSDDiP.NoStateApproximation(), DynamicSDDiP.UnifiedLagrangianDuality(0.01, 0.01, 100, DynamicSDDiP.ZeroDuals(), DynamicSDDiP.BothBounds(), DynamicSDDiP.LevelBundle(0.5, true, false), DynamicSDDiP.StandardChoice(), DynamicSDDiP.Lax(), DynamicSDDiP.L₁_Deep(), DynamicSDDiP.NoDualSpaceRestriction(), DynamicSDDiP.StateSpaceCopy(), nothing, nothing), 1, Inf, true, 0.0001)

||||||||||||||||||||||||||||||||||||||||||||||||||||||||||||||||||||||||||||||||||||||||||||||||||||||||||||||||||||||||||||||||||||||||
CUT AGGREGATION
DynamicSDDiP.MultiCutRegime()
||||||||||||||||||||||||||||||||||||||||||||||||||||||||||||||||||||||||||||||||||||||||||||||||||||||||||||||||||||||||||||||||||||||||
CUT SELECTION
DynamicSDDiP.NoCutSelection()
||||||||||||||||||||||||||||||||||||||||||||||||||||||||||||||||||||||||||||||||||||||||||||||||||||||||||||||||||||||||||||||||||||||||
APPLIED SOLVERS (LP, MILP, MIQCP, MINLP, NLP, Lagrange)
DynamicSDDiP.AppliedSolvers(true, "Gurobi", "Gurobi", "Gurobi", "Gurobi", "Gurobi", "Gurobi", "Gurobi", "Gurobi", "Gurobi", 0.0001, 300)
DynamicSDDiP.Direct_Solver()
Numerical focus: false
Silent: true
||||||||||||||||||||||||||||||||||||||||||||||||||||||||||||||||||||||||||||||||||||||||||||||||||||||||||||||||||||||||||||||||||||||||
SAMPLING
Used seed for sampling scenarios: 
11111     
||||||||||||||||||||||||||||||||||||||||||||||||||||||||||||||||||||||||||||||||||||||||||||||||||||||||||||||||||||||||||||||||||||||||
RUN DESCRIPTION

||||||||||||||||||||||||||||||||||||||||||||||||||||||||||||||||||||||||||||||||||||||||||||||||||||||||||||||||||||||||||||||||||||||||
PROBLEM DESCRIPTION
Number of stages: 100
Number of realizations per stage: 20
Seed for scenario tree sampling: 12345
Solver: serial mode

────────────────────────────────────────────────────────────────────────────────────────────────────────────────────────────────────────────────────────────────────────────────────────────────────────
It.#               UB        Best UB             LB       Gap           Time        It_Time           Refinements                            #Var.   #Constr.             #Cuts       Lagrangian Dual                                               
                                                          [%]            [s]            [s]          σ       Bin.      Total      {0,1}          ℤ      Total    Total   Active      # It.    # C-It.  # C-Real.  
────────────────────────────────────────────────────────────────────────────────────────────────────────────────────────────────────────────────────────────────────────────────────────────────────────
1        7.736893e+04   7.736893e+04   6.149471e+04    0.2052   1.519470e+03   1.519470e+03      false       none        902         48        800         48     1980     1980       3960       3960       1980

Terminating DynamicSDDiP with status: time_limit
------------------------------------------------------------------------------
────────────────────────────────────────────────────────────────────────────────
                                       Time                    Allocations      
                              ───────────────────────   ────────────────────────
      Tot / % measured:            1520s /  99.9%           4.48GiB /  90.2%    

Section               ncalls     time    %tot     avg     alloc    %tot      avg
────────────────────────────────────────────────────────────────────────────────
loop                       1    1519s  100.0%   1519s   4.04GiB  100.0%  4.04GiB
  iterations               1    1519s  100.0%   1519s   4.04GiB  100.0%  4.04GiB
    backward_pass          1    1490s   98.1%   1490s   3.92GiB   97.0%  3.92GiB
      solve_BP         1.98k    1488s   98.0%   751ms   3.86GiB   95.6%  2.00MiB
        solve_dual     1.98k    1488s   98.0%   751ms   3.85GiB   95.4%  1.99MiB
          solve_pr...  1.98k     774s   50.9%   391ms   48.1MiB    1.2%  24.9KiB
          solve_la...  1.98k     710s   46.8%   359ms   3.64GiB   90.2%  1.88MiB
            inner_sol  3.96k     670s   44.1%   169ms   2.63GiB   65.2%   697KiB
              solv...  3.96k     647s   42.6%   163ms   51.7MiB    1.2%  13.4KiB
            bundle...  3.96k    12.0s    0.8%  3.02ms   15.6MiB    0.4%  4.02KiB
            outer_sol  3.96k    5.26s    0.3%  1.33ms   66.6MiB    1.6%  17.2KiB
            init_a...  1.98k    4.21s    0.3%  2.13ms    172MiB    4.2%  88.9KiB
            relax_...  1.98k    692ms    0.0%   350μs   34.6MiB    0.8%  17.9KiB
            add_cut    3.96k    585ms    0.0%   148μs   69.4MiB    1.7%  17.9KiB
            restor...  1.98k    398ms    0.0%   201μs   12.0MiB    0.3%  6.19KiB
            conver...  1.98k   70.2ms    0.0%  35.5μs    733KiB    0.0%     379B
            minima...  1.98k   3.24ms    0.0%  1.63μs     0.00B    0.0%    0.00B
          dual_ini...  1.98k   4.98ms    0.0%  2.52μs    371KiB    0.0%     192B
        space_change   3.96k   3.25ms    0.0%   819ns     0.00B    0.0%    0.00B
      update_bellman      99    2.13s    0.1%  21.5ms   58.6MiB    1.4%   606KiB
        cut_selection  1.98k   7.60ms    0.0%  3.84μs    371KiB    0.0%     192B
    forward_pass           1    28.1s    1.8%   28.1s    123MiB    3.0%   123MiB
      solve_subpro...    100    28.1s    1.8%   281ms    122MiB    3.0%  1.22MiB
        solver_cal...    100    28.0s    1.8%   280ms    109MiB    2.6%  1.09MiB
    calculate_bound        1    376ms    0.0%   376ms    419KiB    0.0%   419KiB
      solver_call_...      1    373ms    0.0%   373ms   38.0KiB    0.0%  38.0KiB
    bin_refinement         1   1.50μs    0.0%  1.50μs     0.00B    0.0%    0.00B
────────────────────────────────────────────────────────────────────────────────

||||||||||||||||||||||||||||||||||||||||||||||||||||||||||||||||||||||||||||||||||||||||||||||||||||||||||||||||||||||||||||||||||||||||
LAGRANGIAN DUAL SOLUTION RESULTS
opt: 1980 times (100.0%)
feas_issues: 0 times (0.0%)
mn_opt: 0 times (0.0%)
conv: 0 times (0.0%)
unbounded: 0 times (0.0%)
bound_issues: 0 times (0.0%)
sub: 0 times (0.0%)
subgr_stalling: 0 times (0.0%)
mn_iter: 0 times (0.0%)
iter: 0 times (0.0%)
mn_issue: 0 times (0.0%)


#########################################################################################################################################
#########################################################################################################################################
#########################################################################################################################################
#########################################################################################################################################
#########################################################################################################################################
DynamicSDDiP.jl (c) Christian Füllner, 2021
re-uses code from SDDP.jl (c) Oscar Dowson, 2017-21
||||||||||||||||||||||||||||||||||||||||||||||||||||||||||||||||||||||||||||||||||||||||||||||||||||||||||||||||||||||||||||||||||||||||
PATH
calling 
C:\Users\cg4102\.julia\dev\DynamicSDDiP.jl\src

DATETIME
2026-03-07T21:12:13.665
||||||||||||||||||||||||||||||||||||||||||||||||||||||||||||||||||||||||||||||||||||||||||||||||||||||||||||||||||||||||||||||||||||||||
STOPPING RULES
SDDP.TimeLimit(500.0)
SDDP.BoundStalling(20, 0.0001)
||||||||||||||||||||||||||||||||||||||||||||||||||||||||||||||||||||||||||||||||||||||||||||||||||||||||||||||||||||||||||||||||||||||||
REGULARIZATION
DynamicSDDiP.NoRegularization()
||||||||||||||||||||||||||||||||||||||||||||||||||||||||||||||||||||||||||||||||||||||||||||||||||||||||||||||||||||||||||||||||||||||||
CUT GENERATION REGIMES
DynamicSDDiP.CutGenerationRegime(DynamicSDDiP.NoStateApproximation(), DynamicSDDiP.UnifiedLagrangianDuality(0.01, 0.01, 100, DynamicSDDiP.ZeroDuals(), DynamicSDDiP.BothBounds(), DynamicSDDiP.LevelBundle(0.5, true, false), DynamicSDDiP.StandardChoice(), DynamicSDDiP.Lax(), DynamicSDDiP.Core_Epsilon(0.01, DynamicSDDiP.StateSpaceCopy(), DynamicSDDiP.IntegerRelax(), DynamicSDDiP.Unbounded_Opt_SB(true), DynamicSDDiP.PrimalObj(), true), DynamicSDDiP.NoDualSpaceRestriction(), DynamicSDDiP.StateSpaceCopy(), nothing, nothing), 1, Inf, true, 0.0001)

||||||||||||||||||||||||||||||||||||||||||||||||||||||||||||||||||||||||||||||||||||||||||||||||||||||||||||||||||||||||||||||||||||||||
CUT AGGREGATION
DynamicSDDiP.MultiCutRegime()
||||||||||||||||||||||||||||||||||||||||||||||||||||||||||||||||||||||||||||||||||||||||||||||||||||||||||||||||||||||||||||||||||||||||
CUT SELECTION
DynamicSDDiP.NoCutSelection()
||||||||||||||||||||||||||||||||||||||||||||||||||||||||||||||||||||||||||||||||||||||||||||||||||||||||||||||||||||||||||||||||||||||||
APPLIED SOLVERS (LP, MILP, MIQCP, MINLP, NLP, Lagrange)
DynamicSDDiP.AppliedSolvers(true, "Gurobi", "Gurobi", "Gurobi", "Gurobi", "Gurobi", "Gurobi", "Gurobi", "Gurobi", "Gurobi", 0.0001, 300)
DynamicSDDiP.Direct_Solver()
Numerical focus: false
Silent: true
||||||||||||||||||||||||||||||||||||||||||||||||||||||||||||||||||||||||||||||||||||||||||||||||||||||||||||||||||||||||||||||||||||||||
SAMPLING
Used seed for sampling scenarios: 
11111     
||||||||||||||||||||||||||||||||||||||||||||||||||||||||||||||||||||||||||||||||||||||||||||||||||||||||||||||||||||||||||||||||||||||||
RUN DESCRIPTION

||||||||||||||||||||||||||||||||||||||||||||||||||||||||||||||||||||||||||||||||||||||||||||||||||||||||||||||||||||||||||||||||||||||||
PROBLEM DESCRIPTION
Number of stages: 100
Number of realizations per stage: 20
Seed for scenario tree sampling: 12345
Solver: serial mode

────────────────────────────────────────────────────────────────────────────────────────────────────────────────────────────────────────────────────────────────────────────────────────────────────────
It.#               UB        Best UB             LB       Gap           Time        It_Time           Refinements                            #Var.   #Constr.             #Cuts       Lagrangian Dual                                               
                                                          [%]            [s]            [s]          σ       Bin.      Total      {0,1}          ℤ      Total    Total   Active      # It.    # C-It.  # C-Real.  
────────────────────────────────────────────────────────────────────────────────────────────────────────────────────────────────────────────────────────────────────────────────────────────────────────


#########################################################################################################################################
#########################################################################################################################################
#########################################################################################################################################
#########################################################################################################################################
#########################################################################################################################################
DynamicSDDiP.jl (c) Christian Füllner, 2021
re-uses code from SDDP.jl (c) Oscar Dowson, 2017-21
||||||||||||||||||||||||||||||||||||||||||||||||||||||||||||||||||||||||||||||||||||||||||||||||||||||||||||||||||||||||||||||||||||||||
PATH
calling 
C:\Users\cg4102\.julia\dev\DynamicSDDiP.jl\src

DATETIME
2026-03-07T22:10:21.237
||||||||||||||||||||||||||||||||||||||||||||||||||||||||||||||||||||||||||||||||||||||||||||||||||||||||||||||||||||||||||||||||||||||||
STOPPING RULES
SDDP.TimeLimit(500.0)
SDDP.BoundStalling(20, 0.0001)
||||||||||||||||||||||||||||||||||||||||||||||||||||||||||||||||||||||||||||||||||||||||||||||||||||||||||||||||||||||||||||||||||||||||
REGULARIZATION
DynamicSDDiP.NoRegularization()
||||||||||||||||||||||||||||||||||||||||||||||||||||||||||||||||||||||||||||||||||||||||||||||||||||||||||||||||||||||||||||||||||||||||
CUT GENERATION REGIMES
DynamicSDDiP.CutGenerationRegime(DynamicSDDiP.NoStateApproximation(), DynamicSDDiP.UnifiedLagrangianDuality(0.01, 0.01, 100, DynamicSDDiP.ZeroDuals(), DynamicSDDiP.BothBounds(), DynamicSDDiP.LevelBundle(0.5, true, false), DynamicSDDiP.StandardChoice(), DynamicSDDiP.Lax(), DynamicSDDiP.Core_Epsilon(0.01, DynamicSDDiP.StateSpaceCopy(), DynamicSDDiP.IntegerRelax(), DynamicSDDiP.Unbounded_Opt_SB(true), DynamicSDDiP.PrimalObj(), true), DynamicSDDiP.NoDualSpaceRestriction(), DynamicSDDiP.StateSpaceCopy(), nothing, nothing), 1, Inf, true, 0.0001)

||||||||||||||||||||||||||||||||||||||||||||||||||||||||||||||||||||||||||||||||||||||||||||||||||||||||||||||||||||||||||||||||||||||||
CUT AGGREGATION
DynamicSDDiP.MultiCutRegime()
||||||||||||||||||||||||||||||||||||||||||||||||||||||||||||||||||||||||||||||||||||||||||||||||||||||||||||||||||||||||||||||||||||||||
CUT SELECTION
DynamicSDDiP.NoCutSelection()
||||||||||||||||||||||||||||||||||||||||||||||||||||||||||||||||||||||||||||||||||||||||||||||||||||||||||||||||||||||||||||||||||||||||
APPLIED SOLVERS (LP, MILP, MIQCP, MINLP, NLP, Lagrange)
DynamicSDDiP.AppliedSolvers(true, "Gurobi", "Gurobi", "Gurobi", "Gurobi", "Gurobi", "Gurobi", "Gurobi", "Gurobi", "Gurobi", 0.0001, 300)
DynamicSDDiP.Direct_Solver()
Numerical focus: false
Silent: true
||||||||||||||||||||||||||||||||||||||||||||||||||||||||||||||||||||||||||||||||||||||||||||||||||||||||||||||||||||||||||||||||||||||||
SAMPLING
Used seed for sampling scenarios: 
11111     
||||||||||||||||||||||||||||||||||||||||||||||||||||||||||||||||||||||||||||||||||||||||||||||||||||||||||||||||||||||||||||||||||||||||
RUN DESCRIPTION

||||||||||||||||||||||||||||||||||||||||||||||||||||||||||||||||||||||||||||||||||||||||||||||||||||||||||||||||||||||||||||||||||||||||
PROBLEM DESCRIPTION
Number of stages: 5
Number of realizations per stage: 20
Seed for scenario tree sampling: 12345
Solver: serial mode

────────────────────────────────────────────────────────────────────────────────────────────────────────────────────────────────────────────────────────────────────────────────────────────────────────
It.#               UB        Best UB             LB       Gap           Time        It_Time           Refinements                            #Var.   #Constr.             #Cuts       Lagrangian Dual                                               
                                                          [%]            [s]            [s]          σ       Bin.      Total      {0,1}          ℤ      Total    Total   Active      # It.    # C-It.  # C-Real.  
────────────────────────────────────────────────────────────────────────────────────────────────────────────────────────────────────────────────────────────────────────────────────────────────────────
1        3.401810e+03   3.401810e+03   9.947592e+02    0.7076   2.672470e+02   2.672470e+02      false       none        902         48        800         48       80       80        936        936         80
2        4.350370e+03   3.401810e+03   1.297602e+03    0.6186   4.718010e+02   2.045540e+02      false       none        902         48        800         48      160      160        975        975         80
3        4.212300e+03   3.401810e+03   1.657667e+03    0.5127   7.861510e+02   3.143500e+02      false       none        902         48        800         48      240      240       1246       1246         80

Terminating DynamicSDDiP with status: time_limit
------------------------------------------------------------------------------
────────────────────────────────────────────────────────────────────────────────
                                       Time                    Allocations      
                              ───────────────────────   ────────────────────────
      Tot / % measured:             790s /  99.2%           4.39GiB /  94.4%    

Section               ncalls     time    %tot     avg     alloc    %tot      avg
────────────────────────────────────────────────────────────────────────────────
loop                       1     783s  100.0%    783s   4.14GiB  100.0%  4.14GiB
  iterations               3     782s   99.9%    261s   4.12GiB   99.5%  1.37GiB
    backward_pass          3     772s   98.5%    257s   4.00GiB   96.5%  1.33GiB
      solve_BP           240     768s   98.1%   3.20s   3.97GiB   95.8%  16.9MiB
        solve_dual       240     767s   98.0%   3.20s   3.97GiB   95.7%  16.9MiB
          solve_la...    240     684s   87.4%   2.85s   2.56GiB   61.9%  10.9MiB
            inner_sol  3.16k     665s   84.9%   211ms   2.08GiB   50.2%   691KiB
              solv...  3.16k     654s   83.6%   207ms    104MiB    2.5%  33.8KiB
            bundle...  3.16k    6.30s    0.8%  1.99ms   13.5MiB    0.3%  4.38KiB
            outer_sol  3.16k    2.48s    0.3%   784μs   16.0MiB    0.4%  5.18KiB
            init_a...    240    855ms    0.1%  3.56ms   51.3MiB    1.2%   219KiB
            add_cut    3.16k    540ms    0.1%   171μs   72.9MiB    1.7%  23.7KiB
            relax_...    240   32.8ms    0.0%   137μs   4.82MiB    0.1%  20.6KiB
            restor...    240   25.5ms    0.0%   106μs   1.83MiB    0.0%  7.81KiB
            conver...    240   14.2ms    0.0%  59.0μs    434KiB    0.0%  1.81KiB
            minima...    240    232μs    0.0%   968ns     0.00B    0.0%    0.00B
          solve_pr...    720    26.8s    3.4%  37.2ms   5.93MiB    0.1%  8.44KiB
          solve_core     240    901ms    0.1%  3.75ms    629KiB    0.0%  2.62KiB
          dual_ini...    240    612μs    0.0%  2.55μs   45.0KiB    0.0%     192B
        space_change     480    255μs    0.0%   530ns     0.00B    0.0%    0.00B
      update_bellman      12    1.06s    0.1%  88.1ms   5.96MiB    0.1%   509KiB
        cut_selection    240    333μs    0.0%  1.39μs   20.0KiB    0.0%    85.3B
    forward_pass           3    10.0s    1.3%   3.34s    117MiB    2.8%  39.2MiB
      solve_subpro...     15    9.84s    1.3%   656ms    117MiB    2.8%  7.81MiB
        solver_cal...     15    3.74s    0.5%   250ms   22.5MiB    0.5%  1.50MiB
    calculate_bound        3    380ms    0.0%   127ms   7.86MiB    0.2%  2.62MiB
      solver_call_...      3   33.7ms    0.0%  11.2ms   14.2KiB    0.0%  4.74KiB
    bin_refinement         3   36.2μs    0.0%  12.1μs     0.00B    0.0%    0.00B
────────────────────────────────────────────────────────────────────────────────

||||||||||||||||||||||||||||||||||||||||||||||||||||||||||||||||||||||||||||||||||||||||||||||||||||||||||||||||||||||||||||||||||||||||
LAGRANGIAN DUAL SOLUTION RESULTS
opt: 240 times (100.0%)
feas_issues: 0 times (0.0%)
mn_opt: 0 times (0.0%)
conv: 0 times (0.0%)
unbounded: 0 times (0.0%)
bound_issues: 0 times (0.0%)
sub: 0 times (0.0%)
subgr_stalling: 0 times (0.0%)
mn_iter: 0 times (0.0%)
iter: 0 times (0.0%)
mn_issue: 0 times (0.0%)


#########################################################################################################################################
#########################################################################################################################################
#########################################################################################################################################
#########################################################################################################################################
#########################################################################################################################################
DynamicSDDiP.jl (c) Christian Füllner, 2021
re-uses code from SDDP.jl (c) Oscar Dowson, 2017-21
||||||||||||||||||||||||||||||||||||||||||||||||||||||||||||||||||||||||||||||||||||||||||||||||||||||||||||||||||||||||||||||||||||||||
PATH
calling 
C:\Users\cg4102\.julia\dev\DynamicSDDiP.jl\src

DATETIME
2026-03-07T22:23:28.859
||||||||||||||||||||||||||||||||||||||||||||||||||||||||||||||||||||||||||||||||||||||||||||||||||||||||||||||||||||||||||||||||||||||||
STOPPING RULES
SDDP.TimeLimit(500.0)
SDDP.BoundStalling(20, 0.0001)
||||||||||||||||||||||||||||||||||||||||||||||||||||||||||||||||||||||||||||||||||||||||||||||||||||||||||||||||||||||||||||||||||||||||
REGULARIZATION
DynamicSDDiP.NoRegularization()
||||||||||||||||||||||||||||||||||||||||||||||||||||||||||||||||||||||||||||||||||||||||||||||||||||||||||||||||||||||||||||||||||||||||
CUT GENERATION REGIMES
DynamicSDDiP.CutGenerationRegime(DynamicSDDiP.NoStateApproximation(), DynamicSDDiP.UnifiedLagrangianDuality(0.01, 0.01, 100, DynamicSDDiP.ZeroDuals(), DynamicSDDiP.BothBounds(), DynamicSDDiP.LevelBundle(0.5, true, false), DynamicSDDiP.StandardChoice(), DynamicSDDiP.Lax(), DynamicSDDiP.Core_Conv(0.5, DynamicSDDiP.StateSpaceCopy(), DynamicSDDiP.NoIntegerRelax(), DynamicSDDiP.Unbounded_Opt_SB(true), DynamicSDDiP.PrimalObj(), true), DynamicSDDiP.NoDualSpaceRestriction(), DynamicSDDiP.StateSpaceCopy(), nothing, nothing), 1, Inf, true, 0.0001)

||||||||||||||||||||||||||||||||||||||||||||||||||||||||||||||||||||||||||||||||||||||||||||||||||||||||||||||||||||||||||||||||||||||||
CUT AGGREGATION
DynamicSDDiP.MultiCutRegime()
||||||||||||||||||||||||||||||||||||||||||||||||||||||||||||||||||||||||||||||||||||||||||||||||||||||||||||||||||||||||||||||||||||||||
CUT SELECTION
DynamicSDDiP.NoCutSelection()
||||||||||||||||||||||||||||||||||||||||||||||||||||||||||||||||||||||||||||||||||||||||||||||||||||||||||||||||||||||||||||||||||||||||
APPLIED SOLVERS (LP, MILP, MIQCP, MINLP, NLP, Lagrange)
DynamicSDDiP.AppliedSolvers(true, "Gurobi", "Gurobi", "Gurobi", "Gurobi", "Gurobi", "Gurobi", "Gurobi", "Gurobi", "Gurobi", 0.0001, 300)
DynamicSDDiP.Direct_Solver()
Numerical focus: false
Silent: true
||||||||||||||||||||||||||||||||||||||||||||||||||||||||||||||||||||||||||||||||||||||||||||||||||||||||||||||||||||||||||||||||||||||||
SAMPLING
Used seed for sampling scenarios: 
11111     
||||||||||||||||||||||||||||||||||||||||||||||||||||||||||||||||||||||||||||||||||||||||||||||||||||||||||||||||||||||||||||||||||||||||
RUN DESCRIPTION

||||||||||||||||||||||||||||||||||||||||||||||||||||||||||||||||||||||||||||||||||||||||||||||||||||||||||||||||||||||||||||||||||||||||
PROBLEM DESCRIPTION
Number of stages: 5
Number of realizations per stage: 20
Seed for scenario tree sampling: 12345
Solver: serial mode

────────────────────────────────────────────────────────────────────────────────────────────────────────────────────────────────────────────────────────────────────────────────────────────────────────
It.#               UB        Best UB             LB       Gap           Time        It_Time           Refinements                            #Var.   #Constr.             #Cuts       Lagrangian Dual                                               
                                                          [%]            [s]            [s]          σ       Bin.      Total      {0,1}          ℤ      Total    Total   Active      # It.    # C-It.  # C-Real.  
────────────────────────────────────────────────────────────────────────────────────────────────────────────────────────────────────────────────────────────────────────────────────────────────────────
1        3.401810e+03   3.401810e+03   3.536056e+03    0.0380   3.211650e+02   3.211650e+02      false       none        902         48        800         48       80       80       1166       1166         80
2        3.929727e+03   3.401810e+03   3.585253e+03    0.0512   1.380982e+03   1.059817e+03      false       none        902         48        800         48      159      159       1905       1905         80

Terminating DynamicSDDiP with status: time_limit
------------------------------------------------------------------------------
────────────────────────────────────────────────────────────────────────────────
                                       Time                    Allocations      
                              ───────────────────────   ────────────────────────
      Tot / % measured:            1381s / 100.0%           2.76GiB /  99.2%    

Section               ncalls     time    %tot     avg     alloc    %tot      avg
────────────────────────────────────────────────────────────────────────────────
loop                       1    1381s  100.0%   1381s   2.74GiB  100.0%  2.74GiB
  iterations               2    1381s  100.0%    690s   2.74GiB  100.0%  1.37GiB
    backward_pass          2    1379s   99.9%    690s   2.73GiB   99.7%  1.37GiB
      solve_BP           160    1379s   99.9%   8.62s   2.73GiB   99.7%  17.5MiB
        solve_dual       160    1379s   99.9%   8.62s   2.73GiB   99.7%  17.5MiB
          solve_la...    160    1263s   91.5%   7.89s   2.37GiB   86.5%  15.2MiB
            inner_sol  3.07k    1243s   90.0%   405ms   2.01GiB   73.2%   685KiB
              solv...  3.07k    1227s   88.9%   400ms   87.5MiB    3.1%  29.2KiB
            bundle...  3.07k    12.6s    0.9%  4.11ms   13.6MiB    0.5%  4.55KiB
            outer_sol  3.07k    3.95s    0.3%  1.29ms   12.3MiB    0.4%  4.09KiB
            add_cut    3.07k    436ms    0.0%   142μs   58.6MiB    2.1%  19.5KiB
            init_a...    160    232ms    0.0%  1.45ms   15.3MiB    0.5%  98.1KiB
            relax_...    160   24.9ms    0.0%   156μs   2.52MiB    0.1%  16.1KiB
            restor...    160   23.2ms    0.0%   145μs   1.22MiB    0.0%  7.81KiB
            conver...    160   1.02ms    0.0%  6.37μs   27.5KiB    0.0%     176B
            minima...    160    159μs    0.0%   995ns     0.00B    0.0%    0.00B
          solve_core     160    47.6s    3.4%   297ms   3.84MiB    0.1%  24.6KiB
          solve_pr...    480    46.0s    3.3%  95.8ms   4.85MiB    0.2%  10.3KiB
          dual_ini...    160    429μs    0.0%  2.68μs   30.0KiB    0.0%     192B
        space_change     320    196μs    0.0%   613ns     0.00B    0.0%    0.00B
      update_bellman       8   61.1ms    0.0%  7.64ms   1.59MiB    0.1%   204KiB
        cut_selection    159    378μs    0.0%  2.38μs   17.5KiB    0.0%     113B
    forward_pass           2    1.73s    0.1%   866ms   6.32MiB    0.2%  3.16MiB
      solve_subpro...     10    1.73s    0.1%   173ms   6.29MiB    0.2%   644KiB
        solver_cal...     10    1.73s    0.1%   173ms   5.53MiB    0.2%   566KiB
    calculate_bound        2   77.9ms    0.0%  39.0ms    757KiB    0.0%   379KiB
      solver_call_...      2   67.4ms    0.0%  33.7ms   9.52KiB    0.0%  4.76KiB
    bin_refinement         2   5.50μs    0.0%  2.75μs     0.00B    0.0%    0.00B
────────────────────────────────────────────────────────────────────────────────

||||||||||||||||||||||||||||||||||||||||||||||||||||||||||||||||||||||||||||||||||||||||||||||||||||||||||||||||||||||||||||||||||||||||
LAGRANGIAN DUAL SOLUTION RESULTS
opt: 160 times (100.0%)
feas_issues: 0 times (0.0%)
mn_opt: 0 times (0.0%)
conv: 0 times (0.0%)
unbounded: 0 times (0.0%)
bound_issues: 0 times (0.0%)
sub: 0 times (0.0%)
subgr_stalling: 0 times (0.0%)
mn_iter: 0 times (0.0%)
iter: 0 times (0.0%)
mn_issue: 0 times (0.0%)


#########################################################################################################################################
#########################################################################################################################################
#########################################################################################################################################
#########################################################################################################################################
#########################################################################################################################################
DynamicSDDiP.jl (c) Christian Füllner, 2021
re-uses code from SDDP.jl (c) Oscar Dowson, 2017-21
||||||||||||||||||||||||||||||||||||||||||||||||||||||||||||||||||||||||||||||||||||||||||||||||||||||||||||||||||||||||||||||||||||||||
PATH
calling 
C:\Users\cg4102\.julia\dev\DynamicSDDiP.jl\src

DATETIME
2026-03-08T00:00:14.325
||||||||||||||||||||||||||||||||||||||||||||||||||||||||||||||||||||||||||||||||||||||||||||||||||||||||||||||||||||||||||||||||||||||||
STOPPING RULES
SDDP.TimeLimit(100.0)
SDDP.BoundStalling(20, 0.0001)
||||||||||||||||||||||||||||||||||||||||||||||||||||||||||||||||||||||||||||||||||||||||||||||||||||||||||||||||||||||||||||||||||||||||
REGULARIZATION
DynamicSDDiP.NoRegularization()
||||||||||||||||||||||||||||||||||||||||||||||||||||||||||||||||||||||||||||||||||||||||||||||||||||||||||||||||||||||||||||||||||||||||
CUT GENERATION REGIMES
DynamicSDDiP.CutGenerationRegime(DynamicSDDiP.NoStateApproximation(), DynamicSDDiP.LinearDuality(), 1, Inf, true, 0.0001)

||||||||||||||||||||||||||||||||||||||||||||||||||||||||||||||||||||||||||||||||||||||||||||||||||||||||||||||||||||||||||||||||||||||||
CUT AGGREGATION
DynamicSDDiP.SingleCutRegime()
||||||||||||||||||||||||||||||||||||||||||||||||||||||||||||||||||||||||||||||||||||||||||||||||||||||||||||||||||||||||||||||||||||||||
CUT SELECTION
DynamicSDDiP.NoCutSelection()
||||||||||||||||||||||||||||||||||||||||||||||||||||||||||||||||||||||||||||||||||||||||||||||||||||||||||||||||||||||||||||||||||||||||
APPLIED SOLVERS (LP, MILP, MIQCP, MINLP, NLP, Lagrange)
DynamicSDDiP.AppliedSolvers(true, "Gurobi", "Gurobi", "Gurobi", "Gurobi", "Gurobi", "Gurobi", "Gurobi", "Gurobi", "Gurobi", 0.0001, 300)
DynamicSDDiP.Direct_Solver()
Numerical focus: false
Silent: true
||||||||||||||||||||||||||||||||||||||||||||||||||||||||||||||||||||||||||||||||||||||||||||||||||||||||||||||||||||||||||||||||||||||||
SAMPLING
Used seed for sampling scenarios: 
11111     
||||||||||||||||||||||||||||||||||||||||||||||||||||||||||||||||||||||||||||||||||||||||||||||||||||||||||||||||||||||||||||||||||||||||
RUN DESCRIPTION

||||||||||||||||||||||||||||||||||||||||||||||||||||||||||||||||||||||||||||||||||||||||||||||||||||||||||||||||||||||||||||||||||||||||
PROBLEM DESCRIPTION
Number of stages: 5
Number of realizations per stage: 20
Seed for scenario tree sampling: 12345
Solver: serial mode

────────────────────────────────────────────────────────────────────────────────────────────────────────────────────────────────────────────────────────────────────────────────────────────────────────
It.#               UB        Best UB             LB       Gap           Time        It_Time           Refinements                            #Var.   #Constr.             #Cuts       Lagrangian Dual                                               
                                                          [%]            [s]            [s]          σ       Bin.      Total      {0,1}          ℤ      Total    Total   Active      # It.    # C-It.  # C-Real.  
────────────────────────────────────────────────────────────────────────────────────────────────────────────────────────────────────────────────────────────────────────────────────────────────────────
1        3.401810e+03   3.401810e+03   2.727532e+03    0.1982   1.243500e+01   1.243500e+01      false       none        882         48        800         48        4        4          0          0          0
2        4.167179e+03   3.401810e+03   2.775778e+03    0.1840   2.372000e+01   1.128500e+01      false       none        882         48        800         48        8        8          0          0          0
3        3.878021e+03   3.401810e+03   2.811319e+03    0.1736   3.013400e+01   6.414000e+00      false       none        882         48        800         48       12       12          0          0          0
4        3.436387e+03   3.401810e+03   2.875417e+03    0.1547   3.834300e+01   8.209000e+00      false       none        882         48        800         48       16       16          0          0          0
5        4.026376e+03   3.401810e+03   2.881871e+03    0.1528   4.578800e+01   7.445000e+00      false       none        882         48        800         48       20       20          0          0          0
6        3.530649e+03   3.401810e+03   2.892815e+03    0.1496   5.316100e+01   7.373000e+00      false       none        882         48        800         48       24       24          0          0          0
7        3.405317e+03   3.401810e+03   2.897645e+03    0.1482   5.939900e+01   6.238000e+00      false       none        882         48        800         48       28       28          0          0          0
8        3.467153e+03   3.401810e+03   2.925130e+03    0.1401   6.620200e+01   6.803000e+00      false       none        882         48        800         48       32       32          0          0          0
9        3.930533e+03   3.401810e+03   2.927800e+03    0.1393   7.335300e+01   7.151000e+00      false       none        882         48        800         48       36       36          0          0          0
10       4.062894e+03   3.401810e+03   2.949615e+03    0.1329   8.035000e+01   6.997000e+00      false       none        882         48        800         48       40       40          0          0          0
11       4.167858e+03   3.401810e+03   2.950265e+03    0.1327   8.737800e+01   7.028000e+00      false       none        882         48        800         48       44       44          0          0          0
12       3.554511e+03   3.401810e+03   2.968743e+03    0.1273   9.387200e+01   6.494000e+00      false       none        882         48        800         48       48       48          0          0          0
13       3.714160e+03   3.401810e+03   2.970670e+03    0.1267   1.007980e+02   6.926000e+00      false       none        882         48        800         48       52       52          0          0          0

Terminating DynamicSDDiP with status: time_limit
------------------------------------------------------------------------------
────────────────────────────────────────────────────────────────────────────────
                                       Time                    Allocations      
                              ───────────────────────   ────────────────────────
      Tot / % measured:             101s /  99.8%           1.10GiB /  97.9%    

Section               ncalls     time    %tot     avg     alloc    %tot      avg
────────────────────────────────────────────────────────────────────────────────
loop                       1     101s  100.0%    101s   1.07GiB  100.0%  1.07GiB
  iterations              13     101s   99.9%   7.74s   1.07GiB  100.0%  84.5MiB
    backward_pass         13    87.9s   87.3%   6.76s   1.06GiB   98.8%  83.5MiB
      solve_BP         1.04k    87.8s   87.2%  84.4ms   1.06GiB   98.6%  1.04MiB
        solve_dual     1.04k    87.7s   87.1%  84.4ms   1.05GiB   98.2%  1.04MiB
          LP_relax...  1.04k    87.6s   87.0%  84.2ms   1.05GiB   97.8%  1.03MiB
            solver...  1.04k    1.80s    1.8%  1.73ms   2.14MiB    0.2%  2.11KiB
        space_change   2.08k   1.10ms    0.0%   531ns     0.00B    0.0%    0.00B
      update_bellman      52   21.0ms    0.0%   403μs    374KiB    0.0%  7.18KiB
        cut_selection     52    102μs    0.0%  1.97μs   4.88KiB    0.0%    96.0B
    forward_pass          13    11.7s   11.6%   901ms   8.48MiB    0.8%   668KiB
      solve_subpro...     65    11.7s   11.6%   180ms   8.30MiB    0.8%   131KiB
        solver_cal...     65    11.7s   11.6%   180ms   6.63MiB    0.6%   104KiB
    calculate_bound       13    1.06s    1.0%  81.2ms   4.91MiB    0.4%   387KiB
      solver_call_...     13    1.03s    1.0%  79.5ms    174KiB    0.0%  13.4KiB
    bin_refinement        13   28.6μs    0.0%  2.20μs     0.00B    0.0%    0.00B
────────────────────────────────────────────────────────────────────────────────

||||||||||||||||||||||||||||||||||||||||||||||||||||||||||||||||||||||||||||||||||||||||||||||||||||||||||||||||||||||||||||||||||||||||
LAGRANGIAN DUAL SOLUTION RESULTS
opt: 0 times (NaN%)
feas_issues: 0 times (NaN%)
mn_opt: 0 times (NaN%)
conv: 0 times (NaN%)
unbounded: 0 times (NaN%)
bound_issues: 0 times (NaN%)
sub: 0 times (NaN%)
subgr_stalling: 0 times (NaN%)
mn_iter: 0 times (NaN%)
iter: 0 times (NaN%)
mn_issue: 0 times (NaN%)


#########################################################################################################################################
#########################################################################################################################################
#########################################################################################################################################
#########################################################################################################################################
#########################################################################################################################################
DynamicSDDiP.jl (c) Christian Füllner, 2021
re-uses code from SDDP.jl (c) Oscar Dowson, 2017-21
||||||||||||||||||||||||||||||||||||||||||||||||||||||||||||||||||||||||||||||||||||||||||||||||||||||||||||||||||||||||||||||||||||||||
PATH
calling 
C:\Users\cg4102\.julia\dev\DynamicSDDiP.jl\src

DATETIME
2026-03-08T00:04:03.620
||||||||||||||||||||||||||||||||||||||||||||||||||||||||||||||||||||||||||||||||||||||||||||||||||||||||||||||||||||||||||||||||||||||||
STOPPING RULES
SDDP.TimeLimit(20.0)
SDDP.BoundStalling(20, 0.0001)
||||||||||||||||||||||||||||||||||||||||||||||||||||||||||||||||||||||||||||||||||||||||||||||||||||||||||||||||||||||||||||||||||||||||
REGULARIZATION
DynamicSDDiP.NoRegularization()
||||||||||||||||||||||||||||||||||||||||||||||||||||||||||||||||||||||||||||||||||||||||||||||||||||||||||||||||||||||||||||||||||||||||
CUT GENERATION REGIMES
DynamicSDDiP.CutGenerationRegime(DynamicSDDiP.NoStateApproximation(), DynamicSDDiP.LinearDuality(), 1, Inf, true, 0.0001)

||||||||||||||||||||||||||||||||||||||||||||||||||||||||||||||||||||||||||||||||||||||||||||||||||||||||||||||||||||||||||||||||||||||||
CUT AGGREGATION
DynamicSDDiP.SingleCutRegime()
||||||||||||||||||||||||||||||||||||||||||||||||||||||||||||||||||||||||||||||||||||||||||||||||||||||||||||||||||||||||||||||||||||||||
CUT SELECTION
DynamicSDDiP.NoCutSelection()
||||||||||||||||||||||||||||||||||||||||||||||||||||||||||||||||||||||||||||||||||||||||||||||||||||||||||||||||||||||||||||||||||||||||
APPLIED SOLVERS (LP, MILP, MIQCP, MINLP, NLP, Lagrange)
DynamicSDDiP.AppliedSolvers(true, "Gurobi", "Gurobi", "Gurobi", "Gurobi", "Gurobi", "Gurobi", "Gurobi", "Gurobi", "Gurobi", 0.0001, 300)
DynamicSDDiP.Direct_Solver()
Numerical focus: false
Silent: true
||||||||||||||||||||||||||||||||||||||||||||||||||||||||||||||||||||||||||||||||||||||||||||||||||||||||||||||||||||||||||||||||||||||||
SAMPLING
Used seed for sampling scenarios: 
11111     
||||||||||||||||||||||||||||||||||||||||||||||||||||||||||||||||||||||||||||||||||||||||||||||||||||||||||||||||||||||||||||||||||||||||
RUN DESCRIPTION

||||||||||||||||||||||||||||||||||||||||||||||||||||||||||||||||||||||||||||||||||||||||||||||||||||||||||||||||||||||||||||||||||||||||
PROBLEM DESCRIPTION
Number of stages: 5
Number of realizations per stage: 20
Seed for scenario tree sampling: 12345
Solver: serial mode

────────────────────────────────────────────────────────────────────────────────────────────────────────────────────────────────────────────────────────────────────────────────────────────────────────
It.#               UB        Best UB             LB       Gap           Time        It_Time           Refinements                            #Var.   #Constr.             #Cuts       Lagrangian Dual                                               
                                                          [%]            [s]            [s]          σ       Bin.      Total      {0,1}          ℤ      Total    Total   Active      # It.    # C-It.  # C-Real.  
────────────────────────────────────────────────────────────────────────────────────────────────────────────────────────────────────────────────────────────────────────────────────────────────────────
1        3.401810e+03   3.401810e+03   2.727532e+03    0.1982   6.973000e+00   6.973000e+00      false       none        882         48        800         48        4        4          0          0          0
2        4.167179e+03   3.401810e+03   2.775778e+03    0.1840   1.347800e+01   6.505000e+00      false       none        882         48        800         48        8        8          0          0          0
3        3.878021e+03   3.401810e+03   2.811319e+03    0.1736   1.995400e+01   6.476000e+00      false       none        882         48        800         48       12       12          0          0          0
4        3.436387e+03   3.401810e+03   2.875417e+03    0.1547   2.635600e+01   6.402000e+00      false       none        882         48        800         48       16       16          0          0          0

Terminating DynamicSDDiP with status: time_limit
------------------------------------------------------------------------------
────────────────────────────────────────────────────────────────────────────────
                                       Time                    Allocations      
                              ───────────────────────   ────────────────────────
      Tot / % measured:            26.4s /  99.5%            359MiB /  93.8%    

Section               ncalls     time    %tot     avg     alloc    %tot      avg
────────────────────────────────────────────────────────────────────────────────
loop                       1    26.3s  100.0%   26.3s    337MiB  100.0%   337MiB
  iterations               4    26.2s   99.9%   6.56s    337MiB  100.0%  84.2MiB
    backward_pass          4    22.7s   86.6%   5.69s    328MiB   97.5%  82.1MiB
      solve_BP           320    22.7s   86.6%  71.0ms    328MiB   97.4%  1.03MiB
        solve_dual       320    22.7s   86.5%  71.0ms    327MiB   97.0%  1.02MiB
          LP_relax...    320    22.7s   86.5%  71.0ms    326MiB   96.8%  1.02MiB
            solver...    320    408ms    1.6%  1.28ms    675KiB    0.2%  2.11KiB
        space_change     640    284μs    0.0%   445ns     0.00B    0.0%    0.00B
      update_bellman      16   4.92ms    0.0%   307μs    112KiB    0.0%  7.01KiB
        cut_selection     16   28.1μs    0.0%  1.76μs   1.12KiB    0.0%    72.0B
    forward_pass           4    3.33s   12.7%   833ms   6.79MiB    2.0%  1.70MiB
      solve_subpro...     20    3.33s   12.7%   167ms   6.73MiB    2.0%   345KiB
        solver_cal...     20    3.31s   12.6%   166ms   5.66MiB    1.7%   290KiB
    calculate_bound        4    169ms    0.6%  42.3ms   1.49MiB    0.4%   381KiB
      solver_call_...      4    163ms    0.6%  40.8ms   29.7KiB    0.0%  7.43KiB
    bin_refinement         4   8.70μs    0.0%  2.17μs     0.00B    0.0%    0.00B
────────────────────────────────────────────────────────────────────────────────

||||||||||||||||||||||||||||||||||||||||||||||||||||||||||||||||||||||||||||||||||||||||||||||||||||||||||||||||||||||||||||||||||||||||
LAGRANGIAN DUAL SOLUTION RESULTS
opt: 0 times (NaN%)
feas_issues: 0 times (NaN%)
mn_opt: 0 times (NaN%)
conv: 0 times (NaN%)
unbounded: 0 times (NaN%)
bound_issues: 0 times (NaN%)
sub: 0 times (NaN%)
subgr_stalling: 0 times (NaN%)
mn_iter: 0 times (NaN%)
iter: 0 times (NaN%)
mn_issue: 0 times (NaN%)


#########################################################################################################################################
#########################################################################################################################################
#########################################################################################################################################
#########################################################################################################################################
#########################################################################################################################################
DynamicSDDiP.jl (c) Christian Füllner, 2021
re-uses code from SDDP.jl (c) Oscar Dowson, 2017-21
||||||||||||||||||||||||||||||||||||||||||||||||||||||||||||||||||||||||||||||||||||||||||||||||||||||||||||||||||||||||||||||||||||||||
PATH
calling 
C:\Users\cg4102\.julia\dev\DynamicSDDiP.jl\src

DATETIME
2026-03-08T00:20:39.158
||||||||||||||||||||||||||||||||||||||||||||||||||||||||||||||||||||||||||||||||||||||||||||||||||||||||||||||||||||||||||||||||||||||||
STOPPING RULES
SDDP.TimeLimit(20.0)
SDDP.BoundStalling(20, 0.0001)
||||||||||||||||||||||||||||||||||||||||||||||||||||||||||||||||||||||||||||||||||||||||||||||||||||||||||||||||||||||||||||||||||||||||
REGULARIZATION
DynamicSDDiP.NoRegularization()
||||||||||||||||||||||||||||||||||||||||||||||||||||||||||||||||||||||||||||||||||||||||||||||||||||||||||||||||||||||||||||||||||||||||
CUT GENERATION REGIMES
DynamicSDDiP.CutGenerationRegime(DynamicSDDiP.NoStateApproximation(), DynamicSDDiP.LinearDuality(), 1, Inf, true, 0.0001)

||||||||||||||||||||||||||||||||||||||||||||||||||||||||||||||||||||||||||||||||||||||||||||||||||||||||||||||||||||||||||||||||||||||||
CUT AGGREGATION
DynamicSDDiP.SingleCutRegime()
||||||||||||||||||||||||||||||||||||||||||||||||||||||||||||||||||||||||||||||||||||||||||||||||||||||||||||||||||||||||||||||||||||||||
CUT SELECTION
DynamicSDDiP.NoCutSelection()
||||||||||||||||||||||||||||||||||||||||||||||||||||||||||||||||||||||||||||||||||||||||||||||||||||||||||||||||||||||||||||||||||||||||
APPLIED SOLVERS (LP, MILP, MIQCP, MINLP, NLP, Lagrange)
DynamicSDDiP.AppliedSolvers(true, "Gurobi", "Gurobi", "Gurobi", "Gurobi", "Gurobi", "Gurobi", "Gurobi", "Gurobi", "Gurobi", 0.0001, 300)
DynamicSDDiP.Direct_Solver()
Numerical focus: false
Silent: true
||||||||||||||||||||||||||||||||||||||||||||||||||||||||||||||||||||||||||||||||||||||||||||||||||||||||||||||||||||||||||||||||||||||||
SAMPLING
Used seed for sampling scenarios: 
11111     
||||||||||||||||||||||||||||||||||||||||||||||||||||||||||||||||||||||||||||||||||||||||||||||||||||||||||||||||||||||||||||||||||||||||
RUN DESCRIPTION

||||||||||||||||||||||||||||||||||||||||||||||||||||||||||||||||||||||||||||||||||||||||||||||||||||||||||||||||||||||||||||||||||||||||
PROBLEM DESCRIPTION
Number of stages: 5
Number of realizations per stage: 20
Seed for scenario tree sampling: 12345
Solver: serial mode

────────────────────────────────────────────────────────────────────────────────────────────────────────────────────────────────────────────────────────────────────────────────────────────────────────
It.#               UB        Best UB             LB       Gap           Time        It_Time           Refinements                            #Var.   #Constr.             #Cuts       Lagrangian Dual                                               
                                                          [%]            [s]            [s]          σ       Bin.      Total      {0,1}          ℤ      Total    Total   Active      # It.    # C-It.  # C-Real.  
────────────────────────────────────────────────────────────────────────────────────────────────────────────────────────────────────────────────────────────────────────────────────────────────────────
1        3.401810e+03   3.401810e+03   2.727532e+03    0.1982   2.157200e+01   2.157200e+01      false       none        882         48        800         48        4        4          0          0          0

Terminating DynamicSDDiP with status: time_limit
------------------------------------------------------------------------------
────────────────────────────────────────────────────────────────────────────────
                                       Time                    Allocations      
                              ───────────────────────   ────────────────────────
      Tot / % measured:            25.9s /  74.8%            615MiB /  58.8%    

Section               ncalls     time    %tot     avg     alloc    %tot      avg
────────────────────────────────────────────────────────────────────────────────
loop                       1    19.4s  100.0%   19.4s    361MiB  100.0%   361MiB
  iterations               1    18.5s   95.6%   18.5s    340MiB   94.2%   340MiB
    backward_pass          1    14.6s   75.4%   14.6s    215MiB   59.5%   215MiB
      solve_BP            80    11.1s   57.6%   139ms    189MiB   52.4%  2.37MiB
        solve_dual        80    10.6s   54.6%   132ms    185MiB   51.2%  2.31MiB
          LP_relax...     80    9.72s   50.2%   121ms    122MiB   33.8%  1.53MiB
            solver...     80    114ms    0.6%  1.42ms    169KiB    0.0%  2.11KiB
        space_change     160   85.9μs    0.0%   537ns     0.00B    0.0%    0.00B
      update_bellman       4    2.22s   11.5%   555ms   3.71MiB    1.0%   950KiB
        cut_selection      4   28.4μs    0.0%  7.10μs      768B    0.0%     192B
    forward_pass           1    3.50s   18.1%   3.50s    117MiB   32.4%   117MiB
      solve_subpro...      5    3.41s   17.6%   682ms    117MiB   32.3%  23.4MiB
        solver_cal...      5    1.22s    6.3%   244ms   22.4MiB    6.2%  4.48MiB
    calculate_bound        1    392ms    2.0%   392ms   7.94MiB    2.2%  7.94MiB
      solver_call_...      1   8.94ms    0.0%  8.94ms   3.62KiB    0.0%  3.62KiB
    bin_refinement         1   7.30μs    0.0%  7.30μs     0.00B    0.0%    0.00B
────────────────────────────────────────────────────────────────────────────────

||||||||||||||||||||||||||||||||||||||||||||||||||||||||||||||||||||||||||||||||||||||||||||||||||||||||||||||||||||||||||||||||||||||||
LAGRANGIAN DUAL SOLUTION RESULTS
opt: 0 times (NaN%)
feas_issues: 0 times (NaN%)
mn_opt: 0 times (NaN%)
conv: 0 times (NaN%)
unbounded: 0 times (NaN%)
bound_issues: 0 times (NaN%)
sub: 0 times (NaN%)
subgr_stalling: 0 times (NaN%)
mn_iter: 0 times (NaN%)
iter: 0 times (NaN%)
mn_issue: 0 times (NaN%)

||||||||||||||||||||||||||||||||||||||||||||||||||||||||||||||||||||||||||||||||||||||||||||||||||||||||||||||||||||||||||||||||||||||||
SIMULATION RESULTS
DynamicSDDiP.Simulation(DynamicSDDiP.InSampleMonteCarlo(), 5)
Lower bound: 2727.5315
Statistical upper bound (confidence interval): 3858.4727999999996 ± 270.6296734171424
Pessimistic upper bound: 4129.102473417142
