

#########################################################################################################################################
#########################################################################################################################################
#########################################################################################################################################
#########################################################################################################################################
#########################################################################################################################################
DynamicSDDiP.jl (c) Christian Füllner, 2021
re-uses code from SDDP.jl (c) Oscar Dowson, 2017-21
||||||||||||||||||||||||||||||||||||||||||||||||||||||||||||||||||||||||||||||||||||||||||||||||||||||||||||||||||||||||||||||||||||||||
PATH
calling 
C:\Users\cg4102\.julia\packages\DynamicSDDiP\unjfA\src
nothing
DATETIME
2024-10-18T22:15:51.62
||||||||||||||||||||||||||||||||||||||||||||||||||||||||||||||||||||||||||||||||||||||||||||||||||||||||||||||||||||||||||||||||||||||||
STOPPING RULES
SDDP.TimeLimit(18000.0)
SDDP.BoundStalling(20, 0.0001)
||||||||||||||||||||||||||||||||||||||||||||||||||||||||||||||||||||||||||||||||||||||||||||||||||||||||||||||||||||||||||||||||||||||||
REGULARIZATION
DynamicSDDiP.NoRegularization()
||||||||||||||||||||||||||||||||||||||||||||||||||||||||||||||||||||||||||||||||||||||||||||||||||||||||||||||||||||||||||||||||||||||||
CUT GENERATION REGIMES
DynamicSDDiP.CutGenerationRegime(DynamicSDDiP.NoStateApproximation(), DynamicSDDiP.StrengthenedDuality(), 1, Inf, Inf, 0.0, true, 0.0001)

DynamicSDDiP.CutGenerationRegime(DynamicSDDiP.NoStateApproximation(), DynamicSDDiP.UnifiedLagrangianDuality(0.0001, 0.0001, 1000, DynamicSDDiP.ZeroDuals(), DynamicSDDiP.BothBounds(), DynamicSDDiP.LevelBundle(0.5, true, false), DynamicSDDiP.StandardChoice(), DynamicSDDiP.Lax(), DynamicSDDiP.Core_Relint(DynamicSDDiP.ConvexHullCopy(), DynamicSDDiP.NoIntegerRelax(), DynamicSDDiP.Unbounded_Opt_SB(true), DynamicSDDiP.NoImprovement(), false), DynamicSDDiP.NoDualSpaceRestriction(), DynamicSDDiP.ConvexHullCopy(), nothing, nothing), 21, Inf, Inf, 0.0, true, 0.0001)

||||||||||||||||||||||||||||||||||||||||||||||||||||||||||||||||||||||||||||||||||||||||||||||||||||||||||||||||||||||||||||||||||||||||
CUT AGGREGATION
DynamicSDDiP.MultiCutRegime()
||||||||||||||||||||||||||||||||||||||||||||||||||||||||||||||||||||||||||||||||||||||||||||||||||||||||||||||||||||||||||||||||||||||||
CUT SELECTION
DynamicSDDiP.NoCutSelection()
||||||||||||||||||||||||||||||||||||||||||||||||||||||||||||||||||||||||||||||||||||||||||||||||||||||||||||||||||||||||||||||||||||||||
LATE BINARIZATION
DynamicSDDiP.NoLateBinarization()
||||||||||||||||||||||||||||||||||||||||||||||||||||||||||||||||||||||||||||||||||||||||||||||||||||||||||||||||||||||||||||||||||||||||
APPLIED SOLVERS (LP, MILP, MIQCP, MINLP, NLP, Lagrange)
DynamicSDDiP.AppliedSolvers(true, "Gurobi", "Gurobi", "Gurobi", "Gurobi", "Gurobi", "Gurobi", "Gurobi", "Gurobi", "Gurobi", 0.0001, 300)
DynamicSDDiP.Direct_Solver()
Numerical focus: false
Silent: true
||||||||||||||||||||||||||||||||||||||||||||||||||||||||||||||||||||||||||||||||||||||||||||||||||||||||||||||||||||||||||||||||||||||||
SAMPLING
Used seed for sampling scenarios: 
11111     
||||||||||||||||||||||||||||||||||||||||||||||||||||||||||||||||||||||||||||||||||||||||||||||||||||||||||||||||||||||||||||||||||||||||
RUN DESCRIPTION

||||||||||||||||||||||||||||||||||||||||||||||||||||||||||||||||||||||||||||||||||||||||||||||||||||||||||||||||||||||||||||||||||||||||
PROBLEM DESCRIPTION
Number of stages: 10
Number of realizations per stage: 20
Seed for scenario tree sampling: 12345
Solver: serial mode

────────────────────────────────────────────────────────────────────────────────────────────────────────────────────────────────────────────────────────────────────────────────────────────────────────
It.#               UB        Best UB             LB       Gap           Time        It_Time           Refinements                            #Var.   #Constr.             #Cuts       Lagrangian Dual                                               
                                                          [%]            [s]            [s]          σ       Bin.      Total      {0,1}          ℤ      Total    Total   Active      # It.    # C-It.  # C-Real.  
────────────────────────────────────────────────────────────────────────────────────────────────────────────────────────────────────────────────────────────────────────────────────────────────────────
1        4.560602e+03   4.560602e+03   2.959970e+03    0.3510   1.250000e+00   1.250000e+00      false       none        100         33          0          4      180      180          0          0          0
2        5.490288e+03   4.560602e+03   3.000964e+03    0.3420   2.875000e+00   1.625000e+00      false       none        100         33          0          4      317      317          0          0          0
3        5.881156e+03   4.560602e+03   3.045819e+03    0.3321   4.609000e+00   1.734000e+00      false       none        100         33          0          4      452      452          0          0          0
4        5.984754e+03   4.560602e+03   3.186775e+03    0.3012   6.266000e+00   1.657000e+00      false       none        100         33          0          4      562      562          0          0          0
5        4.600883e+03   4.560602e+03   3.189313e+03    0.3007   8.047000e+00   1.781000e+00      false       none        100         33          0          4      684      684          0          0          0
6        4.685761e+03   4.560602e+03   3.189313e+03    0.3007   9.969000e+00   1.922000e+00      false       none        100         33          0          4      741      741          0          0          0
7        5.352822e+03   4.560602e+03   3.190221e+03    0.3005   1.190600e+01   1.937000e+00      false       none        100         33          0          4      836      836          0          0          0
8        6.194543e+03   4.560602e+03   3.205357e+03    0.2972   1.395300e+01   2.047000e+00      false       none        100         33          0          4      920      920          0          0          0
9        4.737691e+03   4.560602e+03   3.210619e+03    0.2960   1.595300e+01   2.000000e+00      false       none        100         33          0          4     1041     1041          0          0          0
10       3.909970e+03   3.909970e+03   3.218569e+03    0.1768   1.821900e+01   2.266000e+00      false       none        100         33          0          4     1147     1147          0          0          0
11       5.789095e+03   3.909970e+03   3.247065e+03    0.1695   2.043800e+01   2.219000e+00      false       none        100         33          0          4     1256     1256          0          0          0
12       5.234954e+03   3.909970e+03   3.266654e+03    0.1645   2.289100e+01   2.453000e+00      false       none        100         33          0          4     1327     1327          0          0          0
13       3.325948e+03   3.325948e+03   3.277986e+03    0.0144   2.543800e+01   2.547000e+00      false       none        100         33          0          4     1405     1405          0          0          0
14       5.582192e+03   3.325948e+03   3.279001e+03    0.0141   2.793800e+01   2.500000e+00      false       none        100         33          0          4     1490     1490          0          0          0
15       3.617219e+03   3.325948e+03   3.279772e+03    0.0139   3.068800e+01   2.750000e+00      false       none        100         33          0          4     1549     1549          0          0          0
16       4.369237e+03   3.325948e+03   3.279772e+03    0.0139   3.335900e+01   2.671000e+00      false       none        100         33          0          4     1598     1598          0          0          0
17       4.661129e+03   3.325948e+03   3.287632e+03    0.0115   3.610900e+01   2.750000e+00      false       none        100         33          0          4     1685     1685          0          0          0
18       4.689473e+03   3.325948e+03   3.288976e+03    0.0111   3.900000e+01   2.891000e+00      false       none        100         33          0          4     1766     1766          0          0          0
19       6.002595e+03   3.325948e+03   3.295409e+03    0.0092   4.178100e+01   2.781000e+00      false       none        100         33          0          4     1869     1869          0          0          0
20       3.859952e+03   3.325948e+03   3.295959e+03    0.0090   4.475000e+01   2.969000e+00      false       none        100         33          0          4     1964     1964          0          0          0
21       6.576798e+03   3.325948e+03   3.574106e+03    0.0694   1.006626e+03   9.618760e+02      false       none        100         33          0          4     2281     2281      21612      21612        180
22       5.899087e+03   3.325948e+03   3.683786e+03    0.0971   1.976236e+03   9.696100e+02      false       none        100         33          0          4     2578     2578      19532      19532        180
23       3.670643e+03   3.325948e+03   3.753995e+03    0.1140   3.523082e+03   1.546846e+03      false       none        100         33          0          4     2870     2870      24610      24610        180
24       6.454223e+03   3.325948e+03   3.798763e+03    0.1245   4.977802e+03   1.454720e+03      false       none        100         33          0          4     3143     3143      21147      21147        180
25       5.374279e+03   3.325948e+03   3.828433e+03    0.1313   6.718883e+03   1.741081e+03      false       none        100         33          0          4     3377     3377      20353      20353        180
26       4.654234e+03   3.325948e+03   3.889230e+03    0.1448   8.370087e+03   1.651204e+03      false       none        100         33          0          4     3691     3691      20034      20034        180
27       4.874174e+03   3.325948e+03   3.942827e+03    0.1565   1.015445e+04   1.784362e+03      false       none        100         33          0          4     3920     3920      19209      19209        180
28       4.806492e+03   3.325948e+03   3.959543e+03    0.1600   1.212745e+04   1.973002e+03      false       none        100         33          0          4     4143     4143      20501      20501        180
29       4.717619e+03   3.325948e+03   3.985002e+03    0.1654   1.489113e+04   2.763675e+03      false       none        100         33          0          4     4407     4407      23128      23128        180
30       5.145373e+03   3.325948e+03   4.017701e+03    0.1722   1.715404e+04   2.262909e+03      false       none        100         33          0          4     4662     4662      19966      19966        180
31       4.396953e+03   3.325948e+03   4.041715e+03    0.1771   1.978593e+04   2.631895e+03      false       none        100         33          0          4     4944     4944      24590      24590        180

Terminating DynamicSDDiP with status: time_limit
------------------------------------------------------------------------------
 ────────────────────────────────────────────────────────────────────────────────
                                        Time                    Allocations      
                               ───────────────────────   ────────────────────────
       Tot / % measured:            5.50h / 100.0%           94.6GiB / 100.0%    

 Section               ncalls     time    %tot     avg     alloc    %tot      avg
 ────────────────────────────────────────────────────────────────────────────────
 loop                       1    5.50h  100.0%   5.50h   94.6GiB  100.0%  94.6GiB
   iterations              31    5.50h  100.0%    638s   94.6GiB  100.0%  3.05GiB
     backward_pass         31    5.49h  100.0%    638s   94.5GiB  100.0%  3.05GiB
       solve_BP         7.56k    5.49h  100.0%   2.62s   94.5GiB   99.9%  12.8MiB
         solve_dual     7.56k    5.49h  100.0%   2.62s   94.4GiB   99.9%  12.8MiB
           solve_la...  1.98k    5.34h   97.2%   9.71s   38.4GiB   40.6%  19.9MiB
             inner_sol   235k    4.83h   87.9%  74.1ms   5.26GiB    5.6%  23.5KiB
               solv...   235k    4.82h   87.6%  73.9ms    775MiB    0.8%  3.38KiB
             bundle...   235k    1545s    7.8%  6.59ms    731MiB    0.8%  3.19KiB
             outer_sol   235k     200s    1.0%   853μs    803MiB    0.8%  3.50KiB
             add_cut     235k    13.6s    0.1%  58.0μs   4.19GiB    4.4%  18.7KiB
             init_a...  1.98k    666ms    0.0%   336μs    325MiB    0.3%   168KiB
             restor...  1.98k    220ms    0.0%   111μs   39.0MiB    0.0%  20.2KiB
             relax_...  1.98k    217ms    0.0%   110μs   81.2MiB    0.1%  42.0KiB
             conver...  1.98k   6.64ms    0.0%  3.35μs    402KiB    0.0%     208B
             minima...  1.98k   1.19ms    0.0%   599ns     0.00B    0.0%    0.00B
           solve_pr...  5.94k     250s    1.3%  42.1ms   19.1MiB    0.0%  3.29KiB
           solver_c...  5.58k     206s    1.0%  36.9ms   30.3MiB    0.0%  5.56KiB
           LP_relax...  5.58k    13.5s    0.1%  2.42ms    929MiB    1.0%   170KiB
             solver...  5.58k    9.41s    0.0%  1.69ms   15.7MiB    0.0%  2.88KiB
           solve_core   1.98k    3.91s    0.0%  1.98ms   3.06MiB    0.0%  1.58KiB
           dual_ini...  1.98k   2.19ms    0.0%  1.11μs    650KiB    0.0%     336B
         space_change   15.1k   4.10ms    0.0%   271ns     0.00B    0.0%    0.00B
       update_bellman     378   90.4ms    0.0%   239μs   43.2MiB    0.0%   117KiB
         cut_selection  4.94k   3.13ms    0.0%   633ns    403KiB    0.0%    83.5B
     forward_pass          31    6.34s    0.0%   205ms   9.66MiB    0.0%   319KiB
       solve_subpro...    310    6.33s    0.0%  20.4ms   8.74MiB    0.0%  28.9KiB
         solver_cal...    310    6.28s    0.0%  20.3ms   2.01MiB    0.0%  6.63KiB
     calculate_bound       31    721ms    0.0%  23.3ms    819KiB    0.0%  26.4KiB
       solver_call_...     31    717ms    0.0%  23.1ms   74.3KiB    0.0%  2.40KiB
 ────────────────────────────────────────────────────────────────────────────────

||||||||||||||||||||||||||||||||||||||||||||||||||||||||||||||||||||||||||||||||||||||||||||||||||||||||||||||||||||||||||||||||||||||||
LAGRANGIAN DUAL SOLUTION RESULTS
mn_opt: 0 times (0.0%)
conv: 0 times (0.0%)
unbounded: 0 times (0.0%)
bound_issues: 0 times (0.0%)
subgr_stalling: 0 times (0.0%)
opt: 1980 times (100.0%)
feas_issues: 0 times (0.0%)
sub: 0 times (0.0%)
mn_iter: 0 times (0.0%)
iter: 0 times (0.0%)
mn_issue: 0 times (0.0%)

||||||||||||||||||||||||||||||||||||||||||||||||||||||||||||||||||||||||||||||||||||||||||||||||||||||||||||||||||||||||||||||||||||||||
SIMULATION RESULTS
DynamicSDDiP.Simulation(DynamicSDDiP.InSampleMonteCarlo(), 1000)
Lower bound: 4041.715261261732
Statistical upper bound (confidence interval): 5102.278903921494 ± 55.182509571922395
Pessimistic upper bound: 5157.461413493416
