

#########################################################################################################################################
#########################################################################################################################################
#########################################################################################################################################
#########################################################################################################################################
#########################################################################################################################################
DynamicSDDiP.jl (c) Christian Füllner, 2021
re-uses code from SDDP.jl (c) Oscar Dowson, 2017-21
||||||||||||||||||||||||||||||||||||||||||||||||||||||||||||||||||||||||||||||||||||||||||||||||||||||||||||||||||||||||||||||||||||||||
PATH
calling 
C:\Users\cg4102\.julia\packages\DynamicSDDiP\Z7cZi\src
nothing
DATETIME
2023-04-02T12:16:40.084
||||||||||||||||||||||||||||||||||||||||||||||||||||||||||||||||||||||||||||||||||||||||||||||||||||||||||||||||||||||||||||||||||||||||
STOPPING RULES
SDDP.TimeLimit(18000.0)
SDDP.BoundStalling(20, 0.0001)
||||||||||||||||||||||||||||||||||||||||||||||||||||||||||||||||||||||||||||||||||||||||||||||||||||||||||||||||||||||||||||||||||||||||
REGULARIZATION
DynamicSDDiP.NoRegularization()
||||||||||||||||||||||||||||||||||||||||||||||||||||||||||||||||||||||||||||||||||||||||||||||||||||||||||||||||||||||||||||||||||||||||
CUT GENERATION REGIMES
DynamicSDDiP.CutGenerationRegime(DynamicSDDiP.NoStateApproximation(), DynamicSDDiP.StrengthenedDuality(), 1, Inf, Inf, 0.0, true, 0.0001)

DynamicSDDiP.CutGenerationRegime(DynamicSDDiP.NoStateApproximation(), DynamicSDDiP.LagrangianDuality(0.0001, 0.0001, 1000, DynamicSDDiP.ZeroDuals(), DynamicSDDiP.BothBounds(), DynamicSDDiP.LevelBundle(0.5, true, false), DynamicSDDiP.StandardChoice(), DynamicSDDiP.Lax(), DynamicSDDiP.ConvexHullCopy(), false), 21, Inf, Inf, 0.0, true, 0.0001)

||||||||||||||||||||||||||||||||||||||||||||||||||||||||||||||||||||||||||||||||||||||||||||||||||||||||||||||||||||||||||||||||||||||||
CUT AGGREGATION
DynamicSDDiP.SingleCutRegime()
||||||||||||||||||||||||||||||||||||||||||||||||||||||||||||||||||||||||||||||||||||||||||||||||||||||||||||||||||||||||||||||||||||||||
CUT SELECTION
DynamicSDDiP.NoCutSelection()
||||||||||||||||||||||||||||||||||||||||||||||||||||||||||||||||||||||||||||||||||||||||||||||||||||||||||||||||||||||||||||||||||||||||
LATE BINARIZATION
DynamicSDDiP.NoLateBinarization()
||||||||||||||||||||||||||||||||||||||||||||||||||||||||||||||||||||||||||||||||||||||||||||||||||||||||||||||||||||||||||||||||||||||||
APPLIED SOLVERS (LP, MILP, MIQCP, MINLP, NLP, Lagrange)
DynamicSDDiP.AppliedSolvers(true, "Gurobi", "Gurobi", "Gurobi", "Gurobi", "Gurobi", "Gurobi", "Gurobi", "Gurobi", "Gurobi", 0.0001, 300)
DynamicSDDiP.Direct_Solver()
Numerical focus: false
Silent: true
||||||||||||||||||||||||||||||||||||||||||||||||||||||||||||||||||||||||||||||||||||||||||||||||||||||||||||||||||||||||||||||||||||||||
SAMPLING
Used seed for sampling scenarios: 
11111     
||||||||||||||||||||||||||||||||||||||||||||||||||||||||||||||||||||||||||||||||||||||||||||||||||||||||||||||||||||||||||||||||||||||||
RUN DESCRIPTION

||||||||||||||||||||||||||||||||||||||||||||||||||||||||||||||||||||||||||||||||||||||||||||||||||||||||||||||||||||||||||||||||||||||||
PROBLEM DESCRIPTION
Number of stages: 10
Number of realizations per stage: 20
Seed for scenario tree sampling: 12345
Solver: serial mode

────────────────────────────────────────────────────────────────────────────────────────────────────────────────────────────────────────────────────────────────────────────────────────────────────────
It.#               UB        Best UB             LB       Gap           Time        It_Time           Refinements                            #Var.   #Constr.             #Cuts       Lagrangian Dual                                               
                                                          [%]            [s]            [s]          σ       Bin.      Total      {0,1}          ℤ      Total    Total   Active      # It.    # C-It.  # C-Real.  
────────────────────────────────────────────────────────────────────────────────────────────────────────────────────────────────────────────────────────────────────────────────────────────────────────
1        4.560602e+03   4.560602e+03   2.924777e+03    0.3587   9.280000e-01   9.280000e-01      false       none         80         33          0          4        9        9          0          0          0
2        6.226328e+03   4.560602e+03   2.924777e+03    0.3587   2.241000e+00   1.313000e+00      false       none         80         33          0          4       17       17          0          0          0
3        6.034818e+03   4.560602e+03   2.991532e+03    0.3440   3.412000e+00   1.171000e+00      false       none         80         33          0          4       25       25          0          0          0
4        6.896993e+03   4.560602e+03   2.991532e+03    0.3440   4.694000e+00   1.282000e+00      false       none         80         33          0          4       32       32          0          0          0
5        4.600883e+03   4.560602e+03   3.099956e+03    0.3203   5.850000e+00   1.156000e+00      false       none         80         33          0          4       40       40          0          0          0
6        4.837620e+03   4.560602e+03   3.105930e+03    0.3190   7.022000e+00   1.172000e+00      false       none         80         33          0          4       45       45          0          0          0
7        5.345742e+03   4.560602e+03   3.105930e+03    0.3190   8.241000e+00   1.219000e+00      false       none         80         33          0          4       48       48          0          0          0
8        6.042543e+03   4.560602e+03   3.126366e+03    0.3145   9.413000e+00   1.172000e+00      false       none         80         33          0          4       51       51          0          0          0
9        4.777729e+03   4.560602e+03   3.128022e+03    0.3141   1.055300e+01   1.140000e+00      false       none         80         33          0          4       55       55          0          0          0
10       4.093913e+03   4.093913e+03   3.128022e+03    0.2359   1.185000e+01   1.297000e+00      false       none         80         33          0          4       55       55          0          0          0
11       5.789638e+03   4.093913e+03   3.151200e+03    0.2303   1.299100e+01   1.141000e+00      false       none         80         33          0          4       60       60          0          0          0
12       5.132184e+03   4.093913e+03   3.151200e+03    0.2303   1.416300e+01   1.172000e+00      false       none         80         33          0          4       63       63          0          0          0
13       3.633276e+03   3.633276e+03   3.151200e+03    0.1327   1.528800e+01   1.125000e+00      false       none         80         33          0          4       70       70          0          0          0
14       5.101018e+03   3.633276e+03   3.151200e+03    0.1327   1.646000e+01   1.172000e+00      false       none         80         33          0          4       71       71          0          0          0
15       3.752316e+03   3.633276e+03   3.151200e+03    0.1327   1.772500e+01   1.265000e+00      false       none         80         33          0          4       72       72          0          0          0
16       4.240934e+03   3.633276e+03   3.154469e+03    0.1318   1.894400e+01   1.219000e+00      false       none         80         33          0          4       75       75          0          0          0
17       4.579280e+03   3.633276e+03   3.176722e+03    0.1257   2.011600e+01   1.172000e+00      false       none         80         33          0          4       78       78          0          0          0
18       5.068660e+03   3.633276e+03   3.182218e+03    0.1241   2.135000e+01   1.234000e+00      false       none         80         33          0          4       80       80          0          0          0
19       6.036595e+03   3.633276e+03   3.182218e+03    0.1241   2.246000e+01   1.110000e+00      false       none         80         33          0          4       84       84          0          0          0
20       3.744157e+03   3.633276e+03   3.195369e+03    0.1205   2.371000e+01   1.250000e+00      false       none         80         33          0          4       89       89          0          0          0
21       6.990719e+03   3.633276e+03   3.219732e+03    0.1138   9.006900e+01   6.635900e+01      false       none         80         33          0          4      103      103       8673       8673        180
22       5.295877e+03   3.633276e+03   3.220576e+03    0.1136   1.552410e+02   6.517200e+01      false       none         80         33          0          4      114      114       8540       8540        180
23       3.713948e+03   3.633276e+03   3.232375e+03    0.1103   2.246940e+02   6.945300e+01      false       none         80         33          0          4      130      130       8487       8487        180
24       6.488745e+03   3.633276e+03   3.342175e+03    0.0801   2.994760e+02   7.478200e+01      false       none         80         33          0          4      144      144       8871       8871        180
25       5.237099e+03   3.633276e+03   3.351450e+03    0.0776   3.760070e+02   7.653100e+01      false       none         80         33          0          4      156      156       8843       8843        180
26       4.674575e+03   3.633276e+03   3.351988e+03    0.0774   4.506170e+02   7.461000e+01      false       none         80         33          0          4      168      168       8465       8465        180
27       4.879174e+03   3.633276e+03   3.355372e+03    0.0765   5.385700e+02   8.795300e+01      false       none         80         33          0          4      181      181       9094       9094        180
28       4.830211e+03   3.633276e+03   3.355943e+03    0.0763   6.252580e+02   8.668800e+01      false       none         80         33          0          4      190      190       8909       8909        180
29       3.727046e+03   3.633276e+03   3.355943e+03    0.0763   7.116640e+02   8.640600e+01      false       none         80         33          0          4      201      201       8917       8917        180
30       4.806127e+03   3.633276e+03   3.356253e+03    0.0762   8.060860e+02   9.442200e+01      false       none         80         33          0          4      213      213       8839       8839        180
31       3.803671e+03   3.633276e+03   3.356286e+03    0.0762   9.001330e+02   9.404700e+01      false       none         80         33          0          4      225      225       9009       9009        180
32       5.241146e+03   3.633276e+03   3.356825e+03    0.0761   9.919610e+02   9.182800e+01      false       none         80         33          0          4      237      237       8769       8769        180
33       6.748252e+03   3.633276e+03   3.357134e+03    0.0760   1.090103e+03   9.814200e+01      false       none         80         33          0          4      246      246       8805       8805        180
34       5.543226e+03   3.633276e+03   3.357167e+03    0.0760   1.191525e+03   1.014220e+02      false       none         80         33          0          4      258      258       9119       9119        180
35       5.934536e+03   3.633276e+03   3.357706e+03    0.0758   1.290900e+03   9.937500e+01      false       none         80         33          0          4      271      271       8820       8820        180
36       5.829876e+03   3.633276e+03   3.357975e+03    0.0758   1.396322e+03   1.054220e+02      false       none         80         33          0          4      282      282       8961       8961        180
37       5.531317e+03   3.633276e+03   3.358015e+03    0.0758   1.493666e+03   9.734400e+01      false       none         80         33          0          4      294      294       8744       8744        180
38       4.190285e+03   3.633276e+03   3.358048e+03    0.0758   1.600416e+03   1.067500e+02      false       none         80         33          0          4      306      306       9311       9311        180
39       5.060598e+03   3.633276e+03   3.358055e+03    0.0757   1.704213e+03   1.037970e+02      false       none         80         33          0          4      317      317       8893       8893        180
40       4.881992e+03   3.633276e+03   3.358587e+03    0.0756   1.813073e+03   1.088600e+02      false       none         80         33          0          4      329      329       9128       9128        180
41       4.078243e+03   3.633276e+03   3.358735e+03    0.0756   1.916120e+03   1.030470e+02      false       none         80         33          0          4      340      340       8838       8838        180
42       5.680283e+03   3.633276e+03   3.358856e+03    0.0755   2.020229e+03   1.041090e+02      false       none         80         33          0          4      351      351       8698       8698        180
43       4.355362e+03   3.633276e+03   3.358896e+03    0.0755   2.128886e+03   1.086570e+02      false       none         80         33          0          4      360      360       8929       8929        180
44       5.929302e+03   3.633276e+03   3.359165e+03    0.0754   2.238573e+03   1.096870e+02      false       none         80         33          0          4      372      372       8894       8894        180
45       4.881826e+03   3.633276e+03   3.358929e+03    0.0755   2.347528e+03   1.089550e+02      false       none         80         33          0          4      381      381       8907       8907        180
46       5.375091e+03   3.633276e+03   3.359435e+03    0.0754   2.453560e+03   1.060320e+02      false       none         80         33          0          4      390      390       8999       8999        180
47       5.772722e+03   3.633276e+03   3.359616e+03    0.0753   2.573575e+03   1.200150e+02      false       none         80         33          0          4      400      400       8977       8977        180
48       5.576771e+03   3.633276e+03   3.359616e+03    0.0753   2.691323e+03   1.177480e+02      false       none         80         33          0          4      413      413       8988       8988        180
49       5.552208e+03   3.633276e+03   3.366359e+03    0.0735   2.809323e+03   1.180000e+02      false       none         80         33          0          4      428      428       8876       8876        180
50       6.548343e+03   3.633276e+03   3.375037e+03    0.0711   2.934996e+03   1.256730e+02      false       none         80         33          0          4      441      441       9139       9139        180
51       3.431517e+03   3.431517e+03   3.375209e+03    0.0164   3.049464e+03   1.144680e+02      false       none         80         33          0          4      452      452       8667       8667        180
52       4.684167e+03   3.431517e+03   3.375978e+03    0.0162   3.155121e+03   1.056570e+02      false       none         80         33          0          4      463      463       8539       8539        180
53       6.650159e+03   3.431517e+03   3.376129e+03    0.0161   3.279715e+03   1.245940e+02      false       none         80         33          0          4      473      473       8920       8920        180
54       5.082478e+03   3.431517e+03   3.391611e+03    0.0116   3.391434e+03   1.117190e+02      false       none         80         33          0          4      488      488       8657       8657        180
55       5.047447e+03   3.431517e+03   3.393350e+03    0.0111   3.521622e+03   1.301880e+02      false       none         80         33          0          4      499      499       8847       8847        180
56       5.156085e+03   3.431517e+03   3.393940e+03    0.0110   3.643091e+03   1.214690e+02      false       none         80         33          0          4      509      509       9034       9034        180
57       4.791532e+03   3.431517e+03   3.429786e+03    0.0005   3.784997e+03   1.419060e+02      false       none         80         33          0          4      522      522       9269       9269        180
58       5.138393e+03   3.431517e+03   3.430010e+03    0.0004   3.913998e+03   1.290010e+02      false       none         80         33          0          4      532      532       8972       8972        180
59       6.859627e+03   3.431517e+03   3.430218e+03    0.0004   4.041998e+03   1.280000e+02      false       none         80         33          0          4      544      544       8631       8631        180
60       4.885019e+03   3.431517e+03   3.430363e+03    0.0003   4.190404e+03   1.484060e+02      false       none         80         33          0          4      554      554       9189       9189        180
61       4.715150e+03   3.431517e+03   3.430363e+03    0.0003   4.340686e+03   1.502820e+02      false       none         80         33          0          4      563      563       9246       9246        180
62       4.101967e+03   3.431517e+03   3.430443e+03    0.0003   4.475671e+03   1.349850e+02      false       none         80         33          0          4      574      574       8932       8932        180
63       6.913337e+03   3.431517e+03   3.430796e+03    0.0002   4.633327e+03   1.576560e+02      false       none         80         33          0          4      585      585       9134       9134        180
64       5.510608e+03   3.431517e+03   3.430796e+03    0.0002   4.781610e+03   1.482830e+02      false       none         80         33          0          4      597      597       9162       9162        180
65       4.073269e+03   3.431517e+03   3.430893e+03    0.0002   4.916235e+03   1.346250e+02      false       none         80         33          0          4      607      607       8861       8861        180
66       4.731333e+03   3.431517e+03   3.430939e+03    0.0002   5.048767e+03   1.325320e+02      false       none         80         33          0          4      618      618       8884       8884        180
67       8.360830e+03   3.431517e+03   3.430939e+03    0.0002   5.192798e+03   1.440310e+02      false       none         80         33          0          4      628      628       8844       8844        180
68       5.003816e+03   3.431517e+03   3.431100e+03    0.0001   5.335392e+03   1.425940e+02      false       none         80         33          0          4      640      640       8835       8835        180
69       4.719291e+03   3.431517e+03   3.431100e+03    0.0001   5.486752e+03   1.513600e+02      false       none         80         33          0          4      651      651       9007       9007        180
70       6.200973e+03   3.431517e+03   3.431245e+03    0.0001   5.641065e+03   1.543130e+02      false       none         80         33          0          4      664      664       9202       9202        180
71       5.026652e+03   3.431517e+03   3.431325e+03    0.0001   5.797581e+03   1.565160e+02      false       none         80         33          0          4      674      674       9282       9282        180
72       4.570571e+03   3.431517e+03   3.431470e+03    0.0000   5.955159e+03   1.575780e+02      false       none         80         33          0          4      683      683       9232       9232        180
73       4.657107e+03   3.431517e+03   3.431550e+03    0.0000   6.130800e+03   1.756410e+02      false       none         80         33          0          4      693      693       9141       9141        180
74       5.378788e+03   3.431517e+03   3.431596e+03    0.0000   6.291441e+03   1.606410e+02      false       none         80         33          0          4      703      703       8957       8957        180
75       6.078673e+03   3.431517e+03   3.431678e+03    0.0000   6.467629e+03   1.761880e+02      false       none         80         33          0          4      712      712       9173       9173        180
76       4.441494e+03   3.431517e+03   3.431983e+03    0.0001   6.628926e+03   1.612970e+02      false       none         80         33          0          4      722      722       8821       8821        180
77       7.295736e+03   3.431517e+03   3.432781e+03    0.0004   6.793286e+03   1.643600e+02      false       none         80         33          0          4      735      735       8930       8930        180
78       5.314915e+03   3.431517e+03   3.436172e+03    0.0014   6.961427e+03   1.681410e+02      false       none         80         33          0          4      744      744       9110       9110        180
79       5.161753e+03   3.431517e+03   3.436520e+03    0.0015   7.125708e+03   1.642810e+02      false       none         80         33          0          4      753      753       8841       8841        180
80       5.080801e+03   3.431517e+03   3.436560e+03    0.0015   7.283834e+03   1.581260e+02      false       none         80         33          0          4      763      763       9009       9009        180
81       4.344703e+03   3.431517e+03   3.436899e+03    0.0016   7.475537e+03   1.917030e+02      false       none         80         33          0          4      772      772       9289       9289        180
82       4.987420e+03   3.431517e+03   3.436908e+03    0.0016   7.648631e+03   1.730940e+02      false       none         80         33          0          4      782      782       8835       8835        180
83       5.055282e+03   3.431517e+03   3.437047e+03    0.0016   7.843288e+03   1.946570e+02      false       none         80         33          0          4      792      792       9453       9453        180
84       6.205638e+03   3.431517e+03   3.437087e+03    0.0016   8.013554e+03   1.702660e+02      false       none         80         33          0          4      803      803       8925       8925        180
85       3.726357e+03   3.431517e+03   3.437145e+03    0.0016   8.174570e+03   1.610160e+02      false       none         80         33          0          4      812      812       8896       8896        180
86       6.985118e+03   3.431517e+03   3.437266e+03    0.0017   8.376804e+03   2.022340e+02      false       none         80         33          0          4      821      821       9355       9355        180
87       5.181636e+03   3.431517e+03   3.437324e+03    0.0017   8.561149e+03   1.843450e+02      false       none         80         33          0          4      832      832       9144       9144        180
88       4.722803e+03   3.431517e+03   3.437574e+03    0.0018   8.752430e+03   1.912810e+02      false       none         80         33          0          4      841      841       9225       9225        180
89       3.707442e+03   3.431517e+03   3.437614e+03    0.0018   8.934024e+03   1.815940e+02      false       none         80         33          0          4      851      851       9254       9254        180
90       4.658119e+03   3.431517e+03   3.437782e+03    0.0018   9.107696e+03   1.736720e+02      false       none         80         33          0          4      860      860       8896       8896        180
91       4.712767e+03   3.431517e+03   3.437793e+03    0.0018   9.275806e+03   1.681100e+02      false       none         80         33          0          4      869      869       8689       8689        180
92       3.169519e+03   3.169519e+03   3.437851e+03    0.0781   9.448525e+03   1.727190e+02      false       none         80         33          0          4      880      880       9030       9030        180
93       3.805321e+03   3.169519e+03   3.437962e+03    0.0781   9.619072e+03   1.705470e+02      false       none         80         33          0          4      889      889       9059       9059        180
94       5.744485e+03   3.169519e+03   3.438020e+03    0.0781   9.823479e+03   2.044070e+02      false       none         80         33          0          4      899      899       8887       8887        180
95       4.975740e+03   3.169519e+03   3.438141e+03    0.0781   9.991526e+03   1.680470e+02      false       none         80         33          0          4      912      912       8678       8678        180
96       6.346283e+03   3.169519e+03   3.438199e+03    0.0781   1.019762e+04   2.060940e+02      false       none         80         33          0          4      922      922       9335       9335        180
97       5.604058e+03   3.169519e+03   3.445363e+03    0.0801   1.037607e+04   1.784540e+02      false       none         80         33          0          4      936      936       8833       8833        180
98       4.554694e+03   3.169519e+03   3.448708e+03    0.0810   1.057228e+04   1.962030e+02      false       none         80         33          0          4      946      946       9032       9032        180
99       5.109638e+03   3.169519e+03   3.457649e+03    0.0833   1.076975e+04   1.974690e+02      false       none         80         33          0          4      956      956       9007       9007        180
100      4.340393e+03   3.169519e+03   3.458519e+03    0.0836   1.099843e+04   2.286880e+02      false       none         80         33          0          4      965      965       9244       9244        180
101      3.960238e+03   3.169519e+03   3.459168e+03    0.0837   1.118742e+04   1.889850e+02      false       none         80         33          0          4      974      974       8930       8930        180
102      4.961903e+03   3.169519e+03   3.459180e+03    0.0837   1.139437e+04   2.069530e+02      false       none         80         33          0          4      984      984       9126       9126        180
103      6.408855e+03   3.169519e+03   3.459409e+03    0.0838   1.160250e+04   2.081260e+02      false       none         80         33          0          4      994      994       8944       8944        180
104      4.497024e+03   3.169519e+03   3.459482e+03    0.0838   1.180714e+04   2.046410e+02      false       none         80         33          0          4     1003     1003       8795       8795        180
105      5.066964e+03   3.169519e+03   3.459548e+03    0.0838   1.202765e+04   2.205160e+02      false       none         80         33          0          4     1014     1014       8997       8997        180
106      4.010922e+03   3.169519e+03   3.459580e+03    0.0838   1.220744e+04   1.797820e+02      false       none         80         33          0          4     1024     1024       8737       8737        180
107      5.182676e+03   3.169519e+03   3.459672e+03    0.0839   1.241620e+04   2.087660e+02      false       none         80         33          0          4     1037     1037       9286       9286        180
108      5.946697e+03   3.169519e+03   3.459882e+03    0.0839   1.260008e+04   1.838750e+02      false       none         80         33          0          4     1048     1048       8706       8706        180
109      5.119748e+03   3.169519e+03   3.459915e+03    0.0839   1.282645e+04   2.263750e+02      false       none         80         33          0          4     1059     1059       9012       9012        180
110      4.708319e+03   3.169519e+03   3.459974e+03    0.0839   1.305498e+04   2.285320e+02      false       none         80         33          0          4     1070     1070       9160       9160        180
111      5.134630e+03   3.169519e+03   3.460039e+03    0.0840   1.326694e+04   2.119540e+02      false       none         80         33          0          4     1081     1081       8920       8920        180
112      6.687873e+03   3.169519e+03   3.460051e+03    0.0840   1.345259e+04   1.856560e+02      false       none         80         33          0          4     1091     1091       8665       8665        180
113      4.681784e+03   3.169519e+03   3.460071e+03    0.0840   1.366653e+04   2.139380e+02      false       none         80         33          0          4     1100     1100       9091       9091        180
114      4.499965e+03   3.169519e+03   3.461327e+03    0.0843   1.388814e+04   2.216100e+02      false       none         80         33          0          4     1113     1113       9058       9058        180
115      5.691171e+03   3.169519e+03   3.465977e+03    0.0855   1.409975e+04   2.116100e+02      false       none         80         33          0          4     1123     1123       8915       8915        180
116      4.124214e+03   3.169519e+03   3.466236e+03    0.0856   1.431450e+04   2.147500e+02      false       none         80         33          0          4     1132     1132       9059       9059        180
117      4.460014e+03   3.169519e+03   3.466306e+03    0.0856   1.453100e+04   2.165000e+02      false       none         80         33          0          4     1142     1142       8908       8908        180
118      6.880141e+03   3.169519e+03   3.466495e+03    0.0857   1.473380e+04   2.027980e+02      false       none         80         33          0          4     1151     1151       8877       8877        180
119      6.895561e+03   3.169519e+03   3.466560e+03    0.0857   1.494128e+04   2.074840e+02      false       none         80         33          0          4     1160     1160       8857       8857        180
120      6.839797e+03   3.169519e+03   3.466565e+03    0.0857   1.517507e+04   2.337820e+02      false       none         80         33          0          4     1169     1169       9002       9002        180
121      4.864476e+03   3.169519e+03   3.466591e+03    0.0857   1.540566e+04   2.305940e+02      false       none         80         33          0          4     1180     1180       8911       8911        180
122      5.546623e+03   3.169519e+03   3.466655e+03    0.0857   1.564565e+04   2.399850e+02      false       none         80         33          0          4     1189     1189       9169       9169        180
123      6.738190e+03   3.169519e+03   3.466823e+03    0.0858   1.590026e+04   2.546100e+02      false       none         80         33          0          4     1199     1199       9284       9284        180
124      4.673140e+03   3.169519e+03   3.466850e+03    0.0858   1.614891e+04   2.486570e+02      false       none         80         33          0          4     1210     1210       9247       9247        180
125      5.844105e+03   3.169519e+03   3.466914e+03    0.0858   1.639190e+04   2.429850e+02      false       none         80         33          0          4     1220     1220       8886       8886        180
126      6.411269e+03   3.169519e+03   3.466979e+03    0.0858   1.663118e+04   2.392820e+02      false       none         80         33          0          4     1229     1229       9063       9063        180
127      6.964944e+03   3.169519e+03   3.471084e+03    0.0869   1.688684e+04   2.556560e+02      false       none         80         33          0          4     1240     1240       9245       9245        180
128      4.595074e+03   3.169519e+03   3.473343e+03    0.0875   1.712901e+04   2.421730e+02      false       none         80         33          0          4     1251     1251       9273       9273        180
129      4.216219e+03   3.169519e+03   3.473382e+03    0.0875   1.735570e+04   2.266880e+02      false       none         80         33          0          4     1261     1261       8935       8935        180
130      3.472988e+03   3.169519e+03   3.473453e+03    0.0875   1.759026e+04   2.345630e+02      false       none         80         33          0          4     1272     1272       9409       9409        180
131      5.150331e+03   3.169519e+03   3.473563e+03    0.0875   1.784335e+04   2.530940e+02      false       none         80         33          0          4     1282     1282       9353       9353        180
132      4.532187e+03   3.169519e+03   3.475407e+03    0.0880   1.808992e+04   2.465630e+02      false       none         80         33          0          4     1295     1295       8991       8991        180

Terminating DynamicSDDiP with status: time_limit
------------------------------------------------------------------------------
 ────────────────────────────────────────────────────────────────────────────────
                                        Time                    Allocations      
                               ───────────────────────   ────────────────────────
       Tot / % measured:            5.02h / 100.0%            167GiB / 100.0%    

 Section               ncalls     time    %tot     avg     alloc    %tot      avg
 ────────────────────────────────────────────────────────────────────────────────
 loop                       1    5.02h  100.0%   5.02h    167GiB  100.0%   167GiB
   iterations             132    5.02h  100.0%    137s    167GiB  100.0%  1.27GiB
     backward_pass        132    5.02h   99.8%    137s    167GiB  100.0%  1.27GiB
       solve_BP         43.9k    5.02h   99.8%   411ms    167GiB   99.9%  3.90MiB
         solve_dual     43.9k    5.02h   99.8%   411ms    167GiB   99.8%  3.89MiB
           solve_la...  20.2k    4.75h   94.5%   848ms    161GiB   96.5%  8.20MiB
             inner_sol  1.01M    4.25h   84.6%  15.2ms   20.9GiB   12.5%  21.8KiB
               solv...  1.01M    4.21h   83.8%  15.1ms   3.57GiB    2.1%  3.72KiB
             bundle...  1.01M    1176s    6.5%  1.17ms   1.88GiB    1.1%  1.96KiB
             outer_sol  1.01M     192s    1.1%   191μs   2.83GiB    1.7%  2.95KiB
             add_cut    1.01M    50.0s    0.3%  49.7μs   16.6GiB    9.9%  17.3KiB
             init_a...  20.2k    7.44s    0.0%   369μs   3.03GiB    1.8%   158KiB
             relax_...  20.2k    2.92s    0.0%   145μs    693MiB    0.4%  35.2KiB
             restor...  20.2k    1.91s    0.0%  94.8μs    360MiB    0.2%  18.3KiB
             conver...  20.2k   59.0ms    0.0%  2.92μs   3.69MiB    0.0%     192B
             minima...  20.0k   21.0ms    0.0%  1.05μs     0.00B    0.0%    0.00B
           solver_c...  23.8k     546s    3.0%  23.0ms    145MiB    0.1%  6.25KiB
           solve_pr...  20.2k     373s    2.1%  18.5ms   87.1MiB    0.1%  4.42KiB
           LP_relax...  23.8k    35.1s    0.2%  1.48ms   3.33GiB    2.0%   147KiB
             solver...  23.8k    17.6s    0.1%   742μs   36.5MiB    0.0%  1.57KiB
           dual_ini...  20.2k   30.3ms    0.0%  1.50μs   6.46MiB    0.0%     336B
         space_change   87.8k   23.9ms    0.0%   272ns     0.00B    0.0%    0.00B
       update_bellman   2.20k    114ms    0.0%  51.9μs   15.7MiB    0.0%  7.31KiB
         cut_selection  1.29k   1.79ms    0.0%  1.38μs    112KiB    0.0%    88.3B
     forward_pass         132    24.0s    0.1%   182ms   33.4MiB    0.0%   259KiB
       solve_subpro...  1.32k    23.9s    0.1%  18.1ms   29.4MiB    0.0%  22.8KiB
         solver_cal...  1.32k    23.7s    0.1%  18.0ms   7.26MiB    0.0%  5.63KiB
     calculate_bound      132    5.00s    0.0%  37.9ms   4.39MiB    0.0%  34.1KiB
       solver_call_...    132    4.98s    0.0%  37.7ms   1.38MiB    0.0%  10.7KiB
 ────────────────────────────────────────────────────────────────────────────────

||||||||||||||||||||||||||||||||||||||||||||||||||||||||||||||||||||||||||||||||||||||||||||||||||||||||||||||||||||||||||||||||||||||||
LAGRANGIAN DUAL SOLUTION RESULTS
mn_opt: 0 times (0.0%)
conv: 127 times (0.6%)
unbounded: 0 times (0.0%)
bound_issues: 0 times (0.0%)
subgr_stalling: 0 times (0.0%)
opt: 20033 times (99.4%)
feas_issues: 0 times (0.0%)
sub: 0 times (0.0%)
mn_iter: 0 times (0.0%)
iter: 0 times (0.0%)
mn_issue: 0 times (0.0%)

||||||||||||||||||||||||||||||||||||||||||||||||||||||||||||||||||||||||||||||||||||||||||||||||||||||||||||||||||||||||||||||||||||||||
SIMULATION RESULTS
DynamicSDDiP.Simulation(DynamicSDDiP.InSampleMonteCarlo(), 1000)
Lower bound: 3475.4067603354893
Statistical upper bound (confidence interval): 4947.504222171644 ± 56.366161671812726
Pessimistic upper bound: 5003.870383843457
