

#########################################################################################################################################
#########################################################################################################################################
#########################################################################################################################################
#########################################################################################################################################
#########################################################################################################################################
DynamicSDDiP.jl (c) Christian Füllner, 2021
re-uses code from SDDP.jl (c) Oscar Dowson, 2017-21
||||||||||||||||||||||||||||||||||||||||||||||||||||||||||||||||||||||||||||||||||||||||||||||||||||||||||||||||||||||||||||||||||||||||
PATH
calling 
C:\Users\cg4102\.julia\packages\DynamicSDDiP\unjfA\src
nothing
DATETIME
2024-10-19T03:56:37.973
||||||||||||||||||||||||||||||||||||||||||||||||||||||||||||||||||||||||||||||||||||||||||||||||||||||||||||||||||||||||||||||||||||||||
STOPPING RULES
SDDP.TimeLimit(18000.0)
SDDP.BoundStalling(20, 0.0001)
||||||||||||||||||||||||||||||||||||||||||||||||||||||||||||||||||||||||||||||||||||||||||||||||||||||||||||||||||||||||||||||||||||||||
REGULARIZATION
DynamicSDDiP.NoRegularization()
||||||||||||||||||||||||||||||||||||||||||||||||||||||||||||||||||||||||||||||||||||||||||||||||||||||||||||||||||||||||||||||||||||||||
CUT GENERATION REGIMES
DynamicSDDiP.CutGenerationRegime(DynamicSDDiP.NoStateApproximation(), DynamicSDDiP.StrengthenedDuality(), 1, Inf, Inf, 0.0, true, 0.0001)

DynamicSDDiP.CutGenerationRegime(DynamicSDDiP.NoStateApproximation(), DynamicSDDiP.UnifiedLagrangianDuality(0.0001, 0.0001, 1000, DynamicSDDiP.ZeroDuals(), DynamicSDDiP.BothBounds(), DynamicSDDiP.LevelBundle(0.5, true, false), DynamicSDDiP.StandardChoice(), DynamicSDDiP.Lax(), DynamicSDDiP.Core_Midpoint(DynamicSDDiP.ConvexHullCopy(), DynamicSDDiP.NoIntegerRelax(), DynamicSDDiP.Unbounded_Opt_SB(true), DynamicSDDiP.NoImprovement(), false), DynamicSDDiP.NoDualSpaceRestriction(), DynamicSDDiP.ConvexHullCopy(), nothing, nothing), 21, Inf, Inf, 0.0, true, 0.0001)

||||||||||||||||||||||||||||||||||||||||||||||||||||||||||||||||||||||||||||||||||||||||||||||||||||||||||||||||||||||||||||||||||||||||
CUT AGGREGATION
DynamicSDDiP.MultiCutRegime()
||||||||||||||||||||||||||||||||||||||||||||||||||||||||||||||||||||||||||||||||||||||||||||||||||||||||||||||||||||||||||||||||||||||||
CUT SELECTION
DynamicSDDiP.NoCutSelection()
||||||||||||||||||||||||||||||||||||||||||||||||||||||||||||||||||||||||||||||||||||||||||||||||||||||||||||||||||||||||||||||||||||||||
LATE BINARIZATION
DynamicSDDiP.NoLateBinarization()
||||||||||||||||||||||||||||||||||||||||||||||||||||||||||||||||||||||||||||||||||||||||||||||||||||||||||||||||||||||||||||||||||||||||
APPLIED SOLVERS (LP, MILP, MIQCP, MINLP, NLP, Lagrange)
DynamicSDDiP.AppliedSolvers(true, "Gurobi", "Gurobi", "Gurobi", "Gurobi", "Gurobi", "Gurobi", "Gurobi", "Gurobi", "Gurobi", 0.0001, 300)
DynamicSDDiP.Direct_Solver()
Numerical focus: false
Silent: true
||||||||||||||||||||||||||||||||||||||||||||||||||||||||||||||||||||||||||||||||||||||||||||||||||||||||||||||||||||||||||||||||||||||||
SAMPLING
Used seed for sampling scenarios: 
11111     
||||||||||||||||||||||||||||||||||||||||||||||||||||||||||||||||||||||||||||||||||||||||||||||||||||||||||||||||||||||||||||||||||||||||
RUN DESCRIPTION

||||||||||||||||||||||||||||||||||||||||||||||||||||||||||||||||||||||||||||||||||||||||||||||||||||||||||||||||||||||||||||||||||||||||
PROBLEM DESCRIPTION
Number of stages: 10
Number of realizations per stage: 20
Seed for scenario tree sampling: 12345
Solver: serial mode

────────────────────────────────────────────────────────────────────────────────────────────────────────────────────────────────────────────────────────────────────────────────────────────────────────
It.#               UB        Best UB             LB       Gap           Time        It_Time           Refinements                            #Var.   #Constr.             #Cuts       Lagrangian Dual                                               
                                                          [%]            [s]            [s]          σ       Bin.      Total      {0,1}          ℤ      Total    Total   Active      # It.    # C-It.  # C-Real.  
────────────────────────────────────────────────────────────────────────────────────────────────────────────────────────────────────────────────────────────────────────────────────────────────────────
1        4.560602e+03   4.560602e+03   2.959970e+03    0.3510   1.296000e+00   1.296000e+00      false       none        100         33          0          4      180      180          0          0          0
2        5.490288e+03   4.560602e+03   3.000964e+03    0.3420   2.953000e+00   1.657000e+00      false       none        100         33          0          4      317      317          0          0          0
3        5.881156e+03   4.560602e+03   3.045819e+03    0.3321   4.734000e+00   1.781000e+00      false       none        100         33          0          4      452      452          0          0          0
4        5.984754e+03   4.560602e+03   3.186775e+03    0.3012   6.437000e+00   1.703000e+00      false       none        100         33          0          4      562      562          0          0          0
5        4.600883e+03   4.560602e+03   3.189313e+03    0.3007   8.296000e+00   1.859000e+00      false       none        100         33          0          4      684      684          0          0          0
6        4.685761e+03   4.560602e+03   3.189313e+03    0.3007   1.023400e+01   1.938000e+00      false       none        100         33          0          4      741      741          0          0          0
7        5.352822e+03   4.560602e+03   3.190221e+03    0.3005   1.225000e+01   2.016000e+00      false       none        100         33          0          4      836      836          0          0          0
8        6.194543e+03   4.560602e+03   3.205357e+03    0.2972   1.432800e+01   2.078000e+00      false       none        100         33          0          4      920      920          0          0          0
9        4.737691e+03   4.560602e+03   3.210619e+03    0.2960   1.640600e+01   2.078000e+00      false       none        100         33          0          4     1041     1041          0          0          0
10       3.909970e+03   3.909970e+03   3.218569e+03    0.1768   1.871800e+01   2.312000e+00      false       none        100         33          0          4     1147     1147          0          0          0
11       5.789095e+03   3.909970e+03   3.247065e+03    0.1695   2.098400e+01   2.266000e+00      false       none        100         33          0          4     1256     1256          0          0          0
12       5.234954e+03   3.909970e+03   3.266654e+03    0.1645   2.348400e+01   2.500000e+00      false       none        100         33          0          4     1327     1327          0          0          0
13       3.325948e+03   3.325948e+03   3.277986e+03    0.0144   2.607800e+01   2.594000e+00      false       none        100         33          0          4     1405     1405          0          0          0
14       5.582192e+03   3.325948e+03   3.279001e+03    0.0141   2.864000e+01   2.562000e+00      false       none        100         33          0          4     1490     1490          0          0          0
15       3.617219e+03   3.325948e+03   3.279772e+03    0.0139   3.140600e+01   2.766000e+00      false       none        100         33          0          4     1549     1549          0          0          0
16       4.369237e+03   3.325948e+03   3.279772e+03    0.0139   3.415600e+01   2.750000e+00      false       none        100         33          0          4     1598     1598          0          0          0
17       4.661129e+03   3.325948e+03   3.287632e+03    0.0115   3.693700e+01   2.781000e+00      false       none        100         33          0          4     1685     1685          0          0          0
18       4.689473e+03   3.325948e+03   3.288976e+03    0.0111   3.989000e+01   2.953000e+00      false       none        100         33          0          4     1766     1766          0          0          0
19       6.002595e+03   3.325948e+03   3.295409e+03    0.0092   4.265600e+01   2.766000e+00      false       none        100         33          0          4     1869     1869          0          0          0
20       3.859952e+03   3.325948e+03   3.295959e+03    0.0090   4.565600e+01   3.000000e+00      false       none        100         33          0          4     1964     1964          0          0          0
21       6.576798e+03   3.325948e+03   3.541160e+03    0.0608   9.985640e+02   9.529080e+02      false       none        100         33          0          4     2284     2284      21102      21102        180
22       5.989956e+03   3.325948e+03   3.574908e+03    0.0696   2.016690e+03   1.018126e+03      false       none        100         33          0          4     2539     2539      19101      19101        180
23       3.702684e+03   3.325948e+03   3.604500e+03    0.0773   3.393880e+03   1.377190e+03      false       none        100         33          0          4     2802     2802      22363      22363        180
24       6.194059e+03   3.325948e+03   3.659807e+03    0.0912   4.863038e+03   1.469158e+03      false       none        100         33          0          4     3135     3135      19563      19524        179
25       5.215239e+03   3.325948e+03   3.735374e+03    0.1096   6.651274e+03   1.788236e+03      false       none        100         33          0          4     3391     3391      20293      20236        179
26       4.968918e+03   3.325948e+03   3.961563e+03    0.1604   8.083807e+03   1.432533e+03      false       none        100         33          0          4     3680     3680      20320      20320        180
27       5.043451e+03   3.325948e+03   4.007353e+03    0.1700   9.561777e+03   1.477970e+03      false       none        100         33          0          4     3924     3924      19197      19197        180
28       5.270089e+03   3.325948e+03   4.012694e+03    0.1711   1.213223e+04   2.570456e+03      false       none        100         33          0          4     4208     4208      23227      23227        180
29       3.863261e+03   3.325948e+03   4.088976e+03    0.1866   1.420488e+04   2.072643e+03      false       none        100         33          0          4     4431     4431      19604      19568        179
30       5.207864e+03   3.325948e+03   4.095850e+03    0.1880   1.628633e+04   2.081456e+03      false       none        100         33          0          4     4676     4676      17997      17997        180
31       4.654967e+03   3.325948e+03   4.121905e+03    0.1931   1.924793e+04   2.961597e+03      false       none        100         33          0          4     4973     4973      25087      25045        179

Terminating DynamicSDDiP with status: time_limit
------------------------------------------------------------------------------
 ────────────────────────────────────────────────────────────────────────────────
                                        Time                    Allocations      
                               ───────────────────────   ────────────────────────
       Tot / % measured:            5.35h / 100.0%           41.6GiB / 100.0%    

 Section               ncalls     time    %tot     avg     alloc    %tot      avg
 ────────────────────────────────────────────────────────────────────────────────
 loop                       1    5.35h  100.0%   5.35h   41.6GiB  100.0%  41.6GiB
   iterations              31    5.35h  100.0%    621s   41.6GiB  100.0%  1.34GiB
     backward_pass         31    5.34h  100.0%    621s   41.6GiB  100.0%  1.34GiB
       solve_BP         7.56k    5.34h  100.0%   2.55s   41.5GiB   99.9%  5.62MiB
         solve_dual     7.56k    5.34h  100.0%   2.54s   41.5GiB   99.7%  5.62MiB
           solve_la...  1.98k    5.21h   97.4%   9.47s   37.3GiB   89.7%  19.3MiB
             inner_sol   228k    4.73h   88.4%  74.7ms   5.13GiB   12.4%  23.6KiB
               solv...   228k    4.71h   88.2%  74.5ms    767MiB    1.8%  3.45KiB
             bundle...   228k    1456s    7.6%  6.39ms    711MiB    1.7%  3.20KiB
             outer_sol   228k     187s    1.0%   821μs    775MiB    1.8%  3.48KiB
             add_cut     228k    12.6s    0.1%  55.4μs   4.07GiB    9.8%  18.7KiB
             init_a...  1.98k    661ms    0.0%   334μs    325MiB    0.8%   168KiB
             relax_...  1.98k    230ms    0.0%   116μs   65.9MiB    0.2%  34.1KiB
             restor...  1.98k    210ms    0.0%   106μs   35.4MiB    0.1%  18.3KiB
             conver...  1.98k   7.03ms    0.0%  3.55μs    403KiB    0.0%     208B
             minima...  1.98k   1.17ms    0.0%   594ns     0.00B    0.0%    0.00B
           solve_pr...  5.94k     250s    1.3%  42.1ms   19.4MiB    0.0%  3.34KiB
           solver_c...  5.58k     201s    1.0%  35.9ms   30.1MiB    0.1%  5.52KiB
           solve_core   1.98k    15.4s    0.1%  7.78ms   4.26MiB    0.0%  2.20KiB
           LP_relax...  5.58k    13.5s    0.1%  2.42ms    932MiB    2.2%   171KiB
             solver...  5.58k    9.39s    0.0%  1.68ms   15.5MiB    0.0%  2.84KiB
           dual_ini...  1.98k   2.08ms    0.0%  1.05μs    650KiB    0.0%     336B
         space_change   15.1k   4.19ms    0.0%   277ns     0.00B    0.0%    0.00B
       update_bellman     378   88.8ms    0.0%   235μs   43.4MiB    0.1%   118KiB
         cut_selection  4.97k   3.12ms    0.0%   628ns    407KiB    0.0%    83.7B
     forward_pass          31    6.30s    0.0%   203ms   9.67MiB    0.0%   319KiB
       solve_subpro...    310    6.29s    0.0%  20.3ms   8.75MiB    0.0%  28.9KiB
         solver_cal...    310    6.24s    0.0%  20.1ms   2.01MiB    0.0%  6.64KiB
     calculate_bound       31    769ms    0.0%  24.8ms    817KiB    0.0%  26.4KiB
       solver_call_...     31    764ms    0.0%  24.7ms   72.8KiB    0.0%  2.35KiB
 ────────────────────────────────────────────────────────────────────────────────

||||||||||||||||||||||||||||||||||||||||||||||||||||||||||||||||||||||||||||||||||||||||||||||||||||||||||||||||||||||||||||||||||||||||
LAGRANGIAN DUAL SOLUTION RESULTS
mn_opt: 0 times (0.0%)
conv: 0 times (0.0%)
unbounded: 0 times (0.0%)
bound_issues: 4 times (0.2%)
subgr_stalling: 0 times (0.0%)
opt: 1976 times (99.8%)
feas_issues: 0 times (0.0%)
sub: 0 times (0.0%)
mn_iter: 0 times (0.0%)
iter: 0 times (0.0%)
mn_issue: 0 times (0.0%)

||||||||||||||||||||||||||||||||||||||||||||||||||||||||||||||||||||||||||||||||||||||||||||||||||||||||||||||||||||||||||||||||||||||||
SIMULATION RESULTS
DynamicSDDiP.Simulation(DynamicSDDiP.InSampleMonteCarlo(), 1000)
Lower bound: 4121.905303050125
Statistical upper bound (confidence interval): 5069.264274772215 ± 52.5256699722603
Pessimistic upper bound: 5121.789944744475
