

#########################################################################################################################################
#########################################################################################################################################
#########################################################################################################################################
#########################################################################################################################################
#########################################################################################################################################
DynamicSDDiP.jl (c) Christian Füllner, 2021
re-uses code from SDDP.jl (c) Oscar Dowson, 2017-21
||||||||||||||||||||||||||||||||||||||||||||||||||||||||||||||||||||||||||||||||||||||||||||||||||||||||||||||||||||||||||||||||||||||||
MACHINE
ior-sop-ws03
PATH
calling 
C:\Users\cg4102\.julia\packages\DynamicSDDiP\tkO42\src
nothing
DATETIME
2024-11-04T00:08:45.81
||||||||||||||||||||||||||||||||||||||||||||||||||||||||||||||||||||||||||||||||||||||||||||||||||||||||||||||||||||||||||||||||||||||||
STOPPING RULES
SDDP.TimeLimit(18000.0)
SDDP.BoundStalling(20, 0.0001)
||||||||||||||||||||||||||||||||||||||||||||||||||||||||||||||||||||||||||||||||||||||||||||||||||||||||||||||||||||||||||||||||||||||||
REGULARIZATION
DynamicSDDiP.NoRegularization()
||||||||||||||||||||||||||||||||||||||||||||||||||||||||||||||||||||||||||||||||||||||||||||||||||||||||||||||||||||||||||||||||||||||||
CUT GENERATION REGIMES
DynamicSDDiP.CutGenerationRegime(DynamicSDDiP.NoStateApproximation(), DynamicSDDiP.StrengthenedDuality(), 1, Inf, true, 0.0001, false, 0.01, 1)

DynamicSDDiP.CutGenerationRegime(DynamicSDDiP.NoStateApproximation(), DynamicSDDiP.UnifiedLagrangianDuality(0.0001, 0.0001, 1000, DynamicSDDiP.ZeroDuals(), DynamicSDDiP.BothBounds(), DynamicSDDiP.LevelBundle(0.5, true, false), DynamicSDDiP.MinimalNormChoice(), DynamicSDDiP.Lax(), DynamicSDDiP.L∞_Deep(), DynamicSDDiP.NoDualSpaceRestriction(), DynamicSDDiP.StateSpaceCopy(), false, nothing, nothing), 21, Inf, true, 0.0001, false, 0.01, 1)

||||||||||||||||||||||||||||||||||||||||||||||||||||||||||||||||||||||||||||||||||||||||||||||||||||||||||||||||||||||||||||||||||||||||
CUT AGGREGATION
DynamicSDDiP.MultiCutRegime()
||||||||||||||||||||||||||||||||||||||||||||||||||||||||||||||||||||||||||||||||||||||||||||||||||||||||||||||||||||||||||||||||||||||||
CUT SELECTION
DynamicSDDiP.NoCutSelection()
||||||||||||||||||||||||||||||||||||||||||||||||||||||||||||||||||||||||||||||||||||||||||||||||||||||||||||||||||||||||||||||||||||||||
LATE BINARIZATION
DynamicSDDiP.NoLateBinarization()
||||||||||||||||||||||||||||||||||||||||||||||||||||||||||||||||||||||||||||||||||||||||||||||||||||||||||||||||||||||||||||||||||||||||
APPLIED SOLVERS (LP, MILP, MIQCP, MINLP, NLP, Lagrange)
DynamicSDDiP.AppliedSolvers(true, "Gurobi", "Gurobi", "Gurobi", "Gurobi", "Gurobi", "Gurobi", "Gurobi", "Gurobi", "Gurobi", 0.0001, 300)
DynamicSDDiP.Direct_Solver()
Numerical focus: false
Silent: true
||||||||||||||||||||||||||||||||||||||||||||||||||||||||||||||||||||||||||||||||||||||||||||||||||||||||||||||||||||||||||||||||||||||||
SAMPLING
Used seed for sampling scenarios: 
11111     
||||||||||||||||||||||||||||||||||||||||||||||||||||||||||||||||||||||||||||||||||||||||||||||||||||||||||||||||||||||||||||||||||||||||
RUN DESCRIPTION

||||||||||||||||||||||||||||||||||||||||||||||||||||||||||||||||||||||||||||||||||||||||||||||||||||||||||||||||||||||||||||||||||||||||
PROBLEM DESCRIPTION
Number of stages: 10
Number of realizations per stage: 20
Seed for scenario tree sampling: 12345
Solver: serial mode

────────────────────────────────────────────────────────────────────────────────────────────────────────────────────────────────────────────────────────────────────────────────────────────────────────
It.#               UB        Best UB             LB       Gap           Time        It_Time           Refinements                            #Var.   #Constr.             #Cuts       Lagrangian Dual                                               
                                                          [%]            [s]            [s]          σ       Bin.      Total      {0,1}          ℤ      Total    Total   Active      # It.    # C-It.  # C-Real.  
────────────────────────────────────────────────────────────────────────────────────────────────────────────────────────────────────────────────────────────────────────────────────────────────────────
1        4.560602e+03   4.560602e+03   2.959970e+03    0.3510   1.188000e+00   1.188000e+00      false       none        100         33          0          4      180      180          0          0          0
2        5.490288e+03   4.560602e+03   3.000964e+03    0.3420   2.734000e+00   1.546000e+00      false       none        100         33          0          4      317      317          0          0          0
3        5.881156e+03   4.560602e+03   3.045819e+03    0.3321   4.469000e+00   1.735000e+00      false       none        100         33          0          4      452      452          0          0          0
4        5.984754e+03   4.560602e+03   3.186775e+03    0.3012   6.047000e+00   1.578000e+00      false       none        100         33          0          4      562      562          0          0          0
5        4.600883e+03   4.560602e+03   3.189313e+03    0.3007   7.813000e+00   1.766000e+00      false       none        100         33          0          4      684      684          0          0          0
6        4.685761e+03   4.560602e+03   3.189313e+03    0.3007   9.688000e+00   1.875000e+00      false       none        100         33          0          4      741      741          0          0          0
7        5.352822e+03   4.560602e+03   3.190221e+03    0.3005   1.160900e+01   1.921000e+00      false       none        100         33          0          4      836      836          0          0          0
8        6.194543e+03   4.560602e+03   3.205357e+03    0.2972   1.371900e+01   2.110000e+00      false       none        100         33          0          4      920      920          0          0          0
9        4.737691e+03   4.560602e+03   3.210619e+03    0.2960   1.578100e+01   2.062000e+00      false       none        100         33          0          4     1041     1041          0          0          0
10       3.909970e+03   3.909970e+03   3.218569e+03    0.1768   1.804700e+01   2.266000e+00      false       none        100         33          0          4     1147     1147          0          0          0
11       5.789095e+03   3.909970e+03   3.247065e+03    0.1695   2.023400e+01   2.187000e+00      false       none        100         33          0          4     1256     1256          0          0          0
12       5.234954e+03   3.909970e+03   3.266654e+03    0.1645   2.267200e+01   2.438000e+00      false       none        100         33          0          4     1327     1327          0          0          0
13       3.325948e+03   3.325948e+03   3.277986e+03    0.0144   2.521900e+01   2.547000e+00      false       none        100         33          0          4     1405     1405          0          0          0
14       5.582192e+03   3.325948e+03   3.279001e+03    0.0141   2.771900e+01   2.500000e+00      false       none        100         33          0          4     1490     1490          0          0          0
15       3.617219e+03   3.325948e+03   3.279772e+03    0.0139   3.050000e+01   2.781000e+00      false       none        100         33          0          4     1549     1549          0          0          0
16       4.369237e+03   3.325948e+03   3.279772e+03    0.0139   3.315600e+01   2.656000e+00      false       none        100         33          0          4     1598     1598          0          0          0
17       4.661129e+03   3.325948e+03   3.287632e+03    0.0115   3.590600e+01   2.750000e+00      false       none        100         33          0          4     1685     1685          0          0          0
18       4.689473e+03   3.325948e+03   3.288976e+03    0.0111   3.878100e+01   2.875000e+00      false       none        100         33          0          4     1766     1766          0          0          0
19       6.002595e+03   3.325948e+03   3.295409e+03    0.0092   4.151600e+01   2.735000e+00      false       none        100         33          0          4     1869     1869          0          0          0
20       3.859952e+03   3.325948e+03   3.295959e+03    0.0090   4.446900e+01   2.953000e+00      false       none        100         33          0          4     1964     1964          0          0          0
21       6.576798e+03   3.325948e+03   3.317172e+03    0.0026   2.582809e+03   2.538340e+03      false       none        100         33          0          4     2248     2248      23408      23408        180
22       5.056197e+03   3.325948e+03   3.366744e+03    0.0121   5.752663e+03   3.169854e+03      false       none        100         33          0          4     2557     2557      24101      24101        180
23       3.964771e+03   3.325948e+03   3.397481e+03    0.0211   9.296532e+03   3.543869e+03      false       none        100         33          0          4     2835     2835      30037      29990        179
24       6.522617e+03   3.325948e+03   3.805763e+03    0.1261   1.431533e+04   5.018799e+03      false       none        100         33          0          4     3157     3157      26538      26519        179
25       5.302257e+03   3.325948e+03   3.856468e+03    0.1376   2.264562e+04   8.330289e+03      false       none        100         33          0          4     3445     3445      30298      30246        179

Terminating DynamicSDDiP with status: time_limit
------------------------------------------------------------------------------
 ────────────────────────────────────────────────────────────────────────────────
                                        Time                    Allocations      
                               ───────────────────────   ────────────────────────
       Tot / % measured:            6.29h / 100.0%           14.4GiB / 100.0%    

 Section               ncalls     time    %tot     avg     alloc    %tot      avg
 ────────────────────────────────────────────────────────────────────────────────
 loop                       1    6.29h  100.0%   6.29h   14.4GiB  100.0%  14.4GiB
   iterations              25    6.29h  100.0%    906s   14.4GiB  100.0%   591MiB
     backward_pass         25    6.29h  100.0%    906s   14.4GiB   99.9%   590MiB
       solve_BP         5.40k    6.29h  100.0%   4.19s   14.4GiB   99.7%  2.73MiB
         solve_dual     5.40k    6.29h  100.0%   4.19s   14.3GiB   99.5%  2.72MiB
           solve_la...    900    6.25h   99.4%   25.0s   13.3GiB   91.9%  15.1MiB
             minima...    899    5.57h   88.5%   22.3s   8.58GiB   59.5%  9.78MiB
               solv...   107k    5.55h   88.2%   186ms   3.28GiB   22.7%  32.0KiB
             inner_sol  27.0k    2424s   10.7%  89.9ms    727MiB    4.9%  27.6KiB
               solv...  27.0k    2417s   10.7%  89.7ms    220MiB    1.5%  8.36KiB
             bundle...  27.0k    29.0s    0.1%  1.08ms   57.5MiB    0.4%  2.18KiB
             outer_sol  27.0k    7.31s    0.0%   271μs    124MiB    0.8%  4.71KiB
             add_cut    27.0k    1.42s    0.0%  52.8μs    472MiB    3.2%  17.9KiB
             init_a...    900    342ms    0.0%   380μs    142MiB    1.0%   162KiB
             relax_...    900    161ms    0.0%   179μs   35.9MiB    0.2%  40.9KiB
             restor...    900    126ms    0.0%   140μs   16.5MiB    0.1%  18.8KiB
             conver...    900   3.25ms    0.0%  3.61μs    183KiB    0.0%     208B
           solver_c...  4.50k    86.1s    0.4%  19.1ms   19.2MiB    0.1%  4.37KiB
           solve_pr...    900    31.6s    0.1%  35.1ms   2.74MiB    0.0%  3.12KiB
           LP_relax...  4.50k    9.04s    0.0%  2.01ms    749MiB    5.1%   170KiB
             solver...  4.50k    5.16s    0.0%  1.15ms   11.3MiB    0.1%  2.56KiB
           dual_ini...    900   1.59ms    0.0%  1.77μs    295KiB    0.0%     336B
         space_change   10.8k   3.04ms    0.0%   282ns     0.00B    0.0%    0.00B
       update_bellman     270   77.5ms    0.0%   287μs   28.6MiB    0.2%   108KiB
         cut_selection  3.44k   2.16ms    0.0%   628ns    258KiB    0.0%    76.8B
     forward_pass          25    2.92s    0.0%   117ms   7.97MiB    0.1%   327KiB
       solve_subpro...    250    2.91s    0.0%  11.7ms   7.23MiB    0.0%  29.6KiB
         solver_cal...    250    2.87s    0.0%  11.5ms   1.80MiB    0.0%  7.37KiB
     calculate_bound       25    326ms    0.0%  13.0ms    653KiB    0.0%  26.1KiB
       solver_call_...     25    322ms    0.0%  12.9ms   52.9KiB    0.0%  2.12KiB
 ────────────────────────────────────────────────────────────────────────────────

||||||||||||||||||||||||||||||||||||||||||||||||||||||||||||||||||||||||||||||||||||||||||||||||||||||||||||||||||||||||||||||||||||||||
LAGRANGIAN DUAL SOLUTION RESULTS
mn_opt: 864 times (96.0%)
conv: 0 times (0.0%)
unbounded: 0 times (0.0%)
bound_issues: 1 times (0.1%)
subgr_stalling: 0 times (0.0%)
opt: 0 times (0.0%)
feas_issues: 0 times (0.0%)
sub: 0 times (0.0%)
mn_iter: 33 times (3.7%)
iter: 0 times (0.0%)
mn_issue: 2 times (0.2%)

||||||||||||||||||||||||||||||||||||||||||||||||||||||||||||||||||||||||||||||||||||||||||||||||||||||||||||||||||||||||||||||||||||||||
SIMULATION RESULTS
DynamicSDDiP.Simulation(DynamicSDDiP.InSampleMonteCarlo(), 1000)
Lower bound: 3856.4680096622888
Statistical upper bound (confidence interval): 5239.224092758253 ± 51.0440221498611
Pessimistic upper bound: 5290.2681149081145
