

#########################################################################################################################################
#########################################################################################################################################
#########################################################################################################################################
#########################################################################################################################################
#########################################################################################################################################
DynamicSDDiP.jl (c) Christian Füllner, 2021
re-uses code from SDDP.jl (c) Oscar Dowson, 2017-21
||||||||||||||||||||||||||||||||||||||||||||||||||||||||||||||||||||||||||||||||||||||||||||||||||||||||||||||||||||||||||||||||||||||||
PATH
calling 
C:\Users\cg4102\.julia\packages\DynamicSDDiP\Z7cZi\src
nothing
DATETIME
2023-04-02T17:23:21.517
||||||||||||||||||||||||||||||||||||||||||||||||||||||||||||||||||||||||||||||||||||||||||||||||||||||||||||||||||||||||||||||||||||||||
STOPPING RULES
SDDP.TimeLimit(18000.0)
SDDP.BoundStalling(20, 0.0001)
||||||||||||||||||||||||||||||||||||||||||||||||||||||||||||||||||||||||||||||||||||||||||||||||||||||||||||||||||||||||||||||||||||||||
REGULARIZATION
DynamicSDDiP.NoRegularization()
||||||||||||||||||||||||||||||||||||||||||||||||||||||||||||||||||||||||||||||||||||||||||||||||||||||||||||||||||||||||||||||||||||||||
CUT GENERATION REGIMES
DynamicSDDiP.CutGenerationRegime(DynamicSDDiP.NoStateApproximation(), DynamicSDDiP.StrengthenedDuality(), 1, Inf, Inf, 0.0, true, 0.0001)

DynamicSDDiP.CutGenerationRegime(DynamicSDDiP.NoStateApproximation(), DynamicSDDiP.LagrangianDuality(0.0001, 0.0001, 1000, DynamicSDDiP.ZeroDuals(), DynamicSDDiP.BothBounds(), DynamicSDDiP.LevelBundle(0.5, true, false), DynamicSDDiP.StandardChoice(), DynamicSDDiP.Lax(), DynamicSDDiP.ConvexHullCopy(), false), 21, Inf, Inf, 0.0, true, 0.0001)

||||||||||||||||||||||||||||||||||||||||||||||||||||||||||||||||||||||||||||||||||||||||||||||||||||||||||||||||||||||||||||||||||||||||
CUT AGGREGATION
DynamicSDDiP.MultiCutRegime()
||||||||||||||||||||||||||||||||||||||||||||||||||||||||||||||||||||||||||||||||||||||||||||||||||||||||||||||||||||||||||||||||||||||||
CUT SELECTION
DynamicSDDiP.NoCutSelection()
||||||||||||||||||||||||||||||||||||||||||||||||||||||||||||||||||||||||||||||||||||||||||||||||||||||||||||||||||||||||||||||||||||||||
LATE BINARIZATION
DynamicSDDiP.NoLateBinarization()
||||||||||||||||||||||||||||||||||||||||||||||||||||||||||||||||||||||||||||||||||||||||||||||||||||||||||||||||||||||||||||||||||||||||
APPLIED SOLVERS (LP, MILP, MIQCP, MINLP, NLP, Lagrange)
DynamicSDDiP.AppliedSolvers(true, "Gurobi", "Gurobi", "Gurobi", "Gurobi", "Gurobi", "Gurobi", "Gurobi", "Gurobi", "Gurobi", 0.0001, 300)
DynamicSDDiP.Direct_Solver()
Numerical focus: false
Silent: true
||||||||||||||||||||||||||||||||||||||||||||||||||||||||||||||||||||||||||||||||||||||||||||||||||||||||||||||||||||||||||||||||||||||||
SAMPLING
Used seed for sampling scenarios: 
11111     
||||||||||||||||||||||||||||||||||||||||||||||||||||||||||||||||||||||||||||||||||||||||||||||||||||||||||||||||||||||||||||||||||||||||
RUN DESCRIPTION

||||||||||||||||||||||||||||||||||||||||||||||||||||||||||||||||||||||||||||||||||||||||||||||||||||||||||||||||||||||||||||||||||||||||
PROBLEM DESCRIPTION
Number of stages: 10
Number of realizations per stage: 20
Seed for scenario tree sampling: 12345
Solver: serial mode

────────────────────────────────────────────────────────────────────────────────────────────────────────────────────────────────────────────────────────────────────────────────────────────────────────
It.#               UB        Best UB             LB       Gap           Time        It_Time           Refinements                            #Var.   #Constr.             #Cuts       Lagrangian Dual                                               
                                                          [%]            [s]            [s]          σ       Bin.      Total      {0,1}          ℤ      Total    Total   Active      # It.    # C-It.  # C-Real.  
────────────────────────────────────────────────────────────────────────────────────────────────────────────────────────────────────────────────────────────────────────────────────────────────────────
1        4.560602e+03   4.560602e+03   2.959970e+03    0.3510   1.172000e+00   1.172000e+00      false       none        100         33          0          4      180      180          0          0          0
2        5.490288e+03   4.560602e+03   3.000964e+03    0.3420   2.703000e+00   1.531000e+00      false       none        100         33          0          4      317      317          0          0          0
3        5.881156e+03   4.560602e+03   3.045819e+03    0.3321   4.437000e+00   1.734000e+00      false       none        100         33          0          4      452      452          0          0          0
4        5.984754e+03   4.560602e+03   3.186775e+03    0.3012   6.062000e+00   1.625000e+00      false       none        100         33          0          4      562      562          0          0          0
5        4.600883e+03   4.560602e+03   3.189313e+03    0.3007   7.812000e+00   1.750000e+00      false       none        100         33          0          4      684      684          0          0          0
6        4.685761e+03   4.560602e+03   3.189313e+03    0.3007   9.672000e+00   1.860000e+00      false       none        100         33          0          4      741      741          0          0          0
7        5.352822e+03   4.560602e+03   3.190221e+03    0.3005   1.160900e+01   1.937000e+00      false       none        100         33          0          4      836      836          0          0          0
8        6.194543e+03   4.560602e+03   3.205357e+03    0.2972   1.364100e+01   2.032000e+00      false       none        100         33          0          4      920      920          0          0          0
9        4.737691e+03   4.560602e+03   3.210619e+03    0.2960   1.559400e+01   1.953000e+00      false       none        100         33          0          4     1041     1041          0          0          0
10       3.909970e+03   3.909970e+03   3.218569e+03    0.1768   1.785900e+01   2.265000e+00      false       none        100         33          0          4     1147     1147          0          0          0
11       5.789095e+03   3.909970e+03   3.247065e+03    0.1695   2.004700e+01   2.188000e+00      false       none        100         33          0          4     1256     1256          0          0          0
12       5.234954e+03   3.909970e+03   3.266654e+03    0.1645   2.246900e+01   2.422000e+00      false       none        100         33          0          4     1327     1327          0          0          0
13       3.325948e+03   3.325948e+03   3.277986e+03    0.0144   2.495300e+01   2.484000e+00      false       none        100         33          0          4     1405     1405          0          0          0
14       5.582192e+03   3.325948e+03   3.279001e+03    0.0141   2.745300e+01   2.500000e+00      false       none        100         33          0          4     1490     1490          0          0          0
15       3.617219e+03   3.325948e+03   3.279772e+03    0.0139   3.014100e+01   2.688000e+00      false       none        100         33          0          4     1549     1549          0          0          0
16       4.369237e+03   3.325948e+03   3.279772e+03    0.0139   3.279700e+01   2.656000e+00      false       none        100         33          0          4     1598     1598          0          0          0
17       4.661129e+03   3.325948e+03   3.287632e+03    0.0115   3.550000e+01   2.703000e+00      false       none        100         33          0          4     1685     1685          0          0          0
18       4.689473e+03   3.325948e+03   3.288976e+03    0.0111   3.839100e+01   2.891000e+00      false       none        100         33          0          4     1766     1766          0          0          0
19       6.002595e+03   3.325948e+03   3.295409e+03    0.0092   4.109400e+01   2.703000e+00      false       none        100         33          0          4     1869     1869          0          0          0
20       3.859952e+03   3.325948e+03   3.295959e+03    0.0090   4.398400e+01   2.890000e+00      false       none        100         33          0          4     1964     1964          0          0          0
21       6.576798e+03   3.325948e+03   3.298836e+03    0.0082   2.533290e+02   2.093450e+02      false       none        100         33          0          4     2222     2222       8818       8818        180
22       5.326295e+03   3.325948e+03   3.303577e+03    0.0067   4.695630e+02   2.162340e+02      false       none        100         33          0          4     2469     2469       8528       8528        180
23       3.732079e+03   3.325948e+03   3.305937e+03    0.0060   7.191420e+02   2.495790e+02      false       none        100         33          0          4     2706     2706       8972       8972        180
24       6.499745e+03   3.325948e+03   3.381043e+03    0.0163   9.798460e+02   2.607040e+02      false       none        100         33          0          4     2985     2985       8947       8947        180
25       5.194949e+03   3.325948e+03   3.384464e+03    0.0173   1.283128e+03   3.032820e+02      false       none        100         33          0          4     3235     3235       9497       9497        180
26       4.539980e+03   3.325948e+03   3.386977e+03    0.0180   1.580035e+03   2.969070e+02      false       none        100         33          0          4     3528     3528       8720       8720        180
27       4.646174e+03   3.325948e+03   3.391028e+03    0.0192   1.930207e+03   3.501720e+02      false       none        100         33          0          4     3797     3797       9307       9307        180
28       4.903059e+03   3.325948e+03   3.393525e+03    0.0199   2.301302e+03   3.710950e+02      false       none        100         33          0          4     4029     4029       9193       9193        180
29       3.797392e+03   3.325948e+03   3.394758e+03    0.0203   2.690990e+03   3.896880e+02      false       none        100         33          0          4     4250     4250       9388       9388        180
30       4.791619e+03   3.325948e+03   3.396274e+03    0.0207   3.098147e+03   4.071570e+02      false       none        100         33          0          4     4531     4531       9002       9002        180
31       3.365620e+03   3.325948e+03   3.398017e+03    0.0212   3.552757e+03   4.546100e+02      false       none        100         33          0          4     4797     4797       9402       9402        180
32       5.247825e+03   3.325948e+03   3.401266e+03    0.0221   4.003383e+03   4.506260e+02      false       none        100         33          0          4     5078     5078       9145       9145        180
33       6.729597e+03   3.325948e+03   3.404496e+03    0.0231   4.489118e+03   4.857350e+02      false       none        100         33          0          4     5360     5360       9126       9126        180
34       5.485069e+03   3.325948e+03   3.406875e+03    0.0238   4.996807e+03   5.076890e+02      false       none        100         33          0          4     5596     5596       9281       9281        180
35       5.897289e+03   3.325948e+03   3.408246e+03    0.0241   5.504480e+03   5.076730e+02      false       none        100         33          0          4     5861     5861       8902       8902        180
36       5.735320e+03   3.325948e+03   3.410431e+03    0.0248   6.037246e+03   5.327660e+02      false       none        100         33          0          4     6120     6120       9166       9166        180
37       5.545785e+03   3.325948e+03   3.419822e+03    0.0274   6.614091e+03   5.768450e+02      false       none        100         33          0          4     6383     6383       9195       9195        180
38       4.389281e+03   3.325948e+03   3.428187e+03    0.0298   7.257717e+03   6.436260e+02      false       none        100         33          0          4     6643     6643       9563       9563        180
39       5.024416e+03   3.325948e+03   3.436249e+03    0.0321   7.892468e+03   6.347510e+02      false       none        100         33          0          4     6903     6903       9048       9048        180
40       5.072992e+03   3.325948e+03   3.444375e+03    0.0344   8.576079e+03   6.836110e+02      false       none        100         33          0          4     7198     7198       9190       9190        180
41       4.051243e+03   3.325948e+03   3.447258e+03    0.0352   9.235361e+03   6.592820e+02      false       none        100         33          0          4     7430     7430       9071       9071        180
42       5.829024e+03   3.325948e+03   3.454013e+03    0.0371   9.996910e+03   7.615490e+02      false       none        100         33          0          4     7671     7671       9280       9280        180
43       4.434921e+03   3.325948e+03   3.455646e+03    0.0375   1.077443e+04   7.775170e+02      false       none        100         33          0          4     7926     7926       9262       9262        180
44       5.932919e+03   3.325948e+03   3.466974e+03    0.0407   1.161777e+04   8.433450e+02      false       none        100         33          0          4     8214     8214       9114       9114        180
45       4.969481e+03   3.325948e+03   3.467151e+03    0.0407   1.242795e+04   8.101740e+02      false       none        100         33          0          4     8414     8414       8935       8935        180
46       5.596861e+03   3.325948e+03   3.467239e+03    0.0408   1.330945e+04   8.815020e+02      false       none        100         33          0          4     8609     8609       9137       9137        180
47       5.452444e+03   3.325948e+03   3.469646e+03    0.0414   1.423115e+04   9.217050e+02      false       none        100         33          0          4     8857     8857       9227       9227        180
48       5.629832e+03   3.325948e+03   3.473233e+03    0.0424   1.524523e+04   1.014080e+03      false       none        100         33          0          4     9101     9101       9171       9171        180
49       5.641516e+03   3.325948e+03   3.479754e+03    0.0442   1.629563e+04   1.050392e+03      false       none        100         33          0          4     9328     9328       9349       9349        180
50       6.850238e+03   3.325948e+03   3.482487e+03    0.0450   1.737322e+04   1.077596e+03      false       none        100         33          0          4     9579     9579       9228       9228        180
51       3.424517e+03   3.325948e+03   3.482959e+03    0.0451   1.836368e+04   9.904550e+02      false       none        100         33          0          4     9804     9804       8987       8987        180

Terminating DynamicSDDiP with status: time_limit
------------------------------------------------------------------------------
 ────────────────────────────────────────────────────────────────────────────────
                                        Time                    Allocations      
                               ───────────────────────   ────────────────────────
       Tot / % measured:            5.10h / 100.0%           47.7GiB / 100.0%    

 Section               ncalls     time    %tot     avg     alloc    %tot      avg
 ────────────────────────────────────────────────────────────────────────────────
 loop                       1    5.10h  100.0%   5.10h   47.7GiB  100.0%  47.7GiB
   iterations              51    5.10h  100.0%    360s   47.7GiB  100.0%  0.94GiB
     backward_pass         51    5.09h   99.9%    360s   47.7GiB  100.0%  0.94GiB
       solve_BP         14.8k    5.09h   99.9%   1.24s   47.6GiB   99.8%  3.30MiB
         solve_dual     14.8k    5.09h   99.9%   1.24s   47.5GiB   99.6%  3.30MiB
           solve_la...  5.58k    4.83h   94.7%   3.12s   45.3GiB   94.8%  8.30MiB
             inner_sol   283k    4.69h   91.9%  59.6ms   5.72GiB   12.0%  21.2KiB
               solv...   283k    4.67h   91.6%  59.4ms    779MiB    1.6%  2.82KiB
             bundle...   283k     332s    1.8%  1.17ms    540MiB    1.1%  1.95KiB
             outer_sol   283k    58.0s    0.3%   205μs    805MiB    1.6%  2.91KiB
             add_cut     283k    15.0s    0.1%  52.9μs   4.68GiB    9.8%  17.3KiB
             init_a...  5.58k    2.01s    0.0%   361μs    859MiB    1.8%   158KiB
             relax_...  5.58k    800ms    0.0%   143μs    190MiB    0.4%  34.8KiB
             restor...  5.58k    520ms    0.0%  93.2μs    100MiB    0.2%  18.3KiB
             conver...  5.58k   17.4ms    0.0%  3.12μs   1.02MiB    0.0%     192B
             minima...  5.49k   4.92ms    0.0%   897ns     0.00B    0.0%    0.00B
           solver_c...  9.18k     548s    3.0%  59.6ms   39.9MiB    0.1%  4.45KiB
           solve_pr...  5.58k     360s    2.0%  64.5ms   17.3MiB    0.0%  3.17KiB
           LP_relax...  9.18k    40.4s    0.2%  4.40ms   1.49GiB    3.1%   171KiB
             solver...  9.18k    32.8s    0.2%  3.57ms   26.7MiB    0.1%  2.98KiB
           dual_ini...  5.58k   7.10ms    0.0%  1.27μs   1.79MiB    0.0%     336B
         space_change   29.5k   7.67ms    0.0%   260ns     0.00B    0.0%    0.00B
       update_bellman     738    195ms    0.0%   265μs   83.1MiB    0.2%   115KiB
         cut_selection  9.80k   5.98ms    0.0%   610ns    782KiB    0.0%    81.7B
     forward_pass          51    21.6s    0.1%   423ms   15.3MiB    0.0%   307KiB
       solve_subpro...    510    21.5s    0.1%  42.2ms   13.8MiB    0.0%  27.7KiB
         solver_cal...    510    21.5s    0.1%  42.1ms   2.70MiB    0.0%  5.42KiB
     calculate_bound       51    3.18s    0.0%  62.3ms   1.34MiB    0.0%  26.8KiB
       solver_call_...     51    3.17s    0.0%  62.2ms    143KiB    0.0%  2.81KiB
 ────────────────────────────────────────────────────────────────────────────────

||||||||||||||||||||||||||||||||||||||||||||||||||||||||||||||||||||||||||||||||||||||||||||||||||||||||||||||||||||||||||||||||||||||||
LAGRANGIAN DUAL SOLUTION RESULTS
mn_opt: 0 times (0.0%)
conv: 91 times (1.6%)
unbounded: 0 times (0.0%)
bound_issues: 0 times (0.0%)
subgr_stalling: 0 times (0.0%)
opt: 5489 times (98.4%)
feas_issues: 0 times (0.0%)
sub: 0 times (0.0%)
mn_iter: 0 times (0.0%)
iter: 0 times (0.0%)
mn_issue: 0 times (0.0%)

||||||||||||||||||||||||||||||||||||||||||||||||||||||||||||||||||||||||||||||||||||||||||||||||||||||||||||||||||||||||||||||||||||||||
SIMULATION RESULTS
DynamicSDDiP.Simulation(DynamicSDDiP.InSampleMonteCarlo(), 1000)
Lower bound: 3482.9587866320985
Statistical upper bound (confidence interval): 4958.691117556026 ± 55.749841386167006
Pessimistic upper bound: 5014.440958942193
