

#########################################################################################################################################
#########################################################################################################################################
#########################################################################################################################################
#########################################################################################################################################
#########################################################################################################################################
DynamicSDDiP.jl (c) Christian Füllner, 2021
re-uses code from SDDP.jl (c) Oscar Dowson, 2017-21
||||||||||||||||||||||||||||||||||||||||||||||||||||||||||||||||||||||||||||||||||||||||||||||||||||||||||||||||||||||||||||||||||||||||
PATH
calling 
C:\Users\cg4102\.julia\packages\DynamicSDDiP\Z7cZi\src
nothing
DATETIME
2023-04-03T16:44:28.378
||||||||||||||||||||||||||||||||||||||||||||||||||||||||||||||||||||||||||||||||||||||||||||||||||||||||||||||||||||||||||||||||||||||||
STOPPING RULES
SDDP.TimeLimit(18000.0)
SDDP.BoundStalling(20, 0.0001)
||||||||||||||||||||||||||||||||||||||||||||||||||||||||||||||||||||||||||||||||||||||||||||||||||||||||||||||||||||||||||||||||||||||||
REGULARIZATION
DynamicSDDiP.NoRegularization()
||||||||||||||||||||||||||||||||||||||||||||||||||||||||||||||||||||||||||||||||||||||||||||||||||||||||||||||||||||||||||||||||||||||||
CUT GENERATION REGIMES
DynamicSDDiP.CutGenerationRegime(DynamicSDDiP.NoStateApproximation(), DynamicSDDiP.StrengthenedDuality(), 1, Inf, Inf, 0.0, true, 0.0001)

DynamicSDDiP.CutGenerationRegime(DynamicSDDiP.NoStateApproximation(), DynamicSDDiP.UnifiedLagrangianDuality(0.0001, 0.0001, 1000, DynamicSDDiP.ZeroDuals(), DynamicSDDiP.BothBounds(), DynamicSDDiP.LevelBundle(0.5, true, false), DynamicSDDiP.StandardChoice(), DynamicSDDiP.Lax(), DynamicSDDiP.L₁_Deep(), DynamicSDDiP.NoDualSpaceRestriction(), DynamicSDDiP.ConvexHullCopy(), nothing, nothing), 21, Inf, Inf, 0.0, true, 0.0001)

||||||||||||||||||||||||||||||||||||||||||||||||||||||||||||||||||||||||||||||||||||||||||||||||||||||||||||||||||||||||||||||||||||||||
CUT AGGREGATION
DynamicSDDiP.MultiCutRegime()
||||||||||||||||||||||||||||||||||||||||||||||||||||||||||||||||||||||||||||||||||||||||||||||||||||||||||||||||||||||||||||||||||||||||
CUT SELECTION
DynamicSDDiP.NoCutSelection()
||||||||||||||||||||||||||||||||||||||||||||||||||||||||||||||||||||||||||||||||||||||||||||||||||||||||||||||||||||||||||||||||||||||||
LATE BINARIZATION
DynamicSDDiP.NoLateBinarization()
||||||||||||||||||||||||||||||||||||||||||||||||||||||||||||||||||||||||||||||||||||||||||||||||||||||||||||||||||||||||||||||||||||||||
APPLIED SOLVERS (LP, MILP, MIQCP, MINLP, NLP, Lagrange)
DynamicSDDiP.AppliedSolvers(true, "Gurobi", "Gurobi", "Gurobi", "Gurobi", "Gurobi", "Gurobi", "Gurobi", "Gurobi", "Gurobi", 0.0001, 300)
DynamicSDDiP.Direct_Solver()
Numerical focus: false
Silent: true
||||||||||||||||||||||||||||||||||||||||||||||||||||||||||||||||||||||||||||||||||||||||||||||||||||||||||||||||||||||||||||||||||||||||
SAMPLING
Used seed for sampling scenarios: 
11111     
||||||||||||||||||||||||||||||||||||||||||||||||||||||||||||||||||||||||||||||||||||||||||||||||||||||||||||||||||||||||||||||||||||||||
RUN DESCRIPTION

||||||||||||||||||||||||||||||||||||||||||||||||||||||||||||||||||||||||||||||||||||||||||||||||||||||||||||||||||||||||||||||||||||||||
PROBLEM DESCRIPTION
Number of stages: 10
Number of realizations per stage: 20
Seed for scenario tree sampling: 12345
Solver: serial mode

────────────────────────────────────────────────────────────────────────────────────────────────────────────────────────────────────────────────────────────────────────────────────────────────────────
It.#               UB        Best UB             LB       Gap           Time        It_Time           Refinements                            #Var.   #Constr.             #Cuts       Lagrangian Dual                                               
                                                          [%]            [s]            [s]          σ       Bin.      Total      {0,1}          ℤ      Total    Total   Active      # It.    # C-It.  # C-Real.  
────────────────────────────────────────────────────────────────────────────────────────────────────────────────────────────────────────────────────────────────────────────────────────────────────────
1        4.560602e+03   4.560602e+03   2.959970e+03    0.3510   1.250000e+00   1.250000e+00      false       none        100         33          0          4      180      180          0          0          0
2        5.490288e+03   4.560602e+03   3.000964e+03    0.3420   2.844000e+00   1.594000e+00      false       none        100         33          0          4      317      317          0          0          0
3        5.881156e+03   4.560602e+03   3.045819e+03    0.3321   4.578000e+00   1.734000e+00      false       none        100         33          0          4      452      452          0          0          0
4        5.984754e+03   4.560602e+03   3.186775e+03    0.3012   6.203000e+00   1.625000e+00      false       none        100         33          0          4      562      562          0          0          0
5        4.600883e+03   4.560602e+03   3.189313e+03    0.3007   8.000000e+00   1.797000e+00      false       none        100         33          0          4      684      684          0          0          0
6        4.685761e+03   4.560602e+03   3.189313e+03    0.3007   9.906000e+00   1.906000e+00      false       none        100         33          0          4      741      741          0          0          0
7        5.352822e+03   4.560602e+03   3.190221e+03    0.3005   1.185900e+01   1.953000e+00      false       none        100         33          0          4      836      836          0          0          0
8        6.194543e+03   4.560602e+03   3.205357e+03    0.2972   1.387500e+01   2.016000e+00      false       none        100         33          0          4      920      920          0          0          0
9        4.737691e+03   4.560602e+03   3.210619e+03    0.2960   1.589100e+01   2.016000e+00      false       none        100         33          0          4     1041     1041          0          0          0
10       3.909970e+03   3.909970e+03   3.218569e+03    0.1768   1.815600e+01   2.265000e+00      false       none        100         33          0          4     1147     1147          0          0          0
11       5.789095e+03   3.909970e+03   3.247065e+03    0.1695   2.037500e+01   2.219000e+00      false       none        100         33          0          4     1256     1256          0          0          0
12       5.234954e+03   3.909970e+03   3.266654e+03    0.1645   2.284400e+01   2.469000e+00      false       none        100         33          0          4     1327     1327          0          0          0
13       3.325948e+03   3.325948e+03   3.277986e+03    0.0144   2.542200e+01   2.578000e+00      false       none        100         33          0          4     1405     1405          0          0          0
14       5.582192e+03   3.325948e+03   3.279001e+03    0.0141   2.795300e+01   2.531000e+00      false       none        100         33          0          4     1490     1490          0          0          0
15       3.617219e+03   3.325948e+03   3.279772e+03    0.0139   3.067200e+01   2.719000e+00      false       none        100         33          0          4     1549     1549          0          0          0
16       4.369237e+03   3.325948e+03   3.279772e+03    0.0139   3.337500e+01   2.703000e+00      false       none        100         33          0          4     1598     1598          0          0          0
17       4.661129e+03   3.325948e+03   3.287632e+03    0.0115   3.610900e+01   2.734000e+00      false       none        100         33          0          4     1685     1685          0          0          0
18       4.689473e+03   3.325948e+03   3.288976e+03    0.0111   3.901600e+01   2.907000e+00      false       none        100         33          0          4     1766     1766          0          0          0
19       6.002595e+03   3.325948e+03   3.295409e+03    0.0092   4.173400e+01   2.718000e+00      false       none        100         33          0          4     1869     1869          0          0          0
20       3.859952e+03   3.325948e+03   3.295959e+03    0.0090   4.468800e+01   2.954000e+00      false       none        100         33          0          4     1964     1964          0          0          0
21       6.576798e+03   3.325948e+03   3.300308e+03    0.0077   6.331730e+02   5.884850e+02      false       none        100         33          0          4     2247     2247      15706      15706        180
22       5.237295e+03   3.325948e+03   3.322961e+03    0.0009   1.332049e+03   6.988760e+02      false       none        100         33          0          4     2539     2539      16016      16016        180
23       3.792344e+03   3.325948e+03   3.333742e+03    0.0023   2.017707e+03   6.856580e+02      false       none        100         33          0          4     2821     2821      14549      14549        180
24       6.375981e+03   3.325948e+03   3.585477e+03    0.0724   3.002708e+03   9.850010e+02      false       none        100         33          0          4     3152     3152      15913      15913        180
25       5.252905e+03   3.325948e+03   3.664124e+03    0.0923   4.092648e+03   1.089940e+03      false       none        100         33          0          4     3409     3409      16768      16768        180
26       5.208349e+03   3.325948e+03   3.665849e+03    0.0927   5.113149e+03   1.020501e+03      false       none        100         33          0          4     3674     3674      15230      15230        180
27       5.002730e+03   3.325948e+03   3.679758e+03    0.0962   6.278761e+03   1.165612e+03      false       none        100         33          0          4     3932     3932      15019      15019        180
28       4.812214e+03   3.325948e+03   3.687437e+03    0.0980   7.681325e+03   1.402564e+03      false       none        100         33          0          4     4178     4178      16249      16249        180
29       4.436878e+03   3.325948e+03   3.693409e+03    0.0995   9.108422e+03   1.427097e+03      false       none        100         33          0          4     4451     4451      15507      15507        180
30       5.150740e+03   3.325948e+03   3.706332e+03    0.1026   1.079600e+04   1.687581e+03      false       none        100         33          0          4     4688     4688      16267      16267        180
31       3.796743e+03   3.325948e+03   3.718107e+03    0.1055   1.221924e+04   1.423237e+03      false       none        100         33          0          4     4974     4974      14951      14951        180
32       5.486286e+03   3.325948e+03   3.730324e+03    0.1084   1.404391e+04   1.824675e+03      false       none        100         33          0          4     5252     5252      17220      17220        180
33       6.565258e+03   3.325948e+03   3.760083e+03    0.1155   1.584846e+04   1.804550e+03      false       none        100         33          0          4     5537     5537      16152      16152        180
34       5.701085e+03   3.325948e+03   3.790167e+03    0.1225   1.772431e+04   1.875847e+03      false       none        100         33          0          4     5795     5795      15481      15481        180
35       5.617518e+03   3.325948e+03   3.804090e+03    0.1257   1.965494e+04   1.930629e+03      false       none        100         33          0          4     6033     6033      15973      15973        180

Terminating DynamicSDDiP with status: time_limit
------------------------------------------------------------------------------
 ────────────────────────────────────────────────────────────────────────────────
                                        Time                    Allocations      
                               ───────────────────────   ────────────────────────
       Tot / % measured:            5.46h / 100.0%           40.9GiB / 100.0%    

 Section               ncalls     time    %tot     avg     alloc    %tot      avg
 ────────────────────────────────────────────────────────────────────────────────
 loop                       1    5.46h  100.0%   5.46h   40.9GiB  100.0%  40.9GiB
   iterations              35    5.46h  100.0%    562s   40.9GiB  100.0%  1.17GiB
     backward_pass         35    5.46h   99.9%    561s   40.9GiB  100.0%  1.17GiB
       solve_BP         9.00k    5.46h   99.9%   2.18s   40.9GiB   99.8%  4.65MiB
         solve_dual     9.00k    5.46h   99.9%   2.18s   40.8GiB   99.7%  4.64MiB
           solve_la...  2.70k    5.34h   97.8%   7.12s   39.3GiB   95.9%  14.9MiB
             inner_sol   237k    5.14h   94.1%  78.0ms   5.42GiB   13.2%  24.0KiB
               solv...   237k    5.13h   93.9%  77.8ms    933MiB    2.2%  4.03KiB
             bundle...   237k     504s    2.6%  2.13ms    576MiB    1.4%  2.49KiB
             outer_sol   237k     135s    0.7%   570μs    758MiB    1.8%  3.27KiB
             add_cut     237k    12.7s    0.1%  53.5μs   4.08GiB   10.0%  18.1KiB
             init_a...  2.70k    994ms    0.0%   368μs    441MiB    1.1%   167KiB
             relax_...  2.70k    380ms    0.0%   141μs   91.9MiB    0.2%  34.9KiB
             restor...  2.70k    250ms    0.0%  92.8μs   48.2MiB    0.1%  18.3KiB
             conver...  2.70k   9.88ms    0.0%  3.66μs    548KiB    0.0%     208B
             minima...  2.70k   1.58ms    0.0%   586ns     0.00B    0.0%    0.00B
           solver_c...  6.30k     245s    1.2%  38.9ms   31.4MiB    0.1%  5.10KiB
           solve_pr...  2.70k     147s    0.7%  54.3ms   9.04MiB    0.0%  3.43KiB
           LP_relax...  6.30k    18.4s    0.1%  2.92ms   1.02GiB    2.5%   171KiB
             solver...  6.30k    13.1s    0.1%  2.08ms   17.4MiB    0.0%  2.83KiB
           dual_ini...  2.70k   3.65ms    0.0%  1.35μs    886KiB    0.0%     336B
         space_change   18.0k   4.86ms    0.0%   270ns     0.00B    0.0%    0.00B
       update_bellman     450    129ms    0.0%   286μs   51.4MiB    0.1%   117KiB
         cut_selection  6.03k   3.60ms    0.0%   597ns    480KiB    0.0%    81.4B
     forward_pass          35    8.90s    0.0%   254ms   10.8MiB    0.0%   316KiB
       solve_subpro...    350    8.89s    0.0%  25.4ms   9.75MiB    0.0%  28.5KiB
         solver_cal...    350    8.82s    0.0%  25.2ms   2.14MiB    0.0%  6.27KiB
     calculate_bound       35    1.03s    0.0%  29.4ms    926KiB    0.0%  26.4KiB
       solver_call_...     35    1.02s    0.0%  29.2ms   85.1KiB    0.0%  2.43KiB
 ────────────────────────────────────────────────────────────────────────────────

||||||||||||||||||||||||||||||||||||||||||||||||||||||||||||||||||||||||||||||||||||||||||||||||||||||||||||||||||||||||||||||||||||||||
LAGRANGIAN DUAL SOLUTION RESULTS
mn_opt: 0 times (0.0%)
conv: 0 times (0.0%)
unbounded: 0 times (0.0%)
bound_issues: 0 times (0.0%)
subgr_stalling: 0 times (0.0%)
opt: 2700 times (100.0%)
feas_issues: 0 times (0.0%)
sub: 0 times (0.0%)
mn_iter: 0 times (0.0%)
iter: 0 times (0.0%)
mn_issue: 0 times (0.0%)

||||||||||||||||||||||||||||||||||||||||||||||||||||||||||||||||||||||||||||||||||||||||||||||||||||||||||||||||||||||||||||||||||||||||
SIMULATION RESULTS
DynamicSDDiP.Simulation(DynamicSDDiP.InSampleMonteCarlo(), 1000)
Lower bound: 3804.0895346395614
Statistical upper bound (confidence interval): 5110.9849669228915 ± 50.62004435337013
Pessimistic upper bound: 5161.605011276261
