

#########################################################################################################################################
#########################################################################################################################################
#########################################################################################################################################
#########################################################################################################################################
#########################################################################################################################################
DynamicSDDiP.jl (c) Christian Füllner, 2021
re-uses code from SDDP.jl (c) Oscar Dowson, 2017-21
||||||||||||||||||||||||||||||||||||||||||||||||||||||||||||||||||||||||||||||||||||||||||||||||||||||||||||||||||||||||||||||||||||||||
PATH
calling 
C:\Users\cg4102\.julia\packages\DynamicSDDiP\unjfA\src
nothing
DATETIME
2024-10-18T16:23:55.142
||||||||||||||||||||||||||||||||||||||||||||||||||||||||||||||||||||||||||||||||||||||||||||||||||||||||||||||||||||||||||||||||||||||||
STOPPING RULES
SDDP.TimeLimit(18000.0)
SDDP.BoundStalling(20, 0.0001)
||||||||||||||||||||||||||||||||||||||||||||||||||||||||||||||||||||||||||||||||||||||||||||||||||||||||||||||||||||||||||||||||||||||||
REGULARIZATION
DynamicSDDiP.NoRegularization()
||||||||||||||||||||||||||||||||||||||||||||||||||||||||||||||||||||||||||||||||||||||||||||||||||||||||||||||||||||||||||||||||||||||||
CUT GENERATION REGIMES
DynamicSDDiP.CutGenerationRegime(DynamicSDDiP.NoStateApproximation(), DynamicSDDiP.StrengthenedDuality(), 1, Inf, Inf, 0.0, true, 0.0001)

DynamicSDDiP.CutGenerationRegime(DynamicSDDiP.NoStateApproximation(), DynamicSDDiP.UnifiedLagrangianDuality(0.0001, 0.0001, 1000, DynamicSDDiP.ZeroDuals(), DynamicSDDiP.BothBounds(), DynamicSDDiP.LevelBundle(0.5, true, false), DynamicSDDiP.StandardChoice(), DynamicSDDiP.Lax(), DynamicSDDiP.Core_Epsilon(0.01, DynamicSDDiP.ConvexHullCopy(), DynamicSDDiP.NoIntegerRelax(), DynamicSDDiP.Unbounded_Opt_SB(true), DynamicSDDiP.NoImprovement(), false), DynamicSDDiP.NoDualSpaceRestriction(), DynamicSDDiP.ConvexHullCopy(), nothing, nothing), 21, Inf, Inf, 0.0, true, 0.0001)

||||||||||||||||||||||||||||||||||||||||||||||||||||||||||||||||||||||||||||||||||||||||||||||||||||||||||||||||||||||||||||||||||||||||
CUT AGGREGATION
DynamicSDDiP.MultiCutRegime()
||||||||||||||||||||||||||||||||||||||||||||||||||||||||||||||||||||||||||||||||||||||||||||||||||||||||||||||||||||||||||||||||||||||||
CUT SELECTION
DynamicSDDiP.NoCutSelection()
||||||||||||||||||||||||||||||||||||||||||||||||||||||||||||||||||||||||||||||||||||||||||||||||||||||||||||||||||||||||||||||||||||||||
LATE BINARIZATION
DynamicSDDiP.NoLateBinarization()
||||||||||||||||||||||||||||||||||||||||||||||||||||||||||||||||||||||||||||||||||||||||||||||||||||||||||||||||||||||||||||||||||||||||
APPLIED SOLVERS (LP, MILP, MIQCP, MINLP, NLP, Lagrange)
DynamicSDDiP.AppliedSolvers(true, "Gurobi", "Gurobi", "Gurobi", "Gurobi", "Gurobi", "Gurobi", "Gurobi", "Gurobi", "Gurobi", 0.0001, 300)
DynamicSDDiP.Direct_Solver()
Numerical focus: false
Silent: true
||||||||||||||||||||||||||||||||||||||||||||||||||||||||||||||||||||||||||||||||||||||||||||||||||||||||||||||||||||||||||||||||||||||||
SAMPLING
Used seed for sampling scenarios: 
11111     
||||||||||||||||||||||||||||||||||||||||||||||||||||||||||||||||||||||||||||||||||||||||||||||||||||||||||||||||||||||||||||||||||||||||
RUN DESCRIPTION

||||||||||||||||||||||||||||||||||||||||||||||||||||||||||||||||||||||||||||||||||||||||||||||||||||||||||||||||||||||||||||||||||||||||
PROBLEM DESCRIPTION
Number of stages: 10
Number of realizations per stage: 20
Seed for scenario tree sampling: 12345
Solver: serial mode

────────────────────────────────────────────────────────────────────────────────────────────────────────────────────────────────────────────────────────────────────────────────────────────────────────
It.#               UB        Best UB             LB       Gap           Time        It_Time           Refinements                            #Var.   #Constr.             #Cuts       Lagrangian Dual                                               
                                                          [%]            [s]            [s]          σ       Bin.      Total      {0,1}          ℤ      Total    Total   Active      # It.    # C-It.  # C-Real.  
────────────────────────────────────────────────────────────────────────────────────────────────────────────────────────────────────────────────────────────────────────────────────────────────────────
1        4.560602e+03   4.560602e+03   2.959970e+03    0.3510   1.578000e+00   1.578000e+00      false       none        100         33          0          4      180      180          0          0          0
2        5.490288e+03   4.560602e+03   3.000964e+03    0.3420   3.484000e+00   1.906000e+00      false       none        100         33          0          4      317      317          0          0          0
3        5.881156e+03   4.560602e+03   3.045819e+03    0.3321   5.562000e+00   2.078000e+00      false       none        100         33          0          4      452      452          0          0          0
4        5.984754e+03   4.560602e+03   3.186775e+03    0.3012   7.484000e+00   1.922000e+00      false       none        100         33          0          4      562      562          0          0          0
5        4.600883e+03   4.560602e+03   3.189313e+03    0.3007   9.562000e+00   2.078000e+00      false       none        100         33          0          4      684      684          0          0          0
6        4.685761e+03   4.560602e+03   3.189313e+03    0.3007   1.173400e+01   2.172000e+00      false       none        100         33          0          4      741      741          0          0          0
7        5.352822e+03   4.560602e+03   3.190221e+03    0.3005   1.396900e+01   2.235000e+00      false       none        100         33          0          4      836      836          0          0          0
8        6.194543e+03   4.560602e+03   3.205357e+03    0.2972   1.634400e+01   2.375000e+00      false       none        100         33          0          4      920      920          0          0          0
9        4.737691e+03   4.560602e+03   3.210619e+03    0.2960   1.868700e+01   2.343000e+00      false       none        100         33          0          4     1041     1041          0          0          0
10       3.909970e+03   3.909970e+03   3.218569e+03    0.1768   2.125000e+01   2.563000e+00      false       none        100         33          0          4     1147     1147          0          0          0
11       5.789095e+03   3.909970e+03   3.247065e+03    0.1695   2.375000e+01   2.500000e+00      false       none        100         33          0          4     1256     1256          0          0          0
12       5.234954e+03   3.909970e+03   3.266654e+03    0.1645   2.653100e+01   2.781000e+00      false       none        100         33          0          4     1327     1327          0          0          0
13       3.325948e+03   3.325948e+03   3.277986e+03    0.0144   2.935900e+01   2.828000e+00      false       none        100         33          0          4     1405     1405          0          0          0
14       5.582192e+03   3.325948e+03   3.279001e+03    0.0141   3.218700e+01   2.828000e+00      false       none        100         33          0          4     1490     1490          0          0          0
15       3.617219e+03   3.325948e+03   3.279772e+03    0.0139   3.520300e+01   3.016000e+00      false       none        100         33          0          4     1549     1549          0          0          0
16       4.369237e+03   3.325948e+03   3.279772e+03    0.0139   3.820300e+01   3.000000e+00      false       none        100         33          0          4     1598     1598          0          0          0
17       4.661129e+03   3.325948e+03   3.287632e+03    0.0115   4.121900e+01   3.016000e+00      false       none        100         33          0          4     1685     1685          0          0          0
18       4.689473e+03   3.325948e+03   3.288976e+03    0.0111   4.534400e+01   4.125000e+00      false       none        100         33          0          4     1766     1766          0          0          0
19       6.002595e+03   3.325948e+03   3.295409e+03    0.0092   4.832900e+01   2.985000e+00      false       none        100         33          0          4     1869     1869          0          0          0
20       3.859952e+03   3.325948e+03   3.295959e+03    0.0090   5.150100e+01   3.172000e+00      false       none        100         33          0          4     1964     1964          0          0          0
21       6.576798e+03   3.325948e+03   3.537033e+03    0.0597   9.800170e+02   9.285160e+02      false       none        100         33          0          4     2282     2282      23302      23205        178
22       5.944669e+03   3.325948e+03   3.656213e+03    0.0903   2.013128e+03   1.033111e+03      false       none        100         33          0          4     2586     2586      22455      22375        178
23       3.740643e+03   3.325948e+03   3.717111e+03    0.1052   3.512114e+03   1.498986e+03      false       none        100         33          0          4     2876     2876      26963      26880        178
24       6.249274e+03   3.325948e+03   3.763935e+03    0.1164   4.839209e+03   1.327095e+03      false       none        100         33          0          4     3169     3169      22785      22785        180
25       5.199625e+03   3.325948e+03   3.845741e+03    0.1352   6.558852e+03   1.719643e+03      false       none        100         33          0          4     3430     3430      24868      24810        179
26       5.120860e+03   3.325948e+03   3.916784e+03    0.1508   8.272588e+03   1.713736e+03      false       none        100         33          0          4     3708     3708      24475      24475        180
27       4.990189e+03   3.325948e+03   3.977064e+03    0.1637   1.025854e+04   1.985955e+03      false       none        100         33          0          4     3970     3970      25410      25291        177
28       5.145777e+03   3.325948e+03   4.013057e+03    0.1712   1.268011e+04   2.421566e+03      false       none        100         33          0          4     4248     4248      28004      27884        177
29       4.359639e+03   3.325948e+03   4.021130e+03    0.1729   1.525660e+04   2.576487e+03      false       none        100         33          0          4     4498     4498      26081      26042        179
30       5.218538e+03   3.325948e+03   4.081566e+03    0.1851   1.754021e+04   2.283612e+03      false       none        100         33          0          4     4728     4728      23319      23165        176
31       3.935742e+03   3.325948e+03   4.091120e+03    0.1870   2.045959e+04   2.919379e+03      false       none        100         33          0          4     4997     4997      27609      27526        178

Terminating DynamicSDDiP with status: time_limit
------------------------------------------------------------------------------
 ────────────────────────────────────────────────────────────────────────────────
                                        Time                    Allocations      
                               ───────────────────────   ────────────────────────
       Tot / % measured:            5.68h / 100.0%           49.4GiB / 100.0%    

 Section               ncalls     time    %tot     avg     alloc    %tot      avg
 ────────────────────────────────────────────────────────────────────────────────
 loop                       1    5.68h  100.0%   5.68h   49.4GiB  100.0%  49.4GiB
   iterations              31    5.68h  100.0%    660s   49.4GiB  100.0%  1.59GiB
     backward_pass         31    5.68h  100.0%    660s   49.4GiB  100.0%  1.59GiB
       solve_BP         7.56k    5.68h  100.0%   2.71s   49.3GiB   99.9%  6.68MiB
         solve_dual     7.56k    5.68h  100.0%   2.71s   49.3GiB   99.8%  6.68MiB
           solve_la...  1.98k    5.53h   97.3%   10.1s   45.1GiB   91.3%  23.3MiB
             inner_sol   275k    4.97h   87.5%  65.0ms   6.13GiB   12.4%  23.4KiB
               solv...   275k    4.96h   87.2%  64.8ms    876MiB    1.7%  3.26KiB
             bundle...   275k    1639s    8.0%  5.96ms    723MiB    1.4%  2.69KiB
             outer_sol   275k     262s    1.3%   950μs    939MiB    1.9%  3.49KiB
             add_cut     275k    15.3s    0.1%  55.5μs   4.84GiB    9.8%  18.4KiB
             init_a...  1.98k    656ms    0.0%   331μs    325MiB    0.6%   168KiB
             relax_...  1.98k    237ms    0.0%   119μs   65.9MiB    0.1%  34.1KiB
             restor...  1.98k    208ms    0.0%   105μs   35.4MiB    0.1%  18.3KiB
             conver...  1.98k   6.59ms    0.0%  3.33μs    407KiB    0.0%     210B
             minima...  1.96k   1.07ms    0.0%   544ns     0.00B    0.0%    0.00B
           solver_c...  5.58k     207s    1.0%  37.1ms   28.8MiB    0.1%  5.28KiB
           solve_pr...  5.94k     206s    1.0%  34.7ms   18.9MiB    0.0%  3.26KiB
           solve_core   1.98k     103s    0.5%  51.9ms   6.72MiB    0.0%  3.48KiB
           LP_relax...  5.58k    14.0s    0.1%  2.50ms    932MiB    1.8%   171KiB
             solver...  5.58k    9.85s    0.0%  1.76ms   15.8MiB    0.0%  2.90KiB
           dual_ini...  1.98k   2.15ms    0.0%  1.09μs    650KiB    0.0%     336B
         space_change   15.1k   4.56ms    0.0%   302ns     0.00B    0.0%    0.00B
       update_bellman     378   99.0ms    0.0%   262μs   43.7MiB    0.1%   118KiB
         cut_selection  5.00k   3.03ms    0.0%   607ns    409KiB    0.0%    83.8B
     forward_pass          31    6.33s    0.0%   204ms   10.0MiB    0.0%   331KiB
       solve_subpro...    310    6.32s    0.0%  20.4ms   9.09MiB    0.0%  30.0KiB
         solver_cal...    310    6.26s    0.0%  20.2ms   2.00MiB    0.0%  6.62KiB
     calculate_bound       31    702ms    0.0%  22.6ms    814KiB    0.0%  26.3KiB
       solver_call_...     31    697ms    0.0%  22.5ms   69.6KiB    0.0%  2.24KiB
 ────────────────────────────────────────────────────────────────────────────────

||||||||||||||||||||||||||||||||||||||||||||||||||||||||||||||||||||||||||||||||||||||||||||||||||||||||||||||||||||||||||||||||||||||||
LAGRANGIAN DUAL SOLUTION RESULTS
mn_opt: 0 times (0.0%)
conv: 0 times (0.0%)
unbounded: 0 times (0.0%)
bound_issues: 20 times (1.0%)
subgr_stalling: 0 times (0.0%)
opt: 1960 times (99.0%)
feas_issues: 0 times (0.0%)
sub: 0 times (0.0%)
mn_iter: 0 times (0.0%)
iter: 0 times (0.0%)
mn_issue: 0 times (0.0%)

||||||||||||||||||||||||||||||||||||||||||||||||||||||||||||||||||||||||||||||||||||||||||||||||||||||||||||||||||||||||||||||||||||||||
SIMULATION RESULTS
DynamicSDDiP.Simulation(DynamicSDDiP.InSampleMonteCarlo(), 1000)
Lower bound: 4091.1199802180836
Statistical upper bound (confidence interval): 5037.948300589934 ± 54.34241112648172
Pessimistic upper bound: 5092.290711716416
