

#########################################################################################################################################
#########################################################################################################################################
#########################################################################################################################################
#########################################################################################################################################
#########################################################################################################################################
DynamicSDDiP.jl (c) Christian Füllner, 2021
re-uses code from SDDP.jl (c) Oscar Dowson, 2017-21
||||||||||||||||||||||||||||||||||||||||||||||||||||||||||||||||||||||||||||||||||||||||||||||||||||||||||||||||||||||||||||||||||||||||
PATH
calling 
C:\Users\cg4102\.julia\packages\DynamicSDDiP\jRtdG\src
nothing
DATETIME
2024-11-14T14:43:22.548
||||||||||||||||||||||||||||||||||||||||||||||||||||||||||||||||||||||||||||||||||||||||||||||||||||||||||||||||||||||||||||||||||||||||
STOPPING RULES
SDDP.TimeLimit(10800.0)
SDDP.BoundStalling(20, 0.0001)
||||||||||||||||||||||||||||||||||||||||||||||||||||||||||||||||||||||||||||||||||||||||||||||||||||||||||||||||||||||||||||||||||||||||
REGULARIZATION
DynamicSDDiP.NoRegularization()
||||||||||||||||||||||||||||||||||||||||||||||||||||||||||||||||||||||||||||||||||||||||||||||||||||||||||||||||||||||||||||||||||||||||
CUT GENERATION REGIMES
DynamicSDDiP.CutGenerationRegime(DynamicSDDiP.NoStateApproximation(), DynamicSDDiP.StrengthenedDuality(), 1, Inf, Inf, 0.0, true, 0.0001)

DynamicSDDiP.CutGenerationRegime(DynamicSDDiP.NoStateApproximation(), DynamicSDDiP.UnifiedLagrangianDuality(0.0001, 0.0001, 1000, DynamicSDDiP.ZeroDuals(), DynamicSDDiP.BothBounds(), DynamicSDDiP.LevelBundle(0.5, true, false), DynamicSDDiP.StandardChoice(), DynamicSDDiP.Lax(), DynamicSDDiP.L∞_Deep(), DynamicSDDiP.NoDualSpaceRestriction(), DynamicSDDiP.ConvexHullCopy(), nothing, nothing), 21, Inf, Inf, 0.0, true, 0.0001)

||||||||||||||||||||||||||||||||||||||||||||||||||||||||||||||||||||||||||||||||||||||||||||||||||||||||||||||||||||||||||||||||||||||||
CUT AGGREGATION
DynamicSDDiP.MultiCutRegime()
||||||||||||||||||||||||||||||||||||||||||||||||||||||||||||||||||||||||||||||||||||||||||||||||||||||||||||||||||||||||||||||||||||||||
CUT SELECTION
DynamicSDDiP.NoCutSelection()
||||||||||||||||||||||||||||||||||||||||||||||||||||||||||||||||||||||||||||||||||||||||||||||||||||||||||||||||||||||||||||||||||||||||
LATE BINARIZATION
DynamicSDDiP.NoLateBinarization()
||||||||||||||||||||||||||||||||||||||||||||||||||||||||||||||||||||||||||||||||||||||||||||||||||||||||||||||||||||||||||||||||||||||||
APPLIED SOLVERS (LP, MILP, MIQCP, MINLP, NLP, Lagrange)
DynamicSDDiP.AppliedSolvers(true, "Gurobi", "Gurobi", "Gurobi", "Gurobi", "Gurobi", "Gurobi", "Gurobi", "Gurobi", "Gurobi", 0.0001, 300)
DynamicSDDiP.Direct_Solver()
Numerical focus: false
Silent: true
||||||||||||||||||||||||||||||||||||||||||||||||||||||||||||||||||||||||||||||||||||||||||||||||||||||||||||||||||||||||||||||||||||||||
SAMPLING
Used seed for sampling scenarios: 
11111     
||||||||||||||||||||||||||||||||||||||||||||||||||||||||||||||||||||||||||||||||||||||||||||||||||||||||||||||||||||||||||||||||||||||||
RUN DESCRIPTION

||||||||||||||||||||||||||||||||||||||||||||||||||||||||||||||||||||||||||||||||||||||||||||||||||||||||||||||||||||||||||||||||||||||||
PROBLEM DESCRIPTION
Number of stages: 16
Number of realizations per stage: 20
Seed for scenario tree sampling: 12345
Solver: serial mode

────────────────────────────────────────────────────────────────────────────────────────────────────────────────────────────────────────────────────────────────────────────────────────────────────────
It.#               UB        Best UB             LB       Gap           Time        It_Time           Refinements                            #Var.   #Constr.             #Cuts       Lagrangian Dual                                               
                                                          [%]            [s]            [s]          σ       Bin.      Total      {0,1}          ℤ      Total    Total   Active      # It.    # C-It.  # C-Real.  
────────────────────────────────────────────────────────────────────────────────────────────────────────────────────────────────────────────────────────────────────────────────────────────────────────
1        3.022289e+04   3.022289e+04   1.928461e+04    0.3619   1.788000e+00   1.788000e+00      false       none         82         10          0         11      300      300          0          0          0
2        3.365966e+04   3.022289e+04   1.934587e+04    0.3599   3.476000e+00   1.688000e+00      false       none         82         10          0         11      535      535          0          0          0
3        3.221590e+04   3.022289e+04   1.943004e+04    0.3571   5.679000e+00   2.203000e+00      false       none         82         10          0         11      785      785          0          0          0
4        3.219986e+04   3.022289e+04   1.945587e+04    0.3563   7.976000e+00   2.297000e+00      false       none         82         10          0         11     1003     1003          0          0          0
5        2.949945e+04   2.949945e+04   1.947136e+04    0.3399   1.057000e+01   2.594000e+00      false       none         82         10          0         11     1249     1249          0          0          0
6        2.584157e+04   2.584157e+04   1.950872e+04    0.2451   1.336600e+01   2.796000e+00      false       none         82         10          0         11     1436     1436          0          0          0
7        2.832766e+04   2.584157e+04   1.955535e+04    0.2433   1.625700e+01   2.891000e+00      false       none         82         10          0         11     1685     1685          0          0          0
8        3.006839e+04   2.584157e+04   1.967152e+04    0.2388   1.930400e+01   3.047000e+00      false       none         82         10          0         11     1944     1944          0          0          0
9        2.646985e+04   2.584157e+04   1.972975e+04    0.2365   2.252300e+01   3.219000e+00      false       none         82         10          0         11     2096     2096          0          0          0
10       3.069303e+04   2.584157e+04   1.982323e+04    0.2329   2.649100e+01   3.968000e+00      false       none         82         10          0         11     2306     2306          0          0          0
11       2.896298e+04   2.584157e+04   1.985080e+04    0.2318   3.030400e+01   3.813000e+00      false       none         82         10          0         11     2496     2496          0          0          0
12       2.950524e+04   2.584157e+04   1.999626e+04    0.2262   3.408500e+01   3.781000e+00      false       none         82         10          0         11     2675     2675          0          0          0
13       2.936989e+04   2.584157e+04   2.023244e+04    0.2171   3.796000e+01   3.875000e+00      false       none         82         10          0         11     2825     2825          0          0          0
14       2.945027e+04   2.584157e+04   2.028961e+04    0.2148   4.208500e+01   4.125000e+00      false       none         82         10          0         11     2957     2957          0          0          0
15       2.744476e+04   2.584157e+04   2.030346e+04    0.2143   4.602300e+01   3.938000e+00      false       none         82         10          0         11     3094     3094          0          0          0
16       3.039153e+04   2.584157e+04   2.031607e+04    0.2138   5.039800e+01   4.375000e+00      false       none         82         10          0         11     3284     3284          0          0          0
17       3.100681e+04   2.584157e+04   2.034162e+04    0.2128   5.482000e+01   4.422000e+00      false       none         82         10          0         11     3408     3408          0          0          0
18       2.880907e+04   2.584157e+04   2.035580e+04    0.2123   5.930400e+01   4.484000e+00      false       none         82         10          0         11     3496     3496          0          0          0
19       2.953092e+04   2.584157e+04   2.038068e+04    0.2113   6.397600e+01   4.672000e+00      false       none         82         10          0         11     3626     3626          0          0          0
20       2.638923e+04   2.584157e+04   2.039244e+04    0.2109   6.855400e+01   4.578000e+00      false       none         82         10          0         11     3720     3720          0          0          0
21       3.134509e+04   2.584157e+04   2.124450e+04    0.1779   2.833200e+02   2.147660e+02      false       none         82         10          0         11     4300     4300      10968      10968        300
22       3.193151e+04   2.584157e+04   2.134484e+04    0.1740   5.696010e+02   2.862810e+02      false       none         82         10          0         11     4872     4872      12711      12711        300
23       2.446951e+04   2.446951e+04   2.149155e+04    0.1217   9.242110e+02   3.546100e+02      false       none         82         10          0         11     5436     5436      13176      13176        300
24       2.787549e+04   2.446951e+04   2.152225e+04    0.1204   1.287415e+03   3.632040e+02      false       none         82         10          0         11     6002     6002      12326      12326        300
25       2.968638e+04   2.446951e+04   2.158214e+04    0.1180   1.709493e+03   4.220780e+02      false       none         82         10          0         11     6529     6529      12892      12892        300
26       3.152770e+04   2.446951e+04   2.189441e+04    0.1052   2.066916e+03   3.574230e+02      false       none         82         10          0         11     7085     7085      11465      11465        300
27       3.161091e+04   2.446951e+04   2.219258e+04    0.0931   2.551296e+03   4.843800e+02      false       none         82         10          0         11     7597     7597      13506      13506        300
28       3.584754e+04   2.446951e+04   2.239683e+04    0.0847   2.985375e+03   4.340790e+02      false       none         82         10          0         11     8092     8092      11975      11975        300
29       3.057144e+04   2.446951e+04   2.258963e+04    0.0768   3.619972e+03   6.345970e+02      false       none         82         10          0         11     8573     8573      14210      14210        300
30       3.093415e+04   2.446951e+04   2.264919e+04    0.0744   4.216302e+03   5.963300e+02      false       none         82         10          0         11     9050     9050      12957      12957        300
31       2.820405e+04   2.446951e+04   2.278900e+04    0.0687   4.859741e+03   6.434390e+02      false       none         82         10          0         11     9549     9549      13652      13652        300
32       2.758184e+04   2.446951e+04   2.283891e+04    0.0666   5.593742e+03   7.340010e+02      false       none         82         10          0         11    10040    10040      14346      14346        300
33       3.121518e+04   2.446951e+04   2.305309e+04    0.0579   6.284044e+03   6.903020e+02      false       none         82         10          0         11    10489    10489      13541      13541        300
34       2.813175e+04   2.446951e+04   2.310377e+04    0.0558   7.131329e+03   8.472850e+02      false       none         82         10          0         11    10920    10920      14868      14868        300
35       3.044832e+04   2.446951e+04   2.315965e+04    0.0535   7.926477e+03   7.951480e+02      false       none         82         10          0         11    11360    11360      13974      13974        300
36       2.610447e+04   2.446951e+04   2.326489e+04    0.0492   8.875389e+03   9.489120e+02      false       none         82         10          0         11    11754    11754      14890      14890        300
37       2.958472e+04   2.446951e+04   2.329822e+04    0.0479   9.755274e+03   8.798850e+02      false       none         82         10          0         11    12205    12205      13908      13908        300
38       2.992214e+04   2.446951e+04   2.337056e+04    0.0449   1.066535e+04   9.100800e+02      false       none         82         10          0         11    12607    12607      13497      13497        300
39       2.820250e+04   2.446951e+04   2.342395e+04    0.0427   1.171081e+04   1.045459e+03      false       none         82         10          0         11    13039    13039      14834      14834        300

Terminating DynamicSDDiP with status: time_limit
------------------------------------------------------------------------------
 ────────────────────────────────────────────────────────────────────────────────
                                        Time                    Allocations      
                               ───────────────────────   ────────────────────────
       Tot / % measured:            3.25h / 100.0%           23.6GiB / 100.0%    

 Section               ncalls     time    %tot     avg     alloc    %tot      avg
 ────────────────────────────────────────────────────────────────────────────────
 loop                       1    3.25h  100.0%   3.25h   23.6GiB  100.0%  23.6GiB
   iterations              39    3.25h  100.0%    300s   23.6GiB  100.0%   621MiB
     backward_pass         39    3.25h   99.9%    300s   23.6GiB   99.9%   620MiB
       solve_BP         17.4k    3.25h   99.9%   673ms   23.5GiB   99.5%  1.38MiB
         solve_dual     17.4k    3.25h   99.9%   673ms   23.5GiB   99.3%  1.38MiB
           solve_la...  5.70k    3.14h   96.5%   1.98s   21.7GiB   91.7%  3.90MiB
             inner_sol   254k    3.01h   92.7%  42.8ms   6.24GiB   26.4%  25.8KiB
               solv...   254k    3.00h   92.3%  42.6ms   0.95GiB    4.0%  3.93KiB
             bundle...   254k     293s    2.5%  1.15ms    508MiB    2.1%  2.05KiB
             outer_sol   254k    89.2s    0.8%   352μs    728MiB    3.0%  2.94KiB
             add_cut     254k    13.1s    0.1%  51.6μs   2.59GiB   11.0%  10.7KiB
             init_a...  5.70k    1.92s    0.0%   337μs    703MiB    2.9%   126KiB
             relax_...  5.70k    388ms    0.0%  68.0μs   65.6MiB    0.3%  11.8KiB
             restor...  5.70k    252ms    0.0%  44.2μs   33.5MiB    0.1%  6.02KiB
             conver...  5.70k   23.5ms    0.0%  4.12μs   1.13MiB    0.0%     208B
             minima...  5.70k   2.63ms    0.0%   462ns     0.00B    0.0%    0.00B
           solver_c...  11.7k     272s    2.3%  23.2ms   34.0MiB    0.1%  2.98KiB
           solve_pr...  5.70k    94.0s    0.8%  16.5ms   10.1MiB    0.0%  1.82KiB
           LP_relax...  11.7k    27.1s    0.2%  2.32ms   1.35GiB    5.7%   121KiB
             solver...  11.7k    20.8s    0.2%  1.77ms   40.9MiB    0.2%  3.58KiB
           dual_ini...  5.70k   8.56ms    0.0%  1.50μs    891KiB    0.0%     160B
         space_change   34.8k   12.9ms    0.0%   370ns     0.00B    0.0%    0.00B
       update_bellman     870    313ms    0.0%   359μs   70.7MiB    0.3%  83.2KiB
         cut_selection  13.0k   5.32ms    0.0%   408ns   0.99MiB    0.0%    79.5B
     forward_pass          39    6.54s    0.1%   168ms   14.8MiB    0.1%   387KiB
       solve_subpro...    624    6.52s    0.1%  10.4ms   13.1MiB    0.1%  21.5KiB
         solver_cal...    624    6.42s    0.1%  10.3ms   3.09MiB    0.0%  5.07KiB
     calculate_bound       39    655ms    0.0%  16.8ms    855KiB    0.0%  21.9KiB
       solver_call_...     39    649ms    0.0%  16.6ms   69.9KiB    0.0%  1.79KiB
 ────────────────────────────────────────────────────────────────────────────────

||||||||||||||||||||||||||||||||||||||||||||||||||||||||||||||||||||||||||||||||||||||||||||||||||||||||||||||||||||||||||||||||||||||||
LAGRANGIAN DUAL SOLUTION RESULTS
mn_opt: 0 times (0.0%)
conv: 0 times (0.0%)
unbounded: 0 times (0.0%)
bound_issues: 0 times (0.0%)
subgr_stalling: 0 times (0.0%)
opt: 5700 times (100.0%)
feas_issues: 0 times (0.0%)
sub: 0 times (0.0%)
mn_iter: 0 times (0.0%)
iter: 0 times (0.0%)
mn_issue: 0 times (0.0%)

||||||||||||||||||||||||||||||||||||||||||||||||||||||||||||||||||||||||||||||||||||||||||||||||||||||||||||||||||||||||||||||||||||||||
SIMULATION RESULTS
DynamicSDDiP.Simulation(DynamicSDDiP.InSampleMonteCarlo(), 1000)
Lower bound: 23423.953702280425
Statistical upper bound (confidence interval): 29929.512497417876 ± 132.03764712317837
Pessimistic upper bound: 30061.550144541055
