

#########################################################################################################################################
#########################################################################################################################################
#########################################################################################################################################
#########################################################################################################################################
#########################################################################################################################################
DynamicSDDiP.jl (c) Christian Füllner, 2021
re-uses code from SDDP.jl (c) Oscar Dowson, 2017-21
||||||||||||||||||||||||||||||||||||||||||||||||||||||||||||||||||||||||||||||||||||||||||||||||||||||||||||||||||||||||||||||||||||||||
PATH
calling 
C:\Users\cg4102\.julia\packages\DynamicSDDiP\jRtdG\src
nothing
DATETIME
2024-11-13T09:36:41.274
||||||||||||||||||||||||||||||||||||||||||||||||||||||||||||||||||||||||||||||||||||||||||||||||||||||||||||||||||||||||||||||||||||||||
STOPPING RULES
SDDP.TimeLimit(10800.0)
SDDP.BoundStalling(20, 0.0001)
||||||||||||||||||||||||||||||||||||||||||||||||||||||||||||||||||||||||||||||||||||||||||||||||||||||||||||||||||||||||||||||||||||||||
REGULARIZATION
DynamicSDDiP.NoRegularization()
||||||||||||||||||||||||||||||||||||||||||||||||||||||||||||||||||||||||||||||||||||||||||||||||||||||||||||||||||||||||||||||||||||||||
CUT GENERATION REGIMES
DynamicSDDiP.CutGenerationRegime(DynamicSDDiP.NoStateApproximation(), DynamicSDDiP.StrengthenedDuality(), 1, Inf, Inf, 0.0, true, 0.0001)

DynamicSDDiP.CutGenerationRegime(DynamicSDDiP.NoStateApproximation(), DynamicSDDiP.LagrangianDuality(0.0001, 0.0001, 1000, DynamicSDDiP.ZeroDuals(), DynamicSDDiP.BothBounds(), DynamicSDDiP.LevelBundle(0.5, true, false), DynamicSDDiP.StandardChoice(), DynamicSDDiP.Lax(), DynamicSDDiP.ConvexHullCopy(), false), 21, Inf, Inf, 0.0, true, 0.0001)

||||||||||||||||||||||||||||||||||||||||||||||||||||||||||||||||||||||||||||||||||||||||||||||||||||||||||||||||||||||||||||||||||||||||
CUT AGGREGATION
DynamicSDDiP.SingleCutRegime()
||||||||||||||||||||||||||||||||||||||||||||||||||||||||||||||||||||||||||||||||||||||||||||||||||||||||||||||||||||||||||||||||||||||||
CUT SELECTION
DynamicSDDiP.NoCutSelection()
||||||||||||||||||||||||||||||||||||||||||||||||||||||||||||||||||||||||||||||||||||||||||||||||||||||||||||||||||||||||||||||||||||||||
LATE BINARIZATION
DynamicSDDiP.NoLateBinarization()
||||||||||||||||||||||||||||||||||||||||||||||||||||||||||||||||||||||||||||||||||||||||||||||||||||||||||||||||||||||||||||||||||||||||
APPLIED SOLVERS (LP, MILP, MIQCP, MINLP, NLP, Lagrange)
DynamicSDDiP.AppliedSolvers(true, "Gurobi", "Gurobi", "Gurobi", "Gurobi", "Gurobi", "Gurobi", "Gurobi", "Gurobi", "Gurobi", 0.0001, 300)
DynamicSDDiP.Direct_Solver()
Numerical focus: false
Silent: true
||||||||||||||||||||||||||||||||||||||||||||||||||||||||||||||||||||||||||||||||||||||||||||||||||||||||||||||||||||||||||||||||||||||||
SAMPLING
Used seed for sampling scenarios: 
11111     
||||||||||||||||||||||||||||||||||||||||||||||||||||||||||||||||||||||||||||||||||||||||||||||||||||||||||||||||||||||||||||||||||||||||
RUN DESCRIPTION

||||||||||||||||||||||||||||||||||||||||||||||||||||||||||||||||||||||||||||||||||||||||||||||||||||||||||||||||||||||||||||||||||||||||
PROBLEM DESCRIPTION
Number of stages: 16
Number of realizations per stage: 20
Seed for scenario tree sampling: 12345
Solver: serial mode

────────────────────────────────────────────────────────────────────────────────────────────────────────────────────────────────────────────────────────────────────────────────────────────────────────
It.#               UB        Best UB             LB       Gap           Time        It_Time           Refinements                            #Var.   #Constr.             #Cuts       Lagrangian Dual                                               
                                                          [%]            [s]            [s]          σ       Bin.      Total      {0,1}          ℤ      Total    Total   Active      # It.    # C-It.  # C-Real.  
────────────────────────────────────────────────────────────────────────────────────────────────────────────────────────────────────────────────────────────────────────────────────────────────────────
1        3.022289e+04   3.022289e+04   1.919912e+04    0.3647   1.531000e+00   1.531000e+00      false       none         62         10          0         11       15       15          0          0          0
2        3.384485e+04   3.022289e+04   1.920354e+04    0.3646   2.812000e+00   1.281000e+00      false       none         62         10          0         11       28       28          0          0          0
3        3.265991e+04   3.022289e+04   1.928691e+04    0.3618   5.205000e+00   2.393000e+00      false       none         62         10          0         11       41       41          0          0          0
4        3.191428e+04   3.022289e+04   1.929104e+04    0.3617   6.924000e+00   1.719000e+00      false       none         62         10          0         11       53       53          0          0          0
5        2.984935e+04   2.984935e+04   1.929625e+04    0.3535   8.424000e+00   1.500000e+00      false       none         62         10          0         11       65       65          0          0          0
6        2.619306e+04   2.619306e+04   1.931160e+04    0.2627   9.971000e+00   1.547000e+00      false       none         62         10          0         11       78       78          0          0          0
7        2.889377e+04   2.619306e+04   1.932196e+04    0.2623   1.158000e+01   1.609000e+00      false       none         62         10          0         11       89       89          0          0          0
8        3.098390e+04   2.619306e+04   1.934730e+04    0.2614   1.311100e+01   1.531000e+00      false       none         62         10          0         11      103      103          0          0          0
9        2.664685e+04   2.619306e+04   1.935565e+04    0.2610   1.451700e+01   1.406000e+00      false       none         62         10          0         11      113      113          0          0          0
10       3.059602e+04   2.619306e+04   1.936546e+04    0.2607   1.611100e+01   1.594000e+00      false       none         62         10          0         11      123      123          0          0          0
11       2.834060e+04   2.619306e+04   1.942079e+04    0.2586   1.765800e+01   1.547000e+00      false       none         62         10          0         11      131      131          0          0          0
12       2.969368e+04   2.619306e+04   1.952881e+04    0.2544   1.923600e+01   1.578000e+00      false       none         62         10          0         11      145      145          0          0          0
13       2.935706e+04   2.619306e+04   1.955155e+04    0.2536   2.072100e+01   1.485000e+00      false       none         62         10          0         11      155      155          0          0          0
14       2.964624e+04   2.619306e+04   1.958053e+04    0.2525   2.236100e+01   1.640000e+00      false       none         62         10          0         11      165      165          0          0          0
15       2.841488e+04   2.619306e+04   1.959504e+04    0.2519   2.390800e+01   1.547000e+00      false       none         62         10          0         11      177      177          0          0          0
16       3.107758e+04   2.619306e+04   1.960607e+04    0.2515   2.556400e+01   1.656000e+00      false       none         62         10          0         11      188      188          0          0          0
17       3.161962e+04   2.619306e+04   1.963803e+04    0.2503   2.722100e+01   1.657000e+00      false       none         62         10          0         11      195      195          0          0          0
18       2.814156e+04   2.619306e+04   1.964427e+04    0.2500   2.878300e+01   1.562000e+00      false       none         62         10          0         11      202      202          0          0          0
19       2.958696e+04   2.619306e+04   1.965685e+04    0.2495   3.039200e+01   1.609000e+00      false       none         62         10          0         11      209      209          0          0          0
20       2.754454e+04   2.619306e+04   1.966801e+04    0.2491   3.198600e+01   1.594000e+00      false       none         62         10          0         11      218      218          0          0          0
21       3.144610e+04   2.619306e+04   1.989764e+04    0.2403   9.722100e+01   6.523500e+01      false       none         62         10          0         11      244      244      10345      10345        300
22       3.100702e+04   2.619306e+04   1.990602e+04    0.2400   1.600640e+02   6.284300e+01      false       none         62         10          0         11      273      273       9784       9784        300
23       2.345227e+04   2.345227e+04   1.993763e+04    0.1499   2.445490e+02   8.448500e+01      false       none         62         10          0         11      301      301      12404      12404        300
24       2.665730e+04   2.345227e+04   1.999385e+04    0.1475   3.285020e+02   8.395300e+01      false       none         62         10          0         11      325      325      11936      11936        300
25       2.914420e+04   2.345227e+04   2.002869e+04    0.1460   4.148620e+02   8.636000e+01      false       none         62         10          0         11      351      351      12215      12215        300
26       3.230108e+04   2.345227e+04   2.004122e+04    0.1454   5.024870e+02   8.762500e+01      false       none         62         10          0         11      377      377      11832      11832        300
27       3.137146e+04   2.345227e+04   2.008556e+04    0.1436   5.852370e+02   8.275000e+01      false       none         62         10          0         11      400      400      11318      11318        300
28       3.667517e+04   2.345227e+04   2.012305e+04    0.1420   6.678930e+02   8.265600e+01      false       none         62         10          0         11      427      427      11090      11090        300
29       3.157647e+04   2.345227e+04   2.014897e+04    0.1409   7.524250e+02   8.453200e+01      false       none         62         10          0         11      453      453      11388      11388        300
30       3.084771e+04   2.345227e+04   2.015205e+04    0.1407   8.400970e+02   8.767200e+01      false       none         62         10          0         11      479      479      11642      11642        300
31       2.858375e+04   2.345227e+04   2.019133e+04    0.1390   9.312370e+02   9.114000e+01      false       none         62         10          0         11      508      508      11678      11678        300
32       2.702886e+04   2.345227e+04   2.034258e+04    0.1326   1.027191e+03   9.595400e+01      false       none         62         10          0         11      534      534      11952      11952        300
33       3.147101e+04   2.345227e+04   2.037722e+04    0.1311   1.121441e+03   9.425000e+01      false       none         62         10          0         11      559      559      11530      11530        300
34       2.791897e+04   2.345227e+04   2.043785e+04    0.1285   1.218144e+03   9.670300e+01      false       none         62         10          0         11      582      582      11934      11934        300
35       3.027410e+04   2.345227e+04   2.045892e+04    0.1276   1.311254e+03   9.311000e+01      false       none         62         10          0         11      609      609      11537      11537        300
36       2.631896e+04   2.345227e+04   2.047007e+04    0.1272   1.418895e+03   1.076410e+02      false       none         62         10          0         11      635      635      12473      12473        300
37       2.997770e+04   2.345227e+04   2.047024e+04    0.1272   1.521020e+03   1.021250e+02      false       none         62         10          0         11      660      660      12093      12093        300
38       2.922006e+04   2.345227e+04   2.047174e+04    0.1271   1.625223e+03   1.042030e+02      false       none         62         10          0         11      686      686      12146      12146        300
39       2.734160e+04   2.345227e+04   2.047308e+04    0.1270   1.733254e+03   1.080310e+02      false       none         62         10          0         11      713      713      12289      12289        300
40       3.138193e+04   2.345227e+04   2.047349e+04    0.1270   1.846504e+03   1.132500e+02      false       none         62         10          0         11      738      738      12414      12414        300
41       2.641945e+04   2.345227e+04   2.047380e+04    0.1270   1.964098e+03   1.175940e+02      false       none         62         10          0         11      762      762      12722      12722        300
42       3.105315e+04   2.345227e+04   2.047920e+04    0.1268   2.092739e+03   1.286410e+02      false       none         62         10          0         11      786      786      12923      12898        299
43       3.236153e+04   2.345227e+04   2.047938e+04    0.1268   2.214958e+03   1.222190e+02      false       none         62         10          0         11      813      813      12577      12577        300
44       2.829682e+04   2.345227e+04   2.048595e+04    0.1265   2.346942e+03   1.319840e+02      false       none         62         10          0         11      835      835      13096      13052        299
45       3.185301e+04   2.345227e+04   2.048691e+04    0.1264   2.470286e+03   1.233440e+02      false       none         62         10          0         11      861      861      12578      12578        300
46       2.934655e+04   2.345227e+04   2.048906e+04    0.1264   2.587333e+03   1.170470e+02      false       none         62         10          0         11      884      884      12335      12335        300
47       3.353913e+04   2.345227e+04   2.049250e+04    0.1262   2.709692e+03   1.223590e+02      false       none         62         10          0         11      908      908      12224      12224        300
48       3.269329e+04   2.345227e+04   2.049504e+04    0.1261   2.840692e+03   1.310000e+02      false       none         62         10          0         11      933      933      12897      12897        300
49       3.386627e+04   2.345227e+04   2.049711e+04    0.1260   2.967286e+03   1.265940e+02      false       none         62         10          0         11      958      958      12413      12413        300
50       2.843854e+04   2.345227e+04   2.054184e+04    0.1241   3.099880e+03   1.325940e+02      false       none         62         10          0         11      981      981      13139      13139        300
51       3.057421e+04   2.345227e+04   2.054805e+04    0.1238   3.237943e+03   1.380630e+02      false       none         62         10          0         11     1006     1006      13464      13464        300
52       3.092169e+04   2.345227e+04   2.061975e+04    0.1208   3.374412e+03   1.364690e+02      false       none         62         10          0         11     1028     1028      12878      12878        300
53       3.172299e+04   2.345227e+04   2.063341e+04    0.1202   3.502678e+03   1.282660e+02      false       none         62         10          0         11     1052     1052      12335      12335        300
54       3.268626e+04   2.345227e+04   2.063706e+04    0.1200   3.632007e+03   1.293290e+02      false       none         62         10          0         11     1075     1075      12471      12471        300
55       3.192524e+04   2.345227e+04   2.064772e+04    0.1196   3.762383e+03   1.303760e+02      false       none         62         10          0         11     1100     1100      12399      12399        300
56       2.919304e+04   2.345227e+04   2.070087e+04    0.1173   3.902961e+03   1.405780e+02      false       none         62         10          0         11     1125     1125      13415      13415        300
57       2.939637e+04   2.345227e+04   2.073656e+04    0.1158   4.033243e+03   1.302820e+02      false       none         62         10          0         11     1150     1150      12716      12716        300
58       2.684632e+04   2.345227e+04   2.074006e+04    0.1156   4.172581e+03   1.393380e+02      false       none         62         10          0         11     1175     1175      13319      13319        300
59       2.966878e+04   2.345227e+04   2.074040e+04    0.1156   4.313347e+03   1.407660e+02      false       none         62         10          0         11     1199     1199      12923      12923        300
60       2.997575e+04   2.345227e+04   2.074790e+04    0.1153   4.459066e+03   1.457190e+02      false       none         62         10          0         11     1222     1222      13304      13304        300
61       2.638273e+04   2.345227e+04   2.079492e+04    0.1133   4.613348e+03   1.542820e+02      false       none         62         10          0         11     1248     1248      13583      13583        300
62       2.785111e+04   2.345227e+04   2.079812e+04    0.1132   4.758953e+03   1.456050e+02      false       none         62         10          0         11     1275     1275      13345      13345        300
63       2.989056e+04   2.345227e+04   2.080872e+04    0.1127   4.902032e+03   1.430790e+02      false       none         62         10          0         11     1299     1299      13154      13154        300
64       3.096551e+04   2.345227e+04   2.081194e+04    0.1126   5.048141e+03   1.461090e+02      false       none         62         10          0         11     1322     1322      13256      13256        300
65       2.969651e+04   2.345227e+04   2.081262e+04    0.1126   5.190532e+03   1.423910e+02      false       none         62         10          0         11     1347     1347      12834      12834        300
66       3.157387e+04   2.345227e+04   2.081729e+04    0.1124   5.344016e+03   1.534840e+02      false       none         62         10          0         11     1374     1374      13216      13216        300
67       2.977045e+04   2.345227e+04   2.083501e+04    0.1116   5.496579e+03   1.525630e+02      false       none         62         10          0         11     1401     1401      12990      12990        300
68       2.984542e+04   2.345227e+04   2.086108e+04    0.1105   5.640282e+03   1.437030e+02      false       none         62         10          0         11     1430     1430      12406      12380        299
69       3.002848e+04   2.345227e+04   2.086041e+04    0.1105   5.796985e+03   1.567030e+02      false       none         62         10          0         11     1453     1453      13085      13085        300
70       3.260042e+04   2.345227e+04   2.089101e+04    0.1092   5.934704e+03   1.377190e+02      false       none         62         10          0         11     1478     1478      12166      12166        300
71       2.986202e+04   2.345227e+04   2.094365e+04    0.1070   6.085954e+03   1.512500e+02      false       none         62         10          0         11     1502     1502      13034      13034        300
72       3.039590e+04   2.345227e+04   2.095008e+04    0.1067   6.237314e+03   1.513600e+02      false       none         62         10          0         11     1526     1526      12800      12800        300
73       3.027272e+04   2.345227e+04   2.095466e+04    0.1065   6.393266e+03   1.559520e+02      false       none         62         10          0         11     1551     1551      13075      13075        300
74       2.780023e+04   2.345227e+04   2.096191e+04    0.1062   6.541709e+03   1.484430e+02      false       none         62         10          0         11     1577     1577      12820      12820        300
75       3.129601e+04   2.345227e+04   2.097964e+04    0.1054   6.702460e+03   1.607510e+02      false       none         62         10          0         11     1602     1602      13102      13102        300
76       2.795191e+04   2.345227e+04   2.099028e+04    0.1050   6.857757e+03   1.552970e+02      false       none         62         10          0         11     1629     1629      13115      13115        300
77       2.864098e+04   2.345227e+04   2.101641e+04    0.1039   7.018274e+03   1.605170e+02      false       none         62         10          0         11     1651     1651      13161      13161        300
78       2.765822e+04   2.345227e+04   2.102002e+04    0.1037   7.180602e+03   1.623280e+02      false       none         62         10          0         11     1679     1679      13507      13507        300
79       2.735321e+04   2.345227e+04   2.102003e+04    0.1037   7.338493e+03   1.578910e+02      false       none         62         10          0         11     1703     1703      13250      13250        300
80       3.088228e+04   2.345227e+04   2.102004e+04    0.1037   7.498665e+03   1.601720e+02      false       none         62         10          0         11     1725     1725      12797      12797        300
81       2.897040e+04   2.345227e+04   2.102310e+04    0.1036   7.666120e+03   1.674550e+02      false       none         62         10          0         11     1748     1748      12706      12706        300
82       3.002374e+04   2.345227e+04   2.103128e+04    0.1032   7.833089e+03   1.669690e+02      false       none         62         10          0         11     1775     1775      12804      12804        300
83       2.775280e+04   2.345227e+04   2.103648e+04    0.1030   7.986824e+03   1.537350e+02      false       none         62         10          0         11     1799     1799      12319      12319        300
84       2.874535e+04   2.345227e+04   2.105446e+04    0.1022   8.146418e+03   1.595940e+02      false       none         62         10          0         11     1821     1821      12503      12503        300
85       3.260883e+04   2.345227e+04   2.105862e+04    0.1021   8.303905e+03   1.574870e+02      false       none         62         10          0         11     1848     1848      12469      12469        300
86       2.953236e+04   2.345227e+04   2.106260e+04    0.1019   8.464889e+03   1.609840e+02      false       none         62         10          0         11     1873     1873      12663      12663        300
87       3.121773e+04   2.345227e+04   2.108308e+04    0.1010   8.629125e+03   1.642360e+02      false       none         62         10          0         11     1898     1898      12563      12563        300
88       2.845269e+04   2.345227e+04   2.110671e+04    0.1000   8.797250e+03   1.681250e+02      false       none         62         10          0         11     1921     1921      13067      13067        300
89       3.257572e+04   2.345227e+04   2.111369e+04    0.0997   8.962641e+03   1.653910e+02      false       none         62         10          0         11     1945     1945      12407      12407        300
90       2.840454e+04   2.345227e+04   2.112467e+04    0.0992   9.137455e+03   1.748140e+02      false       none         62         10          0         11     1970     1970      12643      12643        300
91       2.903201e+04   2.345227e+04   2.112856e+04    0.0991   9.317033e+03   1.795780e+02      false       none         62         10          0         11     1992     1992      13350      13350        300
92       3.317378e+04   2.345227e+04   2.112860e+04    0.0991   9.485362e+03   1.683290e+02      false       none         62         10          0         11     2016     2016      12560      12560        300
93       3.189619e+04   2.345227e+04   2.112867e+04    0.0991   9.664971e+03   1.796090e+02      false       none         62         10          0         11     2039     2039      13126      13126        300
94       2.889831e+04   2.345227e+04   2.113409e+04    0.0988   9.846519e+03   1.815480e+02      false       none         62         10          0         11     2063     2063      13425      13425        300
95       2.867971e+04   2.345227e+04   2.114813e+04    0.0982   1.002701e+04   1.804860e+02      false       none         62         10          0         11     2089     2089      13283      13283        300
96       3.100979e+04   2.345227e+04   2.116313e+04    0.0976   1.021060e+04   1.835940e+02      false       none         62         10          0         11     2112     2112      13184      13184        300
97       2.660117e+04   2.345227e+04   2.116466e+04    0.0975   1.040533e+04   1.947350e+02      false       none         62         10          0         11     2138     2138      13678      13678        300
98       3.258396e+04   2.345227e+04   2.116517e+04    0.0975   1.060024e+04   1.949070e+02      false       none         62         10          0         11     2158     2158      13164      13164        300
99       3.099340e+04   2.345227e+04   2.116694e+04    0.0974   1.079746e+04   1.972190e+02      false       none         62         10          0         11     2181     2181      13355      13355        300
100      3.179485e+04   2.345227e+04   2.118417e+04    0.0967   1.098374e+04   1.862820e+02      false       none         62         10          0         11     2204     2204      13215      13215        300

Terminating DynamicSDDiP with status: time_limit
------------------------------------------------------------------------------
 ────────────────────────────────────────────────────────────────────────────────
                                        Time                    Allocations      
                               ───────────────────────   ────────────────────────
       Tot / % measured:            3.05h / 100.0%           79.8GiB / 100.0%    

 Section               ncalls     time    %tot     avg     alloc    %tot      avg
 ────────────────────────────────────────────────────────────────────────────────
 loop                       1    3.05h  100.0%   3.05h   79.8GiB  100.0%  79.8GiB
   iterations             100    3.05h  100.0%    110s   79.8GiB  100.0%   817MiB
     backward_pass        100    3.05h   99.9%    110s   79.7GiB  100.0%   816MiB
       solve_BP         54.0k    3.05h   99.9%   203ms   79.7GiB   99.9%  1.51MiB
         solve_dual     54.0k    3.05h   99.9%   203ms   79.4GiB   99.6%  1.51MiB
           solve_la...  24.0k    2.94h   96.2%   440ms   75.6GiB   94.8%  3.23MiB
             inner_sol  1.01M    2.47h   80.8%  8.80ms   17.1GiB   21.4%  17.8KiB
               solv...  1.01M    2.43h   79.8%  8.68ms   2.42GiB    3.0%  2.51KiB
             bundle...  1.01M    1158s   10.5%  1.15ms   1.97GiB    2.5%  2.05KiB
             outer_sol  1.01M     258s    2.3%   255μs   2.71GiB    3.4%  2.82KiB
             add_cut    1.01M    49.7s    0.5%  49.2μs   10.8GiB   13.6%  11.2KiB
             init_a...  24.0k    7.89s    0.1%   329μs   2.83GiB    3.5%   124KiB
             relax_...  24.0k    1.61s    0.0%  67.0μs    276MiB    0.3%  11.8KiB
             restor...  24.0k    1.07s    0.0%  44.7μs    141MiB    0.2%  6.02KiB
             conver...  24.0k   72.8ms    0.0%  3.03μs   4.40MiB    0.0%     192B
             minima...    366    446μs    0.0%  1.22μs     0.00B    0.0%    0.00B
           solver_c...  30.0k     269s    2.4%  8.95ms   78.1MiB    0.1%  2.67KiB
           solve_pr...  24.0k    96.2s    0.9%  4.01ms   40.7MiB    0.0%  1.74KiB
           LP_relax...  30.0k    32.1s    0.3%  1.07ms   2.71GiB    3.4%  94.8KiB
             solver...  30.0k    19.2s    0.2%   640μs   59.4MiB    0.1%  2.03KiB
           dual_ini...  24.0k   35.2ms    0.0%  1.47μs   3.66MiB    0.0%     160B
         space_change    108k   36.2ms    0.0%   335ns     0.00B    0.0%    0.00B
       update_bellman   2.70k    115ms    0.0%  42.6μs   13.9MiB    0.0%  5.26KiB
         cut_selection  2.20k   2.20ms    0.0%   999ns    186KiB    0.0%    86.5B
     forward_pass         100    6.24s    0.1%  62.4ms   24.0MiB    0.0%   245KiB
       solve_subpro...  1.60k    6.18s    0.1%  3.86ms   19.6MiB    0.0%  12.6KiB
         solver_cal...  1.60k    6.02s    0.1%  3.76ms   4.52MiB    0.0%  2.89KiB
     calculate_bound      100    534ms    0.0%  5.34ms   2.09MiB    0.0%  21.4KiB
       solver_call_...    100    521ms    0.0%  5.21ms    185KiB    0.0%  1.85KiB
 ────────────────────────────────────────────────────────────────────────────────

||||||||||||||||||||||||||||||||||||||||||||||||||||||||||||||||||||||||||||||||||||||||||||||||||||||||||||||||||||||||||||||||||||||||
LAGRANGIAN DUAL SOLUTION RESULTS
mn_opt: 0 times (0.0%)
conv: 23629 times (98.5%)
unbounded: 0 times (0.0%)
bound_issues: 1 times (0.0%)
subgr_stalling: 0 times (0.0%)
opt: 366 times (1.5%)
feas_issues: 2 times (0.0%)
sub: 0 times (0.0%)
mn_iter: 0 times (0.0%)
iter: 2 times (0.0%)
mn_issue: 0 times (0.0%)

||||||||||||||||||||||||||||||||||||||||||||||||||||||||||||||||||||||||||||||||||||||||||||||||||||||||||||||||||||||||||||||||||||||||
SIMULATION RESULTS
DynamicSDDiP.Simulation(DynamicSDDiP.InSampleMonteCarlo(), 1000)
Lower bound: 21184.168419980982
Statistical upper bound (confidence interval): 29889.92431601213 ± 132.22055174255516
Pessimistic upper bound: 30022.144867754683
