

#########################################################################################################################################
#########################################################################################################################################
#########################################################################################################################################
#########################################################################################################################################
#########################################################################################################################################
DynamicSDDiP.jl (c) Christian Füllner, 2021
re-uses code from SDDP.jl (c) Oscar Dowson, 2017-21
||||||||||||||||||||||||||||||||||||||||||||||||||||||||||||||||||||||||||||||||||||||||||||||||||||||||||||||||||||||||||||||||||||||||
PATH
calling 
C:\Users\cg4102\.julia\packages\DynamicSDDiP\5cxZB\src
nothing
DATETIME
2024-11-06T21:06:11.738
||||||||||||||||||||||||||||||||||||||||||||||||||||||||||||||||||||||||||||||||||||||||||||||||||||||||||||||||||||||||||||||||||||||||
STOPPING RULES
SDDP.TimeLimit(10800.0)
SDDP.BoundStalling(20, 0.0001)
||||||||||||||||||||||||||||||||||||||||||||||||||||||||||||||||||||||||||||||||||||||||||||||||||||||||||||||||||||||||||||||||||||||||
REGULARIZATION
DynamicSDDiP.NoRegularization()
||||||||||||||||||||||||||||||||||||||||||||||||||||||||||||||||||||||||||||||||||||||||||||||||||||||||||||||||||||||||||||||||||||||||
CUT GENERATION REGIMES
DynamicSDDiP.CutGenerationRegime(DynamicSDDiP.NoStateApproximation(), DynamicSDDiP.StrengthenedDuality(), 1, Inf, Inf, 0.0, true, 0.0001)

DynamicSDDiP.CutGenerationRegime(DynamicSDDiP.NoStateApproximation(), DynamicSDDiP.UnifiedLagrangianDuality(0.0001, 0.0001, 1000, DynamicSDDiP.ZeroDuals(), DynamicSDDiP.BothBounds(), DynamicSDDiP.LevelBundle(0.5, true, false), DynamicSDDiP.StandardChoice(), DynamicSDDiP.Lax(), DynamicSDDiP.Core_Midpoint(DynamicSDDiP.ConvexHullCopy(), DynamicSDDiP.NoIntegerRelax(), DynamicSDDiP.Unbounded_Opt_SB(true), DynamicSDDiP.NoImprovement(), false), DynamicSDDiP.NoDualSpaceRestriction(), DynamicSDDiP.ConvexHullCopy(), nothing, nothing), 21, Inf, Inf, 0.0, true, 0.0001)

||||||||||||||||||||||||||||||||||||||||||||||||||||||||||||||||||||||||||||||||||||||||||||||||||||||||||||||||||||||||||||||||||||||||
CUT AGGREGATION
DynamicSDDiP.MultiCutRegime()
||||||||||||||||||||||||||||||||||||||||||||||||||||||||||||||||||||||||||||||||||||||||||||||||||||||||||||||||||||||||||||||||||||||||
CUT SELECTION
DynamicSDDiP.NoCutSelection()
||||||||||||||||||||||||||||||||||||||||||||||||||||||||||||||||||||||||||||||||||||||||||||||||||||||||||||||||||||||||||||||||||||||||
LATE BINARIZATION
DynamicSDDiP.NoLateBinarization()
||||||||||||||||||||||||||||||||||||||||||||||||||||||||||||||||||||||||||||||||||||||||||||||||||||||||||||||||||||||||||||||||||||||||
APPLIED SOLVERS (LP, MILP, MIQCP, MINLP, NLP, Lagrange)
DynamicSDDiP.AppliedSolvers(true, "Gurobi", "Gurobi", "Gurobi", "Gurobi", "Gurobi", "Gurobi", "Gurobi", "Gurobi", "Gurobi", 0.0001, 300)
DynamicSDDiP.Direct_Solver()
Numerical focus: false
Silent: true
||||||||||||||||||||||||||||||||||||||||||||||||||||||||||||||||||||||||||||||||||||||||||||||||||||||||||||||||||||||||||||||||||||||||
SAMPLING
Used seed for sampling scenarios: 
11111     
||||||||||||||||||||||||||||||||||||||||||||||||||||||||||||||||||||||||||||||||||||||||||||||||||||||||||||||||||||||||||||||||||||||||
RUN DESCRIPTION

||||||||||||||||||||||||||||||||||||||||||||||||||||||||||||||||||||||||||||||||||||||||||||||||||||||||||||||||||||||||||||||||||||||||
PROBLEM DESCRIPTION
Number of stages: 16
Number of realizations per stage: 20
Seed for scenario tree sampling: 12345
Solver: serial mode

────────────────────────────────────────────────────────────────────────────────────────────────────────────────────────────────────────────────────────────────────────────────────────────────────────
It.#               UB        Best UB             LB       Gap           Time        It_Time           Refinements                            #Var.   #Constr.             #Cuts       Lagrangian Dual                                               
                                                          [%]            [s]            [s]          σ       Bin.      Total      {0,1}          ℤ      Total    Total   Active      # It.    # C-It.  # C-Real.  
────────────────────────────────────────────────────────────────────────────────────────────────────────────────────────────────────────────────────────────────────────────────────────────────────────
1        3.022289e+04   3.022289e+04   1.928461e+04    0.3619   1.781000e+00   1.781000e+00      false       none         82         10          0         11      300      300          0          0          0
2        3.365966e+04   3.022289e+04   1.934587e+04    0.3599   3.468000e+00   1.687000e+00      false       none         82         10          0         11      535      535          0          0          0
3        3.221590e+04   3.022289e+04   1.943004e+04    0.3571   5.625000e+00   2.157000e+00      false       none         82         10          0         11      785      785          0          0          0
4        3.219986e+04   3.022289e+04   1.945587e+04    0.3563   7.906000e+00   2.281000e+00      false       none         82         10          0         11     1003     1003          0          0          0
5        2.949945e+04   2.949945e+04   1.947136e+04    0.3399   1.051500e+01   2.609000e+00      false       none         82         10          0         11     1249     1249          0          0          0
6        2.584157e+04   2.584157e+04   1.950872e+04    0.2451   1.328100e+01   2.766000e+00      false       none         82         10          0         11     1436     1436          0          0          0
7        2.832766e+04   2.584157e+04   1.955535e+04    0.2433   1.618700e+01   2.906000e+00      false       none         82         10          0         11     1685     1685          0          0          0
8        3.006839e+04   2.584157e+04   1.967152e+04    0.2388   1.921800e+01   3.031000e+00      false       none         82         10          0         11     1944     1944          0          0          0
9        2.646985e+04   2.584157e+04   1.972975e+04    0.2365   2.243700e+01   3.219000e+00      false       none         82         10          0         11     2096     2096          0          0          0
10       3.069303e+04   2.584157e+04   1.982323e+04    0.2329   2.575000e+01   3.313000e+00      false       none         82         10          0         11     2306     2306          0          0          0
11       2.896298e+04   2.584157e+04   1.985080e+04    0.2318   2.920300e+01   3.453000e+00      false       none         82         10          0         11     2496     2496          0          0          0
12       2.950524e+04   2.584157e+04   1.999626e+04    0.2262   3.257800e+01   3.375000e+00      false       none         82         10          0         11     2675     2675          0          0          0
13       2.936989e+04   2.584157e+04   2.023244e+04    0.2171   3.600000e+01   3.422000e+00      false       none         82         10          0         11     2825     2825          0          0          0
14       2.945027e+04   2.584157e+04   2.028961e+04    0.2148   3.973400e+01   3.734000e+00      false       none         82         10          0         11     2957     2957          0          0          0
15       2.744476e+04   2.584157e+04   2.030346e+04    0.2143   4.332800e+01   3.594000e+00      false       none         82         10          0         11     3094     3094          0          0          0
16       3.039153e+04   2.584157e+04   2.031607e+04    0.2138   4.729700e+01   3.969000e+00      false       none         82         10          0         11     3284     3284          0          0          0
17       3.100681e+04   2.584157e+04   2.034162e+04    0.2128   5.143700e+01   4.140000e+00      false       none         82         10          0         11     3408     3408          0          0          0
18       2.880907e+04   2.584157e+04   2.035580e+04    0.2123   5.562500e+01   4.188000e+00      false       none         82         10          0         11     3496     3496          0          0          0
19       2.953092e+04   2.584157e+04   2.038068e+04    0.2113   5.995300e+01   4.328000e+00      false       none         82         10          0         11     3626     3626          0          0          0
20       2.638923e+04   2.584157e+04   2.039244e+04    0.2109   6.417100e+01   4.218000e+00      false       none         82         10          0         11     3720     3720          0          0          0
21       3.134509e+04   2.584157e+04   2.117171e+04    0.1807   6.411740e+02   5.770030e+02      false       none         82         10          0         11     4300     4300      29655      29655        300
22       3.210037e+04   2.584157e+04   2.155691e+04    0.1658   1.386113e+03   7.449390e+02      false       none         82         10          0         11     4850     4850      32147      32147        300
23       2.458276e+04   2.458276e+04   2.169894e+04    0.1173   2.203351e+03   8.172380e+02      false       none         82         10          0         11     5418     5418      30674      30674        300
24       2.792213e+04   2.458276e+04   2.200181e+04    0.1050   3.123604e+03   9.202530e+02      false       none         82         10          0         11     5969     5969      32363      32363        300
25       2.848712e+04   2.458276e+04   2.219205e+04    0.0973   4.088015e+03   9.644110e+02      false       none         82         10          0         11     6469     6469      33282      33282        300
26       3.151684e+04   2.458276e+04   2.230369e+04    0.0927   5.193971e+03   1.105956e+03      false       none         82         10          0         11     6984     6984      33712      33712        300
27       3.141195e+04   2.458276e+04   2.240535e+04    0.0886   6.298441e+03   1.104470e+03      false       none         82         10          0         11     7510     7510      33580      33580        300
28       3.632771e+04   2.458276e+04   2.259225e+04    0.0810   7.451942e+03   1.153501e+03      false       none         82         10          0         11     7996     7996      34154      34154        300
29       3.072390e+04   2.458276e+04   2.265231e+04    0.0785   8.679396e+03   1.227454e+03      false       none         82         10          0         11     8487     8487      34498      34498        300
30       3.068571e+04   2.458276e+04   2.294751e+04    0.0665   9.968568e+03   1.289172e+03      false       none         82         10          0         11     8969     8969      33884      33884        300
31       2.844287e+04   2.458276e+04   2.303644e+04    0.0629   1.130159e+04   1.333017e+03      false       none         82         10          0         11     9421     9421      34705      34705        300

Terminating DynamicSDDiP with status: time_limit
------------------------------------------------------------------------------
 ────────────────────────────────────────────────────────────────────────────────
                                        Time                    Allocations      
                               ───────────────────────   ────────────────────────
       Tot / % measured:            3.14h / 100.0%           33.9GiB / 100.0%    

 Section               ncalls     time    %tot     avg     alloc    %tot      avg
 ────────────────────────────────────────────────────────────────────────────────
 loop                       1    3.14h  100.0%   3.14h   33.9GiB  100.0%  33.9GiB
   iterations              31    3.14h  100.0%    365s   33.9GiB  100.0%  1.09GiB
     backward_pass         31    3.14h  100.0%    364s   33.9GiB  100.0%  1.09GiB
       solve_BP         12.6k    3.14h  100.0%   897ms   33.8GiB   99.8%  2.75MiB
         solve_dual     12.6k    3.14h  100.0%   897ms   33.8GiB   99.6%  2.74MiB
           solve_la...  3.30k    3.04h   96.8%   3.32s   29.5GiB   87.1%  9.15MiB
             inner_sol   363k    2.14h   68.2%  21.2ms   8.29GiB   24.5%  24.0KiB
               solv...   363k    2.12h   67.7%  21.1ms    853MiB    2.5%  2.41KiB
             bundle...   363k    2935s   26.0%  8.09ms   1.53GiB    4.5%  4.42KiB
             outer_sol   363k     209s    1.9%   577μs    845MiB    2.4%  2.39KiB
             add_cut     363k    17.1s    0.2%  47.3μs   3.77GiB   11.1%  10.9KiB
             init_a...  3.30k    965ms    0.0%   292μs    414MiB    1.2%   128KiB
             restor...  3.30k    150ms    0.0%  45.4μs   19.4MiB    0.1%  6.02KiB
             relax_...  3.30k    133ms    0.0%  40.2μs   40.6MiB    0.1%  12.6KiB
             conver...  3.30k   13.0ms    0.0%  3.93μs    670KiB    0.0%     208B
             minima...  3.30k   1.81ms    0.0%   549ns     0.00B    0.0%    0.00B
           solve_pr...  9.90k     176s    1.6%  17.8ms   30.6MiB    0.1%  3.17KiB
           solver_c...  9.30k     146s    1.3%  15.7ms   23.3MiB    0.1%  2.56KiB
           LP_relax...  9.30k    18.1s    0.2%  1.95ms   1.07GiB    3.2%   121KiB
             solver...  9.30k    13.2s    0.1%  1.42ms   30.2MiB    0.1%  3.32KiB
           solve_core   3.30k    5.85s    0.1%  1.77ms   4.90MiB    0.0%  1.52KiB
           dual_ini...  3.30k   3.93ms    0.0%  1.19μs    516KiB    0.0%     160B
         space_change   25.2k   8.96ms    0.0%   356ns     0.00B    0.0%    0.00B
       update_bellman     630    115ms    0.0%   182μs   53.5MiB    0.2%  87.0KiB
         cut_selection  9.42k   3.99ms    0.0%   423ns    758KiB    0.0%    82.4B
     forward_pass          31    3.70s    0.0%   119ms   11.3MiB    0.0%   372KiB
       solve_subpro...    496    3.69s    0.0%  7.43ms   9.92MiB    0.0%  20.5KiB
         solver_cal...    496    3.63s    0.0%  7.31ms   2.85MiB    0.0%  5.89KiB
     calculate_bound       31    369ms    0.0%  11.9ms    678KiB    0.0%  21.9KiB
       solver_call_...     31    365ms    0.0%  11.8ms   53.8KiB    0.0%  1.73KiB
 ────────────────────────────────────────────────────────────────────────────────

||||||||||||||||||||||||||||||||||||||||||||||||||||||||||||||||||||||||||||||||||||||||||||||||||||||||||||||||||||||||||||||||||||||||
LAGRANGIAN DUAL SOLUTION RESULTS
mn_opt: 0 times (0.0%)
conv: 0 times (0.0%)
unbounded: 0 times (0.0%)
bound_issues: 0 times (0.0%)
subgr_stalling: 0 times (0.0%)
opt: 3300 times (100.0%)
feas_issues: 0 times (0.0%)
sub: 0 times (0.0%)
mn_iter: 0 times (0.0%)
iter: 0 times (0.0%)
mn_issue: 0 times (0.0%)

||||||||||||||||||||||||||||||||||||||||||||||||||||||||||||||||||||||||||||||||||||||||||||||||||||||||||||||||||||||||||||||||||||||||
SIMULATION RESULTS
DynamicSDDiP.Simulation(DynamicSDDiP.InSampleMonteCarlo(), 1000)
Lower bound: 23036.43595278949
Statistical upper bound (confidence interval): 30031.65282391145 ± 129.82600794829136
Pessimistic upper bound: 30161.47883185974
