

#########################################################################################################################################
#########################################################################################################################################
#########################################################################################################################################
#########################################################################################################################################
#########################################################################################################################################
DynamicSDDiP.jl (c) Christian Füllner, 2021
re-uses code from SDDP.jl (c) Oscar Dowson, 2017-21
||||||||||||||||||||||||||||||||||||||||||||||||||||||||||||||||||||||||||||||||||||||||||||||||||||||||||||||||||||||||||||||||||||||||
PATH
calling 
C:\Users\cg4102\.julia\packages\DynamicSDDiP\jRtdG\src
nothing
DATETIME
2024-11-13T15:58:32.801
||||||||||||||||||||||||||||||||||||||||||||||||||||||||||||||||||||||||||||||||||||||||||||||||||||||||||||||||||||||||||||||||||||||||
STOPPING RULES
SDDP.TimeLimit(10800.0)
SDDP.BoundStalling(20, 0.0001)
||||||||||||||||||||||||||||||||||||||||||||||||||||||||||||||||||||||||||||||||||||||||||||||||||||||||||||||||||||||||||||||||||||||||
REGULARIZATION
DynamicSDDiP.NoRegularization()
||||||||||||||||||||||||||||||||||||||||||||||||||||||||||||||||||||||||||||||||||||||||||||||||||||||||||||||||||||||||||||||||||||||||
CUT GENERATION REGIMES
DynamicSDDiP.CutGenerationRegime(DynamicSDDiP.NoStateApproximation(), DynamicSDDiP.StrengthenedDuality(), 1, Inf, Inf, 0.0, true, 0.0001)

DynamicSDDiP.CutGenerationRegime(DynamicSDDiP.NoStateApproximation(), DynamicSDDiP.UnifiedLagrangianDuality(0.0001, 0.0001, 1000, DynamicSDDiP.ZeroDuals(), DynamicSDDiP.BothBounds(), DynamicSDDiP.LevelBundle(0.5, true, false), DynamicSDDiP.StandardChoice(), DynamicSDDiP.Lax(), DynamicSDDiP.L₁_Deep(), DynamicSDDiP.NoDualSpaceRestriction(), DynamicSDDiP.ConvexHullCopy(), nothing, nothing), 21, Inf, Inf, 0.0, true, 0.0001)

||||||||||||||||||||||||||||||||||||||||||||||||||||||||||||||||||||||||||||||||||||||||||||||||||||||||||||||||||||||||||||||||||||||||
CUT AGGREGATION
DynamicSDDiP.MultiCutRegime()
||||||||||||||||||||||||||||||||||||||||||||||||||||||||||||||||||||||||||||||||||||||||||||||||||||||||||||||||||||||||||||||||||||||||
CUT SELECTION
DynamicSDDiP.NoCutSelection()
||||||||||||||||||||||||||||||||||||||||||||||||||||||||||||||||||||||||||||||||||||||||||||||||||||||||||||||||||||||||||||||||||||||||
LATE BINARIZATION
DynamicSDDiP.NoLateBinarization()
||||||||||||||||||||||||||||||||||||||||||||||||||||||||||||||||||||||||||||||||||||||||||||||||||||||||||||||||||||||||||||||||||||||||
APPLIED SOLVERS (LP, MILP, MIQCP, MINLP, NLP, Lagrange)
DynamicSDDiP.AppliedSolvers(true, "Gurobi", "Gurobi", "Gurobi", "Gurobi", "Gurobi", "Gurobi", "Gurobi", "Gurobi", "Gurobi", 0.0001, 300)
DynamicSDDiP.Direct_Solver()
Numerical focus: false
Silent: true
||||||||||||||||||||||||||||||||||||||||||||||||||||||||||||||||||||||||||||||||||||||||||||||||||||||||||||||||||||||||||||||||||||||||
SAMPLING
Used seed for sampling scenarios: 
11111     
||||||||||||||||||||||||||||||||||||||||||||||||||||||||||||||||||||||||||||||||||||||||||||||||||||||||||||||||||||||||||||||||||||||||
RUN DESCRIPTION

||||||||||||||||||||||||||||||||||||||||||||||||||||||||||||||||||||||||||||||||||||||||||||||||||||||||||||||||||||||||||||||||||||||||
PROBLEM DESCRIPTION
Number of stages: 16
Number of realizations per stage: 20
Seed for scenario tree sampling: 12345
Solver: serial mode

────────────────────────────────────────────────────────────────────────────────────────────────────────────────────────────────────────────────────────────────────────────────────────────────────────
It.#               UB        Best UB             LB       Gap           Time        It_Time           Refinements                            #Var.   #Constr.             #Cuts       Lagrangian Dual                                               
                                                          [%]            [s]            [s]          σ       Bin.      Total      {0,1}          ℤ      Total    Total   Active      # It.    # C-It.  # C-Real.  
────────────────────────────────────────────────────────────────────────────────────────────────────────────────────────────────────────────────────────────────────────────────────────────────────────
1        3.022289e+04   3.022289e+04   1.928461e+04    0.3619   1.735000e+00   1.735000e+00      false       none         82         10          0         11      300      300          0          0          0
2        3.365966e+04   3.022289e+04   1.934587e+04    0.3599   3.438000e+00   1.703000e+00      false       none         82         10          0         11      535      535          0          0          0
3        3.221590e+04   3.022289e+04   1.943004e+04    0.3571   5.610000e+00   2.172000e+00      false       none         82         10          0         11      785      785          0          0          0
4        3.219986e+04   3.022289e+04   1.945587e+04    0.3563   7.875000e+00   2.265000e+00      false       none         82         10          0         11     1003     1003          0          0          0
5        2.949945e+04   2.949945e+04   1.947136e+04    0.3399   1.046900e+01   2.594000e+00      false       none         82         10          0         11     1249     1249          0          0          0
6        2.584157e+04   2.584157e+04   1.950872e+04    0.2451   1.323500e+01   2.766000e+00      false       none         82         10          0         11     1436     1436          0          0          0
7        2.832766e+04   2.584157e+04   1.955535e+04    0.2433   1.612500e+01   2.890000e+00      false       none         82         10          0         11     1685     1685          0          0          0
8        3.006839e+04   2.584157e+04   1.967152e+04    0.2388   1.915700e+01   3.032000e+00      false       none         82         10          0         11     1944     1944          0          0          0
9        2.646985e+04   2.584157e+04   1.972975e+04    0.2365   2.231300e+01   3.156000e+00      false       none         82         10          0         11     2096     2096          0          0          0
10       3.069303e+04   2.584157e+04   1.982323e+04    0.2329   2.579700e+01   3.484000e+00      false       none         82         10          0         11     2306     2306          0          0          0
11       2.896298e+04   2.584157e+04   1.985080e+04    0.2318   2.925000e+01   3.453000e+00      false       none         82         10          0         11     2496     2496          0          0          0
12       2.950524e+04   2.584157e+04   1.999626e+04    0.2262   3.261000e+01   3.360000e+00      false       none         82         10          0         11     2675     2675          0          0          0
13       2.936989e+04   2.584157e+04   2.023244e+04    0.2171   3.598500e+01   3.375000e+00      false       none         82         10          0         11     2825     2825          0          0          0
14       2.945027e+04   2.584157e+04   2.028961e+04    0.2148   3.970400e+01   3.719000e+00      false       none         82         10          0         11     2957     2957          0          0          0
15       2.744476e+04   2.584157e+04   2.030346e+04    0.2143   4.328200e+01   3.578000e+00      false       none         82         10          0         11     3094     3094          0          0          0
16       3.039153e+04   2.584157e+04   2.031607e+04    0.2138   4.725000e+01   3.968000e+00      false       none         82         10          0         11     3284     3284          0          0          0
17       3.100681e+04   2.584157e+04   2.034162e+04    0.2128   5.132900e+01   4.079000e+00      false       none         82         10          0         11     3408     3408          0          0          0
18       2.880907e+04   2.584157e+04   2.035580e+04    0.2123   5.542200e+01   4.093000e+00      false       none         82         10          0         11     3496     3496          0          0          0
19       2.953092e+04   2.584157e+04   2.038068e+04    0.2113   5.975000e+01   4.328000e+00      false       none         82         10          0         11     3626     3626          0          0          0
20       2.638923e+04   2.584157e+04   2.039244e+04    0.2109   6.401600e+01   4.266000e+00      false       none         82         10          0         11     3720     3720          0          0          0
21       3.134509e+04   2.584157e+04   2.152545e+04    0.1670   3.555320e+02   2.915160e+02      false       none         82         10          0         11     4300     4300      14117      14117        300
22       3.199152e+04   2.584157e+04   2.170188e+04    0.1602   7.275320e+02   3.720000e+02      false       none         82         10          0         11     4874     4874      15252      15252        300
23       2.546808e+04   2.546808e+04   2.178995e+04    0.1444   1.067267e+03   3.397350e+02      false       none         82         10          0         11     5436     5436      13196      13196        300
24       2.798818e+04   2.546808e+04   2.188441e+04    0.1407   1.561463e+03   4.941960e+02      false       none         82         10          0         11     5990     5990      15181      15181        300
25       2.926878e+04   2.546808e+04   2.209111e+04    0.1326   2.073777e+03   5.123140e+02      false       none         82         10          0         11     6524     6524      15185      15185        300
26       3.134515e+04   2.546808e+04   2.219591e+04    0.1285   2.631073e+03   5.572960e+02      false       none         82         10          0         11     7036     7036      15134      15134        300
27       3.172311e+04   2.546808e+04   2.241112e+04    0.1200   3.205674e+03   5.746010e+02      false       none         82         10          0         11     7543     7543      15289      15289        300
28       3.656500e+04   2.546808e+04   2.250568e+04    0.1163   3.822097e+03   6.164230e+02      false       none         82         10          0         11     8049     8049      15208      15208        300
29       3.067565e+04   2.546808e+04   2.268980e+04    0.1091   4.508928e+03   6.868310e+02      false       none         82         10          0         11     8515     8515      15747      15747        300
30       3.076464e+04   2.546808e+04   2.282048e+04    0.1040   5.228287e+03   7.193590e+02      false       none         82         10          0         11     9005     9005      15648      15648        300
31       2.768507e+04   2.546808e+04   2.286677e+04    0.1021   6.010539e+03   7.822520e+02      false       none         82         10          0         11     9467     9467      16095      16095        300
32       2.692141e+04   2.546808e+04   2.295068e+04    0.0988   6.851134e+03   8.405950e+02      false       none         82         10          0         11     9903     9903      15868      15868        300
33       3.252800e+04   2.546808e+04   2.300725e+04    0.0966   7.621135e+03   7.700010e+02      false       none         82         10          0         11    10386    10386      15108      15108        300
34       2.852193e+04   2.546808e+04   2.306132e+04    0.0945   8.546074e+03   9.249390e+02      false       none         82         10          0         11    10818    10818      16763      16763        300
35       2.956334e+04   2.546808e+04   2.323513e+04    0.0877   9.462135e+03   9.160610e+02      false       none         82         10          0         11    11250    11250      15621      15621        300
36       2.611093e+04   2.546808e+04   2.337032e+04    0.0824   1.039181e+04   9.296750e+02      false       none         82         10          0         11    11678    11678      15512      15512        300
37       3.042796e+04   2.546808e+04   2.344255e+04    0.0795   1.144006e+04   1.048254e+03      false       none         82         10          0         11    12106    12106      16025      16025        300

Terminating DynamicSDDiP with status: time_limit
------------------------------------------------------------------------------
 ────────────────────────────────────────────────────────────────────────────────
                                        Time                    Allocations      
                               ───────────────────────   ────────────────────────
       Tot / % measured:            3.18h / 100.0%           24.1GiB / 100.0%    

 Section               ncalls     time    %tot     avg     alloc    %tot      avg
 ────────────────────────────────────────────────────────────────────────────────
 loop                       1    3.18h  100.0%   3.18h   24.1GiB  100.0%  24.1GiB
   iterations              37    3.18h  100.0%    309s   24.1GiB  100.0%   667MiB
     backward_pass         37    3.18h   99.9%    309s   24.1GiB   99.9%   667MiB
       solve_BP         16.2k    3.18h   99.9%   706ms   24.0GiB   99.6%  1.52MiB
         solve_dual     16.2k    3.18h   99.9%   706ms   24.0GiB   99.3%  1.51MiB
           solve_la...  5.10k    3.08h   96.9%   2.17s   22.3GiB   92.3%  4.47MiB
             inner_sol   261k    2.93h   92.3%  40.5ms   6.41GiB   26.6%  25.8KiB
               solv...   261k    2.92h   92.0%  40.3ms   1.01GiB    4.2%  4.06KiB
             bundle...   261k     333s    2.9%  1.28ms    549MiB    2.2%  2.16KiB
             outer_sol   261k     112s    1.0%   430μs    769MiB    3.1%  3.02KiB
             add_cut     261k    13.6s    0.1%  52.1μs   2.68GiB   11.1%  10.8KiB
             init_a...  5.10k    1.79s    0.0%   352μs    638MiB    2.6%   128KiB
             relax_...  5.10k    363ms    0.0%  71.1μs   58.7MiB    0.2%  11.8KiB
             restor...  5.10k    226ms    0.0%  44.2μs   30.0MiB    0.1%  6.02KiB
             conver...  5.10k   19.8ms    0.0%  3.89μs   1.01MiB    0.0%     208B
             minima...  5.10k   2.27ms    0.0%   446ns     0.00B    0.0%    0.00B
           solver_c...  11.1k     239s    2.1%  21.6ms   32.5MiB    0.1%  3.00KiB
           solve_pr...  5.10k    81.3s    0.7%  15.9ms   9.33MiB    0.0%  1.87KiB
           LP_relax...  11.1k    24.1s    0.2%  2.17ms   1.28GiB    5.3%   121KiB
             solver...  11.1k    18.4s    0.2%  1.66ms   37.8MiB    0.2%  3.49KiB
           dual_ini...  5.10k   7.03ms    0.0%  1.38μs    797KiB    0.0%     160B
         space_change   32.4k   12.7ms    0.0%   392ns     0.00B    0.0%    0.00B
       update_bellman     810    144ms    0.0%   178μs   65.8MiB    0.3%  83.2KiB
         cut_selection  12.1k   5.19ms    0.0%   428ns    968KiB    0.0%    81.9B
     forward_pass          37    5.71s    0.0%   154ms   13.1MiB    0.1%   362KiB
       solve_subpro...    592    5.69s    0.0%  9.61ms   11.5MiB    0.0%  19.8KiB
         solver_cal...    592    5.62s    0.0%  9.49ms   3.05MiB    0.0%  5.27KiB
     calculate_bound       37    537ms    0.0%  14.5ms    811KiB    0.0%  21.9KiB
       solver_call_...     37    532ms    0.0%  14.4ms   66.0KiB    0.0%  1.78KiB
 ────────────────────────────────────────────────────────────────────────────────

||||||||||||||||||||||||||||||||||||||||||||||||||||||||||||||||||||||||||||||||||||||||||||||||||||||||||||||||||||||||||||||||||||||||
LAGRANGIAN DUAL SOLUTION RESULTS
mn_opt: 0 times (0.0%)
conv: 0 times (0.0%)
unbounded: 0 times (0.0%)
bound_issues: 0 times (0.0%)
subgr_stalling: 0 times (0.0%)
opt: 5100 times (100.0%)
feas_issues: 0 times (0.0%)
sub: 0 times (0.0%)
mn_iter: 0 times (0.0%)
iter: 0 times (0.0%)
mn_issue: 0 times (0.0%)

||||||||||||||||||||||||||||||||||||||||||||||||||||||||||||||||||||||||||||||||||||||||||||||||||||||||||||||||||||||||||||||||||||||||
SIMULATION RESULTS
DynamicSDDiP.Simulation(DynamicSDDiP.InSampleMonteCarlo(), 1000)
Lower bound: 23442.54772963336
Statistical upper bound (confidence interval): 30121.21784270305 ± 126.84452244519264
Pessimistic upper bound: 30248.062365148242
