

#########################################################################################################################################
#########################################################################################################################################
#########################################################################################################################################
#########################################################################################################################################
#########################################################################################################################################
DynamicSDDiP.jl (c) Christian Füllner, 2021
re-uses code from SDDP.jl (c) Oscar Dowson, 2017-21
||||||||||||||||||||||||||||||||||||||||||||||||||||||||||||||||||||||||||||||||||||||||||||||||||||||||||||||||||||||||||||||||||||||||
PATH
calling 
C:\Users\cg4102\.julia\packages\DynamicSDDiP\5cxZB\src
nothing
DATETIME
2024-11-06T17:51:54.459
||||||||||||||||||||||||||||||||||||||||||||||||||||||||||||||||||||||||||||||||||||||||||||||||||||||||||||||||||||||||||||||||||||||||
STOPPING RULES
SDDP.TimeLimit(10800.0)
SDDP.BoundStalling(20, 0.0001)
||||||||||||||||||||||||||||||||||||||||||||||||||||||||||||||||||||||||||||||||||||||||||||||||||||||||||||||||||||||||||||||||||||||||
REGULARIZATION
DynamicSDDiP.NoRegularization()
||||||||||||||||||||||||||||||||||||||||||||||||||||||||||||||||||||||||||||||||||||||||||||||||||||||||||||||||||||||||||||||||||||||||
CUT GENERATION REGIMES
DynamicSDDiP.CutGenerationRegime(DynamicSDDiP.NoStateApproximation(), DynamicSDDiP.StrengthenedDuality(), 1, Inf, Inf, 0.0, true, 0.0001)

DynamicSDDiP.CutGenerationRegime(DynamicSDDiP.NoStateApproximation(), DynamicSDDiP.UnifiedLagrangianDuality(0.0001, 0.0001, 1000, DynamicSDDiP.ZeroDuals(), DynamicSDDiP.BothBounds(), DynamicSDDiP.LevelBundle(0.5, true, false), DynamicSDDiP.StandardChoice(), DynamicSDDiP.Lax(), DynamicSDDiP.Core_Relint(DynamicSDDiP.ConvexHullCopy(), DynamicSDDiP.NoIntegerRelax(), DynamicSDDiP.Unbounded_Opt_SB(true), DynamicSDDiP.NoImprovement(), false), DynamicSDDiP.NoDualSpaceRestriction(), DynamicSDDiP.ConvexHullCopy(), nothing, nothing), 21, Inf, Inf, 0.0, true, 0.0001)

||||||||||||||||||||||||||||||||||||||||||||||||||||||||||||||||||||||||||||||||||||||||||||||||||||||||||||||||||||||||||||||||||||||||
CUT AGGREGATION
DynamicSDDiP.MultiCutRegime()
||||||||||||||||||||||||||||||||||||||||||||||||||||||||||||||||||||||||||||||||||||||||||||||||||||||||||||||||||||||||||||||||||||||||
CUT SELECTION
DynamicSDDiP.NoCutSelection()
||||||||||||||||||||||||||||||||||||||||||||||||||||||||||||||||||||||||||||||||||||||||||||||||||||||||||||||||||||||||||||||||||||||||
LATE BINARIZATION
DynamicSDDiP.NoLateBinarization()
||||||||||||||||||||||||||||||||||||||||||||||||||||||||||||||||||||||||||||||||||||||||||||||||||||||||||||||||||||||||||||||||||||||||
APPLIED SOLVERS (LP, MILP, MIQCP, MINLP, NLP, Lagrange)
DynamicSDDiP.AppliedSolvers(true, "Gurobi", "Gurobi", "Gurobi", "Gurobi", "Gurobi", "Gurobi", "Gurobi", "Gurobi", "Gurobi", 0.0001, 300)
DynamicSDDiP.Direct_Solver()
Numerical focus: false
Silent: true
||||||||||||||||||||||||||||||||||||||||||||||||||||||||||||||||||||||||||||||||||||||||||||||||||||||||||||||||||||||||||||||||||||||||
SAMPLING
Used seed for sampling scenarios: 
11111     
||||||||||||||||||||||||||||||||||||||||||||||||||||||||||||||||||||||||||||||||||||||||||||||||||||||||||||||||||||||||||||||||||||||||
RUN DESCRIPTION

||||||||||||||||||||||||||||||||||||||||||||||||||||||||||||||||||||||||||||||||||||||||||||||||||||||||||||||||||||||||||||||||||||||||
PROBLEM DESCRIPTION
Number of stages: 16
Number of realizations per stage: 20
Seed for scenario tree sampling: 12345
Solver: serial mode

────────────────────────────────────────────────────────────────────────────────────────────────────────────────────────────────────────────────────────────────────────────────────────────────────────
It.#               UB        Best UB             LB       Gap           Time        It_Time           Refinements                            #Var.   #Constr.             #Cuts       Lagrangian Dual                                               
                                                          [%]            [s]            [s]          σ       Bin.      Total      {0,1}          ℤ      Total    Total   Active      # It.    # C-It.  # C-Real.  
────────────────────────────────────────────────────────────────────────────────────────────────────────────────────────────────────────────────────────────────────────────────────────────────────────
1        3.022289e+04   3.022289e+04   1.928461e+04    0.3619   1.765000e+00   1.765000e+00      false       none         82         10          0         11      300      300          0          0          0
2        3.365966e+04   3.022289e+04   1.934587e+04    0.3599   3.421000e+00   1.656000e+00      false       none         82         10          0         11      535      535          0          0          0
3        3.221590e+04   3.022289e+04   1.943004e+04    0.3571   5.609000e+00   2.188000e+00      false       none         82         10          0         11      785      785          0          0          0
4        3.219986e+04   3.022289e+04   1.945587e+04    0.3563   7.906000e+00   2.297000e+00      false       none         82         10          0         11     1003     1003          0          0          0
5        2.949945e+04   2.949945e+04   1.947136e+04    0.3399   1.050000e+01   2.594000e+00      false       none         82         10          0         11     1249     1249          0          0          0
6        2.584157e+04   2.584157e+04   1.950872e+04    0.2451   1.321800e+01   2.718000e+00      false       none         82         10          0         11     1436     1436          0          0          0
7        2.832766e+04   2.584157e+04   1.955535e+04    0.2433   1.609300e+01   2.875000e+00      false       none         82         10          0         11     1685     1685          0          0          0
8        3.006839e+04   2.584157e+04   1.967152e+04    0.2388   1.912500e+01   3.032000e+00      false       none         82         10          0         11     1944     1944          0          0          0
9        2.646985e+04   2.584157e+04   1.972975e+04    0.2365   2.228100e+01   3.156000e+00      false       none         82         10          0         11     2096     2096          0          0          0
10       3.069303e+04   2.584157e+04   1.982323e+04    0.2329   2.560900e+01   3.328000e+00      false       none         82         10          0         11     2306     2306          0          0          0
11       2.896298e+04   2.584157e+04   1.985080e+04    0.2318   2.903100e+01   3.422000e+00      false       none         82         10          0         11     2496     2496          0          0          0
12       2.950524e+04   2.584157e+04   1.999626e+04    0.2262   3.235900e+01   3.328000e+00      false       none         82         10          0         11     2675     2675          0          0          0
13       2.936989e+04   2.584157e+04   2.023244e+04    0.2171   3.575000e+01   3.391000e+00      false       none         82         10          0         11     2825     2825          0          0          0
14       2.945027e+04   2.584157e+04   2.028961e+04    0.2148   3.950000e+01   3.750000e+00      false       none         82         10          0         11     2957     2957          0          0          0
15       2.744476e+04   2.584157e+04   2.030346e+04    0.2143   4.306200e+01   3.562000e+00      false       none         82         10          0         11     3094     3094          0          0          0
16       3.039153e+04   2.584157e+04   2.031607e+04    0.2138   4.707800e+01   4.016000e+00      false       none         82         10          0         11     3284     3284          0          0          0
17       3.100681e+04   2.584157e+04   2.034162e+04    0.2128   5.115600e+01   4.078000e+00      false       none         82         10          0         11     3408     3408          0          0          0
18       2.880907e+04   2.584157e+04   2.035580e+04    0.2123   5.534300e+01   4.187000e+00      false       none         82         10          0         11     3496     3496          0          0          0
19       2.953092e+04   2.584157e+04   2.038068e+04    0.2113   5.970300e+01   4.360000e+00      false       none         82         10          0         11     3626     3626          0          0          0
20       2.638923e+04   2.584157e+04   2.039244e+04    0.2109   6.395300e+01   4.250000e+00      false       none         82         10          0         11     3720     3720          0          0          0
21       3.134509e+04   2.584157e+04   2.137407e+04    0.1729   6.569330e+02   5.929800e+02      false       none         82         10          0         11     4300     4300      30145      30145        300
22       3.234247e+04   2.584157e+04   2.173063e+04    0.1591   1.410514e+03   7.535810e+02      false       none         82         10          0         11     4863     4863      32684      32684        300
23       2.493055e+04   2.493055e+04   2.189315e+04    0.1218   2.250313e+03   8.397990e+02      false       none         82         10          0         11     5409     5409      32301      32301        300
24       2.720598e+04   2.493055e+04   2.197752e+04    0.1185   3.196880e+03   9.465670e+02      false       none         82         10          0         11     5944     5944      34166      34166        300
25       2.963744e+04   2.493055e+04   2.204248e+04    0.1158   4.201946e+03   1.005066e+03      false       none         82         10          0         11     6496     6496      34518      34518        300
26       3.110751e+04   2.493055e+04   2.233798e+04    0.1040   5.256085e+03   1.054139e+03      false       none         82         10          0         11     6992     6992      33818      33818        300
27       3.246048e+04   2.493055e+04   2.245382e+04    0.0993   6.334581e+03   1.078496e+03      false       none         82         10          0         11     7524     7524      34634      34634        300
28       3.599371e+04   2.493055e+04   2.252360e+04    0.0965   7.486850e+03   1.152269e+03      false       none         82         10          0         11     8024     8024      35096      35096        300
29       3.214450e+04   2.493055e+04   2.260378e+04    0.0933   8.703992e+03   1.217142e+03      false       none         82         10          0         11     8498     8498      34953      34953        300
30       3.110841e+04   2.493055e+04   2.284273e+04    0.0837   9.985445e+03   1.281453e+03      false       none         82         10          0         11     8992     8992      34425      34425        300
31       2.807773e+04   2.493055e+04   2.303768e+04    0.0759   1.134426e+04   1.358817e+03      false       none         82         10          0         11     9450     9450      34955      34955        300

Terminating DynamicSDDiP with status: time_limit
------------------------------------------------------------------------------
 ────────────────────────────────────────────────────────────────────────────────
                                        Time                    Allocations      
                               ───────────────────────   ────────────────────────
       Tot / % measured:            3.15h / 100.0%           60.4GiB / 100.0%    

 Section               ncalls     time    %tot     avg     alloc    %tot      avg
 ────────────────────────────────────────────────────────────────────────────────
 loop                       1    3.15h  100.0%   3.15h   60.4GiB  100.0%  60.4GiB
   iterations              31    3.15h  100.0%    366s   60.4GiB  100.0%  1.95GiB
     backward_pass         31    3.15h  100.0%    366s   60.4GiB  100.0%  1.95GiB
       solve_BP         12.6k    3.15h  100.0%   900ms   60.3GiB   99.9%  4.90MiB
         solve_dual     12.6k    3.15h  100.0%   900ms   60.2GiB   99.8%  4.90MiB
           solve_la...  3.30k    3.05h   96.7%   3.32s   30.1GiB   49.9%  9.35MiB
             inner_sol   372k    2.10h   66.5%  20.3ms   8.45GiB   14.0%  23.8KiB
               solv...   372k    2.08h   66.0%  20.1ms    864MiB    1.4%  2.38KiB
             bundle...   372k    3118s   27.5%  8.39ms   1.61GiB    2.7%  4.53KiB
             outer_sol   372k     213s    1.9%   573μs    858MiB    1.4%  2.36KiB
             add_cut     372k    17.6s    0.2%  47.3μs   3.84GiB    6.4%  10.8KiB
             init_a...  3.30k    1.07s    0.0%   324μs    414MiB    0.7%   128KiB
             restor...  3.30k    160ms    0.0%  48.6μs   19.4MiB    0.0%  6.02KiB
             relax_...  3.30k    135ms    0.0%  40.8μs   35.5MiB    0.1%  11.0KiB
             conver...  3.30k   12.9ms    0.0%  3.90μs    670KiB    0.0%     208B
             minima...  3.30k   1.82ms    0.0%   551ns     0.00B    0.0%    0.00B
           solve_pr...  9.90k     165s    1.5%  16.7ms   29.8MiB    0.0%  3.08KiB
           solver_c...  9.30k     146s    1.3%  15.7ms   23.5MiB    0.0%  2.59KiB
           LP_relax...  9.30k    17.9s    0.2%  1.93ms   1.07GiB    1.8%   120KiB
             solver...  9.30k    13.1s    0.1%  1.40ms   30.2MiB    0.0%  3.32KiB
           solve_core   3.30k    2.07s    0.0%   627μs   2.57MiB    0.0%     817B
           dual_ini...  3.30k   3.79ms    0.0%  1.15μs    516KiB    0.0%     160B
         space_change   25.2k   8.87ms    0.0%   352ns     0.00B    0.0%    0.00B
       update_bellman     630    116ms    0.0%   184μs   53.7MiB    0.1%  87.3KiB
         cut_selection  9.45k   3.86ms    0.0%   408ns    764KiB    0.0%    82.8B
     forward_pass          31    3.76s    0.0%   121ms   11.3MiB    0.0%   372KiB
       solve_subpro...    496    3.74s    0.0%  7.55ms   9.93MiB    0.0%  20.5KiB
         solver_cal...    496    3.68s    0.0%  7.43ms   2.86MiB    0.0%  5.90KiB
     calculate_bound       31    340ms    0.0%  11.0ms    677KiB    0.0%  21.8KiB
       solver_call_...     31    336ms    0.0%  10.8ms   52.9KiB    0.0%  1.71KiB
 ────────────────────────────────────────────────────────────────────────────────

||||||||||||||||||||||||||||||||||||||||||||||||||||||||||||||||||||||||||||||||||||||||||||||||||||||||||||||||||||||||||||||||||||||||
LAGRANGIAN DUAL SOLUTION RESULTS
mn_opt: 0 times (0.0%)
conv: 0 times (0.0%)
unbounded: 0 times (0.0%)
bound_issues: 0 times (0.0%)
subgr_stalling: 0 times (0.0%)
opt: 3300 times (100.0%)
feas_issues: 0 times (0.0%)
sub: 0 times (0.0%)
mn_iter: 0 times (0.0%)
iter: 0 times (0.0%)
mn_issue: 0 times (0.0%)

||||||||||||||||||||||||||||||||||||||||||||||||||||||||||||||||||||||||||||||||||||||||||||||||||||||||||||||||||||||||||||||||||||||||
SIMULATION RESULTS
DynamicSDDiP.Simulation(DynamicSDDiP.InSampleMonteCarlo(), 1000)
Lower bound: 23037.680645616067
Statistical upper bound (confidence interval): 30238.713463719243 ± 131.84834926180747
Pessimistic upper bound: 30370.56181298105
