

#########################################################################################################################################
#########################################################################################################################################
#########################################################################################################################################
#########################################################################################################################################
#########################################################################################################################################
DynamicSDDiP.jl (c) Christian Füllner, 2021
re-uses code from SDDP.jl (c) Oscar Dowson, 2017-21
||||||||||||||||||||||||||||||||||||||||||||||||||||||||||||||||||||||||||||||||||||||||||||||||||||||||||||||||||||||||||||||||||||||||
PATH
calling 
C:\Users\cg4102\.julia\packages\DynamicSDDiP\5cxZB\src
nothing
DATETIME
2024-11-06T14:39:55.191
||||||||||||||||||||||||||||||||||||||||||||||||||||||||||||||||||||||||||||||||||||||||||||||||||||||||||||||||||||||||||||||||||||||||
STOPPING RULES
SDDP.TimeLimit(10800.0)
SDDP.BoundStalling(20, 0.0001)
||||||||||||||||||||||||||||||||||||||||||||||||||||||||||||||||||||||||||||||||||||||||||||||||||||||||||||||||||||||||||||||||||||||||
REGULARIZATION
DynamicSDDiP.NoRegularization()
||||||||||||||||||||||||||||||||||||||||||||||||||||||||||||||||||||||||||||||||||||||||||||||||||||||||||||||||||||||||||||||||||||||||
CUT GENERATION REGIMES
DynamicSDDiP.CutGenerationRegime(DynamicSDDiP.NoStateApproximation(), DynamicSDDiP.StrengthenedDuality(), 1, Inf, Inf, 0.0, true, 0.0001)

DynamicSDDiP.CutGenerationRegime(DynamicSDDiP.NoStateApproximation(), DynamicSDDiP.UnifiedLagrangianDuality(0.0001, 0.0001, 1000, DynamicSDDiP.ZeroDuals(), DynamicSDDiP.BothBounds(), DynamicSDDiP.LevelBundle(0.5, true, false), DynamicSDDiP.StandardChoice(), DynamicSDDiP.Lax(), DynamicSDDiP.Core_Epsilon(0.01, DynamicSDDiP.ConvexHullCopy(), DynamicSDDiP.NoIntegerRelax(), DynamicSDDiP.Unbounded_Opt_SB(true), DynamicSDDiP.NoImprovement(), false), DynamicSDDiP.NoDualSpaceRestriction(), DynamicSDDiP.ConvexHullCopy(), nothing, nothing), 21, Inf, Inf, 0.0, true, 0.0001)

||||||||||||||||||||||||||||||||||||||||||||||||||||||||||||||||||||||||||||||||||||||||||||||||||||||||||||||||||||||||||||||||||||||||
CUT AGGREGATION
DynamicSDDiP.MultiCutRegime()
||||||||||||||||||||||||||||||||||||||||||||||||||||||||||||||||||||||||||||||||||||||||||||||||||||||||||||||||||||||||||||||||||||||||
CUT SELECTION
DynamicSDDiP.NoCutSelection()
||||||||||||||||||||||||||||||||||||||||||||||||||||||||||||||||||||||||||||||||||||||||||||||||||||||||||||||||||||||||||||||||||||||||
LATE BINARIZATION
DynamicSDDiP.NoLateBinarization()
||||||||||||||||||||||||||||||||||||||||||||||||||||||||||||||||||||||||||||||||||||||||||||||||||||||||||||||||||||||||||||||||||||||||
APPLIED SOLVERS (LP, MILP, MIQCP, MINLP, NLP, Lagrange)
DynamicSDDiP.AppliedSolvers(true, "Gurobi", "Gurobi", "Gurobi", "Gurobi", "Gurobi", "Gurobi", "Gurobi", "Gurobi", "Gurobi", 0.0001, 300)
DynamicSDDiP.Direct_Solver()
Numerical focus: false
Silent: true
||||||||||||||||||||||||||||||||||||||||||||||||||||||||||||||||||||||||||||||||||||||||||||||||||||||||||||||||||||||||||||||||||||||||
SAMPLING
Used seed for sampling scenarios: 
11111     
||||||||||||||||||||||||||||||||||||||||||||||||||||||||||||||||||||||||||||||||||||||||||||||||||||||||||||||||||||||||||||||||||||||||
RUN DESCRIPTION

||||||||||||||||||||||||||||||||||||||||||||||||||||||||||||||||||||||||||||||||||||||||||||||||||||||||||||||||||||||||||||||||||||||||
PROBLEM DESCRIPTION
Number of stages: 16
Number of realizations per stage: 20
Seed for scenario tree sampling: 12345
Solver: serial mode

────────────────────────────────────────────────────────────────────────────────────────────────────────────────────────────────────────────────────────────────────────────────────────────────────────
It.#               UB        Best UB             LB       Gap           Time        It_Time           Refinements                            #Var.   #Constr.             #Cuts       Lagrangian Dual                                               
                                                          [%]            [s]            [s]          σ       Bin.      Total      {0,1}          ℤ      Total    Total   Active      # It.    # C-It.  # C-Real.  
────────────────────────────────────────────────────────────────────────────────────────────────────────────────────────────────────────────────────────────────────────────────────────────────────────
1        3.022289e+04   3.022289e+04   1.928461e+04    0.3619   1.938000e+00   1.938000e+00      false       none         82         10          0         11      300      300          0          0          0
2        3.365966e+04   3.022289e+04   1.934587e+04    0.3599   3.703000e+00   1.765000e+00      false       none         82         10          0         11      535      535          0          0          0
3        3.221590e+04   3.022289e+04   1.943004e+04    0.3571   5.969000e+00   2.266000e+00      false       none         82         10          0         11      785      785          0          0          0
4        3.219986e+04   3.022289e+04   1.945587e+04    0.3563   8.406000e+00   2.437000e+00      false       none         82         10          0         11     1003     1003          0          0          0
5        2.949945e+04   2.949945e+04   1.947136e+04    0.3399   1.112500e+01   2.719000e+00      false       none         82         10          0         11     1249     1249          0          0          0
6        2.584157e+04   2.584157e+04   1.950872e+04    0.2451   1.395300e+01   2.828000e+00      false       none         82         10          0         11     1436     1436          0          0          0
7        2.832766e+04   2.584157e+04   1.955535e+04    0.2433   1.693800e+01   2.985000e+00      false       none         82         10          0         11     1685     1685          0          0          0
8        3.006839e+04   2.584157e+04   1.967152e+04    0.2388   2.006300e+01   3.125000e+00      false       none         82         10          0         11     1944     1944          0          0          0
9        2.646985e+04   2.584157e+04   1.972975e+04    0.2365   2.332800e+01   3.265000e+00      false       none         82         10          0         11     2096     2096          0          0          0
10       3.069303e+04   2.584157e+04   1.982323e+04    0.2329   2.673400e+01   3.406000e+00      false       none         82         10          0         11     2306     2306          0          0          0
11       2.896298e+04   2.584157e+04   1.985080e+04    0.2318   3.025000e+01   3.516000e+00      false       none         82         10          0         11     2496     2496          0          0          0
12       2.950524e+04   2.584157e+04   1.999626e+04    0.2262   3.370300e+01   3.453000e+00      false       none         82         10          0         11     2675     2675          0          0          0
13       2.936989e+04   2.584157e+04   2.023244e+04    0.2171   3.717200e+01   3.469000e+00      false       none         82         10          0         11     2825     2825          0          0          0
14       2.945027e+04   2.584157e+04   2.028961e+04    0.2148   4.101600e+01   3.844000e+00      false       none         82         10          0         11     2957     2957          0          0          0
15       2.744476e+04   2.584157e+04   2.030346e+04    0.2143   4.467200e+01   3.656000e+00      false       none         82         10          0         11     3094     3094          0          0          0
16       3.039153e+04   2.584157e+04   2.031607e+04    0.2138   4.876600e+01   4.094000e+00      false       none         82         10          0         11     3284     3284          0          0          0
17       3.100681e+04   2.584157e+04   2.034162e+04    0.2128   5.295300e+01   4.187000e+00      false       none         82         10          0         11     3408     3408          0          0          0
18       2.880907e+04   2.584157e+04   2.035580e+04    0.2123   5.718800e+01   4.235000e+00      false       none         82         10          0         11     3496     3496          0          0          0
19       2.953092e+04   2.584157e+04   2.038068e+04    0.2113   6.161000e+01   4.422000e+00      false       none         82         10          0         11     3626     3626          0          0          0
20       2.638923e+04   2.584157e+04   2.039244e+04    0.2109   6.596900e+01   4.359000e+00      false       none         82         10          0         11     3720     3720          0          0          0
21       3.134509e+04   2.584157e+04   2.147016e+04    0.1692   4.128770e+02   3.469080e+02      false       none         82         10          0         11     4300     4300      16275      16275        300
22       3.185072e+04   2.584157e+04   2.165295e+04    0.1621   9.148770e+02   5.020000e+02      false       none         82         10          0         11     4864     4864      20140      20140        300
23       2.507068e+04   2.507068e+04   2.171753e+04    0.1337   1.538096e+03   6.232190e+02      false       none         82         10          0         11     5432     5432      21080      21080        300
24       2.757444e+04   2.507068e+04   2.182951e+04    0.1293   2.194534e+03   6.564380e+02      false       none         82         10          0         11     5990     5990      20267      20267        300
25       2.832684e+04   2.507068e+04   2.192532e+04    0.1255   2.861392e+03   6.668580e+02      false       none         82         10          0         11     6547     6547      19559      19559        300
26       3.164204e+04   2.507068e+04   2.222008e+04    0.1137   3.541503e+03   6.801110e+02      false       none         82         10          0         11     7089     7089      19104      19104        300
27       3.139798e+04   2.507068e+04   2.228900e+04    0.1110   4.237175e+03   6.956720e+02      false       none         82         10          0         11     7608     7608      19452      19452        300
28       3.627340e+04   2.507068e+04   2.248575e+04    0.1031   5.017379e+03   7.802040e+02      false       none         82         10          0         11     8118     8118      20006      20006        300
29       3.130510e+04   2.507068e+04   2.263674e+04    0.0971   5.938161e+03   9.207820e+02      false       none         82         10          0         11     8599     8599      20696      20696        300
30       3.075315e+04   2.507068e+04   2.281321e+04    0.0900   6.896652e+03   9.584910e+02      false       none         82         10          0         11     9094     9094      20688      20688        300
31       2.780632e+04   2.507068e+04   2.287715e+04    0.0875   7.958092e+03   1.061440e+03      false       none         82         10          0         11     9563     9563      21326      21326        300
32       2.722557e+04   2.507068e+04   2.297411e+04    0.0836   8.987246e+03   1.029154e+03      false       none         82         10          0         11    10044    10044      19843      19843        300
33       3.225649e+04   2.507068e+04   2.316538e+04    0.0760   1.005000e+04   1.062751e+03      false       none         82         10          0         11    10497    10497      20335      20335        300
34       2.895068e+04   2.507068e+04   2.319504e+04    0.0748   1.117289e+04   1.122894e+03      false       none         82         10          0         11    10932    10932      20890      20890        300

Terminating DynamicSDDiP with status: time_limit
------------------------------------------------------------------------------
 ────────────────────────────────────────────────────────────────────────────────
                                        Time                    Allocations      
                               ───────────────────────   ────────────────────────
       Tot / % measured:            3.10h / 100.0%           28.9GiB / 100.0%    

 Section               ncalls     time    %tot     avg     alloc    %tot      avg
 ────────────────────────────────────────────────────────────────────────────────
 loop                       1    3.10h  100.0%   3.10h   28.9GiB  100.0%  28.9GiB
   iterations              34    3.10h  100.0%    329s   28.9GiB  100.0%   870MiB
     backward_pass         34    3.10h  100.0%    328s   28.9GiB  100.0%   870MiB
       solve_BP         14.4k    3.10h   99.9%   775ms   28.8GiB   99.7%  2.05MiB
         solve_dual     14.4k    3.10h   99.9%   775ms   28.7GiB   99.5%  2.04MiB
           solve_la...  4.20k    2.97h   95.6%   2.54s   23.3GiB   80.7%  5.69MiB
             inner_sol   280k    2.61h   84.1%  33.6ms   6.67GiB   23.1%  25.0KiB
               solv...   280k    2.60h   83.7%  33.4ms    877MiB    3.0%  3.21KiB
             bundle...   280k    1070s    9.6%  3.83ms   1.03GiB    3.6%  3.86KiB
             outer_sol   280k     130s    1.2%   463μs    747MiB    2.5%  2.73KiB
             add_cut     280k    14.6s    0.1%  52.0μs   2.85GiB    9.8%  10.7KiB
             init_a...  4.20k    1.36s    0.0%   324μs    527MiB    1.8%   128KiB
             restor...  4.20k    188ms    0.0%  44.7μs   24.7MiB    0.1%  6.02KiB
             relax_...  4.20k    173ms    0.0%  41.1μs   50.9MiB    0.2%  12.4KiB
             conver...  4.20k   14.7ms    0.0%  3.50μs    853KiB    0.0%     208B
             minima...  4.20k   2.32ms    0.0%   553ns     0.00B    0.0%    0.00B
           solve_pr...  12.6k     203s    1.8%  16.1ms   36.7MiB    0.1%  2.98KiB
           solver_c...  10.2k     194s    1.7%  19.1ms   27.9MiB    0.1%  2.80KiB
           solve_core   4.20k    59.7s    0.5%  14.2ms   6.99MiB    0.0%  1.70KiB
           LP_relax...  10.2k    21.5s    0.2%  2.11ms   1.17GiB    4.1%   121KiB
             solver...  10.2k    16.0s    0.1%  1.57ms   34.5MiB    0.1%  3.46KiB
           dual_ini...  4.20k   6.06ms    0.0%  1.44μs    656KiB    0.0%     160B
         space_change   28.8k   10.5ms    0.0%   365ns     0.00B    0.0%    0.00B
       update_bellman     720    134ms    0.0%   186μs   62.6MiB    0.2%  89.0KiB
         cut_selection  10.9k   4.47ms    0.0%   409ns    906KiB    0.0%    84.8B
     forward_pass          34    4.91s    0.0%   144ms   13.3MiB    0.0%   400KiB
       solve_subpro...    544    4.89s    0.0%  8.99ms   11.8MiB    0.0%  22.2KiB
         solver_cal...    544    4.80s    0.0%  8.82ms   2.95MiB    0.0%  5.56KiB
     calculate_bound       34    479ms    0.0%  14.1ms    744KiB    0.0%  21.9KiB
       solver_call_...     34    475ms    0.0%  14.0ms   58.8KiB    0.0%  1.73KiB
 ────────────────────────────────────────────────────────────────────────────────

||||||||||||||||||||||||||||||||||||||||||||||||||||||||||||||||||||||||||||||||||||||||||||||||||||||||||||||||||||||||||||||||||||||||
LAGRANGIAN DUAL SOLUTION RESULTS
mn_opt: 0 times (0.0%)
conv: 0 times (0.0%)
unbounded: 0 times (0.0%)
bound_issues: 0 times (0.0%)
subgr_stalling: 0 times (0.0%)
opt: 4200 times (100.0%)
feas_issues: 0 times (0.0%)
sub: 0 times (0.0%)
mn_iter: 0 times (0.0%)
iter: 0 times (0.0%)
mn_issue: 0 times (0.0%)

||||||||||||||||||||||||||||||||||||||||||||||||||||||||||||||||||||||||||||||||||||||||||||||||||||||||||||||||||||||||||||||||||||||||
SIMULATION RESULTS
DynamicSDDiP.Simulation(DynamicSDDiP.InSampleMonteCarlo(), 1000)
Lower bound: 23195.03812531749
Statistical upper bound (confidence interval): 29958.57733028239 ± 127.30665483866424
Pessimistic upper bound: 30085.883985121054
