

#########################################################################################################################################
#########################################################################################################################################
#########################################################################################################################################
#########################################################################################################################################
#########################################################################################################################################
DynamicSDDiP.jl (c) Christian Füllner, 2021
re-uses code from SDDP.jl (c) Oscar Dowson, 2017-21
||||||||||||||||||||||||||||||||||||||||||||||||||||||||||||||||||||||||||||||||||||||||||||||||||||||||||||||||||||||||||||||||||||||||
PATH
calling 
C:\Users\cg4102\.julia\packages\DynamicSDDiP\jRtdG\src
nothing
DATETIME
2024-11-13T12:41:23.782
||||||||||||||||||||||||||||||||||||||||||||||||||||||||||||||||||||||||||||||||||||||||||||||||||||||||||||||||||||||||||||||||||||||||
STOPPING RULES
SDDP.TimeLimit(10800.0)
SDDP.BoundStalling(20, 0.0001)
||||||||||||||||||||||||||||||||||||||||||||||||||||||||||||||||||||||||||||||||||||||||||||||||||||||||||||||||||||||||||||||||||||||||
REGULARIZATION
DynamicSDDiP.NoRegularization()
||||||||||||||||||||||||||||||||||||||||||||||||||||||||||||||||||||||||||||||||||||||||||||||||||||||||||||||||||||||||||||||||||||||||
CUT GENERATION REGIMES
DynamicSDDiP.CutGenerationRegime(DynamicSDDiP.NoStateApproximation(), DynamicSDDiP.StrengthenedDuality(), 1, Inf, Inf, 0.0, true, 0.0001)

DynamicSDDiP.CutGenerationRegime(DynamicSDDiP.NoStateApproximation(), DynamicSDDiP.LagrangianDuality(0.0001, 0.0001, 1000, DynamicSDDiP.ZeroDuals(), DynamicSDDiP.BothBounds(), DynamicSDDiP.LevelBundle(0.5, true, false), DynamicSDDiP.StandardChoice(), DynamicSDDiP.Lax(), DynamicSDDiP.ConvexHullCopy(), false), 21, Inf, Inf, 0.0, true, 0.0001)

||||||||||||||||||||||||||||||||||||||||||||||||||||||||||||||||||||||||||||||||||||||||||||||||||||||||||||||||||||||||||||||||||||||||
CUT AGGREGATION
DynamicSDDiP.MultiCutRegime()
||||||||||||||||||||||||||||||||||||||||||||||||||||||||||||||||||||||||||||||||||||||||||||||||||||||||||||||||||||||||||||||||||||||||
CUT SELECTION
DynamicSDDiP.NoCutSelection()
||||||||||||||||||||||||||||||||||||||||||||||||||||||||||||||||||||||||||||||||||||||||||||||||||||||||||||||||||||||||||||||||||||||||
LATE BINARIZATION
DynamicSDDiP.NoLateBinarization()
||||||||||||||||||||||||||||||||||||||||||||||||||||||||||||||||||||||||||||||||||||||||||||||||||||||||||||||||||||||||||||||||||||||||
APPLIED SOLVERS (LP, MILP, MIQCP, MINLP, NLP, Lagrange)
DynamicSDDiP.AppliedSolvers(true, "Gurobi", "Gurobi", "Gurobi", "Gurobi", "Gurobi", "Gurobi", "Gurobi", "Gurobi", "Gurobi", 0.0001, 300)
DynamicSDDiP.Direct_Solver()
Numerical focus: false
Silent: true
||||||||||||||||||||||||||||||||||||||||||||||||||||||||||||||||||||||||||||||||||||||||||||||||||||||||||||||||||||||||||||||||||||||||
SAMPLING
Used seed for sampling scenarios: 
11111     
||||||||||||||||||||||||||||||||||||||||||||||||||||||||||||||||||||||||||||||||||||||||||||||||||||||||||||||||||||||||||||||||||||||||
RUN DESCRIPTION

||||||||||||||||||||||||||||||||||||||||||||||||||||||||||||||||||||||||||||||||||||||||||||||||||||||||||||||||||||||||||||||||||||||||
PROBLEM DESCRIPTION
Number of stages: 16
Number of realizations per stage: 20
Seed for scenario tree sampling: 12345
Solver: serial mode

────────────────────────────────────────────────────────────────────────────────────────────────────────────────────────────────────────────────────────────────────────────────────────────────────────
It.#               UB        Best UB             LB       Gap           Time        It_Time           Refinements                            #Var.   #Constr.             #Cuts       Lagrangian Dual                                               
                                                          [%]            [s]            [s]          σ       Bin.      Total      {0,1}          ℤ      Total    Total   Active      # It.    # C-It.  # C-Real.  
────────────────────────────────────────────────────────────────────────────────────────────────────────────────────────────────────────────────────────────────────────────────────────────────────────
1        3.022289e+04   3.022289e+04   1.928461e+04    0.3619   1.797000e+00   1.797000e+00      false       none         82         10          0         11      300      300          0          0          0
2        3.365966e+04   3.022289e+04   1.934587e+04    0.3599   3.422000e+00   1.625000e+00      false       none         82         10          0         11      535      535          0          0          0
3        3.221590e+04   3.022289e+04   1.943004e+04    0.3571   5.594000e+00   2.172000e+00      false       none         82         10          0         11      785      785          0          0          0
4        3.219986e+04   3.022289e+04   1.945587e+04    0.3563   7.875000e+00   2.281000e+00      false       none         82         10          0         11     1003     1003          0          0          0
5        2.949945e+04   2.949945e+04   1.947136e+04    0.3399   1.043800e+01   2.563000e+00      false       none         82         10          0         11     1249     1249          0          0          0
6        2.584157e+04   2.584157e+04   1.950872e+04    0.2451   1.315600e+01   2.718000e+00      false       none         82         10          0         11     1436     1436          0          0          0
7        2.832766e+04   2.584157e+04   1.955535e+04    0.2433   1.604700e+01   2.891000e+00      false       none         82         10          0         11     1685     1685          0          0          0
8        3.006839e+04   2.584157e+04   1.967152e+04    0.2388   1.907800e+01   3.031000e+00      false       none         82         10          0         11     1944     1944          0          0          0
9        2.646985e+04   2.584157e+04   1.972975e+04    0.2365   2.226600e+01   3.188000e+00      false       none         82         10          0         11     2096     2096          0          0          0
10       3.069303e+04   2.584157e+04   1.982323e+04    0.2329   2.556300e+01   3.297000e+00      false       none         82         10          0         11     2306     2306          0          0          0
11       2.896298e+04   2.584157e+04   1.985080e+04    0.2318   2.900000e+01   3.437000e+00      false       none         82         10          0         11     2496     2496          0          0          0
12       2.950524e+04   2.584157e+04   1.999626e+04    0.2262   3.234400e+01   3.344000e+00      false       none         82         10          0         11     2675     2675          0          0          0
13       2.936989e+04   2.584157e+04   2.023244e+04    0.2171   3.601600e+01   3.672000e+00      false       none         82         10          0         11     2825     2825          0          0          0
14       2.945027e+04   2.584157e+04   2.028961e+04    0.2148   3.989100e+01   3.875000e+00      false       none         82         10          0         11     2957     2957          0          0          0
15       2.744476e+04   2.584157e+04   2.030346e+04    0.2143   4.346900e+01   3.578000e+00      false       none         82         10          0         11     3094     3094          0          0          0
16       3.039153e+04   2.584157e+04   2.031607e+04    0.2138   4.750000e+01   4.031000e+00      false       none         82         10          0         11     3284     3284          0          0          0
17       3.100681e+04   2.584157e+04   2.034162e+04    0.2128   5.159400e+01   4.094000e+00      false       none         82         10          0         11     3408     3408          0          0          0
18       2.880907e+04   2.584157e+04   2.035580e+04    0.2123   5.575000e+01   4.156000e+00      false       none         82         10          0         11     3496     3496          0          0          0
19       2.953092e+04   2.584157e+04   2.038068e+04    0.2113   6.009400e+01   4.344000e+00      false       none         82         10          0         11     3626     3626          0          0          0
20       2.638923e+04   2.584157e+04   2.039244e+04    0.2109   6.437500e+01   4.281000e+00      false       none         82         10          0         11     3720     3720          0          0          0
21       3.134509e+04   2.584157e+04   2.077629e+04    0.1960   2.409070e+02   1.765320e+02      false       none         82         10          0         11     4299     4299       9981       9981        300
22       3.177394e+04   2.584157e+04   2.097358e+04    0.1884   4.912990e+02   2.503920e+02      false       none         82         10          0         11     4857     4857      12337      12337        300
23       2.453517e+04   2.453517e+04   2.105141e+04    0.1420   8.108160e+02   3.195170e+02      false       none         82         10          0         11     5428     5428      13568      13568        300
24       2.746511e+04   2.453517e+04   2.108266e+04    0.1407   1.191364e+03   3.805480e+02      false       none         82         10          0         11     5966     5966      12993      12993        300
25       2.889461e+04   2.453517e+04   2.126330e+04    0.1334   1.613819e+03   4.224550e+02      false       none         82         10          0         11     6496     6496      13235      13235        300
26       3.302490e+04   2.453517e+04   2.132843e+04    0.1307   2.006696e+03   3.928770e+02      false       none         82         10          0         11     7039     7039      11829      11829        300
27       3.058837e+04   2.453517e+04   2.156598e+04    0.1210   2.458213e+03   4.515170e+02      false       none         82         10          0         11     7565     7565      12495      12476        299
28       3.608204e+04   2.453517e+04   2.169370e+04    0.1158   2.989651e+03   5.314380e+02      false       none         82         10          0         11     8092     8092      13592      13592        300
29       3.088043e+04   2.453517e+04   2.176978e+04    0.1127   3.516387e+03   5.267360e+02      false       none         82         10          0         11     8593     8593      12743      12743        300
30       3.076976e+04   2.453517e+04   2.180975e+04    0.1111   4.070078e+03   5.536910e+02      false       none         82         10          0         11     9090     9090      13014      13014        300
31       2.779357e+04   2.453517e+04   2.187347e+04    0.1085   4.692171e+03   6.220930e+02      false       none         82         10          0         11     9613     9613      13492      13492        300
32       2.823649e+04   2.453517e+04   2.204642e+04    0.1014   5.375625e+03   6.834540e+02      false       none         82         10          0         11    10101    10101      14028      14028        300
33       3.156801e+04   2.453517e+04   2.207725e+04    0.1002   6.034407e+03   6.587820e+02      false       none         82         10          0         11    10642    10642      13120      13120        300
34       2.876930e+04   2.453517e+04   2.210258e+04    0.0991   6.781923e+03   7.475160e+02      false       none         82         10          0         11    11130    11130      14261      14261        300
35       3.013161e+04   2.453517e+04   2.218388e+04    0.0958   7.576782e+03   7.948590e+02      false       none         82         10          0         11    11619    11619      13904      13904        300
36       2.702199e+04   2.453517e+04   2.222148e+04    0.0943   8.434720e+03   8.579380e+02      false       none         82         10          0         11    12112    12112      14533      14533        300
37       3.051744e+04   2.453517e+04   2.227074e+04    0.0923   9.354393e+03   9.196730e+02      false       none         82         10          0         11    12594    12594      14342      14322        299
38       3.041484e+04   2.453517e+04   2.229642e+04    0.0912   1.028085e+04   9.264540e+02      false       none         82         10          0         11    13079    13079      14019      14019        300
39       2.785583e+04   2.453517e+04   2.243117e+04    0.0858   1.130430e+04   1.023453e+03      false       none         82         10          0         11    13552    13552      14304      14304        300

Terminating DynamicSDDiP with status: time_limit
------------------------------------------------------------------------------
 ────────────────────────────────────────────────────────────────────────────────
                                        Time                    Allocations      
                               ───────────────────────   ────────────────────────
       Tot / % measured:            3.14h / 100.0%           21.0GiB / 100.0%    

 Section               ncalls     time    %tot     avg     alloc    %tot      avg
 ────────────────────────────────────────────────────────────────────────────────
 loop                       1    3.14h  100.0%   3.14h   21.0GiB  100.0%  21.0GiB
   iterations              39    3.14h  100.0%    290s   21.0GiB  100.0%   552MiB
     backward_pass         39    3.14h   99.9%    290s   21.0GiB   99.9%   552MiB
       solve_BP         17.4k    3.14h   99.9%   649ms   20.9GiB   99.5%  1.23MiB
         solve_dual     17.4k    3.14h   99.9%   649ms   20.8GiB   99.2%  1.23MiB
           solve_la...  5.70k    3.01h   95.8%   1.90s   19.1GiB   90.7%  3.42MiB
             inner_sol   252k    2.89h   92.1%  41.4ms   4.56GiB   21.7%  19.0KiB
               solv...   252k    2.88h   91.8%  41.2ms    844MiB    3.9%  3.43KiB
             bundle...   252k     274s    2.4%  1.09ms    486MiB    2.3%  1.98KiB
             outer_sol   252k    67.9s    0.6%   270μs    679MiB    3.2%  2.76KiB
             add_cut     252k    12.5s    0.1%  49.8μs   2.67GiB   12.7%  11.1KiB
             init_a...  5.70k    1.96s    0.0%   345μs    688MiB    3.2%   124KiB
             relax_...  5.70k    380ms    0.0%  66.6μs   65.6MiB    0.3%  11.8KiB
             restor...  5.70k    250ms    0.0%  43.8μs   33.5MiB    0.2%  6.02KiB
             conver...  5.70k   18.2ms    0.0%  3.19μs   1.04MiB    0.0%     192B
             minima...     56   58.6μs    0.0%  1.05μs     0.00B    0.0%    0.00B
           solver_c...  11.7k     324s    2.9%  27.7ms   34.9MiB    0.2%  3.05KiB
           solve_pr...  5.70k     114s    1.0%  20.0ms   10.8MiB    0.1%  1.95KiB
           LP_relax...  11.7k    28.7s    0.3%  2.45ms   1.35GiB    6.4%   121KiB
             solver...  11.7k    22.6s    0.2%  1.94ms   47.4MiB    0.2%  4.15KiB
           dual_ini...  5.70k   8.39ms    0.0%  1.47μs    891KiB    0.0%     160B
         space_change   34.8k   12.5ms    0.0%   358ns     0.00B    0.0%    0.00B
       update_bellman     870    209ms    0.0%   241μs   72.9MiB    0.3%  85.8KiB
         cut_selection  13.6k   5.53ms    0.0%   408ns   1.01MiB    0.0%    78.3B
     forward_pass          39    7.51s    0.1%   193ms   13.7MiB    0.1%   359KiB
       solve_subpro...    624    7.48s    0.1%  12.0ms   12.0MiB    0.1%  19.7KiB
         solver_cal...    624    7.41s    0.1%  11.9ms   3.13MiB    0.0%  5.14KiB
     calculate_bound       39    783ms    0.0%  20.1ms    863KiB    0.0%  22.1KiB
       solver_call_...     39    778ms    0.0%  20.0ms   77.8KiB    0.0%  2.00KiB
 ────────────────────────────────────────────────────────────────────────────────

||||||||||||||||||||||||||||||||||||||||||||||||||||||||||||||||||||||||||||||||||||||||||||||||||||||||||||||||||||||||||||||||||||||||
LAGRANGIAN DUAL SOLUTION RESULTS
mn_opt: 0 times (0.0%)
conv: 5642 times (99.0%)
unbounded: 0 times (0.0%)
bound_issues: 2 times (0.0%)
subgr_stalling: 0 times (0.0%)
opt: 56 times (1.0%)
feas_issues: 0 times (0.0%)
sub: 0 times (0.0%)
mn_iter: 0 times (0.0%)
iter: 0 times (0.0%)
mn_issue: 0 times (0.0%)

||||||||||||||||||||||||||||||||||||||||||||||||||||||||||||||||||||||||||||||||||||||||||||||||||||||||||||||||||||||||||||||||||||||||
SIMULATION RESULTS
DynamicSDDiP.Simulation(DynamicSDDiP.InSampleMonteCarlo(), 1000)
Lower bound: 22431.17477773682
Statistical upper bound (confidence interval): 30257.143864726368 ± 132.59298959158602
Pessimistic upper bound: 30389.736854317955
