

#########################################################################################################################################
#########################################################################################################################################
#########################################################################################################################################
#########################################################################################################################################
#########################################################################################################################################
DynamicSDDiP.jl (c) Christian Füllner, 2021
re-uses code from SDDP.jl (c) Oscar Dowson, 2017-21
||||||||||||||||||||||||||||||||||||||||||||||||||||||||||||||||||||||||||||||||||||||||||||||||||||||||||||||||||||||||||||||||||||||||
PATH
calling 
C:\Users\cg4102\.julia\packages\DynamicSDDiP\Z7cZi\src
nothing
DATETIME
2023-04-05T19:55:21.125
||||||||||||||||||||||||||||||||||||||||||||||||||||||||||||||||||||||||||||||||||||||||||||||||||||||||||||||||||||||||||||||||||||||||
STOPPING RULES
SDDP.TimeLimit(28800.0)
SDDP.BoundStalling(20, 0.0001)
||||||||||||||||||||||||||||||||||||||||||||||||||||||||||||||||||||||||||||||||||||||||||||||||||||||||||||||||||||||||||||||||||||||||
REGULARIZATION
DynamicSDDiP.NoRegularization()
||||||||||||||||||||||||||||||||||||||||||||||||||||||||||||||||||||||||||||||||||||||||||||||||||||||||||||||||||||||||||||||||||||||||
CUT GENERATION REGIMES
DynamicSDDiP.CutGenerationRegime(DynamicSDDiP.NoStateApproximation(), DynamicSDDiP.StrengthenedDuality(), 1, Inf, Inf, 0.0, true, 0.0001)

DynamicSDDiP.CutGenerationRegime(DynamicSDDiP.NoStateApproximation(), DynamicSDDiP.UnifiedLagrangianDuality(0.0001, 0.0001, 1000, DynamicSDDiP.ZeroDuals(), DynamicSDDiP.BothBounds(), DynamicSDDiP.LevelBundle(0.5, true, false), DynamicSDDiP.StandardChoice(), DynamicSDDiP.Lax(), DynamicSDDiP.Core_Epsilon(0.01, false, false), DynamicSDDiP.NoDualSpaceRestriction(), DynamicSDDiP.ConvexHullCopy(), 10000.0, nothing), 21, Inf, Inf, 0.0, true, 0.0001)

||||||||||||||||||||||||||||||||||||||||||||||||||||||||||||||||||||||||||||||||||||||||||||||||||||||||||||||||||||||||||||||||||||||||
CUT AGGREGATION
DynamicSDDiP.MultiCutRegime()
||||||||||||||||||||||||||||||||||||||||||||||||||||||||||||||||||||||||||||||||||||||||||||||||||||||||||||||||||||||||||||||||||||||||
CUT SELECTION
DynamicSDDiP.NoCutSelection()
||||||||||||||||||||||||||||||||||||||||||||||||||||||||||||||||||||||||||||||||||||||||||||||||||||||||||||||||||||||||||||||||||||||||
LATE BINARIZATION
DynamicSDDiP.NoLateBinarization()
||||||||||||||||||||||||||||||||||||||||||||||||||||||||||||||||||||||||||||||||||||||||||||||||||||||||||||||||||||||||||||||||||||||||
APPLIED SOLVERS (LP, MILP, MIQCP, MINLP, NLP, Lagrange)
DynamicSDDiP.AppliedSolvers(true, "Gurobi", "Gurobi", "Gurobi", "Gurobi", "Gurobi", "Gurobi", "Gurobi", "Gurobi", "Gurobi", 0.0001, 300)
DynamicSDDiP.Direct_Solver()
Numerical focus: false
Silent: true
||||||||||||||||||||||||||||||||||||||||||||||||||||||||||||||||||||||||||||||||||||||||||||||||||||||||||||||||||||||||||||||||||||||||
SAMPLING
Used seed for sampling scenarios: 
11111     
||||||||||||||||||||||||||||||||||||||||||||||||||||||||||||||||||||||||||||||||||||||||||||||||||||||||||||||||||||||||||||||||||||||||
RUN DESCRIPTION

||||||||||||||||||||||||||||||||||||||||||||||||||||||||||||||||||||||||||||||||||||||||||||||||||||||||||||||||||||||||||||||||||||||||
PROBLEM DESCRIPTION
Number of stages: 16
Number of realizations per stage: 20
Seed for scenario tree sampling: 12345
Solver: serial mode

────────────────────────────────────────────────────────────────────────────────────────────────────────────────────────────────────────────────────────────────────────────────────────────────────────
It.#               UB        Best UB             LB       Gap           Time        It_Time           Refinements                            #Var.   #Constr.             #Cuts       Lagrangian Dual                                               
                                                          [%]            [s]            [s]          σ       Bin.      Total      {0,1}          ℤ      Total    Total   Active      # It.    # C-It.  # C-Real.  
────────────────────────────────────────────────────────────────────────────────────────────────────────────────────────────────────────────────────────────────────────────────────────────────────────
1        1.093447e+04   1.093447e+04   5.156505e+03    0.5284   2.078000e+00   2.078000e+00      false       none        100         33          0          4      300      300          0          0          0
2        1.172166e+04   1.093447e+04   5.201929e+03    0.5243   4.703000e+00   2.625000e+00      false       none        100         33          0          4      569      569          0          0          0
3        8.737866e+03   8.737866e+03   5.267777e+03    0.3971   7.860000e+00   3.157000e+00      false       none        100         33          0          4      825      825          0          0          0
4        8.126487e+03   8.126487e+03   5.375187e+03    0.3386   1.092200e+01   3.062000e+00      false       none        100         33          0          4     1064     1064          0          0          0
5        9.063774e+03   8.126487e+03   5.421598e+03    0.3328   1.420300e+01   3.281000e+00      false       none        100         33          0          4     1296     1296          0          0          0
6        8.398221e+03   8.126487e+03   5.518827e+03    0.3209   1.798500e+01   3.782000e+00      false       none        100         33          0          4     1485     1485          0          0          0
7        9.362282e+03   8.126487e+03   5.545571e+03    0.3176   2.146900e+01   3.484000e+00      false       none        100         33          0          4     1662     1662          0          0          0
8        9.143338e+03   8.126487e+03   5.573761e+03    0.3141   2.525000e+01   3.781000e+00      false       none        100         33          0          4     1889     1889          0          0          0
9        9.355575e+03   8.126487e+03   5.653838e+03    0.3043   2.900000e+01   3.750000e+00      false       none        100         33          0          4     2043     2043          0          0          0
10       8.865030e+03   8.126487e+03   5.659717e+03    0.3035   3.311000e+01   4.110000e+00      false       none        100         33          0          4     2198     2198          0          0          0
11       7.469061e+03   7.469061e+03   5.746454e+03    0.2306   3.720300e+01   4.093000e+00      false       none        100         33          0          4     2370     2370          0          0          0
12       9.315729e+03   7.469061e+03   5.756292e+03    0.2293   4.131300e+01   4.110000e+00      false       none        100         33          0          4     2503     2503          0          0          0
13       6.453475e+03   6.453475e+03   5.757913e+03    0.1078   4.567200e+01   4.359000e+00      false       none        100         33          0          4     2614     2614          0          0          0
14       8.914830e+03   6.453475e+03   5.761201e+03    0.1073   5.018800e+01   4.516000e+00      false       none        100         33          0          4     2756     2756          0          0          0
15       1.096123e+04   6.453475e+03   5.761961e+03    0.1072   5.465700e+01   4.469000e+00      false       none        100         33          0          4     2880     2880          0          0          0
16       7.468142e+03   6.453475e+03   5.761961e+03    0.1072   6.004700e+01   5.390000e+00      false       none        100         33          0          4     2951     2951          0          0          0
17       7.288519e+03   6.453475e+03   5.762719e+03    0.1070   6.495400e+01   4.907000e+00      false       none        100         33          0          4     3069     3069          0          0          0
18       7.735821e+03   6.453475e+03   5.766509e+03    0.1064   7.011000e+01   5.156000e+00      false       none        100         33          0          4     3189     3189          0          0          0
19       7.400074e+03   6.453475e+03   5.766509e+03    0.1064   7.523500e+01   5.125000e+00      false       none        100         33          0          4     3287     3287          0          0          0
20       7.751382e+03   6.453475e+03   5.766509e+03    0.1064   8.043800e+01   5.203000e+00      false       none        100         33          0          4     3385     3385          0          0          0
21       9.372191e+03   6.453475e+03   6.386819e+03    0.0103   1.831863e+03   1.751425e+03      false       none        100         33          0          4     3956     3956      40065      40016        299
22       9.069129e+03   6.453475e+03   6.442109e+03    0.0018   4.511679e+03   2.679816e+03      false       none        100         33          0          4     4444     4444      45996      45880        298
23       7.316171e+03   6.453475e+03   6.492539e+03    0.0060   7.125887e+03   2.614208e+03      false       none        100         33          0          4     4930     4930      44066      44013        299
24       9.483421e+03   6.453475e+03   6.505934e+03    0.0081   1.037881e+04   3.252927e+03      false       none        100         33          0          4     5424     5424      44320      44320        300
25       8.299722e+03   6.453475e+03   6.598845e+03    0.0220   1.346687e+04   3.088052e+03      false       none        100         33          0          4     5943     5943      43101      43009        298
26       8.967274e+03   6.453475e+03   6.637153e+03    0.0277   1.726225e+04   3.795381e+03      false       none        100         33          0          4     6416     6416      44449      44372        298
27       8.356819e+03   6.453475e+03   6.653165e+03    0.0300   2.061442e+04   3.352177e+03      false       none        100         33          0          4     6880     6880      41048      40971        298
28       7.558755e+03   6.453475e+03   6.659784e+03    0.0310   2.559217e+04   4.977742e+03      false       none        100         33          0          4     7322     7322      45370      45370        300
29       8.456935e+03   6.453475e+03   6.704951e+03    0.0375   3.053036e+04   4.938196e+03      false       none        100         33          0          4     7758     7758      45546      45464        299

Terminating DynamicSDDiP with status: time_limit
------------------------------------------------------------------------------
 ────────────────────────────────────────────────────────────────────────────────
                                        Time                    Allocations      
                               ───────────────────────   ────────────────────────
       Tot / % measured:            8.48h / 100.0%           68.6GiB / 100.0%    

 Section               ncalls     time    %tot     avg     alloc    %tot      avg
 ────────────────────────────────────────────────────────────────────────────────
 loop                       1    8.48h  100.0%   8.48h   68.6GiB  100.0%  68.6GiB
   iterations              29    8.48h  100.0%   1053s   68.6GiB  100.0%  2.37GiB
     backward_pass         29    8.48h  100.0%   1052s   68.6GiB  100.0%  2.37GiB
       solve_BP         11.4k    8.48h  100.0%   2.68s   68.5GiB   99.9%  6.16MiB
         solve_dual     11.4k    8.48h  100.0%   2.68s   68.5GiB   99.8%  6.15MiB
           solve_la...  2.70k    8.25h   97.3%   11.0s   64.6GiB   94.1%  24.5MiB
             inner_sol   394k    7.41h   87.4%  67.7ms   8.79GiB   12.8%  23.4KiB
               solv...   394k    7.39h   87.1%  67.5ms   1.24GiB    1.8%  3.29KiB
             bundle...   394k    2498s    8.2%  6.34ms   1.03GiB    1.5%  2.73KiB
             outer_sol   394k     380s    1.2%   964μs   1.31GiB    1.9%  3.48KiB
             add_cut     394k    22.6s    0.1%  57.3μs   6.98GiB   10.2%  18.6KiB
             init_a...  2.70k    1.00s    0.0%   371μs    444MiB    0.6%   168KiB
             relax_...  2.70k    320ms    0.0%   119μs   94.4MiB    0.1%  35.8KiB
             restor...  2.70k    270ms    0.0%   100μs   53.2MiB    0.1%  20.2KiB
             conver...  2.70k   13.0ms    0.0%  4.83μs    551KiB    0.0%     209B
             minima...  2.69k   1.52ms    0.0%   565ns     0.00B    0.0%    0.00B
           solve_pr...  5.40k     346s    1.1%  64.0ms   18.7MiB    0.0%  3.54KiB
           solver_c...  8.70k     284s    0.9%  32.7ms   49.1MiB    0.1%  5.78KiB
           solve_core   2.70k     150s    0.5%  55.6ms   9.68MiB    0.0%  3.67KiB
           LP_relax...  8.70k    22.0s    0.1%  2.53ms   1.43GiB    2.1%   172KiB
             solver...  8.70k    14.5s    0.0%  1.67ms   25.1MiB    0.0%  2.95KiB
           dual_ini...  2.70k   5.97ms    0.0%  2.21μs    886KiB    0.0%     336B
         space_change   22.8k   6.01ms    0.0%   264ns     0.00B    0.0%    0.00B
       update_bellman     570    136ms    0.0%   238μs   67.0MiB    0.1%   120KiB
         cut_selection  7.76k   4.58ms    0.0%   590ns    593KiB    0.0%    78.2B
     forward_pass          29    8.49s    0.0%   293ms   14.7MiB    0.0%   518KiB
       solve_subpro...    464    8.47s    0.0%  18.2ms   13.3MiB    0.0%  29.4KiB
         solver_cal...    464    8.40s    0.0%  18.1ms   3.11MiB    0.0%  6.87KiB
     calculate_bound       29    528ms    0.0%  18.2ms    766KiB    0.0%  26.4KiB
       solver_call_...     29    524ms    0.0%  18.1ms   65.2KiB    0.0%  2.25KiB
 ────────────────────────────────────────────────────────────────────────────────

||||||||||||||||||||||||||||||||||||||||||||||||||||||||||||||||||||||||||||||||||||||||||||||||||||||||||||||||||||||||||||||||||||||||
LAGRANGIAN DUAL SOLUTION RESULTS
mn_opt: 0 times (0.0%)
conv: 0 times (0.0%)
unbounded: 0 times (0.0%)
bound_issues: 11 times (0.4%)
subgr_stalling: 0 times (0.0%)
opt: 2689 times (99.6%)
feas_issues: 0 times (0.0%)
sub: 0 times (0.0%)
mn_iter: 0 times (0.0%)
iter: 0 times (0.0%)
mn_issue: 0 times (0.0%)

||||||||||||||||||||||||||||||||||||||||||||||||||||||||||||||||||||||||||||||||||||||||||||||||||||||||||||||||||||||||||||||||||||||||
SIMULATION RESULTS
DynamicSDDiP.Simulation(DynamicSDDiP.InSampleMonteCarlo(), 1000)
Lower bound: 6704.950895334036
Statistical upper bound (confidence interval): 8899.503023805863 ± 75.3076468103789
Pessimistic upper bound: 8974.810670616242
