

#########################################################################################################################################
#########################################################################################################################################
#########################################################################################################################################
#########################################################################################################################################
#########################################################################################################################################
DynamicSDDiP.jl (c) Christian Füllner, 2021
re-uses code from SDDP.jl (c) Oscar Dowson, 2017-21
||||||||||||||||||||||||||||||||||||||||||||||||||||||||||||||||||||||||||||||||||||||||||||||||||||||||||||||||||||||||||||||||||||||||
MACHINE
ior-sop-ws03
PATH
calling 
C:\Users\cg4102\.julia\packages\DynamicSDDiP\tkO42\src
nothing
DATETIME
2024-11-04T06:33:15.87
||||||||||||||||||||||||||||||||||||||||||||||||||||||||||||||||||||||||||||||||||||||||||||||||||||||||||||||||||||||||||||||||||||||||
STOPPING RULES
SDDP.TimeLimit(28800.0)
SDDP.BoundStalling(20, 0.0001)
||||||||||||||||||||||||||||||||||||||||||||||||||||||||||||||||||||||||||||||||||||||||||||||||||||||||||||||||||||||||||||||||||||||||
REGULARIZATION
DynamicSDDiP.NoRegularization()
||||||||||||||||||||||||||||||||||||||||||||||||||||||||||||||||||||||||||||||||||||||||||||||||||||||||||||||||||||||||||||||||||||||||
CUT GENERATION REGIMES
DynamicSDDiP.CutGenerationRegime(DynamicSDDiP.NoStateApproximation(), DynamicSDDiP.StrengthenedDuality(), 1, Inf, true, 0.0001, false, 0.01, 1)

DynamicSDDiP.CutGenerationRegime(DynamicSDDiP.NoStateApproximation(), DynamicSDDiP.UnifiedLagrangianDuality(0.0001, 0.0001, 1000, DynamicSDDiP.ZeroDuals(), DynamicSDDiP.BothBounds(), DynamicSDDiP.LevelBundle(0.5, true, false), DynamicSDDiP.MinimalNormChoice(), DynamicSDDiP.Lax(), DynamicSDDiP.L∞_Deep(), DynamicSDDiP.NoDualSpaceRestriction(), DynamicSDDiP.StateSpaceCopy(), false, nothing, nothing), 21, Inf, true, 0.0001, false, 0.01, 1)

||||||||||||||||||||||||||||||||||||||||||||||||||||||||||||||||||||||||||||||||||||||||||||||||||||||||||||||||||||||||||||||||||||||||
CUT AGGREGATION
DynamicSDDiP.MultiCutRegime()
||||||||||||||||||||||||||||||||||||||||||||||||||||||||||||||||||||||||||||||||||||||||||||||||||||||||||||||||||||||||||||||||||||||||
CUT SELECTION
DynamicSDDiP.NoCutSelection()
||||||||||||||||||||||||||||||||||||||||||||||||||||||||||||||||||||||||||||||||||||||||||||||||||||||||||||||||||||||||||||||||||||||||
LATE BINARIZATION
DynamicSDDiP.NoLateBinarization()
||||||||||||||||||||||||||||||||||||||||||||||||||||||||||||||||||||||||||||||||||||||||||||||||||||||||||||||||||||||||||||||||||||||||
APPLIED SOLVERS (LP, MILP, MIQCP, MINLP, NLP, Lagrange)
DynamicSDDiP.AppliedSolvers(true, "Gurobi", "Gurobi", "Gurobi", "Gurobi", "Gurobi", "Gurobi", "Gurobi", "Gurobi", "Gurobi", 0.0001, 300)
DynamicSDDiP.Direct_Solver()
Numerical focus: false
Silent: true
||||||||||||||||||||||||||||||||||||||||||||||||||||||||||||||||||||||||||||||||||||||||||||||||||||||||||||||||||||||||||||||||||||||||
SAMPLING
Used seed for sampling scenarios: 
11111     
||||||||||||||||||||||||||||||||||||||||||||||||||||||||||||||||||||||||||||||||||||||||||||||||||||||||||||||||||||||||||||||||||||||||
RUN DESCRIPTION

||||||||||||||||||||||||||||||||||||||||||||||||||||||||||||||||||||||||||||||||||||||||||||||||||||||||||||||||||||||||||||||||||||||||
PROBLEM DESCRIPTION
Number of stages: 16
Number of realizations per stage: 20
Seed for scenario tree sampling: 12345
Solver: serial mode

────────────────────────────────────────────────────────────────────────────────────────────────────────────────────────────────────────────────────────────────────────────────────────────────────────
It.#               UB        Best UB             LB       Gap           Time        It_Time           Refinements                            #Var.   #Constr.             #Cuts       Lagrangian Dual                                               
                                                          [%]            [s]            [s]          σ       Bin.      Total      {0,1}          ℤ      Total    Total   Active      # It.    # C-It.  # C-Real.  
────────────────────────────────────────────────────────────────────────────────────────────────────────────────────────────────────────────────────────────────────────────────────────────────────────
1        1.093447e+04   1.093447e+04   5.156505e+03    0.5284   2.375000e+00   2.375000e+00      false       none        100         33          0          4      300      300          0          0          0
2        1.172166e+04   1.093447e+04   5.201929e+03    0.5243   5.234000e+00   2.859000e+00      false       none        100         33          0          4      569      569          0          0          0
3        8.737866e+03   8.737866e+03   5.267777e+03    0.3971   8.734000e+00   3.500000e+00      false       none        100         33          0          4      825      825          0          0          0
4        8.126487e+03   8.126487e+03   5.375187e+03    0.3386   1.209400e+01   3.360000e+00      false       none        100         33          0          4     1064     1064          0          0          0
5        9.063774e+03   8.126487e+03   5.421598e+03    0.3328   1.568700e+01   3.593000e+00      false       none        100         33          0          4     1296     1296          0          0          0
6        8.398221e+03   8.126487e+03   5.518827e+03    0.3209   1.975000e+01   4.063000e+00      false       none        100         33          0          4     1485     1485          0          0          0
7        9.362282e+03   8.126487e+03   5.545571e+03    0.3176   2.351600e+01   3.766000e+00      false       none        100         33          0          4     1662     1662          0          0          0
8        9.143338e+03   8.126487e+03   5.573761e+03    0.3141   2.751600e+01   4.000000e+00      false       none        100         33          0          4     1889     1889          0          0          0
9        9.355575e+03   8.126487e+03   5.653838e+03    0.3043   3.148500e+01   3.969000e+00      false       none        100         33          0          4     2043     2043          0          0          0
10       8.865030e+03   8.126487e+03   5.659717e+03    0.3035   3.579700e+01   4.312000e+00      false       none        100         33          0          4     2198     2198          0          0          0
11       7.469061e+03   7.469061e+03   5.746454e+03    0.2306   4.009400e+01   4.297000e+00      false       none        100         33          0          4     2370     2370          0          0          0
12       9.315729e+03   7.469061e+03   5.756292e+03    0.2293   4.448500e+01   4.391000e+00      false       none        100         33          0          4     2503     2503          0          0          0
13       6.453475e+03   6.453475e+03   5.757913e+03    0.1078   4.903100e+01   4.546000e+00      false       none        100         33          0          4     2614     2614          0          0          0
14       8.914830e+03   6.453475e+03   5.761201e+03    0.1073   5.378100e+01   4.750000e+00      false       none        100         33          0          4     2756     2756          0          0          0
15       1.096123e+04   6.453475e+03   5.761961e+03    0.1072   5.848500e+01   4.704000e+00      false       none        100         33          0          4     2880     2880          0          0          0
16       7.468142e+03   6.453475e+03   5.761961e+03    0.1072   6.421900e+01   5.734000e+00      false       none        100         33          0          4     2951     2951          0          0          0
17       7.288519e+03   6.453475e+03   5.762719e+03    0.1070   6.943800e+01   5.219000e+00      false       none        100         33          0          4     3069     3069          0          0          0
18       7.735821e+03   6.453475e+03   5.766509e+03    0.1064   7.490600e+01   5.468000e+00      false       none        100         33          0          4     3189     3189          0          0          0
19       7.400074e+03   6.453475e+03   5.766509e+03    0.1064   8.032800e+01   5.422000e+00      false       none        100         33          0          4     3287     3287          0          0          0
20       7.751382e+03   6.453475e+03   5.766509e+03    0.1064   8.578100e+01   5.453000e+00      false       none        100         33          0          4     3385     3385          0          0          0
21       9.372191e+03   6.453475e+03   5.825376e+03    0.0973   5.247174e+03   5.161393e+03      false       none        100         33          0          4     3880     3880      50326      50326        300
22       8.734087e+03   6.453475e+03   6.187094e+03    0.0413   1.148136e+04   6.234185e+03      false       none        100         33          0          4     4440     4440      48152      48152        300
23       7.256830e+03   6.453475e+03   6.204129e+03    0.0386   1.973960e+04   8.258243e+03      false       none        100         33          0          4     4962     4962      48893      48893        300
24       8.721174e+03   6.453475e+03   6.220901e+03    0.0360   2.964055e+04   9.900946e+03      false       none        100         33          0          4     5409     5409      49596      49596        300

Terminating DynamicSDDiP with status: time_limit
------------------------------------------------------------------------------
 ────────────────────────────────────────────────────────────────────────────────
                                        Time                    Allocations      
                               ───────────────────────   ────────────────────────
       Tot / % measured:            8.23h / 100.0%           21.1GiB / 100.0%    

 Section               ncalls     time    %tot     avg     alloc    %tot      avg
 ────────────────────────────────────────────────────────────────────────────────
 loop                       1    8.23h  100.0%   8.23h   21.1GiB  100.0%  21.1GiB
   iterations              24    8.23h  100.0%   1235s   21.1GiB  100.0%   901MiB
     backward_pass         24    8.23h  100.0%   1235s   21.1GiB   99.9%   901MiB
       solve_BP         8.40k    8.23h  100.0%   3.53s   21.1GiB   99.7%  2.57MiB
         solve_dual     8.40k    8.23h  100.0%   3.53s   21.0GiB   99.4%  2.56MiB
           solve_la...  1.20k    8.18h   99.3%   24.5s   19.3GiB   91.1%  16.4MiB
             minima...  1.20k    7.31h   88.8%   21.9s   13.1GiB   62.1%  11.2MiB
               solv...   162k    7.28h   88.4%   162ms   5.04GiB   23.9%  32.7KiB
             inner_sol  35.2k    3078s   10.4%  87.4ms   0.94GiB    4.5%  28.1KiB
               solv...  35.2k    3070s   10.4%  87.2ms    306MiB    1.4%  8.89KiB
             bundle...  35.2k    34.1s    0.1%   969μs   74.7MiB    0.3%  2.17KiB
             outer_sol  35.2k    8.77s    0.0%   249μs    164MiB    0.8%  4.78KiB
             add_cut    35.2k    1.92s    0.0%  54.5μs    623MiB    2.9%  18.1KiB
             init_a...  1.20k    412ms    0.0%   344μs    189MiB    0.9%   162KiB
             relax_...  1.20k    213ms    0.0%   177μs   47.9MiB    0.2%  40.9KiB
             restor...  1.20k    169ms    0.0%   141μs   22.0MiB    0.1%  18.8KiB
             conver...  1.20k   4.31ms    0.0%  3.59μs    244KiB    0.0%     208B
           solver_c...  7.20k     131s    0.4%  18.2ms   34.7MiB    0.2%  4.94KiB
           solve_pr...  1.20k    41.4s    0.1%  34.5ms   3.75MiB    0.0%  3.20KiB
           LP_relax...  7.20k    14.8s    0.1%  2.06ms   1.18GiB    5.6%   171KiB
             solver...  7.20k    8.75s    0.0%  1.22ms   19.1MiB    0.1%  2.71KiB
           dual_ini...  1.20k   2.07ms    0.0%  1.73μs    394KiB    0.0%     336B
         space_change   16.8k   4.97ms    0.0%   296ns     0.00B    0.0%    0.00B
       update_bellman     420   96.7ms    0.0%   230μs   45.1MiB    0.2%   110KiB
         cut_selection  5.41k   3.36ms    0.0%   621ns    415KiB    0.0%    78.6B
     forward_pass          24    3.94s    0.0%   164ms   12.4MiB    0.1%   530KiB
       solve_subpro...    384    3.92s    0.0%  10.2ms   11.3MiB    0.1%  30.1KiB
         solver_cal...    384    3.86s    0.0%  10.1ms   2.84MiB    0.0%  7.58KiB
     calculate_bound       24    252ms    0.0%  10.5ms    630KiB    0.0%  26.3KiB
       solver_call_...     24    249ms    0.0%  10.4ms   50.2KiB    0.0%  2.09KiB
 ────────────────────────────────────────────────────────────────────────────────

||||||||||||||||||||||||||||||||||||||||||||||||||||||||||||||||||||||||||||||||||||||||||||||||||||||||||||||||||||||||||||||||||||||||
LAGRANGIAN DUAL SOLUTION RESULTS
mn_opt: 1172 times (97.7%)
conv: 0 times (0.0%)
unbounded: 0 times (0.0%)
bound_issues: 0 times (0.0%)
subgr_stalling: 0 times (0.0%)
opt: 0 times (0.0%)
feas_issues: 0 times (0.0%)
sub: 0 times (0.0%)
mn_iter: 28 times (2.3%)
iter: 0 times (0.0%)
mn_issue: 0 times (0.0%)

||||||||||||||||||||||||||||||||||||||||||||||||||||||||||||||||||||||||||||||||||||||||||||||||||||||||||||||||||||||||||||||||||||||||
SIMULATION RESULTS
DynamicSDDiP.Simulation(DynamicSDDiP.InSampleMonteCarlo(), 1000)
Lower bound: 6220.900643217562
Statistical upper bound (confidence interval): 8894.505046137505 ± 74.30773497969184
Pessimistic upper bound: 8968.812781117196
