

#########################################################################################################################################
#########################################################################################################################################
#########################################################################################################################################
#########################################################################################################################################
#########################################################################################################################################
DynamicSDDiP.jl (c) Christian Füllner, 2021
re-uses code from SDDP.jl (c) Oscar Dowson, 2017-21
||||||||||||||||||||||||||||||||||||||||||||||||||||||||||||||||||||||||||||||||||||||||||||||||||||||||||||||||||||||||||||||||||||||||
PATH
calling 
C:\Users\cg4102\.julia\packages\DynamicSDDiP\Z7cZi\src
nothing
DATETIME
2023-04-06T04:40:35.691
||||||||||||||||||||||||||||||||||||||||||||||||||||||||||||||||||||||||||||||||||||||||||||||||||||||||||||||||||||||||||||||||||||||||
STOPPING RULES
SDDP.TimeLimit(28800.0)
SDDP.BoundStalling(20, 0.0001)
||||||||||||||||||||||||||||||||||||||||||||||||||||||||||||||||||||||||||||||||||||||||||||||||||||||||||||||||||||||||||||||||||||||||
REGULARIZATION
DynamicSDDiP.NoRegularization()
||||||||||||||||||||||||||||||||||||||||||||||||||||||||||||||||||||||||||||||||||||||||||||||||||||||||||||||||||||||||||||||||||||||||
CUT GENERATION REGIMES
DynamicSDDiP.CutGenerationRegime(DynamicSDDiP.NoStateApproximation(), DynamicSDDiP.StrengthenedDuality(), 1, Inf, Inf, 0.0, true, 0.0001)

DynamicSDDiP.CutGenerationRegime(DynamicSDDiP.NoStateApproximation(), DynamicSDDiP.UnifiedLagrangianDuality(0.0001, 0.0001, 1000, DynamicSDDiP.ZeroDuals(), DynamicSDDiP.BothBounds(), DynamicSDDiP.LevelBundle(0.5, true, false), DynamicSDDiP.StandardChoice(), DynamicSDDiP.Lax(), DynamicSDDiP.L₁_Deep(), DynamicSDDiP.NoDualSpaceRestriction(), DynamicSDDiP.ConvexHullCopy(), nothing, nothing), 21, Inf, Inf, 0.0, true, 0.0001)

||||||||||||||||||||||||||||||||||||||||||||||||||||||||||||||||||||||||||||||||||||||||||||||||||||||||||||||||||||||||||||||||||||||||
CUT AGGREGATION
DynamicSDDiP.MultiCutRegime()
||||||||||||||||||||||||||||||||||||||||||||||||||||||||||||||||||||||||||||||||||||||||||||||||||||||||||||||||||||||||||||||||||||||||
CUT SELECTION
DynamicSDDiP.NoCutSelection()
||||||||||||||||||||||||||||||||||||||||||||||||||||||||||||||||||||||||||||||||||||||||||||||||||||||||||||||||||||||||||||||||||||||||
LATE BINARIZATION
DynamicSDDiP.NoLateBinarization()
||||||||||||||||||||||||||||||||||||||||||||||||||||||||||||||||||||||||||||||||||||||||||||||||||||||||||||||||||||||||||||||||||||||||
APPLIED SOLVERS (LP, MILP, MIQCP, MINLP, NLP, Lagrange)
DynamicSDDiP.AppliedSolvers(true, "Gurobi", "Gurobi", "Gurobi", "Gurobi", "Gurobi", "Gurobi", "Gurobi", "Gurobi", "Gurobi", 0.0001, 300)
DynamicSDDiP.Direct_Solver()
Numerical focus: false
Silent: true
||||||||||||||||||||||||||||||||||||||||||||||||||||||||||||||||||||||||||||||||||||||||||||||||||||||||||||||||||||||||||||||||||||||||
SAMPLING
Used seed for sampling scenarios: 
11111     
||||||||||||||||||||||||||||||||||||||||||||||||||||||||||||||||||||||||||||||||||||||||||||||||||||||||||||||||||||||||||||||||||||||||
RUN DESCRIPTION

||||||||||||||||||||||||||||||||||||||||||||||||||||||||||||||||||||||||||||||||||||||||||||||||||||||||||||||||||||||||||||||||||||||||
PROBLEM DESCRIPTION
Number of stages: 16
Number of realizations per stage: 20
Seed for scenario tree sampling: 12345
Solver: serial mode

────────────────────────────────────────────────────────────────────────────────────────────────────────────────────────────────────────────────────────────────────────────────────────────────────────
It.#               UB        Best UB             LB       Gap           Time        It_Time           Refinements                            #Var.   #Constr.             #Cuts       Lagrangian Dual                                               
                                                          [%]            [s]            [s]          σ       Bin.      Total      {0,1}          ℤ      Total    Total   Active      # It.    # C-It.  # C-Real.  
────────────────────────────────────────────────────────────────────────────────────────────────────────────────────────────────────────────────────────────────────────────────────────────────────────
1        1.093447e+04   1.093447e+04   5.156505e+03    0.5284   1.985000e+00   1.985000e+00      false       none        100         33          0          4      300      300          0          0          0
2        1.172166e+04   1.093447e+04   5.201929e+03    0.5243   4.563000e+00   2.578000e+00      false       none        100         33          0          4      569      569          0          0          0
3        8.737866e+03   8.737866e+03   5.267777e+03    0.3971   7.703000e+00   3.140000e+00      false       none        100         33          0          4      825      825          0          0          0
4        8.126487e+03   8.126487e+03   5.375187e+03    0.3386   1.064100e+01   2.938000e+00      false       none        100         33          0          4     1064     1064          0          0          0
5        9.063774e+03   8.126487e+03   5.421598e+03    0.3328   1.393800e+01   3.297000e+00      false       none        100         33          0          4     1296     1296          0          0          0
6        8.398221e+03   8.126487e+03   5.518827e+03    0.3209   1.765600e+01   3.718000e+00      false       none        100         33          0          4     1485     1485          0          0          0
7        9.362282e+03   8.126487e+03   5.545571e+03    0.3176   2.114100e+01   3.485000e+00      false       none        100         33          0          4     1662     1662          0          0          0
8        9.143338e+03   8.126487e+03   5.573761e+03    0.3141   2.486000e+01   3.719000e+00      false       none        100         33          0          4     1889     1889          0          0          0
9        9.355575e+03   8.126487e+03   5.653838e+03    0.3043   2.854700e+01   3.687000e+00      false       none        100         33          0          4     2043     2043          0          0          0
10       8.865030e+03   8.126487e+03   5.659717e+03    0.3035   3.257800e+01   4.031000e+00      false       none        100         33          0          4     2198     2198          0          0          0
11       7.469061e+03   7.469061e+03   5.746454e+03    0.2306   3.656300e+01   3.985000e+00      false       none        100         33          0          4     2370     2370          0          0          0
12       9.315729e+03   7.469061e+03   5.756292e+03    0.2293   4.064100e+01   4.078000e+00      false       none        100         33          0          4     2503     2503          0          0          0
13       6.453475e+03   6.453475e+03   5.757913e+03    0.1078   4.489100e+01   4.250000e+00      false       none        100         33          0          4     2614     2614          0          0          0
14       8.914830e+03   6.453475e+03   5.761201e+03    0.1073   4.932800e+01   4.437000e+00      false       none        100         33          0          4     2756     2756          0          0          0
15       1.096123e+04   6.453475e+03   5.761961e+03    0.1072   5.371900e+01   4.391000e+00      false       none        100         33          0          4     2880     2880          0          0          0
16       7.468142e+03   6.453475e+03   5.761961e+03    0.1072   5.911000e+01   5.391000e+00      false       none        100         33          0          4     2951     2951          0          0          0
17       7.288519e+03   6.453475e+03   5.762719e+03    0.1070   6.393800e+01   4.828000e+00      false       none        100         33          0          4     3069     3069          0          0          0
18       7.735821e+03   6.453475e+03   5.766509e+03    0.1064   6.898500e+01   5.047000e+00      false       none        100         33          0          4     3189     3189          0          0          0
19       7.400074e+03   6.453475e+03   5.766509e+03    0.1064   7.401600e+01   5.031000e+00      false       none        100         33          0          4     3287     3287          0          0          0
20       7.751382e+03   6.453475e+03   5.766509e+03    0.1064   7.912500e+01   5.109000e+00      false       none        100         33          0          4     3385     3385          0          0          0
21       9.372191e+03   6.453475e+03   5.805969e+03    0.1003   1.244159e+03   1.165034e+03      false       none        100         33          0          4     3886     3886      27702      27702        300
22       8.971552e+03   6.453475e+03   5.919782e+03    0.0827   2.563817e+03   1.319658e+03      false       none        100         33          0          4     4450     4450      26480      26480        300
23       6.873774e+03   6.453475e+03   5.944882e+03    0.0788   4.154397e+03   1.590580e+03      false       none        100         33          0          4     4957     4957      27853      27853        300
24       9.017167e+03   6.453475e+03   5.990743e+03    0.0717   5.769306e+03   1.614909e+03      false       none        100         33          0          4     5473     5473      25903      25903        300
25       8.143030e+03   6.453475e+03   6.202847e+03    0.0388   7.460245e+03   1.690939e+03      false       none        100         33          0          4     5992     5992      26205      26205        300
26       9.067246e+03   6.453475e+03   6.226665e+03    0.0351   9.522389e+03   2.062144e+03      false       none        100         33          0          4     6472     6472      26130      26130        300
27       8.165893e+03   6.453475e+03   6.245415e+03    0.0322   1.159028e+04   2.067894e+03      false       none        100         33          0          4     6951     6951      25859      25859        300
28       7.200652e+03   6.453475e+03   6.251368e+03    0.0313   1.429213e+04   2.701847e+03      false       none        100         33          0          4     7375     7375      27843      27843        300
29       8.459127e+03   6.453475e+03   6.273456e+03    0.0279   1.706601e+04   2.773879e+03      false       none        100         33          0          4     7849     7849      27256      27256        300
30       8.691574e+03   6.453475e+03   6.405870e+03    0.0074   2.011900e+04   3.052990e+03      false       none        100         33          0          4     8286     8286      27461      27461        300
31       8.554342e+03   6.453475e+03   6.456475e+03    0.0005   2.331496e+04   3.195957e+03      false       none        100         33          0          4     8732     8732      27292      27292        300
32       9.564325e+03   6.453475e+03   6.460800e+03    0.0011   2.653456e+04   3.219605e+03      false       none        100         33          0          4     9226     9226      27764      27764        300
33       1.022298e+04   6.453475e+03   6.477460e+03    0.0037   2.992063e+04   3.386068e+03      false       none        100         33          0          4     9645     9645      26577      26577        300

Terminating DynamicSDDiP with status: time_limit
------------------------------------------------------------------------------
 ────────────────────────────────────────────────────────────────────────────────
                                        Time                    Allocations      
                               ───────────────────────   ────────────────────────
       Tot / % measured:            8.31h / 100.0%           60.8GiB / 100.0%    

 Section               ncalls     time    %tot     avg     alloc    %tot      avg
 ────────────────────────────────────────────────────────────────────────────────
 loop                       1    8.31h  100.0%   8.31h   60.8GiB  100.0%  60.8GiB
   iterations              33    8.31h  100.0%    907s   60.8GiB  100.0%  1.84GiB
     backward_pass         33    8.31h  100.0%    906s   60.8GiB  100.0%  1.84GiB
       solve_BP         13.8k    8.31h  100.0%   2.17s   60.7GiB   99.8%  4.50MiB
         solve_dual     13.8k    8.31h  100.0%   2.17s   60.6GiB   99.7%  4.49MiB
           solve_la...  3.90k    8.13h   97.8%   7.50s   58.1GiB   95.7%  15.3MiB
             inner_sol   350k    7.82h   94.1%  80.4ms   8.09GiB   13.3%  24.2KiB
               solv...   350k    7.80h   93.9%  80.2ms   1.41GiB    2.3%  4.23KiB
             bundle...   350k     758s    2.5%  2.16ms    852MiB    1.4%  2.49KiB
             outer_sol   350k     202s    0.7%   576μs   1.08GiB    1.8%  3.24KiB
             add_cut     350k    19.9s    0.1%  56.8μs   6.08GiB   10.0%  18.2KiB
             init_a...  3.90k    1.45s    0.0%   373μs    637MiB    1.0%   167KiB
             relax_...  3.90k    598ms    0.0%   153μs    133MiB    0.2%  34.8KiB
             restor...  3.90k    386ms    0.0%  99.1μs   69.7MiB    0.1%  18.3KiB
             conver...  3.90k   16.4ms    0.0%  4.20μs    792KiB    0.0%     208B
             minima...  3.90k   2.07ms    0.0%   530ns     0.00B    0.0%    0.00B
           solver_c...  9.90k     394s    1.3%  39.7ms   55.2MiB    0.1%  5.71KiB
           solve_pr...  3.90k     216s    0.7%  55.5ms   13.0MiB    0.0%  3.41KiB
           LP_relax...  9.90k    29.3s    0.1%  2.96ms   1.62GiB    2.7%   172KiB
             solver...  9.90k    20.9s    0.1%  2.11ms   28.9MiB    0.0%  2.99KiB
           dual_ini...  3.90k   4.74ms    0.0%  1.22μs   1.25MiB    0.0%     336B
         space_change   27.6k   7.40ms    0.0%   268ns     0.00B    0.0%    0.00B
       update_bellman     690    166ms    0.0%   240μs   82.3MiB    0.1%   122KiB
         cut_selection  9.64k   5.67ms    0.0%   588ns    773KiB    0.0%    82.0B
     forward_pass          33    12.5s    0.0%   379ms   16.5MiB    0.0%   512KiB
       solve_subpro...    528    12.5s    0.0%  23.7ms   15.0MiB    0.0%  29.0KiB
         solver_cal...    528    12.4s    0.0%  23.5ms   3.35MiB    0.0%  6.50KiB
     calculate_bound       33    768ms    0.0%  23.3ms    876KiB    0.0%  26.6KiB
       solver_call_...     33    763ms    0.0%  23.1ms   79.2KiB    0.0%  2.40KiB
 ────────────────────────────────────────────────────────────────────────────────

||||||||||||||||||||||||||||||||||||||||||||||||||||||||||||||||||||||||||||||||||||||||||||||||||||||||||||||||||||||||||||||||||||||||
LAGRANGIAN DUAL SOLUTION RESULTS
mn_opt: 0 times (0.0%)
conv: 0 times (0.0%)
unbounded: 0 times (0.0%)
bound_issues: 0 times (0.0%)
subgr_stalling: 0 times (0.0%)
opt: 3900 times (100.0%)
feas_issues: 0 times (0.0%)
sub: 0 times (0.0%)
mn_iter: 0 times (0.0%)
iter: 0 times (0.0%)
mn_issue: 0 times (0.0%)

||||||||||||||||||||||||||||||||||||||||||||||||||||||||||||||||||||||||||||||||||||||||||||||||||||||||||||||||||||||||||||||||||||||||
SIMULATION RESULTS
DynamicSDDiP.Simulation(DynamicSDDiP.InSampleMonteCarlo(), 1000)
Lower bound: 6477.459652124067
Statistical upper bound (confidence interval): 9006.579434706042 ± 71.79270621986957
Pessimistic upper bound: 9078.37214092591
