

#########################################################################################################################################
#########################################################################################################################################
#########################################################################################################################################
#########################################################################################################################################
#########################################################################################################################################
DynamicSDDiP.jl (c) Christian Füllner, 2021
re-uses code from SDDP.jl (c) Oscar Dowson, 2017-21
||||||||||||||||||||||||||||||||||||||||||||||||||||||||||||||||||||||||||||||||||||||||||||||||||||||||||||||||||||||||||||||||||||||||
PATH
calling 
C:\Users\cg4102\.julia\packages\DynamicSDDiP\Z7cZi\src
nothing
DATETIME
2023-04-04T09:27:30.617
||||||||||||||||||||||||||||||||||||||||||||||||||||||||||||||||||||||||||||||||||||||||||||||||||||||||||||||||||||||||||||||||||||||||
STOPPING RULES
SDDP.TimeLimit(28800.0)
SDDP.BoundStalling(20, 0.0001)
||||||||||||||||||||||||||||||||||||||||||||||||||||||||||||||||||||||||||||||||||||||||||||||||||||||||||||||||||||||||||||||||||||||||
REGULARIZATION
DynamicSDDiP.NoRegularization()
||||||||||||||||||||||||||||||||||||||||||||||||||||||||||||||||||||||||||||||||||||||||||||||||||||||||||||||||||||||||||||||||||||||||
CUT GENERATION REGIMES
DynamicSDDiP.CutGenerationRegime(DynamicSDDiP.NoStateApproximation(), DynamicSDDiP.StrengthenedDuality(), 1, Inf, Inf, 0.0, true, 0.0001)

DynamicSDDiP.CutGenerationRegime(DynamicSDDiP.NoStateApproximation(), DynamicSDDiP.LagrangianDuality(0.0001, 0.0001, 1000, DynamicSDDiP.ZeroDuals(), DynamicSDDiP.BothBounds(), DynamicSDDiP.LevelBundle(0.5, true, false), DynamicSDDiP.StandardChoice(), DynamicSDDiP.Lax(), DynamicSDDiP.ConvexHullCopy(), false), 21, Inf, Inf, 0.0, true, 0.0001)

||||||||||||||||||||||||||||||||||||||||||||||||||||||||||||||||||||||||||||||||||||||||||||||||||||||||||||||||||||||||||||||||||||||||
CUT AGGREGATION
DynamicSDDiP.SingleCutRegime()
||||||||||||||||||||||||||||||||||||||||||||||||||||||||||||||||||||||||||||||||||||||||||||||||||||||||||||||||||||||||||||||||||||||||
CUT SELECTION
DynamicSDDiP.NoCutSelection()
||||||||||||||||||||||||||||||||||||||||||||||||||||||||||||||||||||||||||||||||||||||||||||||||||||||||||||||||||||||||||||||||||||||||
LATE BINARIZATION
DynamicSDDiP.NoLateBinarization()
||||||||||||||||||||||||||||||||||||||||||||||||||||||||||||||||||||||||||||||||||||||||||||||||||||||||||||||||||||||||||||||||||||||||
APPLIED SOLVERS (LP, MILP, MIQCP, MINLP, NLP, Lagrange)
DynamicSDDiP.AppliedSolvers(true, "Gurobi", "Gurobi", "Gurobi", "Gurobi", "Gurobi", "Gurobi", "Gurobi", "Gurobi", "Gurobi", 0.0001, 300)
DynamicSDDiP.Direct_Solver()
Numerical focus: false
Silent: true
||||||||||||||||||||||||||||||||||||||||||||||||||||||||||||||||||||||||||||||||||||||||||||||||||||||||||||||||||||||||||||||||||||||||
SAMPLING
Used seed for sampling scenarios: 
11111     
||||||||||||||||||||||||||||||||||||||||||||||||||||||||||||||||||||||||||||||||||||||||||||||||||||||||||||||||||||||||||||||||||||||||
RUN DESCRIPTION

||||||||||||||||||||||||||||||||||||||||||||||||||||||||||||||||||||||||||||||||||||||||||||||||||||||||||||||||||||||||||||||||||||||||
PROBLEM DESCRIPTION
Number of stages: 16
Number of realizations per stage: 20
Seed for scenario tree sampling: 12345
Solver: serial mode

────────────────────────────────────────────────────────────────────────────────────────────────────────────────────────────────────────────────────────────────────────────────────────────────────────
It.#               UB        Best UB             LB       Gap           Time        It_Time           Refinements                            #Var.   #Constr.             #Cuts       Lagrangian Dual                                               
                                                          [%]            [s]            [s]          σ       Bin.      Total      {0,1}          ℤ      Total    Total   Active      # It.    # C-It.  # C-Real.  
────────────────────────────────────────────────────────────────────────────────────────────────────────────────────────────────────────────────────────────────────────────────────────────────────────
1        1.093447e+04   1.093447e+04   5.124300e+03    0.5314   1.547000e+00   1.547000e+00      false       none         80         33          0          4       15       15          0          0          0
2        1.173338e+04   1.093447e+04   5.124300e+03    0.5314   3.344000e+00   1.797000e+00      false       none         80         33          0          4       26       26          0          0          0
3        9.229414e+03   9.229414e+03   5.124300e+03    0.4448   5.297000e+00   1.953000e+00      false       none         80         33          0          4       39       39          0          0          0
4        8.161046e+03   8.161046e+03   5.178235e+03    0.3655   7.375000e+00   2.078000e+00      false       none         80         33          0          4       52       52          0          0          0
5        8.950070e+03   8.161046e+03   5.375997e+03    0.3413   9.453000e+00   2.078000e+00      false       none         80         33          0          4       66       66          0          0          0
6        7.813370e+03   7.813370e+03   5.375997e+03    0.3119   1.164100e+01   2.188000e+00      false       none         80         33          0          4       70       70          0          0          0
7        9.371026e+03   7.813370e+03   5.382695e+03    0.3111   1.346900e+01   1.828000e+00      false       none         80         33          0          4       76       76          0          0          0
8        9.175890e+03   7.813370e+03   5.382695e+03    0.3111   1.526600e+01   1.797000e+00      false       none         80         33          0          4       86       86          0          0          0
9        9.764523e+03   7.813370e+03   5.382695e+03    0.3111   1.703200e+01   1.766000e+00      false       none         80         33          0          4       95       95          0          0          0
10       8.740869e+03   7.813370e+03   5.382695e+03    0.3111   1.898500e+01   1.953000e+00      false       none         80         33          0          4      102      102          0          0          0
11       7.635703e+03   7.635703e+03   5.450699e+03    0.2862   2.090700e+01   1.922000e+00      false       none         80         33          0          4      109      109          0          0          0
12       9.369279e+03   7.635703e+03   5.503367e+03    0.2793   2.293800e+01   2.031000e+00      false       none         80         33          0          4      116      116          0          0          0
13       6.429402e+03   6.429402e+03   5.503367e+03    0.1440   2.503200e+01   2.094000e+00      false       none         80         33          0          4      122      122          0          0          0
14       8.937602e+03   6.429402e+03   5.503367e+03    0.1440   2.695300e+01   1.921000e+00      false       none         80         33          0          4      130      130          0          0          0
15       1.098923e+04   6.429402e+03   5.503367e+03    0.1440   2.890700e+01   1.954000e+00      false       none         80         33          0          4      133      133          0          0          0
16       7.814275e+03   6.429402e+03   5.503367e+03    0.1440   3.078200e+01   1.875000e+00      false       none         80         33          0          4      141      141          0          0          0
17       7.290117e+03   6.429402e+03   5.503367e+03    0.1440   3.282800e+01   2.046000e+00      false       none         80         33          0          4      144      144          0          0          0
18       8.062024e+03   6.429402e+03   5.503367e+03    0.1440   3.498500e+01   2.157000e+00      false       none         80         33          0          4      148      148          0          0          0
19       7.773604e+03   6.429402e+03   5.503367e+03    0.1440   3.704700e+01   2.062000e+00      false       none         80         33          0          4      152      152          0          0          0
20       7.984191e+03   6.429402e+03   5.503367e+03    0.1440   3.921900e+01   2.172000e+00      false       none         80         33          0          4      158      158          0          0          0
21       9.776094e+03   6.429402e+03   5.559354e+03    0.1353   1.456880e+02   1.064690e+02      false       none         80         33          0          4      181      181      13575      13575        300
22       8.740277e+03   6.429402e+03   5.577150e+03    0.1326   2.561720e+02   1.104840e+02      false       none         80         33          0          4      202      202      13571      13571        300
23       7.375102e+03   6.429402e+03   5.578009e+03    0.1324   3.705790e+02   1.144070e+02      false       none         80         33          0          4      229      229      13451      13451        300
24       8.093489e+03   6.429402e+03   5.578290e+03    0.1324   4.949700e+02   1.243910e+02      false       none         80         33          0          4      253      253      13737      13737        300
25       7.678938e+03   6.429402e+03   5.619394e+03    0.1260   6.219070e+02   1.269370e+02      false       none         80         33          0          4      276      276      13840      13840        300
26       8.842630e+03   6.429402e+03   5.619394e+03    0.1260   7.465010e+02   1.245940e+02      false       none         80         33          0          4      293      293      13805      13805        300
27       8.162841e+03   6.429402e+03   5.619990e+03    0.1259   8.807980e+02   1.342970e+02      false       none         80         33          0          4      311      311      13918      13918        300
28       7.102135e+03   6.429402e+03   5.622321e+03    0.1255   1.015736e+03   1.349380e+02      false       none         80         33          0          4      335      335      13533      13533        300
29       8.575854e+03   6.429402e+03   5.622388e+03    0.1255   1.150971e+03   1.352350e+02      false       none         80         33          0          4      354      354      13749      13749        300
30       8.224061e+03   6.429402e+03   5.622983e+03    0.1254   1.294799e+03   1.438280e+02      false       none         80         33          0          4      377      377      13984      13984        300
31       8.403913e+03   6.429402e+03   5.671873e+03    0.1178   1.441971e+03   1.471720e+02      false       none         80         33          0          4      400      400      13833      13833        300
32       8.209311e+03   6.429402e+03   5.686796e+03    0.1155   1.586518e+03   1.445470e+02      false       none         80         33          0          4      423      423      13869      13869        300
33       1.126369e+04   6.429402e+03   5.687014e+03    0.1155   1.737409e+03   1.508910e+02      false       none         80         33          0          4      446      446      13981      13981        300
34       1.039796e+04   6.429402e+03   5.687374e+03    0.1154   1.889628e+03   1.522190e+02      false       none         80         33          0          4      466      466      13725      13725        300
35       8.453730e+03   6.429402e+03   5.687592e+03    0.1154   2.041066e+03   1.514380e+02      false       none         80         33          0          4      491      491      13706      13706        300
36       7.630248e+03   6.429402e+03   5.687592e+03    0.1154   2.196300e+03   1.552340e+02      false       none         80         33          0          4      513      513      13976      13976        300
37       8.726415e+03   6.429402e+03   5.687678e+03    0.1154   2.352441e+03   1.561410e+02      false       none         80         33          0          4      533      533      13709      13709        300
38       8.582903e+03   6.429402e+03   5.724690e+03    0.1096   2.513285e+03   1.608440e+02      false       none         80         33          0          4      556      556      14177      14177        300
39       7.070862e+03   6.429402e+03   5.724794e+03    0.1096   2.675129e+03   1.618440e+02      false       none         80         33          0          4      575      575      13915      13915        300
40       9.077647e+03   6.429402e+03   5.725011e+03    0.1096   2.836613e+03   1.614840e+02      false       none         80         33          0          4      593      593      14129      14129        300
41       7.399415e+03   6.429402e+03   5.725011e+03    0.1096   3.005473e+03   1.688600e+02      false       none         80         33          0          4      610      610      14021      13964        299
42       6.904467e+03   6.429402e+03   5.725090e+03    0.1095   3.171646e+03   1.661730e+02      false       none         80         33          0          4      626      626      13854      13854        300
43       8.431290e+03   6.429402e+03   5.725193e+03    0.1095   3.336677e+03   1.650310e+02      false       none         80         33          0          4      645      645      14008      14008        300
44       8.308500e+03   6.429402e+03   5.725275e+03    0.1095   3.508990e+03   1.723130e+02      false       none         80         33          0          4      663      663      14014      14014        300
45       1.128323e+04   6.429402e+03   5.725489e+03    0.1095   3.679974e+03   1.709840e+02      false       none         80         33          0          4      686      686      14121      14121        300
46       9.319945e+03   6.429402e+03   5.725568e+03    0.1095   3.855021e+03   1.750470e+02      false       none         80         33          0          4      706      706      14076      14076        300
47       8.992234e+03   6.429402e+03   5.725672e+03    0.1095   4.030287e+03   1.752660e+02      false       none         80         33          0          4      723      723      14044      14044        300
48       7.836205e+03   6.429402e+03   5.725968e+03    0.1094   4.208569e+03   1.782820e+02      false       none         80         33          0          4      742      742      13802      13802        300
49       9.042858e+03   6.429402e+03   5.725968e+03    0.1094   4.383006e+03   1.744370e+02      false       none         80         33          0          4      760      760      13622      13622        300
50       8.492746e+03   6.429402e+03   5.747105e+03    0.1061   4.567178e+03   1.841720e+02      false       none         80         33          0          4      782      782      14018      14018        300
51       9.043106e+03   6.429402e+03   5.754478e+03    0.1050   4.748694e+03   1.815160e+02      false       none         80         33          0          4      801      801      14008      14008        300
52       9.807734e+03   6.429402e+03   5.754778e+03    0.1049   4.934538e+03   1.858440e+02      false       none         80         33          0          4      821      821      13985      13985        300
53       8.686446e+03   6.429402e+03   5.754794e+03    0.1049   5.127273e+03   1.927350e+02      false       none         80         33          0          4      842      842      14079      14079        300
54       1.075148e+04   6.429402e+03   5.754795e+03    0.1049   5.324617e+03   1.973440e+02      false       none         80         33          0          4      857      857      14080      14080        300
55       8.400207e+03   6.429402e+03   5.755025e+03    0.1049   5.519258e+03   1.946410e+02      false       none         80         33          0          4      875      875      13821      13821        300
56       7.553955e+03   6.429402e+03   5.758550e+03    0.1043   5.709399e+03   1.901410e+02      false       none         80         33          0          4      896      896      13989      13989        300
57       9.384498e+03   6.429402e+03   5.758843e+03    0.1043   5.904712e+03   1.953130e+02      false       none         80         33          0          4      916      916      14267      14267        300
58       7.628654e+03   6.429402e+03   5.758844e+03    0.1043   6.102368e+03   1.976560e+02      false       none         80         33          0          4      932      932      14118      14118        300
59       9.367836e+03   6.429402e+03   5.758960e+03    0.1043   6.311368e+03   2.090000e+02      false       none         80         33          0          4      949      949      14154      14154        300
60       8.802971e+03   6.429402e+03   5.758988e+03    0.1043   6.510806e+03   1.994380e+02      false       none         80         33          0          4      968      968      13990      13990        300
61       7.648789e+03   6.429402e+03   5.759282e+03    0.1042   6.709431e+03   1.986250e+02      false       none         80         33          0          4      986      986      13928      13928        300
62       9.700871e+03   6.429402e+03   5.759282e+03    0.1042   6.916478e+03   2.070470e+02      false       none         80         33          0          4     1005     1005      14216      14216        300
63       1.168545e+04   6.429402e+03   5.759283e+03    0.1042   7.125494e+03   2.090160e+02      false       none         80         33          0          4     1022     1022      14248      14248        300
64       8.343234e+03   6.429402e+03   5.759398e+03    0.1042   7.334135e+03   2.086410e+02      false       none         80         33          0          4     1037     1037      14218      14218        300
65       7.183670e+03   6.429402e+03   5.759426e+03    0.1042   7.539745e+03   2.056100e+02      false       none         80         33          0          4     1054     1054      14001      14001        300
66       8.785739e+03   6.429402e+03   5.759427e+03    0.1042   7.759698e+03   2.199530e+02      false       none         80         33          0          4     1071     1071      13887      13887        300
67       9.662963e+03   6.429402e+03   5.759596e+03    0.1042   7.969323e+03   2.096250e+02      false       none         80         33          0          4     1088     1088      13845      13845        300
68       1.042887e+04   6.429402e+03   5.778089e+03    0.1013   8.189058e+03   2.197350e+02      false       none         80         33          0          4     1109     1109      14130      14130        300
69       7.847158e+03   6.429402e+03   5.796893e+03    0.0984   8.415152e+03   2.260940e+02      false       none         80         33          0          4     1128     1128      14076      14076        300
70       9.193601e+03   6.429402e+03   5.803367e+03    0.0974   8.629668e+03   2.145160e+02      false       none         80         33          0          4     1150     1150      14114      14114        300
71       1.150005e+04   6.429402e+03   5.803660e+03    0.0973   8.847809e+03   2.181410e+02      false       none         80         33          0          4     1169     1169      13760      13760        300
72       7.391109e+03   6.429402e+03   5.804759e+03    0.0972   9.091044e+03   2.432350e+02      false       none         80         33          0          4     1191     1191      14073      14073        300
73       7.208467e+03   6.429402e+03   5.804933e+03    0.0971   9.305888e+03   2.148440e+02      false       none         80         33          0          4     1210     1210      13815      13815        300
74       7.616729e+03   6.429402e+03   5.804944e+03    0.0971   9.539357e+03   2.334690e+02      false       none         80         33          0          4     1228     1228      14223      14223        300
75       9.522231e+03   6.429402e+03   5.805025e+03    0.0971   9.781670e+03   2.423130e+02      false       none         80         33          0          4     1246     1246      13950      13950        300
76       9.384546e+03   6.429402e+03   5.805135e+03    0.0971   1.002914e+04   2.474690e+02      false       none         80         33          0          4     1264     1264      14356      14356        300
77       1.027835e+04   6.429402e+03   5.805428e+03    0.0970   1.027540e+04   2.462660e+02      false       none         80         33          0          4     1280     1280      13884      13884        300
78       7.130509e+03   6.429402e+03   5.805227e+03    0.0971   1.053219e+04   2.567820e+02      false       none         80         33          0          4     1299     1299      14086      14086        300
79       6.731457e+03   6.429402e+03   5.805428e+03    0.0970   1.077053e+04   2.383440e+02      false       none         80         33          0          4     1319     1319      14076      14076        300
80       9.284270e+03   6.429402e+03   5.805614e+03    0.0970   1.104900e+04   2.784690e+02      false       none         80         33          0          4     1338     1338      14341      14341        300
81       8.074280e+03   6.429402e+03   5.805630e+03    0.0970   1.133203e+04   2.830320e+02      false       none         80         33          0          4     1357     1357      14303      14303        300
82       1.196367e+04   6.429402e+03   5.805694e+03    0.0970   1.160048e+04   2.684530e+02      false       none         80         33          0          4     1374     1374      14099      14099        300
83       1.211352e+04   6.429402e+03   5.810900e+03    0.0962   1.187492e+04   2.744380e+02      false       none         80         33          0          4     1394     1394      14162      14162        300
84       9.231018e+03   6.429402e+03   5.822328e+03    0.0944   1.215656e+04   2.816410e+02      false       none         80         33          0          4     1413     1413      13949      13949        300
85       1.001894e+04   6.429402e+03   5.822331e+03    0.0944   1.244691e+04   2.903440e+02      false       none         80         33          0          4     1429     1429      14024      14024        300
86       1.091229e+04   6.429402e+03   5.822618e+03    0.0944   1.273236e+04   2.854540e+02      false       none         80         33          0          4     1444     1444      14391      14391        300
87       8.902554e+03   6.429402e+03   5.822622e+03    0.0944   1.299742e+04   2.650630e+02      false       none         80         33          0          4     1463     1463      13945      13945        300
88       7.500847e+03   6.429402e+03   5.822623e+03    0.0944   1.327099e+04   2.735630e+02      false       none         80         33          0          4     1480     1480      14094      14094        300
89       7.239880e+03   6.429402e+03   5.822769e+03    0.0944   1.355847e+04   2.874840e+02      false       none         80         33          0          4     1496     1496      13941      13941        300
90       9.183635e+03   6.429402e+03   5.822909e+03    0.0943   1.385711e+04   2.986410e+02      false       none         80         33          0          4     1514     1514      14181      14181        300
91       8.656322e+03   6.429402e+03   5.822910e+03    0.0943   1.413646e+04   2.793450e+02      false       none         80         33          0          4     1529     1529      14155      14155        300
92       8.622619e+03   6.429402e+03   5.822914e+03    0.0943   1.441230e+04   2.758440e+02      false       none         80         33          0          4     1548     1548      14014      14014        300
93       1.062724e+04   6.429402e+03   5.823799e+03    0.0942   1.469251e+04   2.802040e+02      false       none         80         33          0          4     1568     1568      13924      13924        300
94       8.674082e+03   6.429402e+03   5.824523e+03    0.0941   1.496435e+04   2.718440e+02      false       none         80         33          0          4     1585     1585      14138      14138        300
95       7.370942e+03   6.429402e+03   5.825099e+03    0.0940   1.525168e+04   2.873280e+02      false       none         80         33          0          4     1601     1601      14347      14347        300
96       7.514417e+03   6.429402e+03   5.827825e+03    0.0936   1.554163e+04   2.899540e+02      false       none         80         33          0          4     1619     1619      14331      14331        300
97       9.023444e+03   6.429402e+03   5.829234e+03    0.0933   1.584319e+04   3.015630e+02      false       none         80         33          0          4     1636     1636      14292      14292        300
98       8.601586e+03   6.429402e+03   5.829306e+03    0.0933   1.612723e+04   2.840310e+02      false       none         80         33          0          4     1653     1653      14050      14050        300
99       8.442208e+03   6.429402e+03   5.829385e+03    0.0933   1.643101e+04   3.037820e+02      false       none         80         33          0          4     1669     1669      14445      14445        300
100      7.547976e+03   6.429402e+03   5.829445e+03    0.0933   1.672238e+04   2.913760e+02      false       none         80         33          0          4     1684     1684      14286      14286        300
101      9.775611e+03   6.429402e+03   5.829457e+03    0.0933   1.702676e+04   3.043750e+02      false       none         80         33          0          4     1702     1702      14220      14220        300
102      5.572929e+03   5.572929e+03   5.829580e+03    0.0440   1.729276e+04   2.660000e+02      false       none         80         33          0          4     1727     1727      13494      13450        299
103      9.671281e+03   5.572929e+03   5.835320e+03    0.0450   1.761224e+04   3.194850e+02      false       none         80         33          0          4     1749     1749      14291      14291        300
104      8.184639e+03   5.572929e+03   5.836179e+03    0.0451   1.793443e+04   3.221890e+02      false       none         80         33          0          4     1768     1768      14355      14355        300
105      9.211052e+03   5.572929e+03   5.836253e+03    0.0451   1.825381e+04   3.193750e+02      false       none         80         33          0          4     1789     1789      14448      14448        300
106      6.069115e+03   5.572929e+03   5.836326e+03    0.0451   1.856420e+04   3.103910e+02      false       none         80         33          0          4     1805     1805      14436      14436        300
107      8.474505e+03   5.572929e+03   5.836400e+03    0.0451   1.889648e+04   3.322820e+02      false       none         80         33          0          4     1821     1821      14706      14706        300
108      8.100444e+03   5.572929e+03   5.836532e+03    0.0452   1.921009e+04   3.136100e+02      false       none         80         33          0          4     1837     1837      14277      14277        300
109      7.517177e+03   5.572929e+03   5.836544e+03    0.0452   1.953708e+04   3.269850e+02      false       none         80         33          0          4     1855     1855      14563      14563        300
110      9.062379e+03   5.572929e+03   5.836679e+03    0.0452   1.983784e+04   3.007660e+02      false       none         80         33          0          4     1873     1873      14245      14245        300
111      6.462133e+03   5.572929e+03   5.836690e+03    0.0452   2.014490e+04   3.070630e+02      false       none         80         33          0          4     1891     1891      14355      14355        300
112      9.184282e+03   5.572929e+03   5.836722e+03    0.0452   2.046739e+04   3.224840e+02      false       none         80         33          0          4     1908     1908      14357      14357        300
113      8.905662e+03   5.572929e+03   5.836764e+03    0.0452   2.077562e+04   3.082350e+02      false       none         80         33          0          4     1926     1926      14027      14027        300
114      7.764954e+03   5.572929e+03   5.836836e+03    0.0452   2.111595e+04   3.403290e+02      false       none         80         33          0          4     1942     1942      14599      14599        300
115      1.070856e+04   5.572929e+03   5.836908e+03    0.0452   2.144745e+04   3.315010e+02      false       none         80         33          0          4     1961     1961      14139      14139        300
116      8.583082e+03   5.572929e+03   5.839925e+03    0.0457   2.178306e+04   3.356090e+02      false       none         80         33          0          4     1984     1984      14302      14302        300
117      6.440586e+03   5.572929e+03   5.840084e+03    0.0457   2.213047e+04   3.474070e+02      false       none         80         33          0          4     2002     2002      14624      14624        300
118      8.629841e+03   5.572929e+03   5.840099e+03    0.0457   2.247117e+04   3.407040e+02      false       none         80         33          0          4     2020     2020      14264      14264        300
119      9.804996e+03   5.572929e+03   5.840145e+03    0.0458   2.280958e+04   3.384070e+02      false       none         80         33          0          4     2038     2038      14353      14353        300
120      9.211094e+03   5.572929e+03   5.840196e+03    0.0458   2.314360e+04   3.340160e+02      false       none         80         33          0          4     2058     2058      14641      14576        299
121      8.981948e+03   5.572929e+03   5.840370e+03    0.0458   2.349657e+04   3.529690e+02      false       none         80         33          0          4     2074     2074      14210      14210        300
122      7.974449e+03   5.572929e+03   5.840416e+03    0.0458   2.383035e+04   3.337860e+02      false       none         80         33          0          4     2089     2089      14426      14426        300
123      1.173879e+04   5.572929e+03   5.840431e+03    0.0458   2.416954e+04   3.391880e+02      false       none         80         33          0          4     2104     2104      14140      14140        300
124      5.729999e+03   5.572929e+03   5.840528e+03    0.0458   2.453368e+04   3.641410e+02      false       none         80         33          0          4     2127     2127      14500      14500        300
125      1.013326e+04   5.572929e+03   5.840624e+03    0.0458   2.488013e+04   3.464530e+02      false       none         80         33          0          4     2146     2146      14193      14193        300
126      6.002979e+03   5.572929e+03   5.850691e+03    0.0475   2.525196e+04   3.718300e+02      false       none         80         33          0          4     2166     2166      14636      14636        300
127      8.882174e+03   5.572929e+03   5.859378e+03    0.0489   2.562364e+04   3.716720e+02      false       none         80         33          0          4     2183     2183      14350      14350        300
128      7.905222e+03   5.572929e+03   5.859577e+03    0.0489   2.596542e+04   3.417820e+02      false       none         80         33          0          4     2201     2201      14309      14309        300
129      9.009394e+03   5.572929e+03   5.859679e+03    0.0489   2.633646e+04   3.710470e+02      false       none         80         33          0          4     2222     2222      14401      14401        300
130      1.071208e+04   5.572929e+03   5.897089e+03    0.0550   2.670443e+04   3.679690e+02      false       none         80         33          0          4     2241     2241      14488      14488        300
131      7.464692e+03   5.572929e+03   5.897329e+03    0.0550   2.704512e+04   3.406880e+02      false       none         80         33          0          4     2261     2261      14358      14358        300
132      6.762288e+03   5.572929e+03   5.897968e+03    0.0551   2.739770e+04   3.525790e+02      false       none         80         33          0          4     2278     2278      14632      14579        299
133      9.763359e+03   5.572929e+03   5.900154e+03    0.0555   2.779720e+04   3.995010e+02      false       none         80         33          0          4     2296     2296      14727      14727        300
134      8.160729e+03   5.572929e+03   5.900384e+03    0.0555   2.818145e+04   3.842500e+02      false       none         80         33          0          4     2313     2313      14536      14536        300
135      7.732628e+03   5.572929e+03   5.900735e+03    0.0556   2.856092e+04   3.794700e+02      false       none         80         33          0          4     2333     2333      14529      14529        300
136      8.152451e+03   5.572929e+03   5.907061e+03    0.0566   2.893777e+04   3.768440e+02      false       none         80         33          0          4     2350     2350      14782      14782        300

Terminating DynamicSDDiP with status: time_limit
------------------------------------------------------------------------------
 ────────────────────────────────────────────────────────────────────────────────
                                        Time                    Allocations      
                               ───────────────────────   ────────────────────────
       Tot / % measured:            8.04h / 100.0%            273GiB / 100.0%    

 Section               ncalls     time    %tot     avg     alloc    %tot      avg
 ────────────────────────────────────────────────────────────────────────────────
 loop                       1    8.04h  100.0%   8.04h    273GiB  100.0%   273GiB
   iterations             136    8.04h  100.0%    213s    273GiB  100.0%  2.01GiB
     backward_pass        136    8.03h   99.8%    212s    273GiB  100.0%  2.01GiB
       solve_BP         75.6k    8.03h   99.8%   382ms    273GiB   99.9%  3.69MiB
         solve_dual     75.6k    8.02h   99.8%   382ms    272GiB   99.8%  3.69MiB
           solve_la...  34.8k    7.55h   93.9%   781ms    263GiB   96.4%  7.74MiB
             inner_sol  1.64M    6.76h   84.1%  14.9ms   33.3GiB   12.2%  21.3KiB
               solv...  1.64M    6.69h   83.3%  14.7ms   5.02GiB    1.8%  3.21KiB
             bundle...  1.64M    1875s    6.5%  1.14ms   3.01GiB    1.1%  1.93KiB
             outer_sol  1.64M     316s    1.1%   193μs   4.81GiB    1.8%  3.08KiB
             add_cut    1.64M    76.4s    0.3%  46.6μs   27.2GiB   10.0%  17.4KiB
             init_a...  34.8k    12.1s    0.0%   347μs   5.23GiB    1.9%   158KiB
             relax_...  34.8k    4.91s    0.0%   141μs   1.17GiB    0.4%  35.2KiB
             restor...  34.8k    3.31s    0.0%  95.2μs    622MiB    0.2%  18.3KiB
             conver...  34.8k    100ms    0.0%  2.87μs   6.37MiB    0.0%     192B
             minima...  34.6k   34.0ms    0.0%   984ns     0.00B    0.0%    0.00B
           solver_c...  40.8k     976s    3.4%  23.9ms    241MiB    0.1%  6.06KiB
           solve_pr...  34.8k     653s    2.3%  18.8ms    142MiB    0.1%  4.17KiB
           LP_relax...  40.8k    62.7s    0.2%  1.54ms   5.72GiB    2.1%   147KiB
             solver...  40.8k    32.8s    0.1%   803μs   63.4MiB    0.0%  1.59KiB
           dual_ini...  34.8k   44.8ms    0.0%  1.29μs   11.2MiB    0.0%     336B
         space_change    151k   41.9ms    0.0%   277ns     0.00B    0.0%    0.00B
       update_bellman   3.78k    218ms    0.0%  57.8μs   28.1MiB    0.0%  7.60KiB
         cut_selection  2.35k   2.89ms    0.0%  1.23μs    199KiB    0.0%    86.7B
     forward_pass         136    37.7s    0.1%   277ms   53.1MiB    0.0%   400KiB
       solve_subpro...  2.18k    37.6s    0.1%  17.3ms   46.8MiB    0.0%  22.0KiB
         solver_cal...  2.18k    37.3s    0.1%  17.2ms   10.7MiB    0.0%  5.02KiB
     calculate_bound      136    5.52s    0.0%  40.6ms   4.59MiB    0.0%  34.6KiB
       solver_call_...    136    5.50s    0.0%  40.4ms   1.47MiB    0.0%  11.0KiB
 ────────────────────────────────────────────────────────────────────────────────

||||||||||||||||||||||||||||||||||||||||||||||||||||||||||||||||||||||||||||||||||||||||||||||||||||||||||||||||||||||||||||||||||||||||
LAGRANGIAN DUAL SOLUTION RESULTS
mn_opt: 0 times (0.0%)
conv: 215 times (0.6%)
unbounded: 0 times (0.0%)
bound_issues: 4 times (0.0%)
subgr_stalling: 0 times (0.0%)
opt: 34580 times (99.4%)
feas_issues: 0 times (0.0%)
sub: 1 times (0.0%)
mn_iter: 0 times (0.0%)
iter: 0 times (0.0%)
mn_issue: 0 times (0.0%)

||||||||||||||||||||||||||||||||||||||||||||||||||||||||||||||||||||||||||||||||||||||||||||||||||||||||||||||||||||||||||||||||||||||||
SIMULATION RESULTS
DynamicSDDiP.Simulation(DynamicSDDiP.InSampleMonteCarlo(), 1000)
Lower bound: 5907.060660422781
Statistical upper bound (confidence interval): 8651.730879416906 ± 76.65980964186951
Pessimistic upper bound: 8728.390689058775
