

#########################################################################################################################################
#########################################################################################################################################
#########################################################################################################################################
#########################################################################################################################################
#########################################################################################################################################
DynamicSDDiP.jl (c) Christian Füllner, 2021
re-uses code from SDDP.jl (c) Oscar Dowson, 2017-21
||||||||||||||||||||||||||||||||||||||||||||||||||||||||||||||||||||||||||||||||||||||||||||||||||||||||||||||||||||||||||||||||||||||||
PATH
calling 
C:\Users\cg4102\.julia\packages\DynamicSDDiP\jRtdG\src
nothing
DATETIME
2024-11-09T04:11:01.254
||||||||||||||||||||||||||||||||||||||||||||||||||||||||||||||||||||||||||||||||||||||||||||||||||||||||||||||||||||||||||||||||||||||||
STOPPING RULES
SDDP.TimeLimit(28800.0)
SDDP.BoundStalling(20, 0.0001)
||||||||||||||||||||||||||||||||||||||||||||||||||||||||||||||||||||||||||||||||||||||||||||||||||||||||||||||||||||||||||||||||||||||||
REGULARIZATION
DynamicSDDiP.NoRegularization()
||||||||||||||||||||||||||||||||||||||||||||||||||||||||||||||||||||||||||||||||||||||||||||||||||||||||||||||||||||||||||||||||||||||||
CUT GENERATION REGIMES
DynamicSDDiP.CutGenerationRegime(DynamicSDDiP.NoStateApproximation(), DynamicSDDiP.StrengthenedDuality(), 1, Inf, Inf, 0.0, true, 0.0001)

DynamicSDDiP.CutGenerationRegime(DynamicSDDiP.NoStateApproximation(), DynamicSDDiP.UnifiedLagrangianDuality(0.0001, 0.0001, 1000, DynamicSDDiP.ZeroDuals(), DynamicSDDiP.BothBounds(), DynamicSDDiP.LevelBundle(0.5, true, false), DynamicSDDiP.StandardChoice(), DynamicSDDiP.Lax(), DynamicSDDiP.Core_Midpoint(DynamicSDDiP.ConvexHullCopy(), DynamicSDDiP.NoIntegerRelax(), DynamicSDDiP.Unbounded_Opt_SB(true), DynamicSDDiP.NoImprovement(), false), DynamicSDDiP.NoDualSpaceRestriction(), DynamicSDDiP.ConvexHullCopy(), nothing, nothing), 21, Inf, Inf, 0.0, true, 0.0001)

||||||||||||||||||||||||||||||||||||||||||||||||||||||||||||||||||||||||||||||||||||||||||||||||||||||||||||||||||||||||||||||||||||||||
CUT AGGREGATION
DynamicSDDiP.MultiCutRegime()
||||||||||||||||||||||||||||||||||||||||||||||||||||||||||||||||||||||||||||||||||||||||||||||||||||||||||||||||||||||||||||||||||||||||
CUT SELECTION
DynamicSDDiP.NoCutSelection()
||||||||||||||||||||||||||||||||||||||||||||||||||||||||||||||||||||||||||||||||||||||||||||||||||||||||||||||||||||||||||||||||||||||||
LATE BINARIZATION
DynamicSDDiP.NoLateBinarization()
||||||||||||||||||||||||||||||||||||||||||||||||||||||||||||||||||||||||||||||||||||||||||||||||||||||||||||||||||||||||||||||||||||||||
APPLIED SOLVERS (LP, MILP, MIQCP, MINLP, NLP, Lagrange)
DynamicSDDiP.AppliedSolvers(true, "Gurobi", "Gurobi", "Gurobi", "Gurobi", "Gurobi", "Gurobi", "Gurobi", "Gurobi", "Gurobi", 0.0001, 300)
DynamicSDDiP.Direct_Solver()
Numerical focus: false
Silent: true
||||||||||||||||||||||||||||||||||||||||||||||||||||||||||||||||||||||||||||||||||||||||||||||||||||||||||||||||||||||||||||||||||||||||
SAMPLING
Used seed for sampling scenarios: 
11111     
||||||||||||||||||||||||||||||||||||||||||||||||||||||||||||||||||||||||||||||||||||||||||||||||||||||||||||||||||||||||||||||||||||||||
RUN DESCRIPTION

||||||||||||||||||||||||||||||||||||||||||||||||||||||||||||||||||||||||||||||||||||||||||||||||||||||||||||||||||||||||||||||||||||||||
PROBLEM DESCRIPTION
Number of stages: 16
Number of realizations per stage: 20
Seed for scenario tree sampling: 12345
Solver: serial mode

────────────────────────────────────────────────────────────────────────────────────────────────────────────────────────────────────────────────────────────────────────────────────────────────────────
It.#               UB        Best UB             LB       Gap           Time        It_Time           Refinements                            #Var.   #Constr.             #Cuts       Lagrangian Dual                                               
                                                          [%]            [s]            [s]          σ       Bin.      Total      {0,1}          ℤ      Total    Total   Active      # It.    # C-It.  # C-Real.  
────────────────────────────────────────────────────────────────────────────────────────────────────────────────────────────────────────────────────────────────────────────────────────────────────────
1        1.093447e+04   1.093447e+04   5.156505e+03    0.5284   2.250000e+00   2.250000e+00      false       none        100         33          0          4      300      300          0          0          0
2        1.172166e+04   1.093447e+04   5.201929e+03    0.5243   5.047000e+00   2.797000e+00      false       none        100         33          0          4      569      569          0          0          0
3        8.737866e+03   8.737866e+03   5.267777e+03    0.3971   8.407000e+00   3.360000e+00      false       none        100         33          0          4      825      825          0          0          0
4        8.126487e+03   8.126487e+03   5.375187e+03    0.3386   1.164100e+01   3.234000e+00      false       none        100         33          0          4     1064     1064          0          0          0
5        9.063774e+03   8.126487e+03   5.421598e+03    0.3328   1.509400e+01   3.453000e+00      false       none        100         33          0          4     1296     1296          0          0          0
6        8.398221e+03   8.126487e+03   5.518827e+03    0.3209   1.903200e+01   3.938000e+00      false       none        100         33          0          4     1485     1485          0          0          0
7        9.362282e+03   8.126487e+03   5.545571e+03    0.3176   2.264100e+01   3.609000e+00      false       none        100         33          0          4     1662     1662          0          0          0
8        9.143338e+03   8.126487e+03   5.573761e+03    0.3141   2.650100e+01   3.860000e+00      false       none        100         33          0          4     1889     1889          0          0          0
9        9.355575e+03   8.126487e+03   5.653838e+03    0.3043   3.036000e+01   3.859000e+00      false       none        100         33          0          4     2043     2043          0          0          0
10       8.865030e+03   8.126487e+03   5.659717e+03    0.3035   3.462600e+01   4.266000e+00      false       none        100         33          0          4     2198     2198          0          0          0
11       7.469061e+03   7.469061e+03   5.746454e+03    0.2306   3.884400e+01   4.218000e+00      false       none        100         33          0          4     2370     2370          0          0          0
12       9.315729e+03   7.469061e+03   5.756292e+03    0.2293   4.309400e+01   4.250000e+00      false       none        100         33          0          4     2503     2503          0          0          0
13       6.453475e+03   6.453475e+03   5.757913e+03    0.1078   4.754700e+01   4.453000e+00      false       none        100         33          0          4     2614     2614          0          0          0
14       8.914830e+03   6.453475e+03   5.761201e+03    0.1073   5.217200e+01   4.625000e+00      false       none        100         33          0          4     2756     2756          0          0          0
15       1.096123e+04   6.453475e+03   5.761961e+03    0.1072   5.678200e+01   4.610000e+00      false       none        100         33          0          4     2880     2880          0          0          0
16       7.468142e+03   6.453475e+03   5.761961e+03    0.1072   6.226600e+01   5.484000e+00      false       none        100         33          0          4     2951     2951          0          0          0
17       7.288519e+03   6.453475e+03   5.762719e+03    0.1070   6.725100e+01   4.985000e+00      false       none        100         33          0          4     3069     3069          0          0          0
18       7.735821e+03   6.453475e+03   5.766509e+03    0.1064   7.246900e+01   5.218000e+00      false       none        100         33          0          4     3189     3189          0          0          0
19       7.400074e+03   6.453475e+03   5.766509e+03    0.1064   7.764100e+01   5.172000e+00      false       none        100         33          0          4     3287     3287          0          0          0
20       7.751382e+03   6.453475e+03   5.766509e+03    0.1064   8.292200e+01   5.281000e+00      false       none        100         33          0          4     3385     3385          0          0          0
21       9.372191e+03   6.453475e+03   6.315631e+03    0.0214   1.932210e+03   1.849288e+03      false       none        100         33          0          4     3956     3956      36404      36333        299
22       9.252022e+03   6.453475e+03   6.344875e+03    0.0168   4.350720e+03   2.418510e+03      false       none        100         33          0          4     4482     4482      39857      39803        299
23       7.232196e+03   6.453475e+03   6.420234e+03    0.0052   7.255669e+03   2.904949e+03      false       none        100         33          0          4     4980     4980      39364      39328        299
24       8.720719e+03   6.453475e+03   6.436165e+03    0.0027   1.034728e+04   3.091606e+03      false       none        100         33          0          4     5435     5435      37297      37297        300
25       8.252386e+03   6.453475e+03   6.535483e+03    0.0125   1.375201e+04   3.404733e+03      false       none        100         33          0          4     5929     5929      36873      36873        300
26       9.213806e+03   6.453475e+03   6.556140e+03    0.0157   1.800516e+04   4.253155e+03      false       none        100         33          0          4     6386     6386      38077      38077        300
27       8.542030e+03   6.453475e+03   6.578353e+03    0.0190   2.236978e+04   4.364620e+03      false       none        100         33          0          4     6860     6860      39000      39000        300
28       7.447324e+03   6.453475e+03   6.598802e+03    0.0220   2.703880e+04   4.669012e+03      false       none        100         33          0          4     7276     7276      37067      37011        299
29       8.672955e+03   6.453475e+03   6.615925e+03    0.0246   3.113447e+04   4.095676e+03      false       none        100         33          0          4     7737     7737      35131      35131        300

Terminating DynamicSDDiP with status: time_limit
------------------------------------------------------------------------------
 ────────────────────────────────────────────────────────────────────────────────
                                        Time                    Allocations      
                               ───────────────────────   ────────────────────────
       Tot / % measured:            8.65h / 100.0%           61.7GiB / 100.0%    

 Section               ncalls     time    %tot     avg     alloc    %tot      avg
 ────────────────────────────────────────────────────────────────────────────────
 loop                       1    8.65h  100.0%   8.65h   61.7GiB  100.0%  61.7GiB
   iterations              29    8.65h  100.0%   1074s   61.7GiB  100.0%  2.13GiB
     backward_pass         29    8.65h  100.0%   1073s   61.7GiB  100.0%  2.13GiB
       solve_BP         11.4k    8.65h  100.0%   2.73s   61.6GiB   99.9%  5.53MiB
         solve_dual     11.4k    8.65h  100.0%   2.73s   61.5GiB   99.7%  5.52MiB
           solve_la...  2.70k    8.44h   97.6%   11.3s   55.4GiB   89.9%  21.0MiB
             inner_sol   339k    7.70h   89.0%  81.8ms   7.71GiB   12.5%  23.8KiB
               solv...   339k    7.68h   88.8%  81.6ms   1.20GiB    2.0%  3.72KiB
             bundle...   339k    2251s    7.2%  6.64ms   1.03GiB    1.7%  3.20KiB
             outer_sol   339k     284s    0.9%   837μs   1.08GiB    1.8%  3.35KiB
             add_cut     339k    20.5s    0.1%  60.5μs   6.04GiB    9.8%  18.7KiB
             init_a...  2.70k    955ms    0.0%   354μs    450MiB    0.7%   171KiB
             restor...  2.70k    293ms    0.0%   109μs   48.2MiB    0.1%  18.3KiB
             relax_...  2.70k    281ms    0.0%   104μs   89.1MiB    0.1%  33.8KiB
             conver...  2.70k   9.15ms    0.0%  3.39μs    549KiB    0.0%     208B
             minima...  2.70k   1.40ms    0.0%   518ns     0.00B    0.0%    0.00B
           solve_pr...  8.10k     373s    1.2%  46.1ms   27.6MiB    0.0%  3.49KiB
           solver_c...  8.70k     292s    0.9%  33.5ms   48.9MiB    0.1%  5.76KiB
           solve_core   2.70k    22.4s    0.1%  8.29ms   5.86MiB    0.0%  2.22KiB
           LP_relax...  8.70k    21.1s    0.1%  2.43ms   1.43GiB    2.3%   172KiB
             solver...  8.70k    14.8s    0.0%  1.70ms   25.1MiB    0.0%  2.95KiB
           dual_ini...  2.70k   3.51ms    0.0%  1.30μs    886KiB    0.0%     336B
         space_change   22.8k   6.26ms    0.0%   275ns     0.00B    0.0%    0.00B
       update_bellman     570    140ms    0.0%   246μs   66.8MiB    0.1%   120KiB
         cut_selection  7.74k   4.60ms    0.0%   595ns    587KiB    0.0%    77.6B
     forward_pass          29    8.82s    0.0%   304ms   14.7MiB    0.0%   519KiB
       solve_subpro...    464    8.80s    0.0%  19.0ms   13.3MiB    0.0%  29.5KiB
         solver_cal...    464    8.73s    0.0%  18.8ms   3.14MiB    0.0%  6.93KiB
     calculate_bound       29    531ms    0.0%  18.3ms    767KiB    0.0%  26.5KiB
       solver_call_...     29    527ms    0.0%  18.2ms   66.7KiB    0.0%  2.30KiB
 ────────────────────────────────────────────────────────────────────────────────

||||||||||||||||||||||||||||||||||||||||||||||||||||||||||||||||||||||||||||||||||||||||||||||||||||||||||||||||||||||||||||||||||||||||
LAGRANGIAN DUAL SOLUTION RESULTS
mn_opt: 0 times (0.0%)
conv: 0 times (0.0%)
unbounded: 0 times (0.0%)
bound_issues: 4 times (0.1%)
subgr_stalling: 0 times (0.0%)
opt: 2696 times (99.9%)
feas_issues: 0 times (0.0%)
sub: 0 times (0.0%)
mn_iter: 0 times (0.0%)
iter: 0 times (0.0%)
mn_issue: 0 times (0.0%)

||||||||||||||||||||||||||||||||||||||||||||||||||||||||||||||||||||||||||||||||||||||||||||||||||||||||||||||||||||||||||||||||||||||||
SIMULATION RESULTS
DynamicSDDiP.Simulation(DynamicSDDiP.InSampleMonteCarlo(), 1000)
Lower bound: 6615.924704958016
Statistical upper bound (confidence interval): 8926.623424169567 ± 76.43022840209721
Pessimistic upper bound: 9003.053652571665
