

#########################################################################################################################################
#########################################################################################################################################
#########################################################################################################################################
#########################################################################################################################################
#########################################################################################################################################
DynamicSDDiP.jl (c) Christian Füllner, 2021
re-uses code from SDDP.jl (c) Oscar Dowson, 2017-21
||||||||||||||||||||||||||||||||||||||||||||||||||||||||||||||||||||||||||||||||||||||||||||||||||||||||||||||||||||||||||||||||||||||||
PATH
calling 
C:\Users\cg4102\.julia\packages\DynamicSDDiP\Z7cZi\src
nothing
DATETIME
2023-04-04T17:38:04.931
||||||||||||||||||||||||||||||||||||||||||||||||||||||||||||||||||||||||||||||||||||||||||||||||||||||||||||||||||||||||||||||||||||||||
STOPPING RULES
SDDP.TimeLimit(28800.0)
SDDP.BoundStalling(20, 0.0001)
||||||||||||||||||||||||||||||||||||||||||||||||||||||||||||||||||||||||||||||||||||||||||||||||||||||||||||||||||||||||||||||||||||||||
REGULARIZATION
DynamicSDDiP.NoRegularization()
||||||||||||||||||||||||||||||||||||||||||||||||||||||||||||||||||||||||||||||||||||||||||||||||||||||||||||||||||||||||||||||||||||||||
CUT GENERATION REGIMES
DynamicSDDiP.CutGenerationRegime(DynamicSDDiP.NoStateApproximation(), DynamicSDDiP.StrengthenedDuality(), 1, Inf, Inf, 0.0, true, 0.0001)

DynamicSDDiP.CutGenerationRegime(DynamicSDDiP.NoStateApproximation(), DynamicSDDiP.LagrangianDuality(0.0001, 0.0001, 1000, DynamicSDDiP.ZeroDuals(), DynamicSDDiP.BothBounds(), DynamicSDDiP.LevelBundle(0.5, true, false), DynamicSDDiP.StandardChoice(), DynamicSDDiP.Lax(), DynamicSDDiP.ConvexHullCopy(), false), 21, Inf, Inf, 0.0, true, 0.0001)

||||||||||||||||||||||||||||||||||||||||||||||||||||||||||||||||||||||||||||||||||||||||||||||||||||||||||||||||||||||||||||||||||||||||
CUT AGGREGATION
DynamicSDDiP.MultiCutRegime()
||||||||||||||||||||||||||||||||||||||||||||||||||||||||||||||||||||||||||||||||||||||||||||||||||||||||||||||||||||||||||||||||||||||||
CUT SELECTION
DynamicSDDiP.NoCutSelection()
||||||||||||||||||||||||||||||||||||||||||||||||||||||||||||||||||||||||||||||||||||||||||||||||||||||||||||||||||||||||||||||||||||||||
LATE BINARIZATION
DynamicSDDiP.NoLateBinarization()
||||||||||||||||||||||||||||||||||||||||||||||||||||||||||||||||||||||||||||||||||||||||||||||||||||||||||||||||||||||||||||||||||||||||
APPLIED SOLVERS (LP, MILP, MIQCP, MINLP, NLP, Lagrange)
DynamicSDDiP.AppliedSolvers(true, "Gurobi", "Gurobi", "Gurobi", "Gurobi", "Gurobi", "Gurobi", "Gurobi", "Gurobi", "Gurobi", 0.0001, 300)
DynamicSDDiP.Direct_Solver()
Numerical focus: false
Silent: true
||||||||||||||||||||||||||||||||||||||||||||||||||||||||||||||||||||||||||||||||||||||||||||||||||||||||||||||||||||||||||||||||||||||||
SAMPLING
Used seed for sampling scenarios: 
11111     
||||||||||||||||||||||||||||||||||||||||||||||||||||||||||||||||||||||||||||||||||||||||||||||||||||||||||||||||||||||||||||||||||||||||
RUN DESCRIPTION

||||||||||||||||||||||||||||||||||||||||||||||||||||||||||||||||||||||||||||||||||||||||||||||||||||||||||||||||||||||||||||||||||||||||
PROBLEM DESCRIPTION
Number of stages: 16
Number of realizations per stage: 20
Seed for scenario tree sampling: 12345
Solver: serial mode

────────────────────────────────────────────────────────────────────────────────────────────────────────────────────────────────────────────────────────────────────────────────────────────────────────
It.#               UB        Best UB             LB       Gap           Time        It_Time           Refinements                            #Var.   #Constr.             #Cuts       Lagrangian Dual                                               
                                                          [%]            [s]            [s]          σ       Bin.      Total      {0,1}          ℤ      Total    Total   Active      # It.    # C-It.  # C-Real.  
────────────────────────────────────────────────────────────────────────────────────────────────────────────────────────────────────────────────────────────────────────────────────────────────────────
1        1.093447e+04   1.093447e+04   5.156505e+03    0.5284   2.047000e+00   2.047000e+00      false       none        100         33          0          4      300      300          0          0          0
2        1.172166e+04   1.093447e+04   5.201929e+03    0.5243   4.625000e+00   2.578000e+00      false       none        100         33          0          4      569      569          0          0          0
3        8.737866e+03   8.737866e+03   5.267777e+03    0.3971   7.781000e+00   3.156000e+00      false       none        100         33          0          4      825      825          0          0          0
4        8.126487e+03   8.126487e+03   5.375187e+03    0.3386   1.078100e+01   3.000000e+00      false       none        100         33          0          4     1064     1064          0          0          0
5        9.063774e+03   8.126487e+03   5.421598e+03    0.3328   1.406300e+01   3.282000e+00      false       none        100         33          0          4     1296     1296          0          0          0
6        8.398221e+03   8.126487e+03   5.518827e+03    0.3209   1.781300e+01   3.750000e+00      false       none        100         33          0          4     1485     1485          0          0          0
7        9.362282e+03   8.126487e+03   5.545571e+03    0.3176   2.128100e+01   3.468000e+00      false       none        100         33          0          4     1662     1662          0          0          0
8        9.143338e+03   8.126487e+03   5.573761e+03    0.3141   2.500000e+01   3.719000e+00      false       none        100         33          0          4     1889     1889          0          0          0
9        9.355575e+03   8.126487e+03   5.653838e+03    0.3043   2.871900e+01   3.719000e+00      false       none        100         33          0          4     2043     2043          0          0          0
10       8.865030e+03   8.126487e+03   5.659717e+03    0.3035   3.281300e+01   4.094000e+00      false       none        100         33          0          4     2198     2198          0          0          0
11       7.469061e+03   7.469061e+03   5.746454e+03    0.2306   3.689100e+01   4.078000e+00      false       none        100         33          0          4     2370     2370          0          0          0
12       9.315729e+03   7.469061e+03   5.756292e+03    0.2293   4.100000e+01   4.109000e+00      false       none        100         33          0          4     2503     2503          0          0          0
13       6.453475e+03   6.453475e+03   5.757913e+03    0.1078   4.531300e+01   4.313000e+00      false       none        100         33          0          4     2614     2614          0          0          0
14       8.914830e+03   6.453475e+03   5.761201e+03    0.1073   4.981300e+01   4.500000e+00      false       none        100         33          0          4     2756     2756          0          0          0
15       1.096123e+04   6.453475e+03   5.761961e+03    0.1072   5.425000e+01   4.437000e+00      false       none        100         33          0          4     2880     2880          0          0          0
16       7.468142e+03   6.453475e+03   5.761961e+03    0.1072   5.970300e+01   5.453000e+00      false       none        100         33          0          4     2951     2951          0          0          0
17       7.288519e+03   6.453475e+03   5.762719e+03    0.1070   6.465600e+01   4.953000e+00      false       none        100         33          0          4     3069     3069          0          0          0
18       7.735821e+03   6.453475e+03   5.766509e+03    0.1064   6.982800e+01   5.172000e+00      false       none        100         33          0          4     3189     3189          0          0          0
19       7.400074e+03   6.453475e+03   5.766509e+03    0.1064   7.493800e+01   5.110000e+00      false       none        100         33          0          4     3287     3287          0          0          0
20       7.751382e+03   6.453475e+03   5.766509e+03    0.1064   8.014100e+01   5.203000e+00      false       none        100         33          0          4     3385     3385          0          0          0
21       9.372191e+03   6.453475e+03   5.778999e+03    0.1045   4.317510e+02   3.516100e+02      false       none        100         33          0          4     3844     3844      14059      14059        300
22       8.939317e+03   6.453475e+03   5.781948e+03    0.1041   8.268920e+02   3.951410e+02      false       none        100         33          0          4     4315     4315      14210      14210        300
23       6.676262e+03   6.453475e+03   5.783445e+03    0.1038   1.283690e+03   4.567980e+02      false       none        100         33          0          4     4752     4752      14240      14240        300
24       8.352979e+03   6.453475e+03   5.784339e+03    0.1037   1.768675e+03   4.849850e+02      false       none        100         33          0          4     5193     5193      14178      14178        300
25       7.874825e+03   6.453475e+03   5.813920e+03    0.0991   2.280050e+03   5.113750e+02      false       none        100         33          0          4     5641     5641      14414      14414        300
26       8.848087e+03   6.453475e+03   5.819728e+03    0.0982   2.833270e+03   5.532200e+02      false       none        100         33          0          4     6058     6058      14474      14474        300
27       7.953758e+03   6.453475e+03   5.821884e+03    0.0979   3.393662e+03   5.603920e+02      false       none        100         33          0          4     6517     6517      14355      14355        300
28       7.257015e+03   6.453475e+03   5.822928e+03    0.0977   3.996803e+03   6.031410e+02      false       none        100         33          0          4     6905     6905      14126      14126        300
29       8.462109e+03   6.453475e+03   5.825103e+03    0.0974   4.637008e+03   6.402050e+02      false       none        100         33          0          4     7339     7339      14352      14352        300
30       8.041782e+03   6.453475e+03   5.832825e+03    0.0962   5.340743e+03   7.037350e+02      false       none        100         33          0          4     7757     7757      14903      14903        300
31       8.388676e+03   6.453475e+03   5.850596e+03    0.0934   6.065807e+03   7.250640e+02      false       none        100         33          0          4     8189     8189      14404      14404        300
32       8.305040e+03   6.453475e+03   5.851286e+03    0.0933   6.804589e+03   7.387820e+02      false       none        100         33          0          4     8616     8616      14481      14481        300
33       1.058373e+04   6.453475e+03   5.852965e+03    0.0931   7.563168e+03   7.585790e+02      false       none        100         33          0          4     9086     9086      14362      14362        300
34       1.065499e+04   6.453475e+03   5.854151e+03    0.0929   8.374623e+03   8.114550e+02      false       none        100         33          0          4     9538     9538      14128      14128        300
35       8.341765e+03   6.453475e+03   5.854634e+03    0.0928   9.233749e+03   8.591260e+02      false       none        100         33          0          4     9902     9902      14343      14343        300
36       7.388323e+03   6.453475e+03   5.871434e+03    0.0902   1.012922e+04   8.954700e+02      false       none        100         33          0          4    10320    10320      14560      14560        300
37       9.084596e+03   6.453475e+03   5.873649e+03    0.0898   1.106124e+04   9.320170e+02      false       none        100         33          0          4    10744    10744      14512      14512        300
38       8.676095e+03   6.453475e+03   5.875356e+03    0.0896   1.203208e+04   9.708460e+02      false       none        100         33          0          4    11142    11142      14623      14623        300
39       7.220994e+03   6.453475e+03   5.877612e+03    0.0892   1.307127e+04   1.039189e+03      false       none        100         33          0          4    11558    11558      14707      14707        300
40       9.056862e+03   6.453475e+03   5.880946e+03    0.0887   1.412143e+04   1.050158e+03      false       none        100         33          0          4    11986    11986      14643      14643        300
41       7.487761e+03   6.453475e+03   5.883979e+03    0.0882   1.524657e+04   1.125142e+03      false       none        100         33          0          4    12402    12402      14597      14545        299
42       7.104544e+03   6.453475e+03   5.891736e+03    0.0870   1.640735e+04   1.160783e+03      false       none        100         33          0          4    12822    12822      14643      14643        300
43       8.450445e+03   6.453475e+03   5.899226e+03    0.0859   1.755859e+04   1.151236e+03      false       none        100         33          0          4    13269    13269      14267      14267        300
44       8.333204e+03   6.453475e+03   5.900422e+03    0.0857   1.879351e+04   1.234924e+03      false       none        100         33          0          4    13681    13681      14530      14530        300
45       1.152075e+04   6.453475e+03   5.903306e+03    0.0853   2.001800e+04   1.224486e+03      false       none        100         33          0          4    14159    14159      14600      14600        300
46       9.298945e+03   6.453475e+03   5.904186e+03    0.0851   2.135624e+04   1.338237e+03      false       none        100         33          0          4    14577    14577      14928      14928        300
47       8.945542e+03   6.453475e+03   5.905728e+03    0.0849   2.270282e+04   1.346580e+03      false       none        100         33          0          4    14973    14973      14805      14805        300
48       7.863860e+03   6.453475e+03   5.907496e+03    0.0846   2.409415e+04   1.391330e+03      false       none        100         33          0          4    15367    15367      14495      14495        300
49       8.935583e+03   6.453475e+03   5.907586e+03    0.0846   2.545860e+04   1.364456e+03      false       none        100         33          0          4    15742    15742      14412      14412        300
50       8.521559e+03   6.453475e+03   5.917210e+03    0.0831   2.693856e+04   1.479955e+03      false       none        100         33          0          4    16147    16147      14615      14615        300
51       9.416860e+03   6.453475e+03   5.921726e+03    0.0824   2.848072e+04   1.542158e+03      false       none        100         33          0          4    16574    16574      14522      14522        300
52       9.418347e+03   6.453475e+03   5.922027e+03    0.0824   3.009069e+04   1.609972e+03      false       none        100         33          0          4    17001    17001      14593      14593        300

Terminating DynamicSDDiP with status: time_limit
------------------------------------------------------------------------------
 ────────────────────────────────────────────────────────────────────────────────
                                        Time                    Allocations      
                               ───────────────────────   ────────────────────────
       Tot / % measured:            8.36h / 100.0%           78.4GiB / 100.0%    

 Section               ncalls     time    %tot     avg     alloc    %tot      avg
 ────────────────────────────────────────────────────────────────────────────────
 loop                       1    8.36h  100.0%   8.36h   78.3GiB  100.0%  78.3GiB
   iterations              52    8.36h  100.0%    579s   78.3GiB  100.0%  1.51GiB
     backward_pass         52    8.35h   99.9%    578s   78.3GiB  100.0%  1.51GiB
       solve_BP         25.2k    8.35h   99.9%   1.19s   78.2GiB   99.8%  3.18MiB
         solve_dual     25.2k    8.35h   99.9%   1.19s   78.0GiB   99.6%  3.17MiB
           solve_la...  9.60k    7.89h   94.4%   2.96s   74.1GiB   94.6%  7.91MiB
             inner_sol   463k    7.66h   91.6%  59.6ms   9.30GiB   11.9%  21.1KiB
               solv...   463k    7.64h   91.4%  59.4ms   1.18GiB    1.5%  2.68KiB
             bundle...   463k     533s    1.8%  1.15ms    875MiB    1.1%  1.93KiB
             outer_sol   463k    94.0s    0.3%   203μs   1.34GiB    1.7%  3.02KiB
             add_cut     463k    23.2s    0.1%  50.1μs   7.68GiB    9.8%  17.4KiB
             init_a...  9.60k    3.40s    0.0%   354μs   1.44GiB    1.8%   158KiB
             relax_...  9.60k    1.29s    0.0%   134μs    327MiB    0.4%  34.8KiB
             restor...  9.60k    935ms    0.0%  97.4μs    172MiB    0.2%  18.3KiB
             conver...  9.60k   28.7ms    0.0%  2.99μs   1.76MiB    0.0%     192B
             minima...  9.42k   9.63ms    0.0%  1.02μs     0.00B    0.0%    0.00B
           solver_c...  15.6k     952s    3.2%  61.0ms   76.2MiB    0.1%  5.00KiB
           solve_pr...  9.60k     623s    2.1%  64.9ms   28.9MiB    0.0%  3.08KiB
           LP_relax...  15.6k    76.6s    0.3%  4.91ms   2.56GiB    3.3%   172KiB
             solver...  15.6k    63.4s    0.2%  4.07ms   47.7MiB    0.1%  3.13KiB
           dual_ini...  9.60k   12.3ms    0.0%  1.28μs   3.08MiB    0.0%     336B
         space_change   50.4k   13.7ms    0.0%   271ns     0.00B    0.0%    0.00B
       update_bellman   1.26k    318ms    0.0%   253μs    144MiB    0.2%   117KiB
         cut_selection  17.0k   10.0ms    0.0%   589ns   1.31MiB    0.0%    81.0B
     forward_pass          52    35.0s    0.1%   674ms   25.0MiB    0.0%   492KiB
       solve_subpro...    832    35.0s    0.1%  42.1ms   22.5MiB    0.0%  27.7KiB
         solver_cal...    832    34.9s    0.1%  41.9ms   4.24MiB    0.0%  5.21KiB
     calculate_bound       52    3.12s    0.0%  60.0ms   1.38MiB    0.0%  27.1KiB
       solver_call_...     52    3.11s    0.0%  59.9ms    153KiB    0.0%  2.94KiB
 ────────────────────────────────────────────────────────────────────────────────

||||||||||||||||||||||||||||||||||||||||||||||||||||||||||||||||||||||||||||||||||||||||||||||||||||||||||||||||||||||||||||||||||||||||
LAGRANGIAN DUAL SOLUTION RESULTS
mn_opt: 0 times (0.0%)
conv: 179 times (1.9%)
unbounded: 0 times (0.0%)
bound_issues: 1 times (0.0%)
subgr_stalling: 0 times (0.0%)
opt: 9420 times (98.1%)
feas_issues: 0 times (0.0%)
sub: 0 times (0.0%)
mn_iter: 0 times (0.0%)
iter: 0 times (0.0%)
mn_issue: 0 times (0.0%)

||||||||||||||||||||||||||||||||||||||||||||||||||||||||||||||||||||||||||||||||||||||||||||||||||||||||||||||||||||||||||||||||||||||||
SIMULATION RESULTS
DynamicSDDiP.Simulation(DynamicSDDiP.InSampleMonteCarlo(), 1000)
Lower bound: 5922.0271829099875
Statistical upper bound (confidence interval): 8674.006301958456 ± 76.78009857881972
Pessimistic upper bound: 8750.786400537276
