

#########################################################################################################################################
#########################################################################################################################################
#########################################################################################################################################
#########################################################################################################################################
#########################################################################################################################################
DynamicSDDiP.jl (c) Christian Füllner, 2021
re-uses code from SDDP.jl (c) Oscar Dowson, 2017-21
||||||||||||||||||||||||||||||||||||||||||||||||||||||||||||||||||||||||||||||||||||||||||||||||||||||||||||||||||||||||||||||||||||||||
PATH
calling 
C:\Users\cg4102\.julia\packages\DynamicSDDiP\jRtdG\src
nothing
DATETIME
2024-11-08T19:07:20.831
||||||||||||||||||||||||||||||||||||||||||||||||||||||||||||||||||||||||||||||||||||||||||||||||||||||||||||||||||||||||||||||||||||||||
STOPPING RULES
SDDP.TimeLimit(28800.0)
SDDP.BoundStalling(20, 0.0001)
||||||||||||||||||||||||||||||||||||||||||||||||||||||||||||||||||||||||||||||||||||||||||||||||||||||||||||||||||||||||||||||||||||||||
REGULARIZATION
DynamicSDDiP.NoRegularization()
||||||||||||||||||||||||||||||||||||||||||||||||||||||||||||||||||||||||||||||||||||||||||||||||||||||||||||||||||||||||||||||||||||||||
CUT GENERATION REGIMES
DynamicSDDiP.CutGenerationRegime(DynamicSDDiP.NoStateApproximation(), DynamicSDDiP.StrengthenedDuality(), 1, Inf, Inf, 0.0, true, 0.0001)

DynamicSDDiP.CutGenerationRegime(DynamicSDDiP.NoStateApproximation(), DynamicSDDiP.UnifiedLagrangianDuality(0.0001, 0.0001, 1000, DynamicSDDiP.ZeroDuals(), DynamicSDDiP.BothBounds(), DynamicSDDiP.LevelBundle(0.5, true, false), DynamicSDDiP.StandardChoice(), DynamicSDDiP.Lax(), DynamicSDDiP.Core_Relint(DynamicSDDiP.ConvexHullCopy(), DynamicSDDiP.NoIntegerRelax(), DynamicSDDiP.Unbounded_Opt_SB(true), DynamicSDDiP.NoImprovement(), false), DynamicSDDiP.NoDualSpaceRestriction(), DynamicSDDiP.ConvexHullCopy(), nothing, nothing), 21, Inf, Inf, 0.0, true, 0.0001)

||||||||||||||||||||||||||||||||||||||||||||||||||||||||||||||||||||||||||||||||||||||||||||||||||||||||||||||||||||||||||||||||||||||||
CUT AGGREGATION
DynamicSDDiP.MultiCutRegime()
||||||||||||||||||||||||||||||||||||||||||||||||||||||||||||||||||||||||||||||||||||||||||||||||||||||||||||||||||||||||||||||||||||||||
CUT SELECTION
DynamicSDDiP.NoCutSelection()
||||||||||||||||||||||||||||||||||||||||||||||||||||||||||||||||||||||||||||||||||||||||||||||||||||||||||||||||||||||||||||||||||||||||
LATE BINARIZATION
DynamicSDDiP.NoLateBinarization()
||||||||||||||||||||||||||||||||||||||||||||||||||||||||||||||||||||||||||||||||||||||||||||||||||||||||||||||||||||||||||||||||||||||||
APPLIED SOLVERS (LP, MILP, MIQCP, MINLP, NLP, Lagrange)
DynamicSDDiP.AppliedSolvers(true, "Gurobi", "Gurobi", "Gurobi", "Gurobi", "Gurobi", "Gurobi", "Gurobi", "Gurobi", "Gurobi", 0.0001, 300)
DynamicSDDiP.Direct_Solver()
Numerical focus: false
Silent: true
||||||||||||||||||||||||||||||||||||||||||||||||||||||||||||||||||||||||||||||||||||||||||||||||||||||||||||||||||||||||||||||||||||||||
SAMPLING
Used seed for sampling scenarios: 
11111     
||||||||||||||||||||||||||||||||||||||||||||||||||||||||||||||||||||||||||||||||||||||||||||||||||||||||||||||||||||||||||||||||||||||||
RUN DESCRIPTION

||||||||||||||||||||||||||||||||||||||||||||||||||||||||||||||||||||||||||||||||||||||||||||||||||||||||||||||||||||||||||||||||||||||||
PROBLEM DESCRIPTION
Number of stages: 16
Number of realizations per stage: 20
Seed for scenario tree sampling: 12345
Solver: serial mode

────────────────────────────────────────────────────────────────────────────────────────────────────────────────────────────────────────────────────────────────────────────────────────────────────────
It.#               UB        Best UB             LB       Gap           Time        It_Time           Refinements                            #Var.   #Constr.             #Cuts       Lagrangian Dual                                               
                                                          [%]            [s]            [s]          σ       Bin.      Total      {0,1}          ℤ      Total    Total   Active      # It.    # C-It.  # C-Real.  
────────────────────────────────────────────────────────────────────────────────────────────────────────────────────────────────────────────────────────────────────────────────────────────────────────
1        1.093447e+04   1.093447e+04   5.156505e+03    0.5284   1.953000e+00   1.953000e+00      false       none        100         33          0          4      300      300          0          0          0
2        1.172166e+04   1.093447e+04   5.201929e+03    0.5243   4.469000e+00   2.516000e+00      false       none        100         33          0          4      569      569          0          0          0
3        8.737866e+03   8.737866e+03   5.267777e+03    0.3971   7.610000e+00   3.141000e+00      false       none        100         33          0          4      825      825          0          0          0
4        8.126487e+03   8.126487e+03   5.375187e+03    0.3386   1.065700e+01   3.047000e+00      false       none        100         33          0          4     1064     1064          0          0          0
5        9.063774e+03   8.126487e+03   5.421598e+03    0.3328   1.390700e+01   3.250000e+00      false       none        100         33          0          4     1296     1296          0          0          0
6        8.398221e+03   8.126487e+03   5.518827e+03    0.3209   1.770300e+01   3.796000e+00      false       none        100         33          0          4     1485     1485          0          0          0
7        9.362282e+03   8.126487e+03   5.545571e+03    0.3176   2.114100e+01   3.438000e+00      false       none        100         33          0          4     1662     1662          0          0          0
8        9.143338e+03   8.126487e+03   5.573761e+03    0.3141   2.484400e+01   3.703000e+00      false       none        100         33          0          4     1889     1889          0          0          0
9        9.355575e+03   8.126487e+03   5.653838e+03    0.3043   2.854700e+01   3.703000e+00      false       none        100         33          0          4     2043     2043          0          0          0
10       8.865030e+03   8.126487e+03   5.659717e+03    0.3035   3.261000e+01   4.063000e+00      false       none        100         33          0          4     2198     2198          0          0          0
11       7.469061e+03   7.469061e+03   5.746454e+03    0.2306   3.664100e+01   4.031000e+00      false       none        100         33          0          4     2370     2370          0          0          0
12       9.315729e+03   7.469061e+03   5.756292e+03    0.2293   4.073500e+01   4.094000e+00      false       none        100         33          0          4     2503     2503          0          0          0
13       6.453475e+03   6.453475e+03   5.757913e+03    0.1078   4.500000e+01   4.265000e+00      false       none        100         33          0          4     2614     2614          0          0          0
14       8.914830e+03   6.453475e+03   5.761201e+03    0.1073   4.945300e+01   4.453000e+00      false       none        100         33          0          4     2756     2756          0          0          0
15       1.096123e+04   6.453475e+03   5.761961e+03    0.1072   5.395300e+01   4.500000e+00      false       none        100         33          0          4     2880     2880          0          0          0
16       7.468142e+03   6.453475e+03   5.761961e+03    0.1072   5.932800e+01   5.375000e+00      false       none        100         33          0          4     2951     2951          0          0          0
17       7.288519e+03   6.453475e+03   5.762719e+03    0.1070   6.431300e+01   4.985000e+00      false       none        100         33          0          4     3069     3069          0          0          0
18       7.735821e+03   6.453475e+03   5.766509e+03    0.1064   6.946900e+01   5.156000e+00      false       none        100         33          0          4     3189     3189          0          0          0
19       7.400074e+03   6.453475e+03   5.766509e+03    0.1064   7.461000e+01   5.141000e+00      false       none        100         33          0          4     3287     3287          0          0          0
20       7.751382e+03   6.453475e+03   5.766509e+03    0.1064   7.984400e+01   5.234000e+00      false       none        100         33          0          4     3385     3385          0          0          0
21       9.372191e+03   6.453475e+03   6.408618e+03    0.0070   1.898481e+03   1.818637e+03      false       none        100         33          0          4     3961     3961      37835      37835        300
22       8.893137e+03   6.453475e+03   6.425152e+03    0.0044   4.345137e+03   2.446656e+03      false       none        100         33          0          4     4479     4479      40274      40274        300
23       7.247268e+03   6.453475e+03   6.481023e+03    0.0043   7.135416e+03   2.790279e+03      false       none        100         33          0          4     4971     4971      42341      42341        300
24       8.711078e+03   6.453475e+03   6.525760e+03    0.0111   1.032215e+04   3.186737e+03      false       none        100         33          0          4     5460     5460      42586      42586        300
25       8.709676e+03   6.453475e+03   6.555747e+03    0.0156   1.372712e+04   3.404971e+03      false       none        100         33          0          4     5967     5967      40324      40324        300
26       8.716494e+03   6.453475e+03   6.744711e+03    0.0432   1.719614e+04   3.469020e+03      false       none        100         33          0          4     6407     6407      38478      38478        300
27       8.485633e+03   6.453475e+03   6.791253e+03    0.0497   2.098674e+04   3.790594e+03      false       none        100         33          0          4     6830     6830      38606      38543        299
28       7.625410e+03   6.453475e+03   6.820420e+03    0.0538   2.610172e+04   5.114986e+03      false       none        100         33          0          4     7298     7298      42796      42796        300
29       9.053414e+03   6.453475e+03   6.832105e+03    0.0554   3.147765e+04   5.375930e+03      false       none        100         33          0          4     7765     7765      41240      41240        300

Terminating DynamicSDDiP with status: time_limit
------------------------------------------------------------------------------
 ────────────────────────────────────────────────────────────────────────────────
                                        Time                    Allocations      
                               ───────────────────────   ────────────────────────
       Tot / % measured:            8.74h / 100.0%            140GiB / 100.0%    

 Section               ncalls     time    %tot     avg     alloc    %tot      avg
 ────────────────────────────────────────────────────────────────────────────────
 loop                       1    8.74h  100.0%   8.74h    140GiB  100.0%   140GiB
   iterations              29    8.74h  100.0%   1085s    140GiB  100.0%  4.83GiB
     backward_pass         29    8.74h  100.0%   1085s    140GiB  100.0%  4.83GiB
       solve_BP         11.4k    8.74h  100.0%   2.76s    140GiB   99.9%  12.6MiB
         solve_dual     11.4k    8.74h  100.0%   2.76s    140GiB   99.9%  12.6MiB
           solve_la...  2.70k    8.51h   97.3%   11.3s   59.5GiB   42.5%  22.6MiB
             inner_sol   364k    7.58h   86.7%  74.8ms   8.20GiB    5.9%  23.6KiB
               solv...   364k    7.56h   86.4%  74.6ms   1.21GiB    0.9%  3.48KiB
             bundle...   364k    2855s    9.1%  7.83ms   1.13GiB    0.8%  3.25KiB
             outer_sol   364k     330s    1.0%   906μs   1.17GiB    0.8%  3.38KiB
             add_cut     364k    23.8s    0.1%  65.2μs   6.52GiB    4.7%  18.8KiB
             init_a...  2.70k    1.10s    0.0%   409μs    450MiB    0.3%   171KiB
             restor...  2.70k    308ms    0.0%   114μs   53.2MiB    0.0%  20.2KiB
             relax_...  2.70k    306ms    0.0%   113μs    117MiB    0.1%  44.2KiB
             conver...  2.70k   9.24ms    0.0%  3.42μs    549KiB    0.0%     208B
             minima...  2.70k   1.39ms    0.0%   514ns     0.00B    0.0%    0.00B
           solve_pr...  8.10k     388s    1.2%  47.9ms   27.0MiB    0.0%  3.42KiB
           solver_c...  8.70k     303s    1.0%  34.8ms   50.2MiB    0.0%  5.91KiB
           LP_relax...  8.70k    21.0s    0.1%  2.41ms   1.42GiB    1.0%   172KiB
             solver...  8.70k    14.6s    0.0%  1.68ms   25.1MiB    0.0%  2.96KiB
           solve_core   2.70k    5.51s    0.0%  2.04ms   4.14MiB    0.0%  1.57KiB
           dual_ini...  2.70k   3.79ms    0.0%  1.40μs    886KiB    0.0%     336B
         space_change   22.8k   7.06ms    0.0%   310ns     0.00B    0.0%    0.00B
       update_bellman     570    143ms    0.0%   250μs   67.0MiB    0.0%   120KiB
         cut_selection  7.76k   4.81ms    0.0%   620ns    595KiB    0.0%    78.5B
     forward_pass          29    8.81s    0.0%   304ms   14.7MiB    0.0%   519KiB
       solve_subpro...    464    8.79s    0.0%  18.9ms   13.3MiB    0.0%  29.4KiB
         solver_cal...    464    8.67s    0.0%  18.7ms   3.12MiB    0.0%  6.89KiB
     calculate_bound       29    498ms    0.0%  17.2ms    764KiB    0.0%  26.3KiB
       solver_call_...     29    494ms    0.0%  17.0ms   63.4KiB    0.0%  2.19KiB
 ────────────────────────────────────────────────────────────────────────────────

||||||||||||||||||||||||||||||||||||||||||||||||||||||||||||||||||||||||||||||||||||||||||||||||||||||||||||||||||||||||||||||||||||||||
LAGRANGIAN DUAL SOLUTION RESULTS
mn_opt: 0 times (0.0%)
conv: 0 times (0.0%)
unbounded: 0 times (0.0%)
bound_issues: 1 times (0.0%)
subgr_stalling: 0 times (0.0%)
opt: 2699 times (100.0%)
feas_issues: 0 times (0.0%)
sub: 0 times (0.0%)
mn_iter: 0 times (0.0%)
iter: 0 times (0.0%)
mn_issue: 0 times (0.0%)

||||||||||||||||||||||||||||||||||||||||||||||||||||||||||||||||||||||||||||||||||||||||||||||||||||||||||||||||||||||||||||||||||||||||
SIMULATION RESULTS
DynamicSDDiP.Simulation(DynamicSDDiP.InSampleMonteCarlo(), 1000)
Lower bound: 6832.104726681418
Statistical upper bound (confidence interval): 8998.681828124028 ± 72.70931894326029
Pessimistic upper bound: 9071.391147067288
