

#########################################################################################################################################
#########################################################################################################################################
#########################################################################################################################################
#########################################################################################################################################
#########################################################################################################################################
DynamicSDDiP.jl (c) Christian Füllner, 2021
re-uses code from SDDP.jl (c) Oscar Dowson, 2017-21
||||||||||||||||||||||||||||||||||||||||||||||||||||||||||||||||||||||||||||||||||||||||||||||||||||||||||||||||||||||||||||||||||||||||
PATH
calling 
C:\Users\cg4102\.julia\packages\DynamicSDDiP\Z7cZi\src
nothing
DATETIME
2023-03-22T19:49:21.587
||||||||||||||||||||||||||||||||||||||||||||||||||||||||||||||||||||||||||||||||||||||||||||||||||||||||||||||||||||||||||||||||||||||||
STOPPING RULES
SDDP.TimeLimit(18000.0)
SDDP.BoundStalling(20, 0.0001)
||||||||||||||||||||||||||||||||||||||||||||||||||||||||||||||||||||||||||||||||||||||||||||||||||||||||||||||||||||||||||||||||||||||||
REGULARIZATION
DynamicSDDiP.NoRegularization()
||||||||||||||||||||||||||||||||||||||||||||||||||||||||||||||||||||||||||||||||||||||||||||||||||||||||||||||||||||||||||||||||||||||||
CUT GENERATION REGIMES
DynamicSDDiP.CutGenerationRegime(DynamicSDDiP.NoStateApproximation(), DynamicSDDiP.LinearDuality(), 1, Inf, Inf, 0.0, true, 0.0001)

||||||||||||||||||||||||||||||||||||||||||||||||||||||||||||||||||||||||||||||||||||||||||||||||||||||||||||||||||||||||||||||||||||||||
CUT AGGREGATION
DynamicSDDiP.MultiCutRegime()
||||||||||||||||||||||||||||||||||||||||||||||||||||||||||||||||||||||||||||||||||||||||||||||||||||||||||||||||||||||||||||||||||||||||
CUT SELECTION
DynamicSDDiP.NoCutSelection()
||||||||||||||||||||||||||||||||||||||||||||||||||||||||||||||||||||||||||||||||||||||||||||||||||||||||||||||||||||||||||||||||||||||||
LATE BINARIZATION
DynamicSDDiP.NoLateBinarization()
||||||||||||||||||||||||||||||||||||||||||||||||||||||||||||||||||||||||||||||||||||||||||||||||||||||||||||||||||||||||||||||||||||||||
APPLIED SOLVERS (LP, MILP, MIQCP, MINLP, NLP, Lagrange)
DynamicSDDiP.AppliedSolvers(true, "Gurobi", "Gurobi", "Gurobi", "Gurobi", "Gurobi", "Gurobi", "Gurobi", "Gurobi", "Gurobi", 0.0001, 300)
DynamicSDDiP.Direct_Solver()
Numerical focus: false
Silent: true
||||||||||||||||||||||||||||||||||||||||||||||||||||||||||||||||||||||||||||||||||||||||||||||||||||||||||||||||||||||||||||||||||||||||
SAMPLING
Used seed for sampling scenarios: 
11111     
||||||||||||||||||||||||||||||||||||||||||||||||||||||||||||||||||||||||||||||||||||||||||||||||||||||||||||||||||||||||||||||||||||||||
RUN DESCRIPTION

||||||||||||||||||||||||||||||||||||||||||||||||||||||||||||||||||||||||||||||||||||||||||||||||||||||||||||||||||||||||||||||||||||||||
PROBLEM DESCRIPTION
Number of stages: 10
Number of realizations per stage: 20
Seed for scenario tree sampling: 12345
Solver: serial mode

────────────────────────────────────────────────────────────────────────────────────────────────────────────────────────────────────────────────────────────────────────────────────────────────────────
It.#               UB        Best UB             LB       Gap           Time        It_Time           Refinements                            #Var.   #Constr.             #Cuts       Lagrangian Dual                                               
                                                          [%]            [s]            [s]          σ       Bin.      Total      {0,1}          ℤ      Total    Total   Active      # It.    # C-It.  # C-Real.  
────────────────────────────────────────────────────────────────────────────────────────────────────────────────────────────────────────────────────────────────────────────────────────────────────────
1        4.560602e+03   4.560602e+03   1.805783e+03    0.6040   2.040000e-01   2.040000e-01      false       none        100         33          0          4      180      180          0          0          0
2        5.397061e+03   4.560602e+03   1.829590e+03    0.5988   4.070001e-01   2.030001e-01      false       none        100         33          0          4      343      343          0          0          0
3        6.384805e+03   4.560602e+03   1.988734e+03    0.5639   6.250000e-01   2.179999e-01      false       none        100         33          0          4      484      484          0          0          0
4        6.119552e+03   4.560602e+03   2.057088e+03    0.5489   8.910000e-01   2.660000e-01      false       none        100         33          0          4      632      632          0          0          0
5        4.643602e+03   4.560602e+03   2.071182e+03    0.5459   1.110000e+00   2.190001e-01      false       none        100         33          0          4      772      772          0          0          0
6        4.556069e+03   4.556069e+03   2.081492e+03    0.5431   1.344000e+00   2.340000e-01      false       none        100         33          0          4      853      853          0          0          0
7        5.782863e+03   4.556069e+03   2.089596e+03    0.5414   1.594000e+00   2.500000e-01      false       none        100         33          0          4      946      946          0          0          0
8        6.283573e+03   4.556069e+03   2.089797e+03    0.5413   1.829000e+00   2.349999e-01      false       none        100         33          0          4     1011     1011          0          0          0
9        5.077924e+03   4.556069e+03   2.090832e+03    0.5411   2.094000e+00   2.650001e-01      false       none        100         33          0          4     1073     1073          0          0          0
10       3.968082e+03   3.968082e+03   2.100460e+03    0.4707   2.344000e+00   2.500000e-01      false       none        100         33          0          4     1143     1143          0          0          0
11       5.665373e+03   3.968082e+03   2.112202e+03    0.4677   2.594000e+00   2.500000e-01      false       none        100         33          0          4     1197     1197          0          0          0
12       5.284824e+03   3.968082e+03   2.113840e+03    0.4673   2.829000e+00   2.349999e-01      false       none        100         33          0          4     1263     1263          0          0          0
13       3.137348e+03   3.137348e+03   2.120968e+03    0.3240   3.094000e+00   2.650001e-01      false       none        100         33          0          4     1401     1401          0          0          0
14       5.918162e+03   3.137348e+03   2.125105e+03    0.3226   3.407000e+00   3.130000e-01      false       none        100         33          0          4     1494     1494          0          0          0
15       3.648317e+03   3.137348e+03   2.133069e+03    0.3201   3.672000e+00   2.650001e-01      false       none        100         33          0          4     1612     1612          0          0          0
16       4.423804e+03   3.137348e+03   2.141145e+03    0.3175   3.954000e+00   2.819998e-01      false       none        100         33          0          4     1713     1713          0          0          0
17       4.456221e+03   3.137348e+03   2.142007e+03    0.3173   4.250000e+00   2.960000e-01      false       none        100         33          0          4     1844     1844          0          0          0
18       4.751925e+03   3.137348e+03   2.142058e+03    0.3172   4.532000e+00   2.820001e-01      false       none        100         33          0          4     1903     1903          0          0          0
19       6.137055e+03   3.137348e+03   2.142203e+03    0.3172   4.829000e+00   2.969999e-01      false       none        100         33          0          4     1978     1978          0          0          0
20       4.168442e+03   3.137348e+03   2.148825e+03    0.3151   5.157000e+00   3.280001e-01      false       none        100         33          0          4     2048     2048          0          0          0
21       7.158897e+03   3.137348e+03   2.148883e+03    0.3151   5.454000e+00   2.969999e-01      false       none        100         33          0          4     2101     2101          0          0          0
22       5.759268e+03   3.137348e+03   2.154133e+03    0.3134   5.766000e+00   3.120000e-01      false       none        100         33          0          4     2193     2193          0          0          0
23       4.067018e+03   3.137348e+03   2.162056e+03    0.3109   6.063000e+00   2.970002e-01      false       none        100         33          0          4     2296     2296          0          0          0
24       6.698079e+03   3.137348e+03   2.163656e+03    0.3104   6.360000e+00   2.969999e-01      false       none        100         33          0          4     2399     2399          0          0          0
25       6.102891e+03   3.137348e+03   2.164435e+03    0.3101   6.735000e+00   3.750000e-01      false       none        100         33          0          4     2500     2500          0          0          0
26       4.749349e+03   3.137348e+03   2.164561e+03    0.3101   7.047000e+00   3.120000e-01      false       none        100         33          0          4     2550     2550          0          0          0
27       5.274066e+03   3.137348e+03   2.164747e+03    0.3100   7.344000e+00   2.969999e-01      false       none        100         33          0          4     2575     2575          0          0          0
28       5.418307e+03   3.137348e+03   2.164819e+03    0.3100   7.657000e+00   3.130000e-01      false       none        100         33          0          4     2619     2619          0          0          0
29       4.153061e+03   3.137348e+03   2.164973e+03    0.3099   8.001000e+00   3.440001e-01      false       none        100         33          0          4     2683     2683          0          0          0
30       5.038103e+03   3.137348e+03   2.165131e+03    0.3099   8.376000e+00   3.750000e-01      false       none        100         33          0          4     2730     2730          0          0          0
31       3.905136e+03   3.137348e+03   2.167004e+03    0.3093   8.719000e+00   3.429999e-01      false       none        100         33          0          4     2835     2835          0          0          0
32       5.629696e+03   3.137348e+03   2.167047e+03    0.3093   9.063000e+00   3.440001e-01      false       none        100         33          0          4     2876     2876          0          0          0
33       7.038124e+03   3.137348e+03   2.167087e+03    0.3093   9.407000e+00   3.439999e-01      false       none        100         33          0          4     2917     2917          0          0          0
34       5.835853e+03   3.137348e+03   2.167287e+03    0.3092   9.751000e+00   3.440001e-01      false       none        100         33          0          4     2964     2964          0          0          0
35       5.865993e+03   3.137348e+03   2.167310e+03    0.3092   1.012500e+01   3.739998e-01      false       none        100         33          0          4     3007     3007          0          0          0
36       6.521342e+03   3.137348e+03   2.167362e+03    0.3092   1.043800e+01   3.130002e-01      false       none        100         33          0          4     3057     3057          0          0          0
37       6.744801e+03   3.137348e+03   2.167389e+03    0.3092   1.078200e+01   3.439999e-01      false       none        100         33          0          4     3086     3086          0          0          0
38       4.530093e+03   3.137348e+03   2.167389e+03    0.3092   1.112600e+01   3.440001e-01      false       none        100         33          0          4     3098     3098          0          0          0
39       5.041996e+03   3.137348e+03   2.168855e+03    0.3087   1.145400e+01   3.279998e-01      false       none        100         33          0          4     3140     3140          0          0          0
40       5.511678e+03   3.137348e+03   2.168991e+03    0.3087   1.182900e+01   3.750000e-01      false       none        100         33          0          4     3174     3174          0          0          0
41       4.691044e+03   3.137348e+03   2.168991e+03    0.3087   1.217200e+01   3.430002e-01      false       none        100         33          0          4     3204     3204          0          0          0
42       5.126865e+03   3.137348e+03   2.169096e+03    0.3086   1.253200e+01   3.599999e-01      false       none        100         33          0          4     3252     3252          0          0          0
43       4.314384e+03   3.137348e+03   2.170075e+03    0.3083   1.290700e+01   3.750000e-01      false       none        100         33          0          4     3342     3342          0          0          0
44       5.868717e+03   3.137348e+03   2.170160e+03    0.3083   1.325100e+01   3.440001e-01      false       none        100         33          0          4     3381     3381          0          0          0
45       4.866142e+03   3.137348e+03   2.170160e+03    0.3083   1.364100e+01   3.899999e-01      false       none        100         33          0          4     3417     3417          0          0          0
46       6.684529e+03   3.137348e+03   2.170291e+03    0.3082   1.400100e+01   3.600001e-01      false       none        100         33          0          4     3479     3479          0          0          0
47       5.697015e+03   3.137348e+03   2.170348e+03    0.3082   1.437600e+01   3.750000e-01      false       none        100         33          0          4     3511     3511          0          0          0
48       5.843634e+03   3.137348e+03   2.170348e+03    0.3082   1.473500e+01   3.590000e-01      false       none        100         33          0          4     3520     3520          0          0          0
49       5.472208e+03   3.137348e+03   2.170348e+03    0.3082   1.511000e+01   3.750000e-01      false       none        100         33          0          4     3552     3552          0          0          0
50       6.727892e+03   3.137348e+03   2.170766e+03    0.3081   1.548500e+01   3.750000e-01      false       none        100         33          0          4     3572     3572          0          0          0
51       3.179466e+03   3.137348e+03   2.171862e+03    0.3077   1.593800e+01   4.530001e-01      false       none        100         33          0          4     3679     3679          0          0          0
52       4.706487e+03   3.137348e+03   2.172005e+03    0.3077   1.632900e+01   3.909998e-01      false       none        100         33          0          4     3752     3752          0          0          0
53       6.436083e+03   3.137348e+03   2.172005e+03    0.3077   1.670400e+01   3.750000e-01      false       none        100         33          0          4     3797     3797          0          0          0
54       5.003045e+03   3.137348e+03   2.172047e+03    0.3077   1.709400e+01   3.900001e-01      false       none        100         33          0          4     3854     3854          0          0          0
55       4.796113e+03   3.137348e+03   2.172047e+03    0.3077   1.748500e+01   3.910000e-01      false       none        100         33          0          4     3869     3869          0          0          0
56       5.813432e+03   3.137348e+03   2.172047e+03    0.3077   1.790700e+01   4.219999e-01      false       none        100         33          0          4     3896     3896          0          0          0
57       4.890161e+03   3.137348e+03   2.172092e+03    0.3077   1.829700e+01   3.900001e-01      false       none        100         33          0          4     3945     3945          0          0          0
58       5.120880e+03   3.137348e+03   2.172102e+03    0.3077   1.868800e+01   3.910000e-01      false       none        100         33          0          4     3976     3976          0          0          0
59       6.684467e+03   3.137348e+03   2.172102e+03    0.3077   1.907900e+01   3.909998e-01      false       none        100         33          0          4     4002     4002          0          0          0
60       4.873020e+03   3.137348e+03   2.172652e+03    0.3075   1.950100e+01   4.220002e-01      false       none        100         33          0          4     4082     4082          0          0          0
61       4.461029e+03   3.137348e+03   2.172696e+03    0.3075   1.993800e+01   4.370000e-01      false       none        100         33          0          4     4119     4119          0          0          0
62       4.202357e+03   3.137348e+03   2.175281e+03    0.3066   2.036000e+01   4.219999e-01      false       none        100         33          0          4     4206     4206          0          0          0
63       6.951373e+03   3.137348e+03   2.175584e+03    0.3066   2.076600e+01   4.059999e-01      false       none        100         33          0          4     4240     4240          0          0          0
64       5.381794e+03   3.137348e+03   2.175584e+03    0.3066   2.118800e+01   4.220002e-01      false       none        100         33          0          4     4277     4277          0          0          0
65       4.193372e+03   3.137348e+03   2.175584e+03    0.3066   2.162600e+01   4.380000e-01      false       none        100         33          0          4     4353     4353          0          0          0
66       5.278702e+03   3.137348e+03   2.175584e+03    0.3066   2.206300e+01   4.370000e-01      false       none        100         33          0          4     4375     4375          0          0          0
67       9.170237e+03   3.137348e+03   2.175598e+03    0.3065   2.246900e+01   4.059999e-01      false       none        100         33          0          4     4425     4425          0          0          0
68       5.070470e+03   3.137348e+03   2.175650e+03    0.3065   2.295400e+01   4.849999e-01      false       none        100         33          0          4     4489     4489          0          0          0
69       4.882387e+03   3.137348e+03   2.175670e+03    0.3065   2.337600e+01   4.220002e-01      false       none        100         33          0          4     4551     4551          0          0          0
70       6.288460e+03   3.137348e+03   2.175670e+03    0.3065   2.379700e+01   4.210000e-01      false       none        100         33          0          4     4589     4589          0          0          0
71       4.994441e+03   3.137348e+03   2.175695e+03    0.3065   2.421900e+01   4.219999e-01      false       none        100         33          0          4     4634     4634          0          0          0
72       4.442353e+03   3.137348e+03   2.175695e+03    0.3065   2.470400e+01   4.849999e-01      false       none        100         33          0          4     4701     4701          0          0          0
73       4.632445e+03   3.137348e+03   2.175695e+03    0.3065   2.517200e+01   4.680002e-01      false       none        100         33          0          4     4766     4766          0          0          0
74       5.405447e+03   3.137348e+03   2.175695e+03    0.3065   2.562600e+01   4.540000e-01      false       none        100         33          0          4     4819     4819          0          0          0
75       6.728723e+03   3.137348e+03   2.175785e+03    0.3065   2.607900e+01   4.529998e-01      false       none        100         33          0          4     4851     4851          0          0          0
76       4.182398e+03   3.137348e+03   2.176161e+03    0.3064   2.654700e+01   4.680002e-01      false       none        100         33          0          4     4923     4923          0          0          0
77       7.394680e+03   3.137348e+03   2.176171e+03    0.3064   2.700100e+01   4.540000e-01      false       none        100         33          0          4     4962     4962          0          0          0
78       5.761572e+03   3.137348e+03   2.176171e+03    0.3064   2.742200e+01   4.210000e-01      false       none        100         33          0          4     4969     4969          0          0          0
79       5.080253e+03   3.137348e+03   2.176224e+03    0.3063   2.787600e+01   4.540000e-01      false       none        100         33          0          4     4998     4998          0          0          0
80       5.758282e+03   3.137348e+03   2.176224e+03    0.3063   2.836000e+01   4.840000e-01      false       none        100         33          0          4     5020     5020          0          0          0
81       4.559658e+03   3.137348e+03   2.176236e+03    0.3063   2.884400e+01   4.840000e-01      false       none        100         33          0          4     5053     5053          0          0          0
82       5.001739e+03   3.137348e+03   2.176279e+03    0.3063   2.934400e+01   5.000000e-01      false       none        100         33          0          4     5078     5078          0          0          0
83       5.190276e+03   3.137348e+03   2.176536e+03    0.3062   2.979700e+01   4.530001e-01      false       none        100         33          0          4     5128     5128          0          0          0
84       6.284793e+03   3.137348e+03   2.176613e+03    0.3062   3.025100e+01   4.540000e-01      false       none        100         33          0          4     5147     5147          0          0          0
85       3.980290e+03   3.137348e+03   2.176613e+03    0.3062   3.075100e+01   5.000000e-01      false       none        100         33          0          4     5173     5173          0          0          0
86       7.297021e+03   3.137348e+03   2.176613e+03    0.3062   3.121900e+01   4.679999e-01      false       none        100         33          0          4     5175     5175          0          0          0
87       5.914583e+03   3.137348e+03   2.178019e+03    0.3058   3.171900e+01   5.000000e-01      false       none        100         33          0          4     5223     5223          0          0          0
88       4.914481e+03   3.137348e+03   2.178369e+03    0.3057   3.220400e+01   4.849999e-01      false       none        100         33          0          4     5270     5270          0          0          0
89       3.579281e+03   3.137348e+03   2.178555e+03    0.3056   3.270400e+01   5.000000e-01      false       none        100         33          0          4     5317     5317          0          0          0
90       4.684700e+03   3.137348e+03   2.178598e+03    0.3056   3.321900e+01   5.150001e-01      false       none        100         33          0          4     5378     5378          0          0          0
91       4.540724e+03   3.137348e+03   2.178633e+03    0.3056   3.370400e+01   4.849999e-01      false       none        100         33          0          4     5415     5415          0          0          0
92       3.626260e+03   3.137348e+03   2.178633e+03    0.3056   3.423500e+01   5.310001e-01      false       none        100         33          0          4     5454     5454          0          0          0
93       4.583271e+03   3.137348e+03   2.178633e+03    0.3056   3.476600e+01   5.309999e-01      false       none        100         33          0          4     5480     5480          0          0          0
94       5.397567e+03   3.137348e+03   2.178633e+03    0.3056   3.526600e+01   5.000000e-01      false       none        100         33          0          4     5511     5511          0          0          0
95       4.842100e+03   3.137348e+03   2.178633e+03    0.3056   3.575100e+01   4.850001e-01      false       none        100         33          0          4     5533     5533          0          0          0
96       6.672899e+03   3.137348e+03   2.178633e+03    0.3056   3.621900e+01   4.679999e-01      false       none        100         33          0          4     5564     5564          0          0          0
97       5.011589e+03   3.137348e+03   2.178633e+03    0.3056   3.671900e+01   5.000000e-01      false       none        100         33          0          4     5608     5608          0          0          0
98       5.214710e+03   3.137348e+03   2.178714e+03    0.3056   3.725100e+01   5.320001e-01      false       none        100         33          0          4     5641     5641          0          0          0
99       5.386416e+03   3.137348e+03   2.178760e+03    0.3055   3.776600e+01   5.149999e-01      false       none        100         33          0          4     5661     5661          0          0          0
100      4.381739e+03   3.137348e+03   2.178801e+03    0.3055   3.826600e+01   5.000000e-01      false       none        100         33          0          4     5686     5686          0          0          0
101      4.343202e+03   3.137348e+03   2.178890e+03    0.3055   3.878200e+01   5.160000e-01      false       none        100         33          0          4     5719     5719          0          0          0
102      4.698851e+03   3.137348e+03   2.178927e+03    0.3055   3.931300e+01   5.310001e-01      false       none        100         33          0          4     5793     5793          0          0          0
103      6.541370e+03   3.137348e+03   2.178959e+03    0.3055   3.982900e+01   5.159998e-01      false       none        100         33          0          4     5816     5816          0          0          0
104      4.678552e+03   3.137348e+03   2.179590e+03    0.3053   4.037600e+01   5.470002e-01      false       none        100         33          0          4     5874     5874          0          0          0
105      5.356592e+03   3.137348e+03   2.179590e+03    0.3053   4.090700e+01   5.309999e-01      false       none        100         33          0          4     5903     5903          0          0          0
106      3.698373e+03   3.137348e+03   2.179590e+03    0.3053   4.146900e+01   5.620000e-01      false       none        100         33          0          4     5957     5957          0          0          0
107      4.916289e+03   3.137348e+03   2.179590e+03    0.3053   4.200100e+01   5.320001e-01      false       none        100         33          0          4     6001     6001          0          0          0
108      6.045249e+03   3.137348e+03   2.179590e+03    0.3053   4.250100e+01   5.000000e-01      false       none        100         33          0          4     6040     6040          0          0          0
109      4.944072e+03   3.137348e+03   2.179590e+03    0.3053   4.307900e+01   5.779998e-01      false       none        100         33          0          4     6068     6068          0          0          0
110      4.920327e+03   3.137348e+03   2.179590e+03    0.3053   4.362600e+01   5.470002e-01      false       none        100         33          0          4     6089     6089          0          0          0
111      5.308149e+03   3.137348e+03   2.179601e+03    0.3053   4.415700e+01   5.309999e-01      false       none        100         33          0          4     6104     6104          0          0          0
112      6.837613e+03   3.137348e+03   2.179601e+03    0.3053   4.467200e+01   5.150001e-01      false       none        100         33          0          4     6126     6126          0          0          0
113      4.936909e+03   3.137348e+03   2.179654e+03    0.3053   4.521900e+01   5.469999e-01      false       none        100         33          0          4     6148     6148          0          0          0
114      3.785734e+03   3.137348e+03   2.179678e+03    0.3052   4.573500e+01   5.160000e-01      false       none        100         33          0          4     6182     6182          0          0          0
115      6.086368e+03   3.137348e+03   2.179678e+03    0.3052   4.625100e+01   5.160000e-01      false       none        100         33          0          4     6202     6202          0          0          0
116      4.362676e+03   3.137348e+03   2.179678e+03    0.3052   4.681300e+01   5.620000e-01      false       none        100         33          0          4     6223     6223          0          0          0
117      4.459246e+03   3.137348e+03   2.179689e+03    0.3052   4.737600e+01   5.630000e-01      false       none        100         33          0          4     6254     6254          0          0          0
118      7.931528e+03   3.137348e+03   2.179717e+03    0.3052   4.786000e+01   4.840000e-01      false       none        100         33          0          4     6287     6287          0          0          0
119      6.800944e+03   3.137348e+03   2.179717e+03    0.3052   4.837600e+01   5.160000e-01      false       none        100         33          0          4     6307     6307          0          0          0
120      6.754703e+03   3.137348e+03   2.179737e+03    0.3052   4.895400e+01   5.779998e-01      false       none        100         33          0          4     6327     6327          0          0          0
121      5.102198e+03   3.137348e+03   2.179737e+03    0.3052   4.951600e+01   5.620000e-01      false       none        100         33          0          4     6355     6355          0          0          0
122      5.474005e+03   3.137348e+03   2.179746e+03    0.3052   5.009400e+01   5.780001e-01      false       none        100         33          0          4     6390     6390          0          0          0
123      6.946686e+03   3.137348e+03   2.179746e+03    0.3052   5.062600e+01   5.320001e-01      false       none        100         33          0          4     6396     6396          0          0          0
124      4.739485e+03   3.137348e+03   2.179847e+03    0.3052   5.117200e+01   5.460000e-01      false       none        100         33          0          4     6421     6421          0          0          0
125      6.161709e+03   3.137348e+03   2.179847e+03    0.3052   5.170400e+01   5.319998e-01      false       none        100         33          0          4     6425     6425          0          0          0
126      7.093585e+03   3.137348e+03   2.179847e+03    0.3052   5.226600e+01   5.620000e-01      false       none        100         33          0          4     6453     6453          0          0          0
127      6.499594e+03   3.137348e+03   2.179847e+03    0.3052   5.278200e+01   5.160000e-01      false       none        100         33          0          4     6460     6460          0          0          0
128      4.295620e+03   3.137348e+03   2.179857e+03    0.3052   5.337600e+01   5.940001e-01      false       none        100         33          0          4     6481     6481          0          0          0
129      3.984817e+03   3.137348e+03   2.179857e+03    0.3052   5.400100e+01   6.250000e-01      false       none        100         33          0          4     6511     6511          0          0          0
130      4.072196e+03   3.137348e+03   2.179857e+03    0.3052   5.457900e+01   5.779998e-01      false       none        100         33          0          4     6576     6576          0          0          0
131      5.221116e+03   3.137348e+03   2.179857e+03    0.3052   5.517200e+01   5.930002e-01      false       none        100         33          0          4     6598     6598          0          0          0
132      4.970362e+03   3.137348e+03   2.179867e+03    0.3052   5.576600e+01   5.939999e-01      false       none        100         33          0          4     6624     6624          0          0          0
133      4.164513e+03   3.137348e+03   2.179867e+03    0.3052   5.639100e+01   6.250000e-01      false       none        100         33          0          4     6655     6655          0          0          0
134      4.647329e+03   3.137348e+03   2.179867e+03    0.3052   5.692200e+01   5.310001e-01      false       none        100         33          0          4     6661     6661          0          0          0
135      6.180358e+03   3.137348e+03   2.179867e+03    0.3052   5.750100e+01   5.790000e-01      false       none        100         33          0          4     6674     6674          0          0          0
136      5.032577e+03   3.137348e+03   2.179878e+03    0.3052   5.806300e+01   5.620000e-01      false       none        100         33          0          4     6680     6680          0          0          0
137      5.065660e+03   3.137348e+03   2.179878e+03    0.3052   5.865700e+01   5.939999e-01      false       none        100         33          0          4     6697     6697          0          0          0
138      5.189126e+03   3.137348e+03   2.179878e+03    0.3052   5.920400e+01   5.469999e-01      false       none        100         33          0          4     6722     6722          0          0          0
139      4.743801e+03   3.137348e+03   2.179888e+03    0.3052   5.979700e+01   5.930002e-01      false       none        100         33          0          4     6750     6750          0          0          0
140      4.532908e+03   3.137348e+03   2.179888e+03    0.3052   6.034400e+01   5.469999e-01      false       none        100         33          0          4     6767     6767          0          0          0
141      6.345186e+03   3.137348e+03   2.179888e+03    0.3052   6.089100e+01   5.469999e-01      false       none        100         33          0          4     6770     6770          0          0          0
142      4.664836e+03   3.137348e+03   2.179888e+03    0.3052   6.143800e+01   5.470002e-01      false       none        100         33          0          4     6772     6772          0          0          0
143      4.825665e+03   3.137348e+03   2.179888e+03    0.3052   6.204700e+01   6.090000e-01      false       none        100         33          0          4     6800     6800          0          0          0
144      5.235321e+03   3.137348e+03   2.179898e+03    0.3052   6.262600e+01   5.790000e-01      false       none        100         33          0          4     6810     6810          0          0          0
145      4.457501e+03   3.137348e+03   2.179898e+03    0.3052   6.320400e+01   5.779998e-01      false       none        100         33          0          4     6819     6819          0          0          0
146      4.758537e+03   3.137348e+03   2.179898e+03    0.3052   6.379700e+01   5.930002e-01      false       none        100         33          0          4     6836     6836          0          0          0
147      5.081530e+03   3.137348e+03   2.179898e+03    0.3052   6.442200e+01   6.250000e-01      false       none        100         33          0          4     6868     6868          0          0          0
148      4.408299e+03   3.137348e+03   2.179898e+03    0.3052   6.501600e+01   5.939999e-01      false       none        100         33          0          4     6897     6897          0          0          0
149      4.152934e+03   3.137348e+03   2.179949e+03    0.3052   6.561000e+01   5.940001e-01      false       none        100         33          0          4     6927     6927          0          0          0
150      5.383351e+03   3.137348e+03   2.179949e+03    0.3052   6.623500e+01   6.250000e-01      false       none        100         33          0          4     6947     6947          0          0          0
151      4.232714e+03   3.137348e+03   2.179949e+03    0.3052   6.684400e+01   6.090000e-01      false       none        100         33          0          4     6964     6964          0          0          0
152      6.391664e+03   3.137348e+03   2.179949e+03    0.3052   6.748500e+01   6.410000e-01      false       none        100         33          0          4     6991     6991          0          0          0
153      4.642031e+03   3.137348e+03   2.179949e+03    0.3052   6.806300e+01   5.780001e-01      false       none        100         33          0          4     6992     6992          0          0          0
154      3.899131e+03   3.137348e+03   2.179949e+03    0.3052   6.867300e+01   6.099999e-01      false       none        100         33          0          4     7018     7018          0          0          0
155      4.588770e+03   3.137348e+03   2.179959e+03    0.3052   6.925100e+01   5.780001e-01      false       none        100         33          0          4     7021     7021          0          0          0
156      4.641048e+03   3.137348e+03   2.179959e+03    0.3052   6.979700e+01   5.460000e-01      false       none        100         33          0          4     7038     7038          0          0          0
157      6.543067e+03   3.137348e+03   2.179959e+03    0.3052   7.037600e+01   5.790000e-01      false       none        100         33          0          4     7053     7053          0          0          0
158      4.458495e+03   3.137348e+03   2.179959e+03    0.3052   7.098500e+01   6.090000e-01      false       none        100         33          0          4     7085     7085          0          0          0
159      6.301931e+03   3.137348e+03   2.179981e+03    0.3052   7.159400e+01   6.090000e-01      false       none        100         33          0          4     7118     7118          0          0          0
160      6.946965e+03   3.137348e+03   2.179993e+03    0.3051   7.217300e+01   5.790000e-01      false       none        100         33          0          4     7128     7128          0          0          0
161      5.274085e+03   3.137348e+03   2.180028e+03    0.3051   7.276600e+01   5.929999e-01      false       none        100         33          0          4     7147     7147          0          0          0
162      5.796152e+03   3.137348e+03   2.180044e+03    0.3051   7.334400e+01   5.780001e-01      false       none        100         33          0          4     7164     7164          0          0          0
163      4.923046e+03   3.137348e+03   2.180044e+03    0.3051   7.396900e+01   6.250000e-01      false       none        100         33          0          4     7171     7171          0          0          0
164      6.827816e+03   3.137348e+03   2.180044e+03    0.3051   7.453200e+01   5.630000e-01      false       none        100         33          0          4     7183     7183          0          0          0
165      4.718070e+03   3.137348e+03   2.180044e+03    0.3051   7.515700e+01   6.250000e-01      false       none        100         33          0          4     7193     7193          0          0          0
166      3.413799e+03   3.137348e+03   2.180044e+03    0.3051   7.578200e+01   6.250000e-01      false       none        100         33          0          4     7242     7242          0          0          0
167      4.184907e+03   3.137348e+03   2.180044e+03    0.3051   7.636000e+01   5.780001e-01      false       none        100         33          0          4     7269     7269          0          0          0
168      4.660745e+03   3.137348e+03   2.180044e+03    0.3051   7.698500e+01   6.250000e-01      false       none        100         33          0          4     7287     7287          0          0          0
169      4.275488e+03   3.137348e+03   2.180044e+03    0.3051   7.762600e+01   6.410000e-01      false       none        100         33          0          4     7304     7304          0          0          0
170      4.469185e+03   3.137348e+03   2.180177e+03    0.3051   7.823500e+01   6.090000e-01      false       none        100         33          0          4     7394     7394          0          0          0
171      5.035584e+03   3.137348e+03   2.180197e+03    0.3051   7.884400e+01   6.090000e-01      false       none        100         33          0          4     7408     7408          0          0          0
172      5.848672e+03   3.137348e+03   2.180197e+03    0.3051   7.948500e+01   6.410000e-01      false       none        100         33          0          4     7431     7431          0          0          0
173      3.811892e+03   3.137348e+03   2.180197e+03    0.3051   8.012600e+01   6.410000e-01      false       none        100         33          0          4     7479     7479          0          0          0
174      4.270801e+03   3.137348e+03   2.180197e+03    0.3051   8.076600e+01   6.399999e-01      false       none        100         33          0          4     7496     7496          0          0          0
175      5.896354e+03   3.137348e+03   2.180197e+03    0.3051   8.137600e+01   6.100001e-01      false       none        100         33          0          4     7508     7508          0          0          0
176      4.531482e+03   3.137348e+03   2.180221e+03    0.3051   8.198500e+01   6.090000e-01      false       none        100         33          0          4     7536     7536          0          0          0
177      5.421906e+03   3.137348e+03   2.180221e+03    0.3051   8.267300e+01   6.880000e-01      false       none        100         33          0          4     7565     7565          0          0          0
178      4.197740e+03   3.137348e+03   2.180221e+03    0.3051   8.329800e+01   6.250000e-01      false       none        100         33          0          4     7628     7628          0          0          0
179      3.394123e+03   3.137348e+03   2.180221e+03    0.3051   8.396900e+01   6.710000e-01      false       none        100         33          0          4     7668     7668          0          0          0
180      3.596188e+03   3.137348e+03   2.180292e+03    0.3051   8.462600e+01   6.570001e-01      false       none        100         33          0          4     7749     7749          0          0          0
181      5.737727e+03   3.137348e+03   2.180292e+03    0.3051   8.526600e+01   6.399999e-01      false       none        100         33          0          4     7768     7768          0          0          0
182      4.981838e+03   3.137348e+03   2.180328e+03    0.3050   8.592300e+01   6.570001e-01      false       none        100         33          0          4     7797     7797          0          0          0
183      3.875072e+03   3.137348e+03   2.180328e+03    0.3050   8.656300e+01   6.400001e-01      false       none        100         33          0          4     7818     7818          0          0          0
184      7.286865e+03   3.137348e+03   2.180328e+03    0.3050   8.715700e+01   5.939999e-01      false       none        100         33          0          4     7837     7837          0          0          0
185      4.406456e+03   3.137348e+03   2.180667e+03    0.3049   8.782900e+01   6.719999e-01      false       none        100         33          0          4     7888     7888          0          0          0
186      7.126609e+03   3.137348e+03   2.180667e+03    0.3049   8.842300e+01   5.940001e-01      false       none        100         33          0          4     7896     7896          0          0          0
187      4.274225e+03   3.137348e+03   2.180667e+03    0.3049   8.907900e+01   6.559999e-01      false       none        100         33          0          4     7906     7906          0          0          0
188      4.353543e+03   3.137348e+03   2.180667e+03    0.3049   8.970400e+01   6.250000e-01      false       none        100         33          0          4     7918     7918          0          0          0
189      3.688730e+03   3.137348e+03   2.180677e+03    0.3049   9.032900e+01   6.250000e-01      false       none        100         33          0          4     7949     7949          0          0          0
190      3.554241e+03   3.137348e+03   2.180677e+03    0.3049   9.103200e+01   7.030001e-01      false       none        100         33          0          4     8028     8028          0          0          0
191      4.016472e+03   3.137348e+03   2.180677e+03    0.3049   9.175100e+01   7.190001e-01      false       none        100         33          0          4     8038     8038          0          0          0
192      4.661406e+03   3.137348e+03   2.182315e+03    0.3044   9.240700e+01   6.559999e-01      false       none        100         33          0          4     8092     8092          0          0          0
193      5.429935e+03   3.137348e+03   2.182433e+03    0.3044   9.311000e+01   7.030001e-01      false       none        100         33          0          4     8132     8132          0          0          0
194      4.976894e+03   3.137348e+03   2.182448e+03    0.3044   9.381300e+01   7.030001e-01      false       none        100         33          0          4     8156     8156          0          0          0
195      5.426527e+03   3.137348e+03   2.182448e+03    0.3044   9.445400e+01   6.409998e-01      false       none        100         33          0          4     8177     8177          0          0          0
196      5.982666e+03   3.137348e+03   2.182448e+03    0.3044   9.514100e+01   6.870000e-01      false       none        100         33          0          4     8196     8196          0          0          0
197      5.369664e+03   3.137348e+03   2.182448e+03    0.3044   9.576600e+01   6.250000e-01      false       none        100         33          0          4     8207     8207          0          0          0
198      4.875951e+03   3.137348e+03   2.182474e+03    0.3044   9.642300e+01   6.570001e-01      false       none        100         33          0          4     8232     8232          0          0          0
199      5.492082e+03   3.137348e+03   2.182474e+03    0.3044   9.707900e+01   6.559999e-01      false       none        100         33          0          4     8244     8244          0          0          0
200      6.200246e+03   3.137348e+03   2.182474e+03    0.3044   9.776600e+01   6.870000e-01      false       none        100         33          0          4     8255     8255          0          0          0
201      4.944358e+03   3.137348e+03   2.182487e+03    0.3044   9.839100e+01   6.250000e-01      false       none        100         33          0          4     8271     8271          0          0          0
202      3.596721e+03   3.137348e+03   2.182487e+03    0.3044   9.906300e+01   6.720002e-01      false       none        100         33          0          4     8313     8313          0          0          0
203      5.466619e+03   3.137348e+03   2.182487e+03    0.3044   9.976600e+01   7.029998e-01      false       none        100         33          0          4     8330     8330          0          0          0
204      5.956065e+03   3.137348e+03   2.182529e+03    0.3043   1.004230e+02   6.570001e-01      false       none        100         33          0          4     8361     8361          0          0          0
205      4.421714e+03   3.137348e+03   2.182529e+03    0.3043   1.010790e+02   6.559999e-01      false       none        100         33          0          4     8372     8372          0          0          0
206      4.156704e+03   3.137348e+03   2.182529e+03    0.3043   1.017510e+02   6.720002e-01      false       none        100         33          0          4     8389     8389          0          0          0
207      5.670064e+03   3.137348e+03   2.182529e+03    0.3043   1.024070e+02   6.559999e-01      false       none        100         33          0          4     8405     8405          0          0          0
208      4.028811e+03   3.137348e+03   2.182538e+03    0.3043   1.030940e+02   6.870000e-01      false       none        100         33          0          4     8420     8420          0          0          0
209      5.622307e+03   3.137348e+03   2.182538e+03    0.3043   1.037820e+02   6.880000e-01      false       none        100         33          0          4     8425     8425          0          0          0
210      6.584109e+03   3.137348e+03   2.182538e+03    0.3043   1.044690e+02   6.870000e-01      false       none        100         33          0          4     8426     8426          0          0          0
211      4.692760e+03   3.137348e+03   2.182538e+03    0.3043   1.051260e+02   6.570001e-01      false       none        100         33          0          4     8435     8435          0          0          0
212      3.605230e+03   3.137348e+03   2.182548e+03    0.3043   1.058130e+02   6.870000e-01      false       none        100         33          0          4     8454     8454          0          0          0
213      4.616105e+03   3.137348e+03   2.182548e+03    0.3043   1.065160e+02   7.029998e-01      false       none        100         33          0          4     8484     8484          0          0          0
214      4.435117e+03   3.137348e+03   2.182548e+03    0.3043   1.071880e+02   6.720002e-01      false       none        100         33          0          4     8497     8497          0          0          0
215      4.581113e+03   3.137348e+03   2.182548e+03    0.3043   1.078760e+02   6.880000e-01      false       none        100         33          0          4     8507     8507          0          0          0
216      4.406660e+03   3.137348e+03   2.182567e+03    0.3043   1.086100e+02   7.340000e-01      false       none        100         33          0          4     8534     8534          0          0          0
217      3.774509e+03   3.137348e+03   2.182567e+03    0.3043   1.093290e+02   7.189999e-01      false       none        100         33          0          4     8550     8550          0          0          0
218      3.959092e+03   3.137348e+03   2.182567e+03    0.3043   1.100790e+02   7.500000e-01      false       none        100         33          0          4     8594     8594          0          0          0
219      5.463204e+03   3.137348e+03   2.182567e+03    0.3043   1.107350e+02   6.560001e-01      false       none        100         33          0          4     8601     8601          0          0          0
220      3.591046e+03   3.137348e+03   2.182578e+03    0.3043   1.114230e+02   6.880000e-01      false       none        100         33          0          4     8641     8641          0          0          0
221      4.449439e+03   3.137348e+03   2.182589e+03    0.3043   1.120940e+02   6.710000e-01      false       none        100         33          0          4     8650     8650          0          0          0
222      6.065569e+03   3.137348e+03   2.182589e+03    0.3043   1.127510e+02   6.570001e-01      false       none        100         33          0          4     8659     8659          0          0          0
223      5.223849e+03   3.137348e+03   2.182589e+03    0.3043   1.134380e+02   6.870000e-01      false       none        100         33          0          4     8673     8673          0          0          0
224      5.798158e+03   3.137348e+03   2.182589e+03    0.3043   1.141100e+02   6.719999e-01      false       none        100         33          0          4     8673     8673          0          0          0
225      5.731199e+03   3.137348e+03   2.182589e+03    0.3043   1.147350e+02   6.250000e-01      false       none        100         33          0          4     8673     8673          0          0          0
226      4.295163e+03   3.137348e+03   2.182635e+03    0.3043   1.154850e+02   7.500000e-01      false       none        100         33          0          4     8699     8699          0          0          0
227      4.576873e+03   3.137348e+03   2.182660e+03    0.3043   1.161410e+02   6.559999e-01      false       none        100         33          0          4     8712     8712          0          0          0
228      4.967420e+03   3.137348e+03   2.182670e+03    0.3043   1.168760e+02   7.350001e-01      false       none        100         33          0          4     8783     8783          0          0          0
229      5.333480e+03   3.137348e+03   2.182720e+03    0.3043   1.176410e+02   7.649999e-01      false       none        100         33          0          4     8817     8817          0          0          0
230      4.995169e+03   3.137348e+03   2.182720e+03    0.3043   1.183440e+02   7.030001e-01      false       none        100         33          0          4     8822     8822          0          0          0
231      5.127392e+03   3.137348e+03   2.182720e+03    0.3043   1.190010e+02   6.570001e-01      false       none        100         33          0          4     8829     8829          0          0          0
232      5.731403e+03   3.137348e+03   2.182731e+03    0.3043   1.196410e+02   6.399999e-01      false       none        100         33          0          4     8833     8833          0          0          0
233      4.856425e+03   3.137348e+03   2.182731e+03    0.3043   1.203290e+02   6.880000e-01      false       none        100         33          0          4     8864     8864          0          0          0
234      5.297470e+03   3.137348e+03   2.182731e+03    0.3043   1.210320e+02   7.030001e-01      false       none        100         33          0          4     8868     8868          0          0          0
235      3.966094e+03   3.137348e+03   2.182740e+03    0.3043   1.217350e+02   7.030001e-01      false       none        100         33          0          4     8900     8900          0          0          0
236      5.446609e+03   3.137348e+03   2.182740e+03    0.3043   1.223910e+02   6.559999e-01      false       none        100         33          0          4     8910     8910          0          0          0
237      5.432452e+03   3.137348e+03   2.182761e+03    0.3043   1.230790e+02   6.880000e-01      false       none        100         33          0          4     8929     8929          0          0          0
238      5.225610e+03   3.137348e+03   2.182761e+03    0.3043   1.238130e+02   7.340002e-01      false       none        100         33          0          4     8938     8938          0          0          0
239      4.207476e+03   3.137348e+03   2.182761e+03    0.3043   1.245790e+02   7.659998e-01      false       none        100         33          0          4     8971     8971          0          0          0
240      4.117923e+03   3.137348e+03   2.182761e+03    0.3043   1.253290e+02   7.500000e-01      false       none        100         33          0          4     8996     8996          0          0          0
241      5.345036e+03   3.137348e+03   2.182761e+03    0.3043   1.260320e+02   7.030001e-01      false       none        100         33          0          4     9004     9004          0          0          0
242      3.829389e+03   3.137348e+03   2.182761e+03    0.3043   1.267510e+02   7.190001e-01      false       none        100         33          0          4     9035     9035          0          0          0
243      5.942907e+03   3.137348e+03   2.182761e+03    0.3043   1.274070e+02   6.559999e-01      false       none        100         33          0          4     9043     9043          0          0          0
244      4.564518e+03   3.137348e+03   2.182761e+03    0.3043   1.281410e+02   7.340000e-01      false       none        100         33          0          4     9087     9087          0          0          0
245      3.707408e+03   3.137348e+03   2.182761e+03    0.3043   1.288910e+02   7.500000e-01      false       none        100         33          0          4     9102     9102          0          0          0
246      4.733125e+03   3.137348e+03   2.183168e+03    0.3041   1.296410e+02   7.500000e-01      false       none        100         33          0          4     9150     9150          0          0          0
247      5.398433e+03   3.137348e+03   2.183168e+03    0.3041   1.303910e+02   7.500000e-01      false       none        100         33          0          4     9164     9164          0          0          0
248      5.312841e+03   3.137348e+03   2.183168e+03    0.3041   1.310630e+02   6.720002e-01      false       none        100         33          0          4     9174     9174          0          0          0
249      5.293674e+03   3.137348e+03   2.183178e+03    0.3041   1.317510e+02   6.880000e-01      false       none        100         33          0          4     9177     9177          0          0          0
250      3.786458e+03   3.137348e+03   2.183178e+03    0.3041   1.324540e+02   7.029998e-01      false       none        100         33          0          4     9218     9218          0          0          0
251      4.697063e+03   3.137348e+03   2.183178e+03    0.3041   1.332350e+02   7.810001e-01      false       none        100         33          0          4     9240     9240          0          0          0
252      5.272837e+03   3.137348e+03   2.183178e+03    0.3041   1.340010e+02   7.660000e-01      false       none        100         33          0          4     9253     9253          0          0          0
253      5.342923e+03   3.137348e+03   2.183178e+03    0.3041   1.347350e+02   7.340000e-01      false       none        100         33          0          4     9261     9261          0          0          0
254      5.086844e+03   3.137348e+03   2.183178e+03    0.3041   1.354700e+02   7.349999e-01      false       none        100         33          0          4     9273     9273          0          0          0
255      6.268306e+03   3.137348e+03   2.183178e+03    0.3041   1.361880e+02   7.180002e-01      false       none        100         33          0          4     9287     9287          0          0          0
256      3.517303e+03   3.137348e+03   2.183178e+03    0.3041   1.369380e+02   7.500000e-01      false       none        100         33          0          4     9360     9360          0          0          0
257      4.427568e+03   3.137348e+03   2.183231e+03    0.3041   1.376880e+02   7.500000e-01      false       none        100         33          0          4     9391     9391          0          0          0
258      4.447475e+03   3.137348e+03   2.183231e+03    0.3041   1.383910e+02   7.029998e-01      false       none        100         33          0          4     9404     9404          0          0          0
259      5.315881e+03   3.137348e+03   2.183231e+03    0.3041   1.391100e+02   7.190001e-01      false       none        100         33          0          4     9416     9416          0          0          0
260      4.914853e+03   3.137348e+03   2.183231e+03    0.3041   1.397820e+02   6.719999e-01      false       none        100         33          0          4     9430     9430          0          0          0
261      4.099881e+03   3.137348e+03   2.183231e+03    0.3041   1.405630e+02   7.810001e-01      false       none        100         33          0          4     9456     9456          0          0          0
262      4.498545e+03   3.137348e+03   2.183231e+03    0.3041   1.413130e+02   7.500000e-01      false       none        100         33          0          4     9477     9477          0          0          0
263      4.847145e+03   3.137348e+03   2.183231e+03    0.3041   1.420160e+02   7.029998e-01      false       none        100         33          0          4     9481     9481          0          0          0
264      5.420535e+03   3.137348e+03   2.183250e+03    0.3041   1.427350e+02   7.190001e-01      false       none        100         33          0          4     9498     9498          0          0          0
265      4.181016e+03   3.137348e+03   2.183250e+03    0.3041   1.434540e+02   7.189999e-01      false       none        100         33          0          4     9505     9505          0          0          0
266      4.908352e+03   3.137348e+03   2.183260e+03    0.3041   1.441730e+02   7.190001e-01      false       none        100         33          0          4     9516     9516          0          0          0
267      7.008638e+03   3.137348e+03   2.183260e+03    0.3041   1.448600e+02   6.870000e-01      false       none        100         33          0          4     9518     9518          0          0          0
268      5.474111e+03   3.137348e+03   2.183260e+03    0.3041   1.456260e+02   7.660000e-01      false       none        100         33          0          4     9559     9559          0          0          0
269      4.876078e+03   3.137348e+03   2.183260e+03    0.3041   1.464070e+02   7.809999e-01      false       none        100         33          0          4     9570     9570          0          0          0
270      4.498770e+03   3.137348e+03   2.183260e+03    0.3041   1.471730e+02   7.660000e-01      false       none        100         33          0          4     9585     9585          0          0          0
271      3.724831e+03   3.137348e+03   2.183260e+03    0.3041   1.479540e+02   7.809999e-01      false       none        100         33          0          4     9602     9602          0          0          0
272      5.675442e+03   3.137348e+03   2.183260e+03    0.3041   1.487510e+02   7.970002e-01      false       none        100         33          0          4     9626     9626          0          0          0
273      5.676841e+03   3.137348e+03   2.183260e+03    0.3041   1.494850e+02   7.340000e-01      false       none        100         33          0          4     9629     9629          0          0          0
274      6.702128e+03   3.137348e+03   2.183260e+03    0.3041   1.502200e+02   7.349999e-01      false       none        100         33          0          4     9634     9634          0          0          0
275      3.043191e+03   3.043191e+03   2.183288e+03    0.2826   1.510480e+02   8.280001e-01      false       none        100         33          0          4     9691     9691          0          0          0
276      4.757701e+03   3.043191e+03   2.183288e+03    0.2826   1.518130e+02   7.650001e-01      false       none        100         33          0          4     9701     9701          0          0          0
277      5.829409e+03   3.043191e+03   2.183288e+03    0.2826   1.525790e+02   7.659998e-01      false       none        100         33          0          4     9716     9716          0          0          0
278      4.347143e+03   3.043191e+03   2.183288e+03    0.2826   1.532820e+02   7.030001e-01      false       none        100         33          0          4     9724     9724          0          0          0
279      3.727248e+03   3.043191e+03   2.183288e+03    0.2826   1.540630e+02   7.810001e-01      false       none        100         33          0          4     9740     9740          0          0          0
280      5.360427e+03   3.043191e+03   2.183288e+03    0.2826   1.547660e+02   7.029998e-01      false       none        100         33          0          4     9745     9745          0          0          0
281      4.273168e+03   3.043191e+03   2.183288e+03    0.2826   1.555480e+02   7.820001e-01      false       none        100         33          0          4     9752     9752          0          0          0
282      6.464591e+03   3.043191e+03   2.183288e+03    0.2826   1.563130e+02   7.650001e-01      false       none        100         33          0          4     9758     9758          0          0          0
283      5.806774e+03   3.043191e+03   2.183288e+03    0.2826   1.570630e+02   7.500000e-01      false       none        100         33          0          4     9768     9768          0          0          0
284      4.224002e+03   3.043191e+03   2.183288e+03    0.2826   1.578760e+02   8.130000e-01      false       none        100         33          0          4     9785     9785          0          0          0
285      5.376211e+03   3.043191e+03   2.183288e+03    0.2826   1.586570e+02   7.809999e-01      false       none        100         33          0          4     9789     9789          0          0          0
286      4.045210e+03   3.043191e+03   2.183288e+03    0.2826   1.593760e+02   7.190001e-01      false       none        100         33          0          4     9798     9798          0          0          0
287      4.766398e+03   3.043191e+03   2.183288e+03    0.2826   1.601880e+02   8.120000e-01      false       none        100         33          0          4     9814     9814          0          0          0
288      4.742792e+03   3.043191e+03   2.183288e+03    0.2826   1.609230e+02   7.349999e-01      false       none        100         33          0          4     9817     9817          0          0          0
289      7.658630e+03   3.043191e+03   2.183288e+03    0.2826   1.615950e+02   6.719999e-01      false       none        100         33          0          4     9818     9818          0          0          0
290      5.292793e+03   3.043191e+03   2.183288e+03    0.2826   1.623760e+02   7.810001e-01      false       none        100         33          0          4     9819     9819          0          0          0
291      5.756549e+03   3.043191e+03   2.183288e+03    0.2826   1.631570e+02   7.809999e-01      false       none        100         33          0          4     9840     9840          0          0          0
292      5.613092e+03   3.043191e+03   2.183288e+03    0.2826   1.639070e+02   7.500000e-01      false       none        100         33          0          4     9856     9856          0          0          0
293      3.964167e+03   3.043191e+03   2.183288e+03    0.2826   1.646880e+02   7.810001e-01      false       none        100         33          0          4     9882     9882          0          0          0
294      4.323611e+03   3.043191e+03   2.183318e+03    0.2826   1.654700e+02   7.819998e-01      false       none        100         33          0          4     9953     9953          0          0          0
295      6.238908e+03   3.043191e+03   2.183318e+03    0.2826   1.662040e+02   7.340000e-01      false       none        100         33          0          4     9954     9954          0          0          0
296      6.360366e+03   3.043191e+03   2.183318e+03    0.2826   1.669230e+02   7.190001e-01      false       none        100         33          0          4     9956     9956          0          0          0
297      5.632605e+03   3.043191e+03   2.183341e+03    0.2825   1.676880e+02   7.650001e-01      false       none        100         33          0          4     9996     9996          0          0          0
298      6.884372e+03   3.043191e+03   2.183341e+03    0.2825   1.683910e+02   7.029998e-01      false       none        100         33          0          4     9996     9996          0          0          0
299      4.097292e+03   3.043191e+03   2.183341e+03    0.2825   1.691880e+02   7.970002e-01      false       none        100         33          0          4    10006    10006          0          0          0
300      5.474089e+03   3.043191e+03   2.183404e+03    0.2825   1.699850e+02   7.969999e-01      false       none        100         33          0          4    10036    10036          0          0          0
301      4.668906e+03   3.043191e+03   2.183404e+03    0.2825   1.708130e+02   8.280001e-01      false       none        100         33          0          4    10050    10050          0          0          0
302      4.197345e+03   3.043191e+03   2.183462e+03    0.2825   1.716410e+02   8.279998e-01      false       none        100         33          0          4    10089    10089          0          0          0
303      4.377139e+03   3.043191e+03   2.183486e+03    0.2825   1.724230e+02   7.820001e-01      false       none        100         33          0          4    10117    10117          0          0          0
304      5.109341e+03   3.043191e+03   2.183486e+03    0.2825   1.731730e+02   7.500000e-01      false       none        100         33          0          4    10126    10126          0          0          0
305      3.657355e+03   3.043191e+03   2.183547e+03    0.2825   1.740010e+02   8.280001e-01      false       none        100         33          0          4    10150    10150          0          0          0
306      3.995466e+03   3.043191e+03   2.183560e+03    0.2825   1.747980e+02   7.969999e-01      false       none        100         33          0          4    10179    10179          0          0          0
307      4.094625e+03   3.043191e+03   2.183572e+03    0.2825   1.755950e+02   7.969999e-01      false       none        100         33          0          4    10184    10184          0          0          0
308      5.213638e+03   3.043191e+03   2.183572e+03    0.2825   1.763760e+02   7.810001e-01      false       none        100         33          0          4    10191    10191          0          0          0
309      4.402207e+03   3.043191e+03   2.183572e+03    0.2825   1.771570e+02   7.809999e-01      false       none        100         33          0          4    10207    10207          0          0          0
310      5.800774e+03   3.043191e+03   2.183572e+03    0.2825   1.780160e+02   8.590000e-01      false       none        100         33          0          4    10218    10218          0          0          0
311      4.463975e+03   3.043191e+03   2.183572e+03    0.2825   1.787980e+02   7.820001e-01      false       none        100         33          0          4    10218    10218          0          0          0
312      5.291980e+03   3.043191e+03   2.183572e+03    0.2825   1.795950e+02   7.969999e-01      false       none        100         33          0          4    10231    10231          0          0          0
313      3.640562e+03   3.043191e+03   2.183572e+03    0.2825   1.803760e+02   7.810001e-01      false       none        100         33          0          4    10234    10234          0          0          0
314      5.390658e+03   3.043191e+03   2.183582e+03    0.2825   1.811260e+02   7.500000e-01      false       none        100         33          0          4    10240    10240          0          0          0
315      5.084344e+03   3.043191e+03   2.183582e+03    0.2825   1.819070e+02   7.809999e-01      false       none        100         33          0          4    10247    10247          0          0          0
316      7.194428e+03   3.043191e+03   2.183582e+03    0.2825   1.826410e+02   7.340000e-01      false       none        100         33          0          4    10247    10247          0          0          0
317      5.811226e+03   3.043191e+03   2.183582e+03    0.2825   1.834540e+02   8.130000e-01      false       none        100         33          0          4    10258    10258          0          0          0
318      5.839689e+03   3.043191e+03   2.183582e+03    0.2825   1.842510e+02   7.970002e-01      false       none        100         33          0          4    10260    10260          0          0          0
319      5.530239e+03   3.043191e+03   2.183582e+03    0.2825   1.850010e+02   7.500000e-01      false       none        100         33          0          4    10261    10261          0          0          0
320      3.499098e+03   3.043191e+03   2.183582e+03    0.2825   1.858450e+02   8.439999e-01      false       none        100         33          0          4    10286    10286          0          0          0
321      4.665728e+03   3.043191e+03   2.183582e+03    0.2825   1.866100e+02   7.650001e-01      false       none        100         33          0          4    10299    10299          0          0          0
322      4.358581e+03   3.043191e+03   2.183582e+03    0.2825   1.873760e+02   7.660000e-01      false       none        100         33          0          4    10301    10301          0          0          0
323      4.925838e+03   3.043191e+03   2.183582e+03    0.2825   1.882200e+02   8.439999e-01      false       none        100         33          0          4    10303    10303          0          0          0
324      6.147459e+03   3.043191e+03   2.183582e+03    0.2825   1.891100e+02   8.900001e-01      false       none        100         33          0          4    10319    10319          0          0          0
325      6.408842e+03   3.043191e+03   2.183582e+03    0.2825   1.899230e+02   8.130000e-01      false       none        100         33          0          4    10320    10320          0          0          0
326      6.990596e+03   3.043191e+03   2.183582e+03    0.2825   1.906570e+02   7.340000e-01      false       none        100         33          0          4    10327    10327          0          0          0
327      4.140765e+03   3.043191e+03   2.183582e+03    0.2825   1.914700e+02   8.130000e-01      false       none        100         33          0          4    10329    10329          0          0          0
328      4.215504e+03   3.043191e+03   2.183582e+03    0.2825   1.922660e+02   7.960000e-01      false       none        100         33          0          4    10337    10337          0          0          0
329      5.045773e+03   3.043191e+03   2.183582e+03    0.2825   1.930790e+02   8.130000e-01      false       none        100         33          0          4    10346    10346          0          0          0
330      4.229996e+03   3.043191e+03   2.183582e+03    0.2825   1.939380e+02   8.590002e-01      false       none        100         33          0          4    10354    10354          0          0          0
331      3.857427e+03   3.043191e+03   2.183582e+03    0.2825   1.947510e+02   8.130000e-01      false       none        100         33          0          4    10368    10368          0          0          0
332      5.965091e+03   3.043191e+03   2.183582e+03    0.2825   1.955950e+02   8.439999e-01      false       none        100         33          0          4    10396    10396          0          0          0
333      4.417491e+03   3.043191e+03   2.183582e+03    0.2825   1.963920e+02   7.970002e-01      false       none        100         33          0          4    10396    10396          0          0          0
334      5.054366e+03   3.043191e+03   2.183582e+03    0.2825   1.972040e+02   8.119998e-01      false       none        100         33          0          4    10397    10397          0          0          0

Terminating DynamicSDDiP with status: bound_stalling
------------------------------------------------------------------------------
 ────────────────────────────────────────────────────────────────────────────────
                                        Time                    Allocations      
                               ───────────────────────   ────────────────────────
       Tot / % measured:             197s / 100.0%           10.7GiB / 100.0%    

 Section               ncalls     time    %tot     avg     alloc    %tot      avg
 ────────────────────────────────────────────────────────────────────────────────
 loop                       1     197s  100.0%    197s   10.7GiB  100.0%  10.7GiB
   iterations             334     196s   99.6%   588ms   10.7GiB  100.0%  32.7MiB
     backward_pass        334    96.1s   48.7%   288ms   10.6GiB   99.0%  32.4MiB
       solve_BP         60.1k    95.2s   48.3%  1.58ms   10.4GiB   97.4%   182KiB
         solve_dual     60.1k    92.8s   47.1%  1.54ms   10.0GiB   93.9%   175KiB
           LP_relax...  60.1k    92.5s   46.9%  1.54ms   9.85GiB   92.2%   172KiB
             solver...  60.1k    45.4s   23.0%   755μs   65.6MiB    0.6%  1.12KiB
         space_change    120k   17.4ms    0.0%   145ns     0.00B    0.0%    0.00B
       update_bellman   3.01k    304ms    0.2%   101μs    112MiB    1.0%  38.3KiB
         cut_selection  10.4k   6.29ms    0.0%   605ns    838KiB    0.0%    82.6B
     forward_pass         334    93.9s   47.6%   281ms   91.3MiB    0.8%   280KiB
       solve_subpro...  3.34k    93.8s   47.6%  28.1ms   81.4MiB    0.7%  25.0KiB
         solver_cal...  3.34k    93.3s   47.3%  27.9ms   8.82MiB    0.1%  2.71KiB
     calculate_bound      334    6.46s    3.3%  19.3ms   8.49MiB    0.1%  26.0KiB
       solver_call_...    334    6.41s    3.2%  19.2ms    681KiB    0.0%  2.04KiB
 ────────────────────────────────────────────────────────────────────────────────

||||||||||||||||||||||||||||||||||||||||||||||||||||||||||||||||||||||||||||||||||||||||||||||||||||||||||||||||||||||||||||||||||||||||
LAGRANGIAN DUAL SOLUTION RESULTS
mn_opt: 0 times (NaN%)
conv: 0 times (NaN%)
unbounded: 0 times (NaN%)
bound_issues: 0 times (NaN%)
subgr_stalling: 0 times (NaN%)
opt: 0 times (NaN%)
feas_issues: 0 times (NaN%)
sub: 0 times (NaN%)
mn_iter: 0 times (NaN%)
iter: 0 times (NaN%)
mn_issue: 0 times (NaN%)

||||||||||||||||||||||||||||||||||||||||||||||||||||||||||||||||||||||||||||||||||||||||||||||||||||||||||||||||||||||||||||||||||||||||
SIMULATION RESULTS
DynamicSDDiP.Simulation(DynamicSDDiP.InSampleMonteCarlo(), 1000)
Lower bound: 2183.581800558013
Statistical upper bound (confidence interval): 5105.634086963499 ± 63.21344396581622
Pessimistic upper bound: 5168.847530929315
