

#########################################################################################################################################
#########################################################################################################################################
#########################################################################################################################################
#########################################################################################################################################
#########################################################################################################################################
DynamicSDDiP.jl (c) Christian Füllner, 2021
re-uses code from SDDP.jl (c) Oscar Dowson, 2017-21
||||||||||||||||||||||||||||||||||||||||||||||||||||||||||||||||||||||||||||||||||||||||||||||||||||||||||||||||||||||||||||||||||||||||
PATH
calling 
C:\Users\cg4102\.julia\packages\DynamicSDDiP\Z7cZi\src
nothing
DATETIME
2023-03-20T21:34:10.566
||||||||||||||||||||||||||||||||||||||||||||||||||||||||||||||||||||||||||||||||||||||||||||||||||||||||||||||||||||||||||||||||||||||||
STOPPING RULES
SDDP.TimeLimit(18000.0)
SDDP.BoundStalling(20, 0.0001)
||||||||||||||||||||||||||||||||||||||||||||||||||||||||||||||||||||||||||||||||||||||||||||||||||||||||||||||||||||||||||||||||||||||||
REGULARIZATION
DynamicSDDiP.NoRegularization()
||||||||||||||||||||||||||||||||||||||||||||||||||||||||||||||||||||||||||||||||||||||||||||||||||||||||||||||||||||||||||||||||||||||||
CUT GENERATION REGIMES
DynamicSDDiP.CutGenerationRegime(DynamicSDDiP.NoStateApproximation(), DynamicSDDiP.LagrangianDuality(0.0001, 0.0001, 1000, DynamicSDDiP.ZeroDuals(), DynamicSDDiP.BothBounds(), DynamicSDDiP.LevelBundle(0.5, true, false), DynamicSDDiP.StandardChoice(), DynamicSDDiP.Lax(), DynamicSDDiP.ConvexHullCopy(), false), 1, Inf, Inf, 0.0, true, 0.0001)

||||||||||||||||||||||||||||||||||||||||||||||||||||||||||||||||||||||||||||||||||||||||||||||||||||||||||||||||||||||||||||||||||||||||
CUT AGGREGATION
DynamicSDDiP.MultiCutRegime()
||||||||||||||||||||||||||||||||||||||||||||||||||||||||||||||||||||||||||||||||||||||||||||||||||||||||||||||||||||||||||||||||||||||||
CUT SELECTION
DynamicSDDiP.NoCutSelection()
||||||||||||||||||||||||||||||||||||||||||||||||||||||||||||||||||||||||||||||||||||||||||||||||||||||||||||||||||||||||||||||||||||||||
LATE BINARIZATION
DynamicSDDiP.NoLateBinarization()
||||||||||||||||||||||||||||||||||||||||||||||||||||||||||||||||||||||||||||||||||||||||||||||||||||||||||||||||||||||||||||||||||||||||
APPLIED SOLVERS (LP, MILP, MIQCP, MINLP, NLP, Lagrange)
DynamicSDDiP.AppliedSolvers(true, "Gurobi", "Gurobi", "Gurobi", "Gurobi", "Gurobi", "Gurobi", "Gurobi", "Gurobi", "Gurobi", 0.0001, 300)
DynamicSDDiP.Direct_Solver()
Numerical focus: false
Silent: true
||||||||||||||||||||||||||||||||||||||||||||||||||||||||||||||||||||||||||||||||||||||||||||||||||||||||||||||||||||||||||||||||||||||||
SAMPLING
Used seed for sampling scenarios: 
11111     
||||||||||||||||||||||||||||||||||||||||||||||||||||||||||||||||||||||||||||||||||||||||||||||||||||||||||||||||||||||||||||||||||||||||
RUN DESCRIPTION

||||||||||||||||||||||||||||||||||||||||||||||||||||||||||||||||||||||||||||||||||||||||||||||||||||||||||||||||||||||||||||||||||||||||
PROBLEM DESCRIPTION
Number of stages: 10
Number of realizations per stage: 20
Seed for scenario tree sampling: 12345
Solver: serial mode

────────────────────────────────────────────────────────────────────────────────────────────────────────────────────────────────────────────────────────────────────────────────────────────────────────
It.#               UB        Best UB             LB       Gap           Time        It_Time           Refinements                            #Var.   #Constr.             #Cuts       Lagrangian Dual                                               
                                                          [%]            [s]            [s]          σ       Bin.      Total      {0,1}          ℤ      Total    Total   Active      # It.    # C-It.  # C-Real.  
────────────────────────────────────────────────────────────────────────────────────────────────────────────────────────────────────────────────────────────────────────────────────────────────────────
1        4.560602e+03   4.560602e+03   3.201207e+02    0.9298   7.179700e+01   7.179700e+01      false       none        100         33          0          4      180      180       9771       9771        180
2        5.929276e+03   4.560602e+03   4.086332e+02    0.9104   1.819220e+02   1.101250e+02      false       none        100         33          0          4      360      360       9015       9015        180
3        6.548421e+03   4.560602e+03   4.456716e+02    0.9023   3.668600e+02   1.849380e+02      false       none        100         33          0          4      540      540       9695       9695        180
4        6.502442e+03   4.560602e+03   4.601144e+02    0.8991   6.267050e+02   2.598450e+02      false       none        100         33          0          4      720      720       9671       9671        180
5        5.168820e+03   4.560602e+03   4.669543e+02    0.8976   9.753460e+02   3.486410e+02      false       none        100         33          0          4      900      900       9690       9690        180
6        5.177214e+03   4.560602e+03   5.086249e+02    0.8885   1.433972e+03   4.586260e+02      false       none        100         33          0          4     1080     1080       9950       9950        180
7        5.880973e+03   4.560602e+03   5.242110e+02    0.8851   1.944238e+03   5.102660e+02      false       none        100         33          0          4     1260     1260       9871       9871        180
8        6.553634e+03   4.560602e+03   5.306926e+02    0.8836   2.587723e+03   6.434850e+02      false       none        100         33          0          4     1440     1440       9815       9815        180
9        5.229087e+03   4.560602e+03   5.452846e+02    0.8804   3.309693e+03   7.219700e+02      false       none        100         33          0          4     1620     1620       9793       9793        180
10       4.681166e+03   4.560602e+03   5.726120e+02    0.8744   4.116148e+03   8.064550e+02      false       none        100         33          0          4     1800     1800       9726       9726        180
11       6.258293e+03   4.560602e+03   5.817390e+02    0.8724   5.066728e+03   9.505800e+02      false       none        100         33          0          4     1980     1980      10167      10167        180
12       5.493686e+03   4.560602e+03   5.855483e+02    0.8716   6.045526e+03   9.787980e+02      false       none        100         33          0          4     2160     2160       9463       9463        180
13       3.971208e+03   3.971208e+03   6.095339e+02    0.8465   7.190793e+03   1.145267e+03      false       none        100         33          0          4     2340     2340      10119      10119        180
14       5.824266e+03   3.971208e+03   6.289939e+02    0.8416   8.433890e+03   1.243097e+03      false       none        100         33          0          4     2520     2520       9734       9734        180
15       4.176622e+03   3.971208e+03   6.347171e+02    0.8402   9.758954e+03   1.325064e+03      false       none        100         33          0          4     2700     2700       9620       9620        180
16       4.940486e+03   3.971208e+03   6.385029e+02    0.8392   1.117304e+04   1.414081e+03      false       none        100         33          0          4     2880     2880       9397       9397        180
17       5.092946e+03   3.971208e+03   6.553617e+02    0.8350   1.289791e+04   1.724878e+03      false       none        100         33          0          4     3060     3060       9700       9700        180
18       5.153626e+03   3.971208e+03   6.676844e+02    0.8319   1.461559e+04   1.717674e+03      false       none        100         33          0          4     3240     3240       9761       9761        180
19       6.172761e+03   3.971208e+03   6.789368e+02    0.8290   1.666822e+04   2.052629e+03      false       none        100         33          0          4     3420     3420       9682       9682        180
20       4.223104e+03   3.971208e+03   6.824011e+02    0.8282   1.873010e+04   2.061879e+03      false       none        100         33          0          4     3600     3600       9721       9721        180

Terminating DynamicSDDiP with status: time_limit
------------------------------------------------------------------------------
 ────────────────────────────────────────────────────────────────────────────────
                                        Time                    Allocations      
                               ───────────────────────   ────────────────────────
       Tot / % measured:            5.20h / 100.0%           31.3GiB / 100.0%    

 Section               ncalls     time    %tot     avg     alloc    %tot      avg
 ────────────────────────────────────────────────────────────────────────────────
 loop                       1    5.20h  100.0%   5.20h   31.3GiB  100.0%  31.3GiB
   iterations              20    5.20h  100.0%    936s   31.3GiB  100.0%  1.57GiB
     backward_pass         20    5.20h   99.9%    936s   31.3GiB  100.0%  1.57GiB
       solve_BP         3.60k    5.20h   99.9%   5.20s   31.3GiB   99.9%  8.90MiB
         solve_dual     3.60k    5.20h   99.9%   5.20s   31.3GiB   99.8%  8.90MiB
           solve_la...  3.60k    5.11h   98.2%   5.11s   31.3GiB   99.7%  8.89MiB
             inner_sol   194k    5.01h   96.4%  92.9ms   4.21GiB   13.4%  22.7KiB
               solv...   194k    5.01h   96.2%  92.7ms    798MiB    2.5%  4.21KiB
             bundle...   194k     226s    1.2%  1.16ms    379MiB    1.2%  1.99KiB
             outer_sol   194k    37.0s    0.2%   190μs    529MiB    1.6%  2.79KiB
             add_cut     194k    9.40s    0.1%  48.4μs   3.18GiB   10.1%  17.1KiB
             init_a...  3.60k    1.31s    0.0%   363μs    554MiB    1.7%   158KiB
             relax_...  3.60k    472ms    0.0%   131μs    123MiB    0.4%  34.9KiB
             restor...  3.60k    369ms    0.0%   102μs   64.3MiB    0.2%  18.3KiB
             conver...  3.60k   11.3ms    0.0%  3.14μs    675KiB    0.0%     192B
             minima...  3.60k   3.73ms    0.0%  1.04μs     0.00B    0.0%    0.00B
           solve_pr...  3.60k     321s    1.7%  89.1ms   15.5MiB    0.0%  4.42KiB
           dual_ini...  3.60k   4.57ms    0.0%  1.27μs   1.15MiB    0.0%     336B
         space_change   7.20k   1.89ms    0.0%   262ns     0.00B    0.0%    0.00B
       update_bellman     180   52.2ms    0.0%   290μs   29.2MiB    0.1%   166KiB
         cut_selection  3.60k   1.98ms    0.0%   551ns    304KiB    0.0%    86.4B
     forward_pass          20    16.1s    0.1%   806ms   6.99MiB    0.0%   358KiB
       solve_subpro...    200    16.1s    0.1%  80.5ms   6.40MiB    0.0%  32.7KiB
         solver_cal...    200    16.1s    0.1%  80.4ms   2.05MiB    0.0%  10.5KiB
     calculate_bound       20    2.51s    0.0%   126ms    626KiB    0.0%  31.3KiB
       solver_call_...     20    2.51s    0.0%   125ms    145KiB    0.0%  7.27KiB
 ────────────────────────────────────────────────────────────────────────────────

||||||||||||||||||||||||||||||||||||||||||||||||||||||||||||||||||||||||||||||||||||||||||||||||||||||||||||||||||||||||||||||||||||||||
LAGRANGIAN DUAL SOLUTION RESULTS
mn_opt: 0 times (0.0%)
conv: 0 times (0.0%)
unbounded: 0 times (0.0%)
bound_issues: 0 times (0.0%)
subgr_stalling: 0 times (0.0%)
opt: 3600 times (100.0%)
feas_issues: 0 times (0.0%)
sub: 0 times (0.0%)
mn_iter: 0 times (0.0%)
iter: 0 times (0.0%)
mn_issue: 0 times (0.0%)

||||||||||||||||||||||||||||||||||||||||||||||||||||||||||||||||||||||||||||||||||||||||||||||||||||||||||||||||||||||||||||||||||||||||
SIMULATION RESULTS
DynamicSDDiP.Simulation(DynamicSDDiP.InSampleMonteCarlo(), 1000)
Lower bound: 682.4010550926605
Statistical upper bound (confidence interval): 5388.438394834158 ± 54.67411535751349
Pessimistic upper bound: 5443.112510191671
