

#########################################################################################################################################
#########################################################################################################################################
#########################################################################################################################################
#########################################################################################################################################
#########################################################################################################################################
DynamicSDDiP.jl (c) Christian Füllner, 2021
re-uses code from SDDP.jl (c) Oscar Dowson, 2017-21
||||||||||||||||||||||||||||||||||||||||||||||||||||||||||||||||||||||||||||||||||||||||||||||||||||||||||||||||||||||||||||||||||||||||
PATH
calling 
C:\Users\cg4102\.julia\packages\DynamicSDDiP\Z7cZi\src
nothing
DATETIME
2023-03-20T16:23:31.24
||||||||||||||||||||||||||||||||||||||||||||||||||||||||||||||||||||||||||||||||||||||||||||||||||||||||||||||||||||||||||||||||||||||||
STOPPING RULES
SDDP.TimeLimit(18000.0)
SDDP.BoundStalling(20, 0.0001)
||||||||||||||||||||||||||||||||||||||||||||||||||||||||||||||||||||||||||||||||||||||||||||||||||||||||||||||||||||||||||||||||||||||||
REGULARIZATION
DynamicSDDiP.NoRegularization()
||||||||||||||||||||||||||||||||||||||||||||||||||||||||||||||||||||||||||||||||||||||||||||||||||||||||||||||||||||||||||||||||||||||||
CUT GENERATION REGIMES
DynamicSDDiP.CutGenerationRegime(DynamicSDDiP.NoStateApproximation(), DynamicSDDiP.LagrangianDuality(0.0001, 0.0001, 1000, DynamicSDDiP.ZeroDuals(), DynamicSDDiP.BothBounds(), DynamicSDDiP.LevelBundle(0.5, true, false), DynamicSDDiP.StandardChoice(), DynamicSDDiP.Lax(), DynamicSDDiP.ConvexHullCopy(), false), 1, Inf, Inf, 0.0, true, 0.0001)

||||||||||||||||||||||||||||||||||||||||||||||||||||||||||||||||||||||||||||||||||||||||||||||||||||||||||||||||||||||||||||||||||||||||
CUT AGGREGATION
DynamicSDDiP.SingleCutRegime()
||||||||||||||||||||||||||||||||||||||||||||||||||||||||||||||||||||||||||||||||||||||||||||||||||||||||||||||||||||||||||||||||||||||||
CUT SELECTION
DynamicSDDiP.NoCutSelection()
||||||||||||||||||||||||||||||||||||||||||||||||||||||||||||||||||||||||||||||||||||||||||||||||||||||||||||||||||||||||||||||||||||||||
LATE BINARIZATION
DynamicSDDiP.NoLateBinarization()
||||||||||||||||||||||||||||||||||||||||||||||||||||||||||||||||||||||||||||||||||||||||||||||||||||||||||||||||||||||||||||||||||||||||
APPLIED SOLVERS (LP, MILP, MIQCP, MINLP, NLP, Lagrange)
DynamicSDDiP.AppliedSolvers(true, "Gurobi", "Gurobi", "Gurobi", "Gurobi", "Gurobi", "Gurobi", "Gurobi", "Gurobi", "Gurobi", 0.0001, 300)
DynamicSDDiP.Direct_Solver()
Numerical focus: false
Silent: true
||||||||||||||||||||||||||||||||||||||||||||||||||||||||||||||||||||||||||||||||||||||||||||||||||||||||||||||||||||||||||||||||||||||||
SAMPLING
Used seed for sampling scenarios: 
11111     
||||||||||||||||||||||||||||||||||||||||||||||||||||||||||||||||||||||||||||||||||||||||||||||||||||||||||||||||||||||||||||||||||||||||
RUN DESCRIPTION

||||||||||||||||||||||||||||||||||||||||||||||||||||||||||||||||||||||||||||||||||||||||||||||||||||||||||||||||||||||||||||||||||||||||
PROBLEM DESCRIPTION
Number of stages: 10
Number of realizations per stage: 20
Seed for scenario tree sampling: 12345
Solver: serial mode

────────────────────────────────────────────────────────────────────────────────────────────────────────────────────────────────────────────────────────────────────────────────────────────────────────
It.#               UB        Best UB             LB       Gap           Time        It_Time           Refinements                            #Var.   #Constr.             #Cuts       Lagrangian Dual                                               
                                                          [%]            [s]            [s]          σ       Bin.      Total      {0,1}          ℤ      Total    Total   Active      # It.    # C-It.  # C-Real.  
────────────────────────────────────────────────────────────────────────────────────────────────────────────────────────────────────────────────────────────────────────────────────────────────────────
1        4.560602e+03   4.560602e+03   2.670000e+02    0.9415   5.234400e+01   5.234400e+01      false       none         80         33          0          4        9        9       9117       9117        180
2        6.001351e+03   4.560602e+03   2.742485e+02    0.9399   1.142500e+02   6.190600e+01      false       none         80         33          0          4       18       18       8616       8616        180
3        7.611221e+03   4.560602e+03   3.080000e+02    0.9325   1.902030e+02   7.595300e+01      false       none         80         33          0          4       27       27       9028       9028        180
4        6.421236e+03   4.560602e+03   3.082677e+02    0.9324   2.854530e+02   9.525000e+01      false       none         80         33          0          4       36       36       8956       8956        180
5        5.198602e+03   4.560602e+03   3.150000e+02    0.9309   3.958910e+02   1.104380e+02      false       none         80         33          0          4       45       45       8917       8917        180
6        5.534148e+03   4.560602e+03   3.260000e+02    0.9285   5.113290e+02   1.154380e+02      false       none         80         33          0          4       54       54       8940       8940        180
7        5.777887e+03   4.560602e+03   3.286644e+02    0.9279   6.223910e+02   1.110620e+02      false       none         80         33          0          4       63       63       9220       9220        180
8        6.527625e+03   4.560602e+03   3.320000e+02    0.9272   7.455320e+02   1.231410e+02      false       none         80         33          0          4       72       72       8999       8999        180
9        5.664034e+03   4.560602e+03   3.399992e+02    0.9254   8.705010e+02   1.249690e+02      false       none         80         33          0          4       81       81       9186       9186        180
10       5.113419e+03   4.560602e+03   3.530000e+02    0.9226   9.965640e+02   1.260630e+02      false       none         80         33          0          4       90       90       9008       9008        180
11       6.220801e+03   4.560602e+03   3.545771e+02    0.9223   1.130549e+03   1.339850e+02      false       none         80         33          0          4       99       99       9182       9182        180
12       6.234182e+03   4.560602e+03   3.688983e+02    0.9191   1.277627e+03   1.470780e+02      false       none         80         33          0          4      108      108       9044       9044        180
13       4.224507e+03   4.224507e+03   3.754310e+02    0.9111   1.422580e+03   1.449530e+02      false       none         80         33          0          4      117      117       9505       9505        180
14       5.805124e+03   4.224507e+03   3.840000e+02    0.9091   1.573409e+03   1.508290e+02      false       none         80         33          0          4      126      126       9224       9224        180
15       4.438353e+03   4.224507e+03   4.039492e+02    0.9044   1.728721e+03   1.553120e+02      false       none         80         33          0          4      135      135       9393       9393        180
16       5.056030e+03   4.224507e+03   4.056539e+02    0.9040   1.884956e+03   1.562350e+02      false       none         80         33          0          4      144      144       9134       9134        180
17       5.123777e+03   4.224507e+03   4.252580e+02    0.8993   2.034159e+03   1.492030e+02      false       none         80         33          0          4      153      153       9070       9070        180
18       5.531602e+03   4.224507e+03   4.351728e+02    0.8970   2.208644e+03   1.744850e+02      false       none         80         33          0          4      162      162       9468       9468        180
19       6.994172e+03   4.224507e+03   4.352087e+02    0.8970   2.381097e+03   1.724530e+02      false       none         80         33          0          4      171      171       9362       9362        180
20       4.357701e+03   4.224507e+03   4.423333e+02    0.8953   2.552722e+03   1.716250e+02      false       none         80         33          0          4      180      180       9429       9429        180
21       7.341152e+03   4.224507e+03   4.588533e+02    0.8914   2.730598e+03   1.778760e+02      false       none         80         33          0          4      189      189       9128       9128        180
22       6.097136e+03   4.224507e+03   4.596099e+02    0.8912   2.913503e+03   1.829050e+02      false       none         80         33          0          4      198      198       9192       9192        180
23       4.474567e+03   4.224507e+03   4.688741e+02    0.8890   3.106644e+03   1.931410e+02      false       none         80         33          0          4      207      207       9101       9101        180
24       6.910698e+03   4.224507e+03   4.724050e+02    0.8882   3.322988e+03   2.163440e+02      false       none         80         33          0          4      216      216       9161       9161        180
25       6.703645e+03   4.224507e+03   4.748379e+02    0.8876   3.525551e+03   2.025630e+02      false       none         80         33          0          4      225      225       9767       9767        180
26       5.086782e+03   4.224507e+03   4.787887e+02    0.8867   3.738567e+03   2.130160e+02      false       none         80         33          0          4      234      234       9078       9078        180
27       5.349420e+03   4.224507e+03   4.839244e+02    0.8854   3.961114e+03   2.225470e+02      false       none         80         33          0          4      243      243       9357       9357        180
28       5.084852e+03   4.224507e+03   4.859971e+02    0.8850   4.186521e+03   2.254070e+02      false       none         80         33          0          4      252      252       9212       9212        180
29       4.736691e+03   4.224507e+03   4.885271e+02    0.8844   4.417256e+03   2.307350e+02      false       none         80         33          0          4      261      261       9764       9764        180
30       5.379843e+03   4.224507e+03   4.928358e+02    0.8833   4.662335e+03   2.450790e+02      false       none         80         33          0          4      270      270       9129       9129        180
31       4.247116e+03   4.224507e+03   5.040954e+02    0.8807   4.901210e+03   2.388750e+02      false       none         80         33          0          4      279      279       9570       9570        180
32       5.953790e+03   4.224507e+03   5.103456e+02    0.8792   5.139554e+03   2.383440e+02      false       none         80         33          0          4      288      288       9183       9183        180
33       7.276753e+03   4.224507e+03   5.173456e+02    0.8775   5.384445e+03   2.448910e+02      false       none         80         33          0          4      297      297       9272       9272        180
34       6.120782e+03   4.224507e+03   5.179572e+02    0.8774   5.630805e+03   2.463600e+02      false       none         80         33          0          4      306      306       9196       9196        180
35       5.869015e+03   4.224507e+03   5.183456e+02    0.8773   5.891868e+03   2.610630e+02      false       none         80         33          0          4      315      315       9274       9274        180
36       6.454659e+03   4.224507e+03   5.240000e+02    0.8760   6.187072e+03   2.952040e+02      false       none         80         33          0          4      324      324       9900       9900        180
37       6.682324e+03   4.224507e+03   5.290417e+02    0.8748   6.473213e+03   2.861410e+02      false       none         80         33          0          4      333      333       9494       9494        180
38       5.050678e+03   4.224507e+03   5.298332e+02    0.8746   6.740666e+03   2.674530e+02      false       none         80         33          0          4      342      342       9411       9411        180
39       5.100200e+03   4.224507e+03   5.320000e+02    0.8741   7.040260e+03   2.995940e+02      false       none         80         33          0          4      351      351       9161       9161        180
40       5.649748e+03   4.224507e+03   5.352984e+02    0.8733   7.321620e+03   2.813600e+02      false       none         80         33          0          4      360      360       9061       9061        180
41       4.684257e+03   4.224507e+03   5.373050e+02    0.8728   7.606871e+03   2.852510e+02      false       none         80         33          0          4      369      369       9523       9523        180
42       6.038244e+03   4.224507e+03   5.400000e+02    0.8722   7.929465e+03   3.225940e+02      false       none         80         33          0          4      378      378       9247       9247        180
43       4.847801e+03   4.224507e+03   5.405785e+02    0.8720   8.244685e+03   3.152200e+02      false       none         80         33          0          4      387      387       9391       9391        180
44       6.347112e+03   4.224507e+03   5.473920e+02    0.8704   8.572763e+03   3.280780e+02      false       none         80         33          0          4      396      396       9362       9362        180
45       5.525960e+03   4.224507e+03   5.511728e+02    0.8695   8.903373e+03   3.306100e+02      false       none         80         33          0          4      405      405       9208       9208        180
46       6.813547e+03   4.224507e+03   5.543098e+02    0.8688   9.228796e+03   3.254230e+02      false       none         80         33          0          4      414      414       9102       9102        180
47       5.946066e+03   4.224507e+03   5.558751e+02    0.8684   9.564109e+03   3.353130e+02      false       none         80         33          0          4      423      423       9210       9210        180
48       5.891599e+03   4.224507e+03   5.597536e+02    0.8675   9.894422e+03   3.303130e+02      false       none         80         33          0          4      432      432       9096       9096        180
49       5.993542e+03   4.224507e+03   5.661587e+02    0.8660   1.025755e+04   3.631260e+02      false       none         80         33          0          4      441      441       9166       9166        180
50       6.993659e+03   4.224507e+03   5.673501e+02    0.8657   1.061056e+04   3.530160e+02      false       none         80         33          0          4      450      450       9176       9176        180
51       4.460784e+03   4.224507e+03   5.713286e+02    0.8648   1.092924e+04   3.186720e+02      false       none         80         33          0          4      459      459       9023       9023        180
52       4.853192e+03   4.224507e+03   5.753594e+02    0.8638   1.125919e+04   3.299540e+02      false       none         80         33          0          4      468      468       9236       9236        180
53       6.855630e+03   4.224507e+03   5.757390e+02    0.8637   1.165033e+04   3.911410e+02      false       none         80         33          0          4      477      477       9273       9273        180
54       5.000085e+03   4.224507e+03   5.763270e+02    0.8636   1.202797e+04   3.776420e+02      false       none         80         33          0          4      486      486       9440       9440        180
55       5.603365e+03   4.224507e+03   5.854854e+02    0.8614   1.240544e+04   3.774690e+02      false       none         80         33          0          4      495      495       9300       9300        180
56       5.622928e+03   4.224507e+03   5.881605e+02    0.8608   1.277665e+04   3.712040e+02      false       none         80         33          0          4      504      504       9409       9409        180
57       5.331078e+03   4.224507e+03   5.949277e+02    0.8592   1.315388e+04   3.772350e+02      false       none         80         33          0          4      513      513       9425       9425        180
58       5.746603e+03   4.224507e+03   5.952690e+02    0.8591   1.352835e+04   3.744660e+02      false       none         80         33          0          4      522      522       9295       9295        180
59       6.903604e+03   4.224507e+03   5.957265e+02    0.8590   1.392758e+04   3.992350e+02      false       none         80         33          0          4      531      531       8916       8916        180
60       5.242009e+03   4.224507e+03   5.978268e+02    0.8585   1.431194e+04   3.843620e+02      false       none         80         33          0          4      540      540       9309       9309        180
61       4.948776e+03   4.224507e+03   6.008536e+02    0.8578   1.469529e+04   3.833440e+02      false       none         80         33          0          4      549      549       9214       9214        180
62       4.615056e+03   4.224507e+03   6.008811e+02    0.8578   1.512163e+04   4.263440e+02      false       none         80         33          0          4      558      558       9496       9496        180
63       7.049756e+03   4.224507e+03   6.030329e+02    0.8573   1.553906e+04   4.174230e+02      false       none         80         33          0          4      567      567       9403       9403        180
64       5.564666e+03   4.224507e+03   6.101728e+02    0.8556   1.596107e+04   4.220170e+02      false       none         80         33          0          4      576      576       9474       9474        180
65       4.752515e+03   4.224507e+03   6.106324e+02    0.8555   1.632562e+04   3.645470e+02      false       none         80         33          0          4      585      585       9403       9403        180
66       5.261122e+03   4.224507e+03   6.115403e+02    0.8552   1.675003e+04   4.244070e+02      false       none         80         33          0          4      594      594       9484       9484        180
67       8.960251e+03   4.224507e+03   6.135181e+02    0.8548   1.723143e+04   4.814070e+02      false       none         80         33          0          4      603      603       9365       9365        180
68       5.368808e+03   4.224507e+03   6.140000e+02    0.8547   1.766714e+04   4.357040e+02      false       none         80         33          0          4      612      612       9089       9089        180
69       5.501052e+03   4.224507e+03   6.164409e+02    0.8541   1.812783e+04   4.606880e+02      false       none         80         33          0          4      621      621       9285       9285        180

Terminating DynamicSDDiP with status: time_limit
------------------------------------------------------------------------------
 ────────────────────────────────────────────────────────────────────────────────
                                        Time                    Allocations      
                               ───────────────────────   ────────────────────────
       Tot / % measured:            5.04h / 100.0%            105GiB / 100.0%    

 Section               ncalls     time    %tot     avg     alloc    %tot      avg
 ────────────────────────────────────────────────────────────────────────────────
 loop                       1    5.04h  100.0%   5.04h    105GiB  100.0%   105GiB
   iterations              69    5.04h  100.0%    263s    105GiB  100.0%  1.52GiB
     backward_pass         69    5.03h   99.9%    262s    105GiB  100.0%  1.52GiB
       solve_BP         12.4k    5.03h   99.9%   1.46s    105GiB  100.0%  8.63MiB
         solve_dual     12.4k    5.03h   99.9%   1.46s    105GiB   99.9%  8.62MiB
           solve_la...  12.4k    4.93h   97.9%   1.43s    104GiB   99.8%  8.61MiB
             inner_sol   639k    4.63h   91.9%  26.1ms   15.4GiB   14.8%  25.4KiB
               solv...   639k    4.60h   91.3%  25.9ms   4.38GiB    4.2%  7.20KiB
             bundle...   639k     730s    4.0%  1.14ms   1.22GiB    1.2%  2.00KiB
             outer_sol   639k     119s    0.7%   186μs   1.76GiB    1.7%  2.89KiB
             add_cut     639k    30.1s    0.2%  47.1μs   10.4GiB   10.0%  17.1KiB
             init_a...  12.4k    4.18s    0.0%   337μs   1.87GiB    1.8%   158KiB
             relax_...  12.4k    1.73s    0.0%   140μs    427MiB    0.4%  35.2KiB
             restor...  12.4k    1.22s    0.0%  98.0μs    222MiB    0.2%  18.3KiB
             conver...  12.4k   39.5ms    0.0%  3.18μs   2.27MiB    0.0%     192B
             minima...  12.4k   13.9ms    0.0%  1.12μs     0.00B    0.0%    0.00B
           solve_pr...  12.4k     351s    1.9%  28.2ms   76.2MiB    0.1%  6.28KiB
           dual_ini...  12.4k   17.0ms    0.0%  1.37μs   3.98MiB    0.0%     336B
         space_change   24.8k   6.92ms    0.0%   279ns     0.00B    0.0%    0.00B
       update_bellman     621   37.8ms    0.0%  60.9μs   6.38MiB    0.0%  10.5KiB
         cut_selection    621    789μs    0.0%  1.27μs   57.7KiB    0.0%    95.1B
     forward_pass          69    19.9s    0.1%   288ms   19.2MiB    0.0%   284KiB
       solve_subpro...    690    19.9s    0.1%  28.8ms   17.1MiB    0.0%  25.4KiB
         solver_cal...    690    19.8s    0.1%  28.7ms   5.71MiB    0.0%  8.48KiB
     calculate_bound       69    3.06s    0.0%  44.4ms   2.48MiB    0.0%  36.8KiB
       solver_call_...     69    3.05s    0.0%  44.3ms    927KiB    0.0%  13.4KiB
 ────────────────────────────────────────────────────────────────────────────────

||||||||||||||||||||||||||||||||||||||||||||||||||||||||||||||||||||||||||||||||||||||||||||||||||||||||||||||||||||||||||||||||||||||||
LAGRANGIAN DUAL SOLUTION RESULTS
mn_opt: 0 times (0.0%)
conv: 0 times (0.0%)
unbounded: 0 times (0.0%)
bound_issues: 0 times (0.0%)
subgr_stalling: 0 times (0.0%)
opt: 12420 times (100.0%)
feas_issues: 0 times (0.0%)
sub: 0 times (0.0%)
mn_iter: 0 times (0.0%)
iter: 0 times (0.0%)
mn_issue: 0 times (0.0%)

||||||||||||||||||||||||||||||||||||||||||||||||||||||||||||||||||||||||||||||||||||||||||||||||||||||||||||||||||||||||||||||||||||||||
SIMULATION RESULTS
DynamicSDDiP.Simulation(DynamicSDDiP.InSampleMonteCarlo(), 1000)
Lower bound: 616.4408999456562
Statistical upper bound (confidence interval): 5412.426864682954 ± 54.142834819275684
Pessimistic upper bound: 5466.56969950223
