

#########################################################################################################################################
#########################################################################################################################################
#########################################################################################################################################
#########################################################################################################################################
#########################################################################################################################################
DynamicSDDiP.jl (c) Christian Füllner, 2021
re-uses code from SDDP.jl (c) Oscar Dowson, 2017-21
||||||||||||||||||||||||||||||||||||||||||||||||||||||||||||||||||||||||||||||||||||||||||||||||||||||||||||||||||||||||||||||||||||||||
PATH
calling 
C:\Users\cg4102\.julia\packages\DynamicSDDiP\Z7cZi\src
nothing
DATETIME
2023-03-22T19:59:30.667
||||||||||||||||||||||||||||||||||||||||||||||||||||||||||||||||||||||||||||||||||||||||||||||||||||||||||||||||||||||||||||||||||||||||
STOPPING RULES
SDDP.TimeLimit(18000.0)
SDDP.BoundStalling(20, 0.0001)
||||||||||||||||||||||||||||||||||||||||||||||||||||||||||||||||||||||||||||||||||||||||||||||||||||||||||||||||||||||||||||||||||||||||
REGULARIZATION
DynamicSDDiP.NoRegularization()
||||||||||||||||||||||||||||||||||||||||||||||||||||||||||||||||||||||||||||||||||||||||||||||||||||||||||||||||||||||||||||||||||||||||
CUT GENERATION REGIMES
DynamicSDDiP.CutGenerationRegime(DynamicSDDiP.NoStateApproximation(), DynamicSDDiP.StrengthenedDuality(), 1, Inf, Inf, 0.0, true, 0.0001)

||||||||||||||||||||||||||||||||||||||||||||||||||||||||||||||||||||||||||||||||||||||||||||||||||||||||||||||||||||||||||||||||||||||||
CUT AGGREGATION
DynamicSDDiP.MultiCutRegime()
||||||||||||||||||||||||||||||||||||||||||||||||||||||||||||||||||||||||||||||||||||||||||||||||||||||||||||||||||||||||||||||||||||||||
CUT SELECTION
DynamicSDDiP.NoCutSelection()
||||||||||||||||||||||||||||||||||||||||||||||||||||||||||||||||||||||||||||||||||||||||||||||||||||||||||||||||||||||||||||||||||||||||
LATE BINARIZATION
DynamicSDDiP.NoLateBinarization()
||||||||||||||||||||||||||||||||||||||||||||||||||||||||||||||||||||||||||||||||||||||||||||||||||||||||||||||||||||||||||||||||||||||||
APPLIED SOLVERS (LP, MILP, MIQCP, MINLP, NLP, Lagrange)
DynamicSDDiP.AppliedSolvers(true, "Gurobi", "Gurobi", "Gurobi", "Gurobi", "Gurobi", "Gurobi", "Gurobi", "Gurobi", "Gurobi", 0.0001, 300)
DynamicSDDiP.Direct_Solver()
Numerical focus: false
Silent: true
||||||||||||||||||||||||||||||||||||||||||||||||||||||||||||||||||||||||||||||||||||||||||||||||||||||||||||||||||||||||||||||||||||||||
SAMPLING
Used seed for sampling scenarios: 
11111     
||||||||||||||||||||||||||||||||||||||||||||||||||||||||||||||||||||||||||||||||||||||||||||||||||||||||||||||||||||||||||||||||||||||||
RUN DESCRIPTION

||||||||||||||||||||||||||||||||||||||||||||||||||||||||||||||||||||||||||||||||||||||||||||||||||||||||||||||||||||||||||||||||||||||||
PROBLEM DESCRIPTION
Number of stages: 10
Number of realizations per stage: 20
Seed for scenario tree sampling: 12345
Solver: serial mode

────────────────────────────────────────────────────────────────────────────────────────────────────────────────────────────────────────────────────────────────────────────────────────────────────────
It.#               UB        Best UB             LB       Gap           Time        It_Time           Refinements                            #Var.   #Constr.             #Cuts       Lagrangian Dual                                               
                                                          [%]            [s]            [s]          σ       Bin.      Total      {0,1}          ℤ      Total    Total   Active      # It.    # C-It.  # C-Real.  
────────────────────────────────────────────────────────────────────────────────────────────────────────────────────────────────────────────────────────────────────────────────────────────────────────
1        4.560602e+03   4.560602e+03   2.959970e+03    0.3510   1.172000e+00   1.172000e+00      false       none        100         33          0          4      180      180          0          0          0
2        5.490288e+03   4.560602e+03   3.000964e+03    0.3420   2.718000e+00   1.546000e+00      false       none        100         33          0          4      317      317          0          0          0
3        5.881156e+03   4.560602e+03   3.045819e+03    0.3321   4.406000e+00   1.688000e+00      false       none        100         33          0          4      452      452          0          0          0
4        5.984754e+03   4.560602e+03   3.186775e+03    0.3012   6.031000e+00   1.625000e+00      false       none        100         33          0          4      562      562          0          0          0
5        4.600883e+03   4.560602e+03   3.189313e+03    0.3007   7.765000e+00   1.734000e+00      false       none        100         33          0          4      684      684          0          0          0
6        4.685761e+03   4.560602e+03   3.189313e+03    0.3007   9.625000e+00   1.860000e+00      false       none        100         33          0          4      741      741          0          0          0
7        5.352822e+03   4.560602e+03   3.190221e+03    0.3005   1.154700e+01   1.922000e+00      false       none        100         33          0          4      836      836          0          0          0
8        6.194543e+03   4.560602e+03   3.205357e+03    0.2972   1.357800e+01   2.031000e+00      false       none        100         33          0          4      920      920          0          0          0
9        4.737691e+03   4.560602e+03   3.210619e+03    0.2960   1.553100e+01   1.953000e+00      false       none        100         33          0          4     1041     1041          0          0          0
10       3.909970e+03   3.909970e+03   3.218569e+03    0.1768   1.776500e+01   2.234000e+00      false       none        100         33          0          4     1147     1147          0          0          0
11       5.789095e+03   3.909970e+03   3.247065e+03    0.1695   1.995300e+01   2.188000e+00      false       none        100         33          0          4     1256     1256          0          0          0
12       5.234954e+03   3.909970e+03   3.266654e+03    0.1645   2.243700e+01   2.484000e+00      false       none        100         33          0          4     1327     1327          0          0          0
13       3.325948e+03   3.325948e+03   3.277986e+03    0.0144   2.493700e+01   2.500000e+00      false       none        100         33          0          4     1405     1405          0          0          0
14       5.582192e+03   3.325948e+03   3.279001e+03    0.0141   2.742200e+01   2.485000e+00      false       none        100         33          0          4     1490     1490          0          0          0
15       3.617219e+03   3.325948e+03   3.279772e+03    0.0139   3.010900e+01   2.687000e+00      false       none        100         33          0          4     1549     1549          0          0          0
16       4.369237e+03   3.325948e+03   3.279772e+03    0.0139   3.279700e+01   2.688000e+00      false       none        100         33          0          4     1598     1598          0          0          0
17       4.661129e+03   3.325948e+03   3.287632e+03    0.0115   3.548400e+01   2.687000e+00      false       none        100         33          0          4     1685     1685          0          0          0
18       4.689473e+03   3.325948e+03   3.288976e+03    0.0111   3.834300e+01   2.859000e+00      false       none        100         33          0          4     1766     1766          0          0          0
19       6.002595e+03   3.325948e+03   3.295409e+03    0.0092   4.104700e+01   2.704000e+00      false       none        100         33          0          4     1869     1869          0          0          0
20       3.859952e+03   3.325948e+03   3.295959e+03    0.0090   4.396800e+01   2.921000e+00      false       none        100         33          0          4     1964     1964          0          0          0
21       6.576798e+03   3.325948e+03   3.297551e+03    0.0085   4.687500e+01   2.907000e+00      false       none        100         33          0          4     2026     2026          0          0          0
22       5.332295e+03   3.325948e+03   3.301850e+03    0.0072   4.996800e+01   3.093000e+00      false       none        100         33          0          4     2077     2077          0          0          0
23       3.877025e+03   3.325948e+03   3.302603e+03    0.0070   5.304700e+01   3.079000e+00      false       none        100         33          0          4     2117     2117          0          0          0
24       6.450745e+03   3.325948e+03   3.365373e+03    0.0117   5.609300e+01   3.046000e+00      false       none        100         33          0          4     2190     2190          0          0          0
25       5.541870e+03   3.325948e+03   3.370500e+03    0.0132   5.926500e+01   3.172000e+00      false       none        100         33          0          4     2235     2235          0          0          0
26       4.541293e+03   3.325948e+03   3.371227e+03    0.0134   6.229700e+01   3.032000e+00      false       none        100         33          0          4     2305     2305          0          0          0
27       4.674174e+03   3.325948e+03   3.371538e+03    0.0135   6.548400e+01   3.187000e+00      false       none        100         33          0          4     2337     2337          0          0          0
28       4.703059e+03   3.325948e+03   3.371673e+03    0.0136   6.879700e+01   3.313000e+00      false       none        100         33          0          4     2369     2369          0          0          0
29       3.839046e+03   3.325948e+03   3.372590e+03    0.0138   7.200000e+01   3.203000e+00      false       none        100         33          0          4     2435     2435          0          0          0
30       4.802127e+03   3.325948e+03   3.372590e+03    0.0138   7.517200e+01   3.172000e+00      false       none        100         33          0          4     2460     2460          0          0          0
31       3.645587e+03   3.325948e+03   3.372971e+03    0.0139   7.873400e+01   3.562000e+00      false       none        100         33          0          4     2531     2531          0          0          0
32       5.243825e+03   3.325948e+03   3.373792e+03    0.0142   8.200000e+01   3.266000e+00      false       none        100         33          0          4     2604     2604          0          0          0
33       7.175401e+03   3.325948e+03   3.375176e+03    0.0146   8.542200e+01   3.422000e+00      false       none        100         33          0          4     2695     2695          0          0          0
34       5.501880e+03   3.325948e+03   3.378011e+03    0.0154   8.871900e+01   3.297000e+00      false       none        100         33          0          4     2732     2732          0          0          0
35       5.603532e+03   3.325948e+03   3.378011e+03    0.0154   9.209400e+01   3.375000e+00      false       none        100         33          0          4     2742     2742          0          0          0
36       5.725320e+03   3.325948e+03   3.379755e+03    0.0159   9.560900e+01   3.515000e+00      false       none        100         33          0          4     2808     2808          0          0          0
37       5.441317e+03   3.325948e+03   3.386850e+03    0.0180   9.906200e+01   3.453000e+00      false       none        100         33          0          4     2867     2867          0          0          0
38       4.370935e+03   3.325948e+03   3.393134e+03    0.0198   1.029840e+02   3.922000e+00      false       none        100         33          0          4     2937     2937          0          0          0
39       4.940598e+03   3.325948e+03   3.399592e+03    0.0217   1.065470e+02   3.563000e+00      false       none        100         33          0          4     2987     2987          0          0          0
40       5.179992e+03   3.325948e+03   3.404812e+03    0.0232   1.100000e+02   3.453000e+00      false       none        100         33          0          4     3038     3038          0          0          0
41       4.209930e+03   3.325948e+03   3.404812e+03    0.0232   1.136560e+02   3.656000e+00      false       none        100         33          0          4     3038     3038          0          0          0
42       5.294317e+03   3.325948e+03   3.404812e+03    0.0232   1.172970e+02   3.641000e+00      false       none        100         33          0          4     3060     3060          0          0          0
43       4.436362e+03   3.325948e+03   3.404812e+03    0.0232   1.209530e+02   3.656000e+00      false       none        100         33          0          4     3065     3065          0          0          0
44       5.867919e+03   3.325948e+03   3.404812e+03    0.0232   1.245940e+02   3.641000e+00      false       none        100         33          0          4     3103     3103          0          0          0
45       4.945814e+03   3.325948e+03   3.404812e+03    0.0232   1.282650e+02   3.671000e+00      false       none        100         33          0          4     3112     3112          0          0          0
46       5.395563e+03   3.325948e+03   3.404812e+03    0.0232   1.320780e+02   3.813000e+00      false       none        100         33          0          4     3126     3126          0          0          0
47       5.398073e+03   3.325948e+03   3.405957e+03    0.0235   1.360620e+02   3.984000e+00      false       none        100         33          0          4     3180     3180          0          0          0
48       5.598503e+03   3.325948e+03   3.406179e+03    0.0236   1.399530e+02   3.891000e+00      false       none        100         33          0          4     3206     3206          0          0          0
49       5.484208e+03   3.325948e+03   3.409043e+03    0.0244   1.437030e+02   3.750000e+00      false       none        100         33          0          4     3238     3238          0          0          0
50       6.637753e+03   3.325948e+03   3.411210e+03    0.0250   1.474690e+02   3.766000e+00      false       none        100         33          0          4     3269     3269          0          0          0
51       3.614206e+03   3.325948e+03   3.411210e+03    0.0250   1.513900e+02   3.921000e+00      false       none        100         33          0          4     3319     3319          0          0          0
52       4.494411e+03   3.325948e+03   3.411329e+03    0.0250   1.552500e+02   3.860000e+00      false       none        100         33          0          4     3372     3372          0          0          0
53       6.475314e+03   3.325948e+03   3.411724e+03    0.0251   1.591090e+02   3.859000e+00      false       none        100         33          0          4     3422     3422          0          0          0
54       5.094478e+03   3.325948e+03   3.413117e+03    0.0255   1.632810e+02   4.172000e+00      false       none        100         33          0          4     3529     3529          0          0          0
55       4.953447e+03   3.325948e+03   3.413979e+03    0.0258   1.671720e+02   3.891000e+00      false       none        100         33          0          4     3628     3628          0          0          0
56       5.009116e+03   3.325948e+03   3.414129e+03    0.0258   1.712970e+02   4.125000e+00      false       none        100         33          0          4     3645     3645          0          0          0
57       4.719187e+03   3.325948e+03   3.419809e+03    0.0274   1.754220e+02   4.125000e+00      false       none        100         33          0          4     3694     3694          0          0          0
58       5.045165e+03   3.325948e+03   3.420500e+03    0.0276   1.794530e+02   4.031000e+00      false       none        100         33          0          4     3775     3775          0          0          0
59       6.419334e+03   3.325948e+03   3.420733e+03    0.0277   1.839220e+02   4.469000e+00      false       none        100         33          0          4     3826     3826          0          0          0
60       4.835087e+03   3.325948e+03   3.420805e+03    0.0277   1.881560e+02   4.234000e+00      false       none        100         33          0          4     3853     3853          0          0          0
61       4.520312e+03   3.325948e+03   3.421509e+03    0.0279   1.925940e+02   4.438000e+00      false       none        100         33          0          4     3918     3918          0          0          0
62       4.089770e+03   3.325948e+03   3.421509e+03    0.0279   1.973120e+02   4.718000e+00      false       none        100         33          0          4     3935     3935          0          0          0
63       6.671564e+03   3.325948e+03   3.421655e+03    0.0280   2.016560e+02   4.344000e+00      false       none        100         33          0          4     3978     3978          0          0          0
64       5.374885e+03   3.325948e+03   3.423187e+03    0.0284   2.062660e+02   4.610000e+00      false       none        100         33          0          4     4021     4021          0          0          0
65       3.845912e+03   3.325948e+03   3.428540e+03    0.0299   2.103910e+02   4.125000e+00      false       none        100         33          0          4     4055     4055          0          0          0
66       4.729333e+03   3.325948e+03   3.431834e+03    0.0309   2.147810e+02   4.390000e+00      false       none        100         33          0          4     4105     4105          0          0          0
67       8.812523e+03   3.325948e+03   3.431834e+03    0.0309   2.190160e+02   4.235000e+00      false       none        100         33          0          4     4126     4126          0          0          0
68       5.225289e+03   3.325948e+03   3.432043e+03    0.0309   2.240940e+02   5.078000e+00      false       none        100         33          0          4     4184     4184          0          0          0
69       4.639321e+03   3.325948e+03   3.432043e+03    0.0309   2.286250e+02   4.531000e+00      false       none        100         33          0          4     4224     4224          0          0          0
70       6.085973e+03   3.325948e+03   3.432567e+03    0.0311   2.333590e+02   4.734000e+00      false       none        100         33          0          4     4304     4304          0          0          0
71       4.926457e+03   3.325948e+03   3.432567e+03    0.0311   2.382030e+02   4.844000e+00      false       none        100         33          0          4     4335     4335          0          0          0
72       4.485288e+03   3.325948e+03   3.432567e+03    0.0311   2.428590e+02   4.656000e+00      false       none        100         33          0          4     4384     4384          0          0          0
73       4.584869e+03   3.325948e+03   3.432666e+03    0.0311   2.474530e+02   4.594000e+00      false       none        100         33          0          4     4397     4397          0          0          0
74       5.493240e+03   3.325948e+03   3.432666e+03    0.0311   2.524530e+02   5.000000e+00      false       none        100         33          0          4     4421     4421          0          0          0
75       6.229673e+03   3.325948e+03   3.432697e+03    0.0311   2.571250e+02   4.672000e+00      false       none        100         33          0          4     4430     4430          0          0          0
76       4.338689e+03   3.325948e+03   3.432722e+03    0.0311   2.619840e+02   4.859000e+00      false       none        100         33          0          4     4448     4448          0          0          0
77       7.124246e+03   3.325948e+03   3.433627e+03    0.0314   2.666880e+02   4.704000e+00      false       none        100         33          0          4     4513     4513          0          0          0
78       5.310095e+03   3.325948e+03   3.433627e+03    0.0314   2.716090e+02   4.921000e+00      false       none        100         33          0          4     4524     4524          0          0          0
79       4.829114e+03   3.325948e+03   3.433646e+03    0.0314   2.764220e+02   4.813000e+00      false       none        100         33          0          4     4536     4536          0          0          0
80       5.131801e+03   3.325948e+03   3.433646e+03    0.0314   2.812500e+02   4.828000e+00      false       none        100         33          0          4     4569     4569          0          0          0
81       4.270703e+03   3.325948e+03   3.433646e+03    0.0314   2.862030e+02   4.953000e+00      false       none        100         33          0          4     4573     4573          0          0          0
82       4.952014e+03   3.325948e+03   3.433646e+03    0.0314   2.912970e+02   5.094000e+00      false       none        100         33          0          4     4580     4580          0          0          0
83       5.297526e+03   3.325948e+03   3.433646e+03    0.0314   2.963280e+02   5.031000e+00      false       none        100         33          0          4     4607     4607          0          0          0
84       5.649358e+03   3.325948e+03   3.433885e+03    0.0314   3.016560e+02   5.328000e+00      false       none        100         33          0          4     4644     4644          0          0          0
85       3.945538e+03   3.325948e+03   3.433885e+03    0.0314   3.067810e+02   5.125000e+00      false       none        100         33          0          4     4649     4649          0          0          0
86       6.507292e+03   3.325948e+03   3.433967e+03    0.0315   3.113750e+02   4.594000e+00      false       none        100         33          0          4     4673     4673          0          0          0
87       5.102989e+03   3.325948e+03   3.433967e+03    0.0315   3.163600e+02   4.985000e+00      false       none        100         33          0          4     4686     4686          0          0          0
88       4.931060e+03   3.325948e+03   3.433967e+03    0.0315   3.212970e+02   4.937000e+00      false       none        100         33          0          4     4687     4687          0          0          0
89       3.660544e+03   3.325948e+03   3.433967e+03    0.0315   3.263440e+02   5.047000e+00      false       none        100         33          0          4     4688     4688          0          0          0
90       4.649154e+03   3.325948e+03   3.433967e+03    0.0315   3.312500e+02   4.906000e+00      false       none        100         33          0          4     4690     4690          0          0          0
91       4.680767e+03   3.325948e+03   3.434156e+03    0.0315   3.362030e+02   4.953000e+00      false       none        100         33          0          4     4709     4709          0          0          0
92       3.281616e+03   3.281616e+03   3.434156e+03    0.0444   3.414060e+02   5.203000e+00      false       none        100         33          0          4     4720     4720          0          0          0
93       3.744976e+03   3.281616e+03   3.434156e+03    0.0444   3.470780e+02   5.672000e+00      false       none        100         33          0          4     4735     4735          0          0          0
94       5.371032e+03   3.281616e+03   3.434156e+03    0.0444   3.525630e+02   5.485000e+00      false       none        100         33          0          4     4740     4740          0          0          0
95       4.877395e+03   3.281616e+03   3.434955e+03    0.0446   3.581100e+02   5.547000e+00      false       none        100         33          0          4     4791     4791          0          0          0
96       6.269283e+03   3.281616e+03   3.435222e+03    0.0447   3.637810e+02   5.671000e+00      false       none        100         33          0          4     4817     4817          0          0          0
97       5.493575e+03   3.281616e+03   3.439052e+03    0.0458   3.692810e+02   5.500000e+00      false       none        100         33          0          4     4906     4906          0          0          0
98       4.337996e+03   3.281616e+03   3.439071e+03    0.0458   3.751880e+02   5.907000e+00      false       none        100         33          0          4     4929     4929          0          0          0
99       5.253834e+03   3.281616e+03   3.439071e+03    0.0458   3.809850e+02   5.797000e+00      false       none        100         33          0          4     4931     4931          0          0          0
100      4.415967e+03   3.281616e+03   3.439071e+03    0.0458   3.865940e+02   5.609000e+00      false       none        100         33          0          4     4957     4957          0          0          0
101      3.845892e+03   3.281616e+03   3.439071e+03    0.0458   3.920470e+02   5.453000e+00      false       none        100         33          0          4     4967     4967          0          0          0
102      4.813445e+03   3.281616e+03   3.439071e+03    0.0458   3.979530e+02   5.906000e+00      false       none        100         33          0          4     4986     4986          0          0          0
103      6.392437e+03   3.281616e+03   3.439071e+03    0.0458   4.037820e+02   5.829000e+00      false       none        100         33          0          4     5013     5013          0          0          0
104      4.465212e+03   3.281616e+03   3.439071e+03    0.0458   4.095320e+02   5.750000e+00      false       none        100         33          0          4     5019     5019          0          0          0
105      4.953731e+03   3.281616e+03   3.439071e+03    0.0458   4.150630e+02   5.531000e+00      false       none        100         33          0          4     5054     5054          0          0          0
106      3.816751e+03   3.281616e+03   3.439071e+03    0.0458   4.207500e+02   5.687000e+00      false       none        100         33          0          4     5080     5080          0          0          0
107      5.008330e+03   3.281616e+03   3.439071e+03    0.0458   4.267030e+02   5.953000e+00      false       none        100         33          0          4     5109     5109          0          0          0
108      5.886603e+03   3.281616e+03   3.439071e+03    0.0458   4.324530e+02   5.750000e+00      false       none        100         33          0          4     5122     5122          0          0          0
109      5.027402e+03   3.281616e+03   3.439071e+03    0.0458   4.381410e+02   5.688000e+00      false       none        100         33          0          4     5137     5137          0          0          0
110      4.622319e+03   3.281616e+03   3.439071e+03    0.0458   4.438910e+02   5.750000e+00      false       none        100         33          0          4     5164     5164          0          0          0
111      5.078426e+03   3.281616e+03   3.439071e+03    0.0458   4.497820e+02   5.891000e+00      false       none        100         33          0          4     5186     5186          0          0          0
112      6.643371e+03   3.281616e+03   3.439071e+03    0.0458   4.557970e+02   6.015000e+00      false       none        100         33          0          4     5205     5205          0          0          0
113      4.503698e+03   3.281616e+03   3.439071e+03    0.0458   4.616720e+02   5.875000e+00      false       none        100         33          0          4     5222     5222          0          0          0
114      4.402619e+03   3.281616e+03   3.439384e+03    0.0459   4.674220e+02   5.750000e+00      false       none        100         33          0          4     5268     5268          0          0          0
115      5.733650e+03   3.281616e+03   3.439402e+03    0.0459   4.737500e+02   6.328000e+00      false       none        100         33          0          4     5288     5288          0          0          0
116      3.995750e+03   3.281616e+03   3.439402e+03    0.0459   4.799220e+02   6.172000e+00      false       none        100         33          0          4     5296     5296          0          0          0
117      4.378880e+03   3.281616e+03   3.439402e+03    0.0459   4.857970e+02   5.875000e+00      false       none        100         33          0          4     5303     5303          0          0          0
118      7.427338e+03   3.281616e+03   3.439402e+03    0.0459   4.913600e+02   5.563000e+00      false       none        100         33          0          4     5307     5307          0          0          0
119      6.827561e+03   3.281616e+03   3.439402e+03    0.0459   4.971410e+02   5.781000e+00      false       none        100         33          0          4     5315     5315          0          0          0
120      6.552989e+03   3.281616e+03   3.439437e+03    0.0459   5.028750e+02   5.734000e+00      false       none        100         33          0          4     5337     5337          0          0          0
121      4.854405e+03   3.281616e+03   3.439437e+03    0.0459   5.085320e+02   5.657000e+00      false       none        100         33          0          4     5342     5342          0          0          0
122      5.688152e+03   3.281616e+03   3.439437e+03    0.0459   5.142970e+02   5.765000e+00      false       none        100         33          0          4     5346     5346          0          0          0
123      6.616190e+03   3.281616e+03   3.439437e+03    0.0459   5.202190e+02   5.922000e+00      false       none        100         33          0          4     5347     5347          0          0          0
124      4.463794e+03   3.281616e+03   3.439437e+03    0.0459   5.262510e+02   6.032000e+00      false       none        100         33          0          4     5353     5353          0          0          0
125      5.753105e+03   3.281616e+03   3.439437e+03    0.0459   5.323760e+02   6.125000e+00      false       none        100         33          0          4     5356     5356          0          0          0
126      6.272269e+03   3.281616e+03   3.439437e+03    0.0459   5.381410e+02   5.765000e+00      false       none        100         33          0          4     5359     5359          0          0          0
127      6.722944e+03   3.281616e+03   3.439437e+03    0.0459   5.440320e+02   5.891000e+00      false       none        100         33          0          4     5359     5359          0          0          0
128      4.373920e+03   3.281616e+03   3.439437e+03    0.0459   5.497970e+02   5.765000e+00      false       none        100         33          0          4     5360     5360          0          0          0
129      3.734522e+03   3.281616e+03   3.439437e+03    0.0459   5.558290e+02   6.032000e+00      false       none        100         33          0          4     5367     5367          0          0          0
130      3.425318e+03   3.281616e+03   3.439437e+03    0.0459   5.619690e+02   6.140000e+00      false       none        100         33          0          4     5380     5380          0          0          0
131      4.996260e+03   3.281616e+03   3.439437e+03    0.0459   5.678910e+02   5.922000e+00      false       none        100         33          0          4     5392     5392          0          0          0
132      4.429187e+03   3.281616e+03   3.443626e+03    0.0470   5.740790e+02   6.188000e+00      false       none        100         33          0          4     5438     5438          0          0          0
133      4.110971e+03   3.281616e+03   3.443990e+03    0.0471   5.801880e+02   6.109000e+00      false       none        100         33          0          4     5467     5467          0          0          0
134      4.420209e+03   3.281616e+03   3.448777e+03    0.0485   5.862190e+02   6.031000e+00      false       none        100         33          0          4     5516     5516          0          0          0
135      6.389387e+03   3.281616e+03   3.448777e+03    0.0485   5.921880e+02   5.969000e+00      false       none        100         33          0          4     5518     5518          0          0          0
136      4.734581e+03   3.281616e+03   3.448777e+03    0.0485   5.984230e+02   6.235000e+00      false       none        100         33          0          4     5566     5566          0          0          0
137      4.753981e+03   3.281616e+03   3.448777e+03    0.0485   6.043440e+02   5.921000e+00      false       none        100         33          0          4     5576     5576          0          0          0
138      5.303679e+03   3.281616e+03   3.448777e+03    0.0485   6.106730e+02   6.329000e+00      false       none        100         33          0          4     5579     5579          0          0          0
139      4.567414e+03   3.281616e+03   3.449372e+03    0.0486   6.169850e+02   6.312000e+00      false       none        100         33          0          4     5608     5608          0          0          0
140      4.297624e+03   3.281616e+03   3.449390e+03    0.0486   6.233130e+02   6.328000e+00      false       none        100         33          0          4     5643     5643          0          0          0
141      5.826772e+03   3.281616e+03   3.449442e+03    0.0487   6.295790e+02   6.266000e+00      false       none        100         33          0          4     5667     5667          0          0          0
142      4.419562e+03   3.281616e+03   3.449442e+03    0.0487   6.355790e+02   6.000000e+00      false       none        100         33          0          4     5693     5693          0          0          0
143      4.899667e+03   3.281616e+03   3.449442e+03    0.0487   6.418910e+02   6.312000e+00      false       none        100         33          0          4     5713     5713          0          0          0
144      5.115098e+03   3.281616e+03   3.449442e+03    0.0487   6.484850e+02   6.594000e+00      false       none        100         33          0          4     5718     5718          0          0          0
145      4.131919e+03   3.281616e+03   3.449442e+03    0.0487   6.548910e+02   6.406000e+00      false       none        100         33          0          4     5728     5728          0          0          0
146      4.809119e+03   3.281616e+03   3.449442e+03    0.0487   6.610010e+02   6.110000e+00      false       none        100         33          0          4     5742     5742          0          0          0
147      4.938144e+03   3.281616e+03   3.449464e+03    0.0487   6.672200e+02   6.219000e+00      false       none        100         33          0          4     5753     5753          0          0          0
148      4.530375e+03   3.281616e+03   3.449464e+03    0.0487   6.733910e+02   6.171000e+00      false       none        100         33          0          4     5771     5771          0          0          0
149      4.024551e+03   3.281616e+03   3.449580e+03    0.0487   6.800480e+02   6.657000e+00      false       none        100         33          0          4     5786     5786          0          0          0
150      4.954232e+03   3.281616e+03   3.450249e+03    0.0489   6.865950e+02   6.547000e+00      false       none        100         33          0          4     5800     5800          0          0          0
151      4.205121e+03   3.281616e+03   3.450249e+03    0.0489   6.928450e+02   6.250000e+00      false       none        100         33          0          4     5801     5801          0          0          0
152      5.548781e+03   3.281616e+03   3.450249e+03    0.0489   6.989700e+02   6.125000e+00      false       none        100         33          0          4     5810     5810          0          0          0
153      4.672501e+03   3.281616e+03   3.450301e+03    0.0489   7.050170e+02   6.047000e+00      false       none        100         33          0          4     5846     5846          0          0          0
154      3.906256e+03   3.281616e+03   3.450301e+03    0.0489   7.112660e+02   6.249000e+00      false       none        100         33          0          4     5848     5848          0          0          0
155      4.287533e+03   3.281616e+03   3.450301e+03    0.0489   7.177040e+02   6.438000e+00      false       none        100         33          0          4     5856     5856          0          0          0
156      4.569632e+03   3.281616e+03   3.450332e+03    0.0489   7.239540e+02   6.250000e+00      false       none        100         33          0          4     5866     5866          0          0          0
157      5.652030e+03   3.281616e+03   3.450787e+03    0.0490   7.307510e+02   6.797000e+00      false       none        100         33          0          4     5899     5899          0          0          0
158      4.170247e+03   3.281616e+03   3.450787e+03    0.0490   7.372670e+02   6.516000e+00      false       none        100         33          0          4     5906     5906          0          0          0
159      6.254330e+03   3.281616e+03   3.450787e+03    0.0490   7.437980e+02   6.531000e+00      false       none        100         33          0          4     5930     5930          0          0          0
160      6.426472e+03   3.281616e+03   3.450833e+03    0.0490   7.503760e+02   6.578000e+00      false       none        100         33          0          4     5939     5939          0          0          0
161      4.769655e+03   3.281616e+03   3.450833e+03    0.0490   7.567510e+02   6.375000e+00      false       none        100         33          0          4     5940     5940          0          0          0
162      5.516398e+03   3.281616e+03   3.450868e+03    0.0490   7.630320e+02   6.281000e+00      false       none        100         33          0          4     5944     5944          0          0          0
163      4.554471e+03   3.281616e+03   3.450868e+03    0.0490   7.694540e+02   6.422000e+00      false       none        100         33          0          4     5953     5953          0          0          0
164      6.714193e+03   3.281616e+03   3.450886e+03    0.0491   7.757510e+02   6.297000e+00      false       none        100         33          0          4     5980     5980          0          0          0
165      4.601228e+03   3.281616e+03   3.450905e+03    0.0491   7.823920e+02   6.641000e+00      false       none        100         33          0          4     5994     5994          0          0          0
166      3.546035e+03   3.281616e+03   3.450905e+03    0.0491   7.887350e+02   6.343000e+00      false       none        100         33          0          4     6001     6001          0          0          0
167      3.966058e+03   3.281616e+03   3.450905e+03    0.0491   7.953760e+02   6.641000e+00      false       none        100         33          0          4     6037     6037          0          0          0
168      3.966621e+03   3.281616e+03   3.450905e+03    0.0491   8.021260e+02   6.750000e+00      false       none        100         33          0          4     6062     6062          0          0          0
169      3.977081e+03   3.281616e+03   3.450905e+03    0.0491   8.091100e+02   6.984000e+00      false       none        100         33          0          4     6069     6069          0          0          0
170      4.352895e+03   3.281616e+03   3.450905e+03    0.0491   8.162200e+02   7.110000e+00      false       none        100         33          0          4     6102     6102          0          0          0
171      4.794500e+03   3.281616e+03   3.450936e+03    0.0491   8.228920e+02   6.672000e+00      false       none        100         33          0          4     6128     6128          0          0          0
172      5.616460e+03   3.281616e+03   3.450936e+03    0.0491   8.292820e+02   6.390000e+00      false       none        100         33          0          4     6134     6134          0          0          0
173      4.010652e+03   3.281616e+03   3.450936e+03    0.0491   8.363140e+02   7.032000e+00      false       none        100         33          0          4     6160     6160          0          0          0
174      4.124810e+03   3.281616e+03   3.450936e+03    0.0491   8.430010e+02   6.687000e+00      false       none        100         33          0          4     6164     6164          0          0          0
175      5.675891e+03   3.281616e+03   3.451752e+03    0.0493   8.495640e+02   6.563000e+00      false       none        100         33          0          4     6194     6194          0          0          0
176      4.347464e+03   3.281616e+03   3.453355e+03    0.0497   8.560640e+02   6.500000e+00      false       none        100         33          0          4     6229     6229          0          0          0
177      5.461421e+03   3.281616e+03   3.453355e+03    0.0497   8.629860e+02   6.922000e+00      false       none        100         33          0          4     6266     6266          0          0          0
178      3.863894e+03   3.281616e+03   3.453355e+03    0.0497   8.699230e+02   6.937000e+00      false       none        100         33          0          4     6281     6281          0          0          0
179      3.772601e+03   3.281616e+03   3.454123e+03    0.0499   8.766730e+02   6.750000e+00      false       none        100         33          0          4     6322     6322          0          0          0
180      3.788024e+03   3.281616e+03   3.455641e+03    0.0504   8.839390e+02   7.266000e+00      false       none        100         33          0          4     6377     6377          0          0          0
181      4.853033e+03   3.281616e+03   3.459876e+03    0.0515   8.908140e+02   6.875000e+00      false       none        100         33          0          4     6408     6408          0          0          0
182      4.749534e+03   3.281616e+03   3.465393e+03    0.0530   8.976890e+02   6.875000e+00      false       none        100         33          0          4     6449     6449          0          0          0
183      3.635894e+03   3.281616e+03   3.465972e+03    0.0532   9.050480e+02   7.359000e+00      false       none        100         33          0          4     6519     6519          0          0          0
184      6.648872e+03   3.281616e+03   3.468934e+03    0.0540   9.119860e+02   6.938000e+00      false       none        100         33          0          4     6568     6568          0          0          0
185      4.451438e+03   3.281616e+03   3.470177e+03    0.0543   9.190480e+02   7.062000e+00      false       none        100         33          0          4     6587     6587          0          0          0
186      6.963520e+03   3.281616e+03   3.472915e+03    0.0551   9.258290e+02   6.781000e+00      false       none        100         33          0          4     6613     6613          0          0          0
187      4.028593e+03   3.281616e+03   3.472915e+03    0.0551   9.328760e+02   7.047000e+00      false       none        100         33          0          4     6616     6616          0          0          0
188      3.974499e+03   3.281616e+03   3.472915e+03    0.0551   9.401110e+02   7.235000e+00      false       none        100         33          0          4     6624     6624          0          0          0
189      3.518515e+03   3.281616e+03   3.472915e+03    0.0551   9.474230e+02   7.312000e+00      false       none        100         33          0          4     6629     6629          0          0          0
190      3.721229e+03   3.281616e+03   3.472915e+03    0.0551   9.546420e+02   7.219000e+00      false       none        100         33          0          4     6630     6630          0          0          0
191      3.834239e+03   3.281616e+03   3.472915e+03    0.0551   9.615010e+02   6.859000e+00      false       none        100         33          0          4     6631     6631          0          0          0
192      4.703848e+03   3.281616e+03   3.472915e+03    0.0551   9.685330e+02   7.032000e+00      false       none        100         33          0          4     6641     6641          0          0          0
193      5.422571e+03   3.281616e+03   3.472915e+03    0.0551   9.753290e+02   6.796000e+00      false       none        100         33          0          4     6644     6644          0          0          0
194      4.916894e+03   3.281616e+03   3.472915e+03    0.0551   9.819540e+02   6.625000e+00      false       none        100         33          0          4     6650     6650          0          0          0
195      5.421527e+03   3.281616e+03   3.472915e+03    0.0551   9.887360e+02   6.782000e+00      false       none        100         33          0          4     6658     6658          0          0          0
196      5.912517e+03   3.281616e+03   3.472915e+03    0.0551   9.956110e+02   6.875000e+00      false       none        100         33          0          4     6659     6659          0          0          0
197      5.336532e+03   3.281616e+03   3.472915e+03    0.0551   1.002658e+03   7.047000e+00      false       none        100         33          0          4     6662     6662          0          0          0
198      4.756679e+03   3.281616e+03   3.472915e+03    0.0551   1.009470e+03   6.812000e+00      false       none        100         33          0          4     6664     6664          0          0          0
199      5.177340e+03   3.281616e+03   3.472915e+03    0.0551   1.016392e+03   6.922000e+00      false       none        100         33          0          4     6666     6666          0          0          0
200      5.635565e+03   3.281616e+03   3.472915e+03    0.0551   1.023220e+03   6.828000e+00      false       none        100         33          0          4     6668     6668          0          0          0
201      5.103831e+03   3.281616e+03   3.472915e+03    0.0551   1.030361e+03   7.141000e+00      false       none        100         33          0          4     6682     6682          0          0          0
202      3.673671e+03   3.281616e+03   3.472915e+03    0.0551   1.037251e+03   6.890000e+00      false       none        100         33          0          4     6687     6687          0          0          0
203      5.244488e+03   3.281616e+03   3.472915e+03    0.0551   1.044580e+03   7.329000e+00      false       none        100         33          0          4     6694     6694          0          0          0
204      5.440141e+03   3.281616e+03   3.472915e+03    0.0551   1.051705e+03   7.125000e+00      false       none        100         33          0          4     6702     6702          0          0          0
205      4.276580e+03   3.281616e+03   3.472915e+03    0.0551   1.058705e+03   7.000000e+00      false       none        100         33          0          4     6713     6713          0          0          0
206      4.143528e+03   3.281616e+03   3.472915e+03    0.0551   1.065658e+03   6.953000e+00      false       none        100         33          0          4     6717     6717          0          0          0

Terminating DynamicSDDiP with status: bound_stalling
------------------------------------------------------------------------------
 ────────────────────────────────────────────────────────────────────────────────
                                        Time                    Allocations      
                               ───────────────────────   ────────────────────────
       Tot / % measured:            1066s / 100.0%           9.36GiB / 100.0%    

 Section               ncalls     time    %tot     avg     alloc    %tot      avg
 ────────────────────────────────────────────────────────────────────────────────
 loop                       1    1066s  100.0%   1066s   9.35GiB  100.0%  9.35GiB
   iterations             206    1065s  100.0%   5.17s   9.35GiB  100.0%  46.5MiB
     backward_pass        206    1023s   96.0%   4.97s   9.29GiB   99.3%  46.2MiB
       solve_BP         37.1k    1022s   95.9%  27.6ms   9.18GiB   98.2%   260KiB
         solve_dual     37.1k    1020s   95.7%  27.5ms   8.95GiB   95.6%   253KiB
           solver_c...  37.1k     863s   81.0%  23.3ms    154MiB    1.6%  4.25KiB
           LP_relax...  37.1k     143s   13.4%  3.86ms   6.03GiB   64.5%   171KiB
             solver...  37.1k     112s   10.5%  3.01ms   99.2MiB    1.0%  2.74KiB
         space_change   74.2k   21.3ms    0.0%   288ns     0.00B    0.0%    0.00B
       update_bellman   1.85k    237ms    0.0%   128μs   72.2MiB    0.8%  39.9KiB
         cut_selection  6.72k   4.27ms    0.0%   636ns    532KiB    0.0%    81.2B
     forward_pass         206    37.4s    3.5%   182ms   56.7MiB    0.6%   282KiB
       solve_subpro...  2.06k    37.4s    3.5%  18.1ms   50.6MiB    0.5%  25.2KiB
         solver_cal...  2.06k    37.0s    3.5%  18.0ms   5.83MiB    0.1%  2.90KiB
     calculate_bound      206    4.62s    0.4%  22.4ms   5.23MiB    0.1%  26.0KiB
       solver_call_...    206    4.59s    0.4%  22.3ms    407KiB    0.0%  1.97KiB
 ────────────────────────────────────────────────────────────────────────────────

||||||||||||||||||||||||||||||||||||||||||||||||||||||||||||||||||||||||||||||||||||||||||||||||||||||||||||||||||||||||||||||||||||||||
LAGRANGIAN DUAL SOLUTION RESULTS
mn_opt: 0 times (NaN%)
conv: 0 times (NaN%)
unbounded: 0 times (NaN%)
bound_issues: 0 times (NaN%)
subgr_stalling: 0 times (NaN%)
opt: 0 times (NaN%)
feas_issues: 0 times (NaN%)
sub: 0 times (NaN%)
mn_iter: 0 times (NaN%)
iter: 0 times (NaN%)
mn_issue: 0 times (NaN%)

||||||||||||||||||||||||||||||||||||||||||||||||||||||||||||||||||||||||||||||||||||||||||||||||||||||||||||||||||||||||||||||||||||||||
SIMULATION RESULTS
DynamicSDDiP.Simulation(DynamicSDDiP.InSampleMonteCarlo(), 1000)
Lower bound: 3472.914502706337
Statistical upper bound (confidence interval): 4887.331960283651 ± 55.5874467447754
Pessimistic upper bound: 4942.919407028427
