

#########################################################################################################################################
#########################################################################################################################################
#########################################################################################################################################
#########################################################################################################################################
#########################################################################################################################################
DynamicSDDiP.jl (c) Christian Füllner, 2021
re-uses code from SDDP.jl (c) Oscar Dowson, 2017-21
||||||||||||||||||||||||||||||||||||||||||||||||||||||||||||||||||||||||||||||||||||||||||||||||||||||||||||||||||||||||||||||||||||||||
MACHINE
ior-sop-ws03
PATH
calling 
C:\Users\cg4102\.julia\packages\DynamicSDDiP\QTt9N\src
nothing
DATETIME
2025-09-26T19:04:56.047
||||||||||||||||||||||||||||||||||||||||||||||||||||||||||||||||||||||||||||||||||||||||||||||||||||||||||||||||||||||||||||||||||||||||
STOPPING RULES
SDDP.TimeLimit(18000.0)
SDDP.BoundStalling(20, 0.0001)
||||||||||||||||||||||||||||||||||||||||||||||||||||||||||||||||||||||||||||||||||||||||||||||||||||||||||||||||||||||||||||||||||||||||
REGULARIZATION
DynamicSDDiP.NoRegularization()
||||||||||||||||||||||||||||||||||||||||||||||||||||||||||||||||||||||||||||||||||||||||||||||||||||||||||||||||||||||||||||||||||||||||
CUT GENERATION REGIMES
DynamicSDDiP.CutGenerationRegime(DynamicSDDiP.NoStateApproximation(), DynamicSDDiP.UnifiedLagrangianDuality(0.0001, 0.0001, 1000, DynamicSDDiP.ZeroDuals(), DynamicSDDiP.BothBounds(), DynamicSDDiP.LevelBundle(0.5, true, false), DynamicSDDiP.MinimalNormChoice(), DynamicSDDiP.Lax(), DynamicSDDiP.L∞_Deep(), DynamicSDDiP.NoDualSpaceRestriction(), DynamicSDDiP.ConvexHullCopy(), false, nothing, nothing), 1, Inf, true, 0.0001, false, 0.01, 1)

||||||||||||||||||||||||||||||||||||||||||||||||||||||||||||||||||||||||||||||||||||||||||||||||||||||||||||||||||||||||||||||||||||||||
CUT AGGREGATION
DynamicSDDiP.MultiCutRegime()
||||||||||||||||||||||||||||||||||||||||||||||||||||||||||||||||||||||||||||||||||||||||||||||||||||||||||||||||||||||||||||||||||||||||
CUT SELECTION
DynamicSDDiP.NoCutSelection()
||||||||||||||||||||||||||||||||||||||||||||||||||||||||||||||||||||||||||||||||||||||||||||||||||||||||||||||||||||||||||||||||||||||||
LATE BINARIZATION
DynamicSDDiP.NoLateBinarization()
||||||||||||||||||||||||||||||||||||||||||||||||||||||||||||||||||||||||||||||||||||||||||||||||||||||||||||||||||||||||||||||||||||||||
APPLIED SOLVERS (LP, MILP, MIQCP, MINLP, NLP, Lagrange)
DynamicSDDiP.AppliedSolvers(true, "Gurobi", "Gurobi", "Gurobi", "Gurobi", "Gurobi", "Gurobi", "Gurobi", "Gurobi", "Gurobi", 0.0001, 300)
DynamicSDDiP.Direct_Solver()
Numerical focus: false
Silent: true
||||||||||||||||||||||||||||||||||||||||||||||||||||||||||||||||||||||||||||||||||||||||||||||||||||||||||||||||||||||||||||||||||||||||
SAMPLING
Used seed for sampling scenarios: 
11111     
||||||||||||||||||||||||||||||||||||||||||||||||||||||||||||||||||||||||||||||||||||||||||||||||||||||||||||||||||||||||||||||||||||||||
RUN DESCRIPTION

||||||||||||||||||||||||||||||||||||||||||||||||||||||||||||||||||||||||||||||||||||||||||||||||||||||||||||||||||||||||||||||||||||||||
PROBLEM DESCRIPTION
Number of stages: 10
Number of realizations per stage: 20
Seed for scenario tree sampling: 12345
Solver: serial mode

────────────────────────────────────────────────────────────────────────────────────────────────────────────────────────────────────────────────────────────────────────────────────────────────────────
It.#               UB        Best UB             LB       Gap           Time        It_Time           Refinements                            #Var.   #Constr.             #Cuts       Lagrangian Dual                                               
                                                          [%]            [s]            [s]          σ       Bin.      Total      {0,1}          ℤ      Total    Total   Active      # It.    # C-It.  # C-Real.  
────────────────────────────────────────────────────────────────────────────────────────────────────────────────────────────────────────────────────────────────────────────────────────────────────────
1        4.560602e+03   4.560602e+03   1.830504e+02    0.9599   1.623600e+01   1.623600e+01      false       none        100         33          0          4      180      180       6904       6904        180
2        6.054688e+03   4.560602e+03   3.370842e+02    0.9261   2.922700e+01   1.299100e+01      false       none        100         33          0          4      360      360       5675       5675        180
3        7.980680e+03   4.560602e+03   3.704989e+02    0.9188   4.742900e+01   1.820200e+01      false       none        100         33          0          4      540      540       6853       6853        180
4        7.323603e+03   4.560602e+03   3.755309e+02    0.9177   7.466400e+01   2.723500e+01      false       none        100         33          0          4      719      719       8329       8329        180
5        5.648828e+03   4.560602e+03   5.104191e+02    0.8881   1.064510e+02   3.178700e+01      false       none        100         33          0          4      883      883      15222      15107        178
6        5.572299e+03   4.560602e+03   6.088312e+02    0.8665   1.828050e+02   7.635400e+01      false       none        100         33          0          4     1043     1043      21679      21123        176
7        6.834061e+03   4.560602e+03   6.236212e+02    0.8633   2.536740e+02   7.086900e+01      false       none        100         33          0          4     1203     1203      21190      21075        178
8        7.077383e+03   4.560602e+03   7.081221e+02    0.8447   3.733920e+02   1.197180e+02      false       none        100         33          0          4     1383     1383      12510      12510        180
9        5.620119e+03   4.560602e+03   8.432112e+02    0.8151   4.722200e+02   9.882800e+01      false       none        100         33          0          4     1563     1563      10364      10094        179
10       5.151034e+03   4.560602e+03   9.274869e+02    0.7966   7.341280e+02   2.619080e+02      false       none        100         33          0          4     1743     1743      15420      15107        178
11       7.086361e+03   4.560602e+03   9.864662e+02    0.7837   9.520850e+02   2.179570e+02      false       none        100         33          0          4     1901     1901      22995      22428        175
12       6.161914e+03   4.560602e+03   1.082998e+03    0.7625   1.257066e+03   3.049810e+02      false       none        100         33          0          4     2080     2080      14253      14085        178
13       4.439776e+03   4.439776e+03   1.169345e+03    0.7366   1.513266e+03   2.562000e+02      false       none        100         33          0          4     2260     2260      13520      13520        180
14       6.164514e+03   4.439776e+03   1.175562e+03    0.7352   1.818483e+03   3.052170e+02      false       none        100         33          0          4     2419     2419      24740      24625        178
15       4.661158e+03   4.439776e+03   1.229108e+03    0.7232   2.309612e+03   4.911290e+02      false       none        100         33          0          4     2599     2599      16346      16346        180
16       5.084618e+03   4.439776e+03   1.355753e+03    0.6946   2.683096e+03   3.734840e+02      false       none        100         33          0          4     2778     2778      13125      13031        179
17       6.215907e+03   4.439776e+03   1.465642e+03    0.6699   3.155024e+03   4.719280e+02      false       none        100         33          0          4     2957     2957      15369      15078        178
18       5.556085e+03   4.439776e+03   1.466963e+03    0.6696   3.885668e+03   7.306440e+02      false       none        100         33          0          4     3137     3137      20753      20456        178
19       6.792681e+03   4.439776e+03   1.479826e+03    0.6667   4.463400e+03   5.777320e+02      false       none        100         33          0          4     3317     3317      14436      14026        177
20       4.732673e+03   4.439776e+03   1.602400e+03    0.6391   5.201764e+03   7.383640e+02      false       none        100         33          0          4     3497     3497      17946      17832        179
21       7.445431e+03   4.439776e+03   1.764278e+03    0.6026   6.083255e+03   8.814910e+02      false       none        100         33          0          4     3656     3656      33586      33281        176
22       6.351166e+03   4.439776e+03   1.910324e+03    0.5697   7.188261e+03   1.105006e+03      false       none        100         33          0          4     3816     3816      35244      34527        174
23       4.651808e+03   4.439776e+03   2.058052e+03    0.5365   8.136176e+03   9.479150e+02      false       none        100         33          0          4     3996     3996      22401      21432        174
24       6.939840e+03   4.439776e+03   2.097822e+03    0.5275   9.489696e+03   1.353520e+03      false       none        100         33          0          4     4175     4175      29416      28643        175
25       6.200826e+03   4.439776e+03   2.260963e+03    0.4907   1.072220e+04   1.232501e+03      false       none        100         33          0          4     4335     4335      35008      34607        176
26       5.669228e+03   4.439776e+03   2.419445e+03    0.4551   1.196935e+04   1.247156e+03      false       none        100         33          0          4     4515     4515      24679      24450        179
27       5.602999e+03   4.439776e+03   2.532259e+03    0.4296   1.406065e+04   2.091302e+03      false       none        100         33          0          4     4694     4694      35292      34712        175
28       5.475999e+03   4.439776e+03   2.793002e+03    0.3709   1.563416e+04   1.573501e+03      false       none        100         33          0          4     4873     4873      28151      27311        173
29       5.161519e+03   4.439776e+03   3.441828e+03    0.2248   1.722154e+04   1.587385e+03      false       none        100         33          0          4     5052     5052      27173      26601        177
30       5.153643e+03   4.439776e+03   3.473786e+03    0.2176   1.943998e+04   2.218439e+03      false       none        100         33          0          4     5231     5231      34214      34080        179

Terminating DynamicSDDiP with status: time_limit
------------------------------------------------------------------------------
────────────────────────────────────────────────────────────────────────────────
                                       Time                    Allocations      
                              ───────────────────────   ────────────────────────
      Tot / % measured:            5.40h / 100.0%           48.2GiB / 100.0%    

Section               ncalls     time    %tot     avg     alloc    %tot      avg
────────────────────────────────────────────────────────────────────────────────
loop                       1    5.40h  100.0%   5.40h   48.2GiB  100.0%  48.2GiB
  iterations              30    5.40h  100.0%    648s   48.2GiB  100.0%  1.61GiB
    backward_pass         30    5.40h  100.0%    648s   48.2GiB  100.0%  1.61GiB
      solve_BP         5.40k    5.40h  100.0%   3.60s   48.2GiB   99.9%  9.14MiB
        solve_dual     5.40k    5.40h  100.0%   3.60s   48.1GiB   99.8%  9.13MiB
          solve_la...  5.40k    5.37h   99.4%   3.58s   48.1GiB   99.7%  9.12MiB
            minima...  5.40k    4.46h   82.5%   2.97s   23.6GiB   48.9%  4.47MiB
              solv...   458k    4.39h   81.3%  34.5ms   1.33GiB    2.8%  3.05KiB
            inner_sol   145k    3032s   15.6%  21.0ms   3.05GiB    6.3%  22.1KiB
              solv...   145k    3011s   15.5%  20.8ms    363MiB    0.7%  2.57KiB
            bundle...   145k     162s    0.8%  1.12ms    311MiB    0.6%  2.20KiB
            outer_sol   145k    31.3s    0.2%   216μs    712MiB    1.4%  5.04KiB
            add_cut     145k    6.80s    0.0%  47.0μs   2.45GiB    5.1%  17.8KiB
            init_a...  5.40k    1.95s    0.0%   360μs    853MiB    1.7%   162KiB
            relax_...  5.40k    731ms    0.0%   135μs    184MiB    0.4%  34.9KiB
            restor...  5.40k    546ms    0.0%   101μs   96.5MiB    0.2%  18.3KiB
            conver...  5.40k   15.4ms    0.0%  2.85μs   1.07MiB    0.0%     208B
          solve_pr...  5.40k     112s    0.6%  20.8ms   15.9MiB    0.0%  3.01KiB
          dual_ini...  5.40k   5.93ms    0.0%  1.10μs   1.73MiB    0.0%     336B
        space_change   10.8k   2.82ms    0.0%   261ns     0.00B    0.0%    0.00B
      update_bellman     270   80.4ms    0.0%   298μs   41.3MiB    0.1%   157KiB
        cut_selection  5.23k   3.01ms    0.0%   576ns    355KiB    0.0%    69.4B
    forward_pass          30    5.17s    0.0%   172ms   9.44MiB    0.0%   322KiB
      solve_subpro...    300    5.16s    0.0%  17.2ms   8.55MiB    0.0%  29.2KiB
        solver_cal...    300    5.12s    0.0%  17.1ms   2.03MiB    0.0%  6.94KiB
    calculate_bound       30    102ms    0.0%  3.41ms    776KiB    0.0%  25.9KiB
      solver_call_...     30   98.4ms    0.0%  3.28ms   55.3KiB    0.0%  1.84KiB
────────────────────────────────────────────────────────────────────────────────

||||||||||||||||||||||||||||||||||||||||||||||||||||||||||||||||||||||||||||||||||||||||||||||||||||||||||||||||||||||||||||||||||||||||
LAGRANGIAN DUAL SOLUTION RESULTS
mn_opt: 5156 times (95.5%)
conv: 0 times (0.0%)
unbounded: 0 times (0.0%)
bound_issues: 0 times (0.0%)
subgr_stalling: 0 times (0.0%)
opt: 0 times (0.0%)
feas_issues: 0 times (0.0%)
sub: 0 times (0.0%)
mn_iter: 173 times (3.2%)
iter: 0 times (0.0%)
mn_issue: 71 times (1.3%)

||||||||||||||||||||||||||||||||||||||||||||||||||||||||||||||||||||||||||||||||||||||||||||||||||||||||||||||||||||||||||||||||||||||||
SIMULATION RESULTS
DynamicSDDiP.Simulation(DynamicSDDiP.InSampleMonteCarlo(), 1000)
Lower bound: 3473.7864854327518
Statistical upper bound (confidence interval): 5211.555262200241 ± 55.832099936196734
Pessimistic upper bound: 5267.387362136437
