

#########################################################################################################################################
#########################################################################################################################################
#########################################################################################################################################
#########################################################################################################################################
#########################################################################################################################################
DynamicSDDiP.jl (c) Christian Füllner, 2021
re-uses code from SDDP.jl (c) Oscar Dowson, 2017-21
||||||||||||||||||||||||||||||||||||||||||||||||||||||||||||||||||||||||||||||||||||||||||||||||||||||||||||||||||||||||||||||||||||||||
PATH
calling 
C:\Users\cg4102\.julia\packages\DynamicSDDiP\unjfA\src
nothing
DATETIME
2024-10-12T17:50:20.53
||||||||||||||||||||||||||||||||||||||||||||||||||||||||||||||||||||||||||||||||||||||||||||||||||||||||||||||||||||||||||||||||||||||||
STOPPING RULES
SDDP.TimeLimit(18000.0)
SDDP.BoundStalling(20, 0.0001)
||||||||||||||||||||||||||||||||||||||||||||||||||||||||||||||||||||||||||||||||||||||||||||||||||||||||||||||||||||||||||||||||||||||||
REGULARIZATION
DynamicSDDiP.NoRegularization()
||||||||||||||||||||||||||||||||||||||||||||||||||||||||||||||||||||||||||||||||||||||||||||||||||||||||||||||||||||||||||||||||||||||||
CUT GENERATION REGIMES
DynamicSDDiP.CutGenerationRegime(DynamicSDDiP.NoStateApproximation(), DynamicSDDiP.UnifiedLagrangianDuality(0.0001, 0.0001, 1000, DynamicSDDiP.ZeroDuals(), DynamicSDDiP.BothBounds(), DynamicSDDiP.LevelBundle(0.5, true, false), DynamicSDDiP.StandardChoice(), DynamicSDDiP.Lax(), DynamicSDDiP.Core_Relint(DynamicSDDiP.ConvexHullCopy(), DynamicSDDiP.NoIntegerRelax(), DynamicSDDiP.Unbounded_Opt_SB(true), DynamicSDDiP.NoImprovement(), false), DynamicSDDiP.NoDualSpaceRestriction(), DynamicSDDiP.ConvexHullCopy(), nothing, nothing), 1, Inf, Inf, 0.0, true, 0.0001)

||||||||||||||||||||||||||||||||||||||||||||||||||||||||||||||||||||||||||||||||||||||||||||||||||||||||||||||||||||||||||||||||||||||||
CUT AGGREGATION
DynamicSDDiP.MultiCutRegime()
||||||||||||||||||||||||||||||||||||||||||||||||||||||||||||||||||||||||||||||||||||||||||||||||||||||||||||||||||||||||||||||||||||||||
CUT SELECTION
DynamicSDDiP.NoCutSelection()
||||||||||||||||||||||||||||||||||||||||||||||||||||||||||||||||||||||||||||||||||||||||||||||||||||||||||||||||||||||||||||||||||||||||
LATE BINARIZATION
DynamicSDDiP.NoLateBinarization()
||||||||||||||||||||||||||||||||||||||||||||||||||||||||||||||||||||||||||||||||||||||||||||||||||||||||||||||||||||||||||||||||||||||||
APPLIED SOLVERS (LP, MILP, MIQCP, MINLP, NLP, Lagrange)
DynamicSDDiP.AppliedSolvers(true, "Gurobi", "Gurobi", "Gurobi", "Gurobi", "Gurobi", "Gurobi", "Gurobi", "Gurobi", "Gurobi", 0.0001, 300)
DynamicSDDiP.Direct_Solver()
Numerical focus: false
Silent: true
||||||||||||||||||||||||||||||||||||||||||||||||||||||||||||||||||||||||||||||||||||||||||||||||||||||||||||||||||||||||||||||||||||||||
SAMPLING
Used seed for sampling scenarios: 
11111     
||||||||||||||||||||||||||||||||||||||||||||||||||||||||||||||||||||||||||||||||||||||||||||||||||||||||||||||||||||||||||||||||||||||||
RUN DESCRIPTION

||||||||||||||||||||||||||||||||||||||||||||||||||||||||||||||||||||||||||||||||||||||||||||||||||||||||||||||||||||||||||||||||||||||||
PROBLEM DESCRIPTION
Number of stages: 10
Number of realizations per stage: 20
Seed for scenario tree sampling: 12345
Solver: serial mode

────────────────────────────────────────────────────────────────────────────────────────────────────────────────────────────────────────────────────────────────────────────────────────────────────────
It.#               UB        Best UB             LB       Gap           Time        It_Time           Refinements                            #Var.   #Constr.             #Cuts       Lagrangian Dual                                               
                                                          [%]            [s]            [s]          σ       Bin.      Total      {0,1}          ℤ      Total    Total   Active      # It.    # C-It.  # C-Real.  
────────────────────────────────────────────────────────────────────────────────────────────────────────────────────────────────────────────────────────────────────────────────────────────────────────
1        4.560602e+03   4.560602e+03   1.000902e+03    0.7805   3.022810e+02   3.022810e+02      false       none        100         33          0          4      180      180      20100      20100        180
2        6.053943e+03   4.560602e+03   2.216074e+03    0.5141   6.672970e+02   3.650160e+02      false       none        100         33          0          4      360      360      20068      20068        180
3        6.519173e+03   4.560602e+03   3.244171e+03    0.2887   1.173751e+03   5.064540e+02      false       none        100         33          0          4      535      535      20409      20409        180
4        6.059339e+03   4.560602e+03   3.712985e+03    0.1859   1.721423e+03   5.476720e+02      false       none        100         33          0          4      715      715      20412      20412        180
5        5.160396e+03   4.560602e+03   3.858160e+03    0.1540   2.613892e+03   8.924690e+02      false       none        100         33          0          4      895      895      23580      23580        180
6        4.909169e+03   4.560602e+03   3.863391e+03    0.1529   3.406159e+03   7.922670e+02      false       none        100         33          0          4     1056     1056      19793      19793        180
7        6.396740e+03   4.560602e+03   3.913783e+03    0.1418   4.374254e+03   9.680950e+02      false       none        100         33          0          4     1215     1215      19867      19867        180
8        5.902807e+03   4.560602e+03   3.939785e+03    0.1361   5.453020e+03   1.078766e+03      false       none        100         33          0          4     1395     1395      21997      21997        180
9        5.282028e+03   4.560602e+03   3.992588e+03    0.1245   6.599568e+03   1.146548e+03      false       none        100         33          0          4     1575     1575      20316      20316        180
10       4.117460e+03   4.117460e+03   4.000533e+03    0.0284   8.150101e+03   1.550533e+03      false       none        100         33          0          4     1754     1754      22380      22380        180
11       5.771623e+03   4.117460e+03   4.013828e+03    0.0252   9.295477e+03   1.145376e+03      false       none        100         33          0          4     1914     1914      18686      18686        180
12       5.532358e+03   4.117460e+03   4.046232e+03    0.0173   1.094525e+04   1.649768e+03      false       none        100         33          0          4     2093     2093      23341      23341        180
13       4.371465e+03   4.117460e+03   4.055722e+03    0.0150   1.254586e+04   1.600610e+03      false       none        100         33          0          4     2273     2273      23313      23313        180
14       5.310329e+03   4.117460e+03   4.079279e+03    0.0093   1.433647e+04   1.790611e+03      false       none        100         33          0          4     2452     2452      21563      21563        180
15       4.587473e+03   4.117460e+03   4.111524e+03    0.0014   1.645617e+04   2.119706e+03      false       none        100         33          0          4     2632     2632      24613      24613        180
16       4.687485e+03   4.117460e+03   4.121086e+03    0.0009   1.883024e+04   2.374064e+03      false       none        100         33          0          4     2812     2812      23669      23669        180

Terminating DynamicSDDiP with status: time_limit
------------------------------------------------------------------------------
 ────────────────────────────────────────────────────────────────────────────────
                                        Time                    Allocations      
                               ───────────────────────   ────────────────────────
       Tot / % measured:            5.23h / 100.0%           93.2GiB / 100.0%    

 Section               ncalls     time    %tot     avg     alloc    %tot      avg
 ────────────────────────────────────────────────────────────────────────────────
 loop                       1    5.23h  100.0%   5.23h   93.2GiB  100.0%  93.2GiB
   iterations              16    5.23h  100.0%   1177s   93.2GiB  100.0%  5.82GiB
     backward_pass         16    5.23h  100.0%   1177s   93.1GiB  100.0%  5.82GiB
       solve_BP         2.88k    5.23h  100.0%   6.54s   93.1GiB  100.0%  33.1MiB
         solve_dual     2.88k    5.23h  100.0%   6.54s   93.1GiB   99.9%  33.1MiB
           solve_la...  2.88k    5.15h   98.4%   6.43s   56.3GiB   60.4%  20.0MiB
             inner_sol   344k    4.35h   83.1%  45.5ms   7.66GiB    8.2%  23.4KiB
               solv...   344k    4.33h   82.8%  45.3ms   1.06GiB    1.1%  3.24KiB
             bundle...   344k    2419s   12.8%  7.03ms   1.07GiB    1.2%  3.27KiB
             outer_sol   344k     302s    1.6%   877μs   1.17GiB    1.3%  3.57KiB
             add_cut     344k    20.7s    0.1%  60.3μs   6.16GiB    6.6%  18.8KiB
             init_a...  2.88k    1.08s    0.0%   376μs    479MiB    0.5%   170KiB
             restor...  2.88k    326ms    0.0%   113μs   56.8MiB    0.1%  20.2KiB
             relax_...  2.88k    308ms    0.0%   107μs    102MiB    0.1%  36.4KiB
             conver...  2.88k   10.4ms    0.0%  3.60μs    585KiB    0.0%     208B
             minima...  2.88k   1.71ms    0.0%   594ns     0.00B    0.0%    0.00B
           solve_pr...  8.64k     237s    1.3%  27.4ms   29.3MiB    0.0%  3.47KiB
           solve_core   2.88k    3.70s    0.0%  1.29ms   4.43MiB    0.0%  1.58KiB
           dual_ini...  2.88k   3.17ms    0.0%  1.10μs    945KiB    0.0%     336B
         space_change   5.76k   1.61ms    0.0%   279ns     0.00B    0.0%    0.00B
       update_bellman     144   47.3ms    0.0%   328μs   24.2MiB    0.0%   172KiB
         cut_selection  2.81k   1.69ms    0.0%   599ns    184KiB    0.0%    66.8B
     forward_pass          16    4.75s    0.0%   297ms   5.74MiB    0.0%   367KiB
       solve_subpro...    160    4.75s    0.0%  29.7ms   5.26MiB    0.0%  33.7KiB
         solver_cal...    160    4.72s    0.0%  29.5ms   1.79MiB    0.0%  11.4KiB
     calculate_bound       16    435ms    0.0%  27.2ms    459KiB    0.0%  28.7KiB
       solver_call_...     16    432ms    0.0%  27.0ms   74.8KiB    0.0%  4.67KiB
 ────────────────────────────────────────────────────────────────────────────────

||||||||||||||||||||||||||||||||||||||||||||||||||||||||||||||||||||||||||||||||||||||||||||||||||||||||||||||||||||||||||||||||||||||||
LAGRANGIAN DUAL SOLUTION RESULTS
mn_opt: 0 times (0.0%)
conv: 0 times (0.0%)
unbounded: 0 times (0.0%)
bound_issues: 0 times (0.0%)
subgr_stalling: 0 times (0.0%)
opt: 2880 times (100.0%)
feas_issues: 0 times (0.0%)
sub: 0 times (0.0%)
mn_iter: 0 times (0.0%)
iter: 0 times (0.0%)
mn_issue: 0 times (0.0%)

||||||||||||||||||||||||||||||||||||||||||||||||||||||||||||||||||||||||||||||||||||||||||||||||||||||||||||||||||||||||||||||||||||||||
SIMULATION RESULTS
DynamicSDDiP.Simulation(DynamicSDDiP.InSampleMonteCarlo(), 1000)
Lower bound: 4121.086182721816
Statistical upper bound (confidence interval): 5131.335590336516 ± 54.23365684282284
Pessimistic upper bound: 5185.569247179339
