

#########################################################################################################################################
#########################################################################################################################################
#########################################################################################################################################
#########################################################################################################################################
#########################################################################################################################################
DynamicSDDiP.jl (c) Christian Füllner, 2021
re-uses code from SDDP.jl (c) Oscar Dowson, 2017-21
||||||||||||||||||||||||||||||||||||||||||||||||||||||||||||||||||||||||||||||||||||||||||||||||||||||||||||||||||||||||||||||||||||||||
PATH
calling 
C:\Users\cg4102\.julia\packages\DynamicSDDiP\Z7cZi\src
nothing
DATETIME
2023-03-28T14:37:26.234
||||||||||||||||||||||||||||||||||||||||||||||||||||||||||||||||||||||||||||||||||||||||||||||||||||||||||||||||||||||||||||||||||||||||
STOPPING RULES
SDDP.TimeLimit(18000.0)
SDDP.BoundStalling(20, 0.0001)
||||||||||||||||||||||||||||||||||||||||||||||||||||||||||||||||||||||||||||||||||||||||||||||||||||||||||||||||||||||||||||||||||||||||
REGULARIZATION
DynamicSDDiP.NoRegularization()
||||||||||||||||||||||||||||||||||||||||||||||||||||||||||||||||||||||||||||||||||||||||||||||||||||||||||||||||||||||||||||||||||||||||
CUT GENERATION REGIMES
DynamicSDDiP.CutGenerationRegime(DynamicSDDiP.NoStateApproximation(), DynamicSDDiP.UnifiedLagrangianDuality(0.0001, 0.0001, 1000, DynamicSDDiP.ZeroDuals(), DynamicSDDiP.BothBounds(), DynamicSDDiP.LevelBundle(0.5, true, false), DynamicSDDiP.StandardChoice(), DynamicSDDiP.Lax(), DynamicSDDiP.L₁_Deep(), DynamicSDDiP.NoDualSpaceRestriction(), DynamicSDDiP.ConvexHullCopy(), nothing, nothing), 1, Inf, Inf, 0.0, false, 0.0001)

||||||||||||||||||||||||||||||||||||||||||||||||||||||||||||||||||||||||||||||||||||||||||||||||||||||||||||||||||||||||||||||||||||||||
CUT AGGREGATION
DynamicSDDiP.MultiCutRegime()
||||||||||||||||||||||||||||||||||||||||||||||||||||||||||||||||||||||||||||||||||||||||||||||||||||||||||||||||||||||||||||||||||||||||
CUT SELECTION
DynamicSDDiP.NoCutSelection()
||||||||||||||||||||||||||||||||||||||||||||||||||||||||||||||||||||||||||||||||||||||||||||||||||||||||||||||||||||||||||||||||||||||||
LATE BINARIZATION
DynamicSDDiP.NoLateBinarization()
||||||||||||||||||||||||||||||||||||||||||||||||||||||||||||||||||||||||||||||||||||||||||||||||||||||||||||||||||||||||||||||||||||||||
APPLIED SOLVERS (LP, MILP, MIQCP, MINLP, NLP, Lagrange)
DynamicSDDiP.AppliedSolvers(true, "Gurobi", "Gurobi", "Gurobi", "Gurobi", "Gurobi", "Gurobi", "Gurobi", "Gurobi", "Gurobi", 0.0001, 300)
DynamicSDDiP.Direct_Solver()
Numerical focus: false
Silent: true
||||||||||||||||||||||||||||||||||||||||||||||||||||||||||||||||||||||||||||||||||||||||||||||||||||||||||||||||||||||||||||||||||||||||
SAMPLING
Used seed for sampling scenarios: 
11111     
||||||||||||||||||||||||||||||||||||||||||||||||||||||||||||||||||||||||||||||||||||||||||||||||||||||||||||||||||||||||||||||||||||||||
RUN DESCRIPTION

||||||||||||||||||||||||||||||||||||||||||||||||||||||||||||||||||||||||||||||||||||||||||||||||||||||||||||||||||||||||||||||||||||||||
PROBLEM DESCRIPTION
Number of stages: 10
Number of realizations per stage: 20
Seed for scenario tree sampling: 12345
Solver: serial mode

────────────────────────────────────────────────────────────────────────────────────────────────────────────────────────────────────────────────────────────────────────────────────────────────────────
It.#               UB        Best UB             LB       Gap           Time        It_Time           Refinements                            #Var.   #Constr.             #Cuts       Lagrangian Dual                                               
                                                          [%]            [s]            [s]          σ       Bin.      Total      {0,1}          ℤ      Total    Total   Active      # It.    # C-It.  # C-Real.  
────────────────────────────────────────────────────────────────────────────────────────────────────────────────────────────────────────────────────────────────────────────────────────────────────────
1        4.560602e+03   4.560602e+03   2.573634e+02    0.9436   2.797000e+00   2.797000e+00      false       none        100         33          0          4      180      180        841        841        180
2        6.054688e+03   4.560602e+03   3.878649e+02    0.9150   1.042200e+01   7.625000e+00      false       none        100         33          0          4      360      360       1628       1628        180
3        7.980680e+03   4.560602e+03   4.140149e+02    0.9092   1.831200e+01   7.890000e+00      false       none        100         33          0          4      540      540       1673       1673        180
4        7.323603e+03   4.560602e+03   4.144701e+02    0.9091   2.429700e+01   5.985000e+00      false       none        100         33          0          4      716      716       1346       1346        180
5        5.648828e+03   4.560602e+03   4.241079e+02    0.9070   3.232800e+01   8.031000e+00      false       none        100         33          0          4      885      885       1391       1391        180
6        5.572299e+03   4.560602e+03   4.697251e+02    0.8970   5.357800e+01   2.125000e+01      false       none        100         33          0          4     1045     1045       2029       2029        180
7        6.834061e+03   4.560602e+03   6.020012e+02    0.8680   8.557800e+01   3.200000e+01      false       none        100         33          0          4     1205     1205       2599       2599        180
8        6.984351e+03   4.560602e+03   7.336963e+02    0.8391   1.251880e+02   3.961000e+01      false       none        100         33          0          4     1365     1365       2753       2753        180
9        5.569550e+03   4.560602e+03   7.594487e+02    0.8335   1.712660e+02   4.607800e+01      false       none        100         33          0          4     1545     1545       3435       3435        180
10       4.803588e+03   4.560602e+03   7.898205e+02    0.8268   2.144380e+02   4.317200e+01      false       none        100         33          0          4     1724     1724       3453       3453        180
11       7.097361e+03   4.560602e+03   8.489045e+02    0.8139   2.617820e+02   4.734400e+01      false       none        100         33          0          4     1884     1884       2910       2910        180
12       6.149914e+03   4.560602e+03   9.122693e+02    0.8000   3.461100e+02   8.432800e+01      false       none        100         33          0          4     2063     2063       4528       4528        180
13       4.007732e+03   4.007732e+03   1.041538e+03    0.7401   4.729390e+02   1.268290e+02      false       none        100         33          0          4     2241     2241       4853       4853        180
14       6.220419e+03   4.007732e+03   1.069493e+03    0.7331   6.342510e+02   1.613120e+02      false       none        100         33          0          4     2421     2421       5434       5434        180
15       4.762237e+03   4.007732e+03   1.169508e+03    0.7082   7.915170e+02   1.572660e+02      false       none        100         33          0          4     2599     2599       5524       5524        180
16       5.077282e+03   4.007732e+03   1.321821e+03    0.6702   1.026268e+03   2.347510e+02      false       none        100         33          0          4     2778     2778       7637       7637        180
17       5.622087e+03   4.007732e+03   1.335366e+03    0.6668   1.295206e+03   2.689380e+02      false       none        100         33          0          4     2957     2957       7561       7561        180
18       5.510365e+03   4.007732e+03   1.446853e+03    0.6390   1.535878e+03   2.406720e+02      false       none        100         33          0          4     3136     3136       7157       7157        180
19       7.157587e+03   4.007732e+03   1.678156e+03    0.5813   1.866706e+03   3.308280e+02      false       none        100         33          0          4     3314     3314       8767       8767        180
20       4.809220e+03   4.007732e+03   1.682568e+03    0.5802   2.254620e+03   3.879140e+02      false       none        100         33          0          4     3494     3494       8767       8767        180
21       7.611765e+03   4.007732e+03   1.764328e+03    0.5598   2.629839e+03   3.752190e+02      false       none        100         33          0          4     3654     3654       7973       7973        180
22       6.605218e+03   4.007732e+03   1.846056e+03    0.5394   3.058418e+03   4.285790e+02      false       none        100         33          0          4     3813     3813       8966       8966        180
23       4.488131e+03   4.007732e+03   2.019065e+03    0.4962   3.527668e+03   4.692500e+02      false       none        100         33          0          4     3992     3992      10725      10725        180
24       6.917982e+03   4.007732e+03   2.042266e+03    0.4904   4.152591e+03   6.249230e+02      false       none        100         33          0          4     4171     4171      11510      11510        180
25       6.975898e+03   4.007732e+03   2.176084e+03    0.4570   4.762312e+03   6.097210e+02      false       none        100         33          0          4     4328     4328      10375      10375        180
26       5.894136e+03   4.007732e+03   2.280665e+03    0.4309   5.467985e+03   7.056730e+02      false       none        100         33          0          4     4508     4508      12472      12472        180
27       5.477831e+03   4.007732e+03   2.300481e+03    0.4260   6.182064e+03   7.140790e+02      false       none        100         33          0          4     4666     4666      11864      11864        180
28       5.444095e+03   4.007732e+03   2.361796e+03    0.4107   7.012409e+03   8.303450e+02      false       none        100         33          0          4     4843     4843      13385      13385        180
29       4.724030e+03   4.007732e+03   2.430782e+03    0.3935   7.843973e+03   8.315640e+02      false       none        100         33          0          4     5022     5022      12961      12961        180
30       5.720752e+03   4.007732e+03   2.624124e+03    0.3452   8.789522e+03   9.455490e+02      false       none        100         33          0          4     5199     5199      14131      14131        180
31       4.091912e+03   4.007732e+03   2.636566e+03    0.3421   9.829430e+03   1.039908e+03      false       none        100         33          0          4     5378     5378      13824      13824        180
32       5.963713e+03   4.007732e+03   2.681526e+03    0.3309   1.082910e+04   9.996730e+02      false       none        100         33          0          4     5551     5551      14364      14364        180
33       6.910180e+03   4.007732e+03   2.811561e+03    0.2985   1.195798e+04   1.128877e+03      false       none        100         33          0          4     5731     5731      14158      14158        180
34       5.729093e+03   4.007732e+03   2.934142e+03    0.2679   1.323395e+04   1.275971e+03      false       none        100         33          0          4     5910     5910      15481      15481        180
35       5.300496e+03   4.007732e+03   3.445047e+03    0.1404   1.463673e+04   1.402783e+03      false       none        100         33          0          4     6089     6089      16664      16664        180
36       6.165208e+03   4.007732e+03   3.513921e+03    0.1232   1.615082e+04   1.514082e+03      false       none        100         33          0          4     6249     6249      15271      15271        180
37       5.925584e+03   4.007732e+03   3.626761e+03    0.0951   1.759843e+04   1.447611e+03      false       none        100         33          0          4     6409     6409      15446      15446        180
38       4.590634e+03   4.007732e+03   3.728248e+03    0.0697   1.925006e+04   1.651628e+03      false       none        100         33          0          4     6589     6589      15938      15938        180

Terminating DynamicSDDiP with status: time_limit
------------------------------------------------------------------------------
 ────────────────────────────────────────────────────────────────────────────────
                                        Time                    Allocations      
                               ───────────────────────   ────────────────────────
       Tot / % measured:            5.35h / 100.0%           53.7GiB / 100.0%    

 Section               ncalls     time    %tot     avg     alloc    %tot      avg
 ────────────────────────────────────────────────────────────────────────────────
 loop                       1    5.35h  100.0%   5.35h   53.7GiB  100.0%  53.7GiB
   iterations              38    5.35h  100.0%    507s   53.7GiB  100.0%  1.41GiB
     backward_pass         38    5.34h  100.0%    506s   53.7GiB  100.0%  1.41GiB
       solve_BP         6.84k    5.34h   99.9%   2.81s   53.6GiB   99.9%  8.03MiB
         solve_dual     6.84k    5.34h   99.9%   2.81s   53.6GiB   99.8%  8.02MiB
           solve_la...  6.84k    5.29h   98.9%   2.78s   53.6GiB   99.7%  8.02MiB
             inner_sol   320k    5.01h   93.8%  56.4ms   6.93GiB   12.9%  22.7KiB
               solv...   320k    5.00h   93.5%  56.3ms    901MiB    1.6%  2.89KiB
             bundle...   320k     675s    3.5%  2.11ms    769MiB    1.4%  2.46KiB
             outer_sol   320k     183s    1.0%   574μs   1.35GiB    2.5%  4.44KiB
             add_cut     320k    16.4s    0.1%  51.1μs   5.51GiB   10.3%  18.1KiB
             init_a...  6.84k    2.62s    0.0%   384μs   1.10GiB    2.0%   168KiB
             relax_...  6.84k    887ms    0.0%   130μs    233MiB    0.4%  34.9KiB
             restor...  6.84k    639ms    0.0%  93.5μs    122MiB    0.2%  18.3KiB
             conver...  6.84k   25.5ms    0.0%  3.73μs   1.36MiB    0.0%     208B
             minima...  6.84k   3.51ms    0.0%   513ns     0.00B    0.0%    0.00B
           solve_pr...  6.84k     198s    1.0%  28.9ms   18.1MiB    0.0%  2.71KiB
           dual_ini...  6.84k   8.62ms    0.0%  1.26μs   2.19MiB    0.0%     336B
         space_change   13.7k   3.64ms    0.0%   266ns     0.00B    0.0%    0.00B
       update_bellman     342   97.1ms    0.0%   284μs   40.7MiB    0.1%   122KiB
         cut_selection  6.59k   3.67ms    0.0%   557ns    566KiB    0.0%    88.0B
     forward_pass          38    9.28s    0.0%   244ms   11.6MiB    0.0%   311KiB
       solve_subpro...    380    9.27s    0.0%  24.4ms   10.4MiB    0.0%  28.1KiB
         solver_cal...    380    9.21s    0.0%  24.2ms   2.17MiB    0.0%  5.84KiB
     calculate_bound       38    105ms    0.0%  2.78ms   0.96MiB    0.0%  26.0KiB
       solver_call_...     38    101ms    0.0%  2.66ms   75.3KiB    0.0%  1.98KiB
 ────────────────────────────────────────────────────────────────────────────────

||||||||||||||||||||||||||||||||||||||||||||||||||||||||||||||||||||||||||||||||||||||||||||||||||||||||||||||||||||||||||||||||||||||||
LAGRANGIAN DUAL SOLUTION RESULTS
mn_opt: 0 times (0.0%)
conv: 0 times (0.0%)
unbounded: 0 times (0.0%)
bound_issues: 0 times (0.0%)
subgr_stalling: 0 times (0.0%)
opt: 6840 times (100.0%)
feas_issues: 0 times (0.0%)
sub: 0 times (0.0%)
mn_iter: 0 times (0.0%)
iter: 0 times (0.0%)
mn_issue: 0 times (0.0%)
