

#########################################################################################################################################
#########################################################################################################################################
#########################################################################################################################################
#########################################################################################################################################
#########################################################################################################################################
DynamicSDDiP.jl (c) Christian Füllner, 2021
re-uses code from SDDP.jl (c) Oscar Dowson, 2017-21
||||||||||||||||||||||||||||||||||||||||||||||||||||||||||||||||||||||||||||||||||||||||||||||||||||||||||||||||||||||||||||||||||||||||
PATH
calling 
C:\Users\cg4102\.julia\packages\DynamicSDDiP\unjfA\src
nothing
DATETIME
2024-10-12T23:13:53.501
||||||||||||||||||||||||||||||||||||||||||||||||||||||||||||||||||||||||||||||||||||||||||||||||||||||||||||||||||||||||||||||||||||||||
STOPPING RULES
SDDP.TimeLimit(18000.0)
SDDP.BoundStalling(20, 0.0001)
||||||||||||||||||||||||||||||||||||||||||||||||||||||||||||||||||||||||||||||||||||||||||||||||||||||||||||||||||||||||||||||||||||||||
REGULARIZATION
DynamicSDDiP.NoRegularization()
||||||||||||||||||||||||||||||||||||||||||||||||||||||||||||||||||||||||||||||||||||||||||||||||||||||||||||||||||||||||||||||||||||||||
CUT GENERATION REGIMES
DynamicSDDiP.CutGenerationRegime(DynamicSDDiP.NoStateApproximation(), DynamicSDDiP.UnifiedLagrangianDuality(0.0001, 0.0001, 1000, DynamicSDDiP.ZeroDuals(), DynamicSDDiP.BothBounds(), DynamicSDDiP.LevelBundle(0.5, true, false), DynamicSDDiP.StandardChoice(), DynamicSDDiP.Lax(), DynamicSDDiP.Core_Midpoint(DynamicSDDiP.ConvexHullCopy(), DynamicSDDiP.NoIntegerRelax(), DynamicSDDiP.Unbounded_Opt_SB(true), DynamicSDDiP.NoImprovement(), false), DynamicSDDiP.NoDualSpaceRestriction(), DynamicSDDiP.ConvexHullCopy(), nothing, nothing), 1, Inf, Inf, 0.0, true, 0.0001)

||||||||||||||||||||||||||||||||||||||||||||||||||||||||||||||||||||||||||||||||||||||||||||||||||||||||||||||||||||||||||||||||||||||||
CUT AGGREGATION
DynamicSDDiP.MultiCutRegime()
||||||||||||||||||||||||||||||||||||||||||||||||||||||||||||||||||||||||||||||||||||||||||||||||||||||||||||||||||||||||||||||||||||||||
CUT SELECTION
DynamicSDDiP.NoCutSelection()
||||||||||||||||||||||||||||||||||||||||||||||||||||||||||||||||||||||||||||||||||||||||||||||||||||||||||||||||||||||||||||||||||||||||
LATE BINARIZATION
DynamicSDDiP.NoLateBinarization()
||||||||||||||||||||||||||||||||||||||||||||||||||||||||||||||||||||||||||||||||||||||||||||||||||||||||||||||||||||||||||||||||||||||||
APPLIED SOLVERS (LP, MILP, MIQCP, MINLP, NLP, Lagrange)
DynamicSDDiP.AppliedSolvers(true, "Gurobi", "Gurobi", "Gurobi", "Gurobi", "Gurobi", "Gurobi", "Gurobi", "Gurobi", "Gurobi", 0.0001, 300)
DynamicSDDiP.Direct_Solver()
Numerical focus: false
Silent: true
||||||||||||||||||||||||||||||||||||||||||||||||||||||||||||||||||||||||||||||||||||||||||||||||||||||||||||||||||||||||||||||||||||||||
SAMPLING
Used seed for sampling scenarios: 
11111     
||||||||||||||||||||||||||||||||||||||||||||||||||||||||||||||||||||||||||||||||||||||||||||||||||||||||||||||||||||||||||||||||||||||||
RUN DESCRIPTION

||||||||||||||||||||||||||||||||||||||||||||||||||||||||||||||||||||||||||||||||||||||||||||||||||||||||||||||||||||||||||||||||||||||||
PROBLEM DESCRIPTION
Number of stages: 10
Number of realizations per stage: 20
Seed for scenario tree sampling: 12345
Solver: serial mode

────────────────────────────────────────────────────────────────────────────────────────────────────────────────────────────────────────────────────────────────────────────────────────────────────────
It.#               UB        Best UB             LB       Gap           Time        It_Time           Refinements                            #Var.   #Constr.             #Cuts       Lagrangian Dual                                               
                                                          [%]            [s]            [s]          σ       Bin.      Total      {0,1}          ℤ      Total    Total   Active      # It.    # C-It.  # C-Real.  
────────────────────────────────────────────────────────────────────────────────────────────────────────────────────────────────────────────────────────────────────────────────────────────────────────
1        4.560602e+03   4.560602e+03   5.622520e+02    0.8767   2.847970e+02   2.847970e+02      false       none        100         33          0          4      180      180      19293      19293        180
2        6.054688e+03   4.560602e+03   1.016048e+03    0.7772   6.604230e+02   3.756260e+02      false       none        100         33          0          4      358      358      20439      20439        180
3        7.980680e+03   4.560602e+03   1.558779e+03    0.6582   1.117485e+03   4.570620e+02      false       none        100         33          0          4      520      520      20399      20399        180
4        6.313343e+03   4.560602e+03   1.700985e+03    0.6270   1.536439e+03   4.189540e+02      false       none        100         33          0          4      676      676      18038      18038        180
5        4.823517e+03   4.560602e+03   1.865328e+03    0.5910   1.955236e+03   4.187970e+02      false       none        100         33          0          4      852      852      18140      18140        180
6        5.436379e+03   4.560602e+03   2.142244e+03    0.5303   2.543549e+03   5.883130e+02      false       none        100         33          0          4     1031     1031      20101      20003        178
7        6.321836e+03   4.560602e+03   2.661355e+03    0.4164   3.201285e+03   6.577360e+02      false       none        100         33          0          4     1188     1188      19335      19335        180
8        6.801085e+03   4.560602e+03   3.376164e+03    0.2597   3.933255e+03   7.319700e+02      false       none        100         33          0          4     1365     1365      19738      19738        180
9        5.296168e+03   4.560602e+03   3.884146e+03    0.1483   4.834287e+03   9.010320e+02      false       none        100         33          0          4     1540     1540      19498      19498        180
10       4.713709e+03   4.560602e+03   4.024502e+03    0.1176   6.105116e+03   1.270829e+03      false       none        100         33          0          4     1719     1719      22645      22522        177
11       5.873207e+03   4.560602e+03   4.048849e+03    0.1122   7.092804e+03   9.876880e+02      false       none        100         33          0          4     1892     1892      18633      18507        177
12       5.133903e+03   4.560602e+03   4.084755e+03    0.1043   8.256712e+03   1.163908e+03      false       none        100         33          0          4     2070     2070      19713      19674        179
13       4.450040e+03   4.450040e+03   4.103160e+03    0.0779   9.787698e+03   1.530986e+03      false       none        100         33          0          4     2250     2250      23642      23642        180
14       5.740374e+03   4.450040e+03   4.132122e+03    0.0714   1.135832e+04   1.570626e+03      false       none        100         33          0          4     2406     2406      18785      18785        180
15       3.926335e+03   3.926335e+03   4.151407e+03    0.0542   1.318165e+04   1.823330e+03      false       none        100         33          0          4     2585     2585      22298      22298        180
16       4.439996e+03   3.926335e+03   4.173416e+03    0.0592   1.523469e+04   2.053033e+03      false       none        100         33          0          4     2760     2760      21998      21962        179
17       5.050155e+03   3.926335e+03   4.175537e+03    0.0597   1.716122e+04   1.926535e+03      false       none        100         33          0          4     2940     2940      21191      21157        179
18       5.109852e+03   3.926335e+03   4.187949e+03    0.0625   1.920236e+04   2.041142e+03      false       none        100         33          0          4     3114     3114      19977      19977        180

Terminating DynamicSDDiP with status: time_limit
------------------------------------------------------------------------------
 ────────────────────────────────────────────────────────────────────────────────
                                        Time                    Allocations      
                               ───────────────────────   ────────────────────────
       Tot / % measured:            5.33h / 100.0%           62.8GiB / 100.0%    

 Section               ncalls     time    %tot     avg     alloc    %tot      avg
 ────────────────────────────────────────────────────────────────────────────────
 loop                       1    5.33h  100.0%   5.33h   62.8GiB  100.0%  62.8GiB
   iterations              18    5.33h  100.0%   1067s   62.8GiB  100.0%  3.49GiB
     backward_pass         18    5.33h  100.0%   1066s   62.8GiB  100.0%  3.49GiB
       solve_BP         3.24k    5.33h  100.0%   5.92s   62.8GiB   99.9%  19.8MiB
         solve_dual     3.24k    5.33h  100.0%   5.92s   62.8GiB   99.9%  19.8MiB
           solve_la...  3.24k    5.25h   98.5%   5.84s   59.6GiB   94.8%  18.8MiB
             inner_sol   364k    4.37h   81.8%  43.2ms   8.03GiB   12.8%  23.1KiB
               solv...   364k    4.35h   81.5%  43.0ms   1.05GiB    1.7%  3.04KiB
             bundle...   364k    2705s   14.1%  7.43ms   1.16GiB    1.8%  3.33KiB
             outer_sol   364k     332s    1.7%   911μs   1.29GiB    2.0%  3.71KiB
             add_cut     364k    21.5s    0.1%  59.2μs   6.63GiB   10.5%  19.1KiB
             init_a...  3.24k    1.22s    0.0%   377μs    538MiB    0.8%   170KiB
             relax_...  3.24k    337ms    0.0%   104μs    112MiB    0.2%  35.4KiB
             restor...  3.24k    329ms    0.0%   102μs   57.9MiB    0.1%  18.3KiB
             conver...  3.24k   10.8ms    0.0%  3.34μs    661KiB    0.0%     209B
             minima...  3.23k   1.92ms    0.0%   594ns     0.00B    0.0%    0.00B
           solve_pr...  9.72k     258s    1.3%  26.6ms   31.0MiB    0.0%  3.27KiB
           solve_core   3.24k    22.2s    0.1%  6.84ms   7.35MiB    0.0%  2.32KiB
           dual_ini...  3.24k   3.29ms    0.0%  1.02μs   1.04MiB    0.0%     336B
         space_change   6.48k   1.86ms    0.0%   287ns     0.00B    0.0%    0.00B
       update_bellman     162   50.9ms    0.0%   314μs   26.5MiB    0.0%   168KiB
         cut_selection  3.11k   1.87ms    0.0%   599ns    275KiB    0.0%    90.4B
     forward_pass          18    4.92s    0.0%   274ms   6.22MiB    0.0%   354KiB
       solve_subpro...    180    4.92s    0.0%  27.3ms   5.69MiB    0.0%  32.3KiB
         solver_cal...    180    4.89s    0.0%  27.2ms   1.78MiB    0.0%  10.1KiB
     calculate_bound       18    389ms    0.0%  21.6ms    496KiB    0.0%  27.5KiB
       solver_call_...     18    386ms    0.0%  21.5ms   63.3KiB    0.0%  3.52KiB
 ────────────────────────────────────────────────────────────────────────────────

||||||||||||||||||||||||||||||||||||||||||||||||||||||||||||||||||||||||||||||||||||||||||||||||||||||||||||||||||||||||||||||||||||||||
LAGRANGIAN DUAL SOLUTION RESULTS
mn_opt: 0 times (0.0%)
conv: 0 times (0.0%)
unbounded: 0 times (0.0%)
bound_issues: 11 times (0.3%)
subgr_stalling: 0 times (0.0%)
opt: 3229 times (99.7%)
feas_issues: 0 times (0.0%)
sub: 0 times (0.0%)
mn_iter: 0 times (0.0%)
iter: 0 times (0.0%)
mn_issue: 0 times (0.0%)

||||||||||||||||||||||||||||||||||||||||||||||||||||||||||||||||||||||||||||||||||||||||||||||||||||||||||||||||||||||||||||||||||||||||
SIMULATION RESULTS
DynamicSDDiP.Simulation(DynamicSDDiP.InSampleMonteCarlo(), 1000)
Lower bound: 4187.949343987875
Statistical upper bound (confidence interval): 5109.4923301597 ± 53.86029388097609
Pessimistic upper bound: 5163.352624040676
