

#########################################################################################################################################
#########################################################################################################################################
#########################################################################################################################################
#########################################################################################################################################
#########################################################################################################################################
DynamicSDDiP.jl (c) Christian Füllner, 2021
re-uses code from SDDP.jl (c) Oscar Dowson, 2017-21
||||||||||||||||||||||||||||||||||||||||||||||||||||||||||||||||||||||||||||||||||||||||||||||||||||||||||||||||||||||||||||||||||||||||
PATH
calling 
C:\Users\cg4102\.julia\packages\DynamicSDDiP\unjfA\src
nothing
DATETIME
2024-10-12T12:35:33.089
||||||||||||||||||||||||||||||||||||||||||||||||||||||||||||||||||||||||||||||||||||||||||||||||||||||||||||||||||||||||||||||||||||||||
STOPPING RULES
SDDP.TimeLimit(18000.0)
SDDP.BoundStalling(20, 0.0001)
||||||||||||||||||||||||||||||||||||||||||||||||||||||||||||||||||||||||||||||||||||||||||||||||||||||||||||||||||||||||||||||||||||||||
REGULARIZATION
DynamicSDDiP.NoRegularization()
||||||||||||||||||||||||||||||||||||||||||||||||||||||||||||||||||||||||||||||||||||||||||||||||||||||||||||||||||||||||||||||||||||||||
CUT GENERATION REGIMES
DynamicSDDiP.CutGenerationRegime(DynamicSDDiP.NoStateApproximation(), DynamicSDDiP.UnifiedLagrangianDuality(0.0001, 0.0001, 1000, DynamicSDDiP.ZeroDuals(), DynamicSDDiP.BothBounds(), DynamicSDDiP.LevelBundle(0.5, true, false), DynamicSDDiP.StandardChoice(), DynamicSDDiP.Lax(), DynamicSDDiP.Core_Epsilon(0.01, DynamicSDDiP.ConvexHullCopy(), DynamicSDDiP.NoIntegerRelax(), DynamicSDDiP.Unbounded_Opt_SB(true), DynamicSDDiP.NoImprovement(), false), DynamicSDDiP.NoDualSpaceRestriction(), DynamicSDDiP.ConvexHullCopy(), nothing, nothing), 1, Inf, Inf, 0.0, true, 0.0001)

||||||||||||||||||||||||||||||||||||||||||||||||||||||||||||||||||||||||||||||||||||||||||||||||||||||||||||||||||||||||||||||||||||||||
CUT AGGREGATION
DynamicSDDiP.MultiCutRegime()
||||||||||||||||||||||||||||||||||||||||||||||||||||||||||||||||||||||||||||||||||||||||||||||||||||||||||||||||||||||||||||||||||||||||
CUT SELECTION
DynamicSDDiP.NoCutSelection()
||||||||||||||||||||||||||||||||||||||||||||||||||||||||||||||||||||||||||||||||||||||||||||||||||||||||||||||||||||||||||||||||||||||||
LATE BINARIZATION
DynamicSDDiP.NoLateBinarization()
||||||||||||||||||||||||||||||||||||||||||||||||||||||||||||||||||||||||||||||||||||||||||||||||||||||||||||||||||||||||||||||||||||||||
APPLIED SOLVERS (LP, MILP, MIQCP, MINLP, NLP, Lagrange)
DynamicSDDiP.AppliedSolvers(true, "Gurobi", "Gurobi", "Gurobi", "Gurobi", "Gurobi", "Gurobi", "Gurobi", "Gurobi", "Gurobi", 0.0001, 300)
DynamicSDDiP.Direct_Solver()
Numerical focus: false
Silent: true
||||||||||||||||||||||||||||||||||||||||||||||||||||||||||||||||||||||||||||||||||||||||||||||||||||||||||||||||||||||||||||||||||||||||
SAMPLING
Used seed for sampling scenarios: 
11111     
||||||||||||||||||||||||||||||||||||||||||||||||||||||||||||||||||||||||||||||||||||||||||||||||||||||||||||||||||||||||||||||||||||||||
RUN DESCRIPTION

||||||||||||||||||||||||||||||||||||||||||||||||||||||||||||||||||||||||||||||||||||||||||||||||||||||||||||||||||||||||||||||||||||||||
PROBLEM DESCRIPTION
Number of stages: 10
Number of realizations per stage: 20
Seed for scenario tree sampling: 12345
Solver: serial mode

────────────────────────────────────────────────────────────────────────────────────────────────────────────────────────────────────────────────────────────────────────────────────────────────────────
It.#               UB        Best UB             LB       Gap           Time        It_Time           Refinements                            #Var.   #Constr.             #Cuts       Lagrangian Dual                                               
                                                          [%]            [s]            [s]          σ       Bin.      Total      {0,1}          ℤ      Total    Total   Active      # It.    # C-It.  # C-Real.  
────────────────────────────────────────────────────────────────────────────────────────────────────────────────────────────────────────────────────────────────────────────────────────────────────────
1        4.560602e+03   4.560602e+03   1.532520e+03    0.6640   5.172350e+02   5.172350e+02      false       none        100         33          0          4      180      180      30443      30443        180
2        7.288402e+03   4.560602e+03   2.073017e+03    0.5455   1.279798e+03   7.625630e+02      false       none        100         33          0          4      360      360      28671      28637        179
3        6.605785e+03   4.560602e+03   2.531222e+03    0.4450   1.934705e+03   6.549070e+02      false       none        100         33          0          4      540      540      25753      25681        178
4        7.120438e+03   4.560602e+03   2.752088e+03    0.3966   2.689487e+03   7.547820e+02      false       none        100         33          0          4      707      707      24014      23936        178
5        4.996108e+03   4.560602e+03   2.866409e+03    0.3715   3.562113e+03   8.726260e+02      false       none        100         33          0          4      885      885      24750      24750        180
6        5.178192e+03   4.560602e+03   3.022546e+03    0.3372   4.368394e+03   8.062810e+02      false       none        100         33          0          4     1045     1045      22513      22433        178
7        5.658437e+03   4.560602e+03   3.238080e+03    0.2900   5.378630e+03   1.010236e+03      false       none        100         33          0          4     1218     1218      24171      23977        176
8        6.124168e+03   4.560602e+03   3.340915e+03    0.2674   6.440475e+03   1.061845e+03      false       none        100         33          0          4     1397     1397      25297      25297        180
9        5.050522e+03   4.560602e+03   3.472385e+03    0.2386   7.500804e+03   1.060329e+03      false       none        100         33          0          4     1577     1577      23127      23088        179
10       3.996098e+03   3.996098e+03   3.715402e+03    0.0702   8.753743e+03   1.252939e+03      false       none        100         33          0          4     1751     1751      24233      24100        177
11       6.163523e+03   3.996098e+03   3.753562e+03    0.0607   1.018831e+04   1.434563e+03      false       none        100         33          0          4     1907     1907      24152      24113        179
12       5.375958e+03   3.996098e+03   3.805404e+03    0.0477   1.171337e+04   1.525065e+03      false       none        100         33          0          4     2087     2087      25344      25344        180
13       4.363094e+03   3.996098e+03   3.824158e+03    0.0430   1.352090e+04   1.807532e+03      false       none        100         33          0          4     2266     2266      25594      25438        176
14       5.995834e+03   3.996098e+03   3.847217e+03    0.0373   1.484222e+04   1.321314e+03      false       none        100         33          0          4     2422     2422      21711      21711        180
15       4.903669e+03   3.996098e+03   3.876871e+03    0.0298   1.652614e+04   1.683924e+03      false       none        100         33          0          4     2602     2602      24604      24604        180
16       4.602421e+03   3.996098e+03   3.910923e+03    0.0213   1.838095e+04   1.854814e+03      false       none        100         33          0          4     2781     2781      25557      25470        178

Terminating DynamicSDDiP with status: time_limit
------------------------------------------------------------------------------
 ────────────────────────────────────────────────────────────────────────────────
                                        Time                    Allocations      
                               ───────────────────────   ────────────────────────
       Tot / % measured:            5.11h / 100.0%           70.4GiB /  99.6%    

 Section               ncalls     time    %tot     avg     alloc    %tot      avg
 ────────────────────────────────────────────────────────────────────────────────
 loop                       1    5.11h  100.0%   5.11h   70.2GiB  100.0%  70.2GiB
   iterations              16    5.11h  100.0%   1149s   70.1GiB   99.9%  4.38GiB
     backward_pass         16    5.10h   99.9%   1148s   69.0GiB   98.3%  4.31GiB
       solve_BP         2.88k    5.10h   99.9%   6.38s   68.8GiB   98.0%  24.5MiB
         solve_dual     2.88k    5.10h   99.9%   6.38s   68.8GiB   98.0%  24.5MiB
           solve_la...  2.88k    5.02h   98.4%   6.28s   65.7GiB   93.7%  23.4MiB
             inner_sol   400k    4.14h   81.1%  37.3ms   8.99GiB   12.8%  23.6KiB
               solv...   400k    4.12h   80.6%  37.1ms   1.32GiB    1.9%  3.45KiB
             bundle...   400k    2608s   14.2%  6.52ms   1.05GiB    1.5%  2.75KiB
             outer_sol   400k     395s    2.1%   987μs   1.38GiB    2.0%  3.61KiB
             add_cut     400k    23.6s    0.1%  59.1μs   7.09GiB   10.1%  18.6KiB
             init_a...  2.88k    1.15s    0.0%   401μs    506MiB    0.7%   180KiB
             relax_...  2.88k    322ms    0.0%   112μs    100MiB    0.1%  35.5KiB
             restor...  2.88k    290ms    0.0%   101μs   51.5MiB    0.1%  18.3KiB
             conver...  2.88k   94.0ms    0.0%  32.6μs   16.9MiB    0.0%  6.02KiB
             minima...  2.86k   1.85ms    0.0%   647ns     0.00B    0.0%    0.00B
           solve_pr...  8.64k     178s    1.0%  20.6ms   27.5MiB    0.0%  3.26KiB
           solve_core   2.88k    89.9s    0.5%  31.2ms   11.4MiB    0.0%  4.06KiB
           dual_ini...  2.88k   7.69ms    0.0%  2.67μs    954KiB    0.0%     339B
         space_change   5.76k   1.68ms    0.0%   291ns     0.00B    0.0%    0.00B
       update_bellman     144    592ms    0.0%  4.11ms   30.8MiB    0.0%   219KiB
         cut_selection  2.78k   1.59ms    0.0%   571ns    183KiB    0.0%    67.2B
     forward_pass          16    10.7s    0.1%   666ms   1.14GiB    1.6%  73.2MiB
       solve_subpro...    160    10.6s    0.1%  66.4ms   1.14GiB    1.6%  7.31MiB
         solver_cal...    160    10.0s    0.1%  62.7ms   1.08GiB    1.5%  6.91MiB
     calculate_bound       16    528ms    0.0%  33.0ms   10.1MiB    0.0%   646KiB
       solver_call_...     16    432ms    0.0%  27.0ms   65.5KiB    0.0%  4.09KiB
 ────────────────────────────────────────────────────────────────────────────────

||||||||||||||||||||||||||||||||||||||||||||||||||||||||||||||||||||||||||||||||||||||||||||||||||||||||||||||||||||||||||||||||||||||||
LAGRANGIAN DUAL SOLUTION RESULTS
mn_opt: 0 times (0.0%)
conv: 0 times (0.0%)
unbounded: 0 times (0.0%)
bound_issues: 22 times (0.8%)
subgr_stalling: 0 times (0.0%)
opt: 2858 times (99.2%)
feas_issues: 0 times (0.0%)
sub: 0 times (0.0%)
mn_iter: 0 times (0.0%)
iter: 0 times (0.0%)
mn_issue: 0 times (0.0%)

||||||||||||||||||||||||||||||||||||||||||||||||||||||||||||||||||||||||||||||||||||||||||||||||||||||||||||||||||||||||||||||||||||||||
SIMULATION RESULTS
DynamicSDDiP.Simulation(DynamicSDDiP.InSampleMonteCarlo(), 1000)
Lower bound: 3910.9226887056607
Statistical upper bound (confidence interval): 5280.330889837373 ± 48.817438312476376
Pessimistic upper bound: 5329.1483281498495
