

#########################################################################################################################################
#########################################################################################################################################
#########################################################################################################################################
#########################################################################################################################################
#########################################################################################################################################
DynamicSDDiP.jl (c) Christian Füllner, 2021
re-uses code from SDDP.jl (c) Oscar Dowson, 2017-21
||||||||||||||||||||||||||||||||||||||||||||||||||||||||||||||||||||||||||||||||||||||||||||||||||||||||||||||||||||||||||||||||||||||||
PATH
calling 
C:\Users\cg4102\.julia\packages\DynamicSDDiP\Z7cZi\src
nothing
DATETIME
2023-03-22T20:22:38.45
||||||||||||||||||||||||||||||||||||||||||||||||||||||||||||||||||||||||||||||||||||||||||||||||||||||||||||||||||||||||||||||||||||||||
STOPPING RULES
SDDP.TimeLimit(18000.0)
SDDP.BoundStalling(20, 0.0001)
||||||||||||||||||||||||||||||||||||||||||||||||||||||||||||||||||||||||||||||||||||||||||||||||||||||||||||||||||||||||||||||||||||||||
REGULARIZATION
DynamicSDDiP.NoRegularization()
||||||||||||||||||||||||||||||||||||||||||||||||||||||||||||||||||||||||||||||||||||||||||||||||||||||||||||||||||||||||||||||||||||||||
CUT GENERATION REGIMES
DynamicSDDiP.CutGenerationRegime(DynamicSDDiP.NoStateApproximation(), DynamicSDDiP.StrengthenedDuality(), 1, Inf, Inf, 0.0, true, 0.0001)

||||||||||||||||||||||||||||||||||||||||||||||||||||||||||||||||||||||||||||||||||||||||||||||||||||||||||||||||||||||||||||||||||||||||
CUT AGGREGATION
DynamicSDDiP.SingleCutRegime()
||||||||||||||||||||||||||||||||||||||||||||||||||||||||||||||||||||||||||||||||||||||||||||||||||||||||||||||||||||||||||||||||||||||||
CUT SELECTION
DynamicSDDiP.NoCutSelection()
||||||||||||||||||||||||||||||||||||||||||||||||||||||||||||||||||||||||||||||||||||||||||||||||||||||||||||||||||||||||||||||||||||||||
LATE BINARIZATION
DynamicSDDiP.NoLateBinarization()
||||||||||||||||||||||||||||||||||||||||||||||||||||||||||||||||||||||||||||||||||||||||||||||||||||||||||||||||||||||||||||||||||||||||
APPLIED SOLVERS (LP, MILP, MIQCP, MINLP, NLP, Lagrange)
DynamicSDDiP.AppliedSolvers(true, "Gurobi", "Gurobi", "Gurobi", "Gurobi", "Gurobi", "Gurobi", "Gurobi", "Gurobi", "Gurobi", 0.0001, 300)
DynamicSDDiP.Direct_Solver()
Numerical focus: false
Silent: true
||||||||||||||||||||||||||||||||||||||||||||||||||||||||||||||||||||||||||||||||||||||||||||||||||||||||||||||||||||||||||||||||||||||||
SAMPLING
Used seed for sampling scenarios: 
11111     
||||||||||||||||||||||||||||||||||||||||||||||||||||||||||||||||||||||||||||||||||||||||||||||||||||||||||||||||||||||||||||||||||||||||
RUN DESCRIPTION

||||||||||||||||||||||||||||||||||||||||||||||||||||||||||||||||||||||||||||||||||||||||||||||||||||||||||||||||||||||||||||||||||||||||
PROBLEM DESCRIPTION
Number of stages: 10
Number of realizations per stage: 20
Seed for scenario tree sampling: 12345
Solver: serial mode

────────────────────────────────────────────────────────────────────────────────────────────────────────────────────────────────────────────────────────────────────────────────────────────────────────
It.#               UB        Best UB             LB       Gap           Time        It_Time           Refinements                            #Var.   #Constr.             #Cuts       Lagrangian Dual                                               
                                                          [%]            [s]            [s]          σ       Bin.      Total      {0,1}          ℤ      Total    Total   Active      # It.    # C-It.  # C-Real.  
────────────────────────────────────────────────────────────────────────────────────────────────────────────────────────────────────────────────────────────────────────────────────────────────────────
1        4.560602e+03   4.560602e+03   2.924777e+03    0.3587   9.689999e-01   9.689999e-01      false       none         80         33          0          4        9        9          0          0          0
2        6.226328e+03   4.560602e+03   2.924777e+03    0.3587   2.313000e+00   1.344000e+00      false       none         80         33          0          4       17       17          0          0          0
3        6.034818e+03   4.560602e+03   2.991532e+03    0.3440   3.485000e+00   1.172000e+00      false       none         80         33          0          4       25       25          0          0          0
4        6.896993e+03   4.560602e+03   2.991532e+03    0.3440   4.844000e+00   1.359000e+00      false       none         80         33          0          4       32       32          0          0          0
5        4.600883e+03   4.560602e+03   3.099956e+03    0.3203   6.000000e+00   1.156000e+00      false       none         80         33          0          4       40       40          0          0          0
6        4.837620e+03   4.560602e+03   3.105930e+03    0.3190   7.235000e+00   1.235000e+00      false       none         80         33          0          4       45       45          0          0          0
7        5.345742e+03   4.560602e+03   3.105930e+03    0.3190   8.516000e+00   1.281000e+00      false       none         80         33          0          4       48       48          0          0          0
8        6.042543e+03   4.560602e+03   3.126366e+03    0.3145   9.750000e+00   1.234000e+00      false       none         80         33          0          4       51       51          0          0          0
9        4.777729e+03   4.560602e+03   3.128022e+03    0.3141   1.096900e+01   1.219000e+00      false       none         80         33          0          4       55       55          0          0          0
10       4.093913e+03   4.093913e+03   3.128022e+03    0.2359   1.225000e+01   1.281000e+00      false       none         80         33          0          4       55       55          0          0          0
11       5.789638e+03   4.093913e+03   3.151200e+03    0.2303   1.345300e+01   1.203000e+00      false       none         80         33          0          4       60       60          0          0          0
12       5.132184e+03   4.093913e+03   3.151200e+03    0.2303   1.471900e+01   1.266000e+00      false       none         80         33          0          4       63       63          0          0          0
13       3.633276e+03   3.633276e+03   3.151200e+03    0.1327   1.589100e+01   1.172000e+00      false       none         80         33          0          4       70       70          0          0          0
14       5.101018e+03   3.633276e+03   3.151200e+03    0.1327   1.715600e+01   1.265000e+00      false       none         80         33          0          4       71       71          0          0          0
15       3.752316e+03   3.633276e+03   3.151200e+03    0.1327   1.846900e+01   1.313000e+00      false       none         80         33          0          4       72       72          0          0          0
16       4.240934e+03   3.633276e+03   3.154469e+03    0.1318   1.978100e+01   1.312000e+00      false       none         80         33          0          4       75       75          0          0          0
17       4.579280e+03   3.633276e+03   3.176722e+03    0.1257   2.100000e+01   1.219000e+00      false       none         80         33          0          4       78       78          0          0          0
18       5.068660e+03   3.633276e+03   3.182218e+03    0.1241   2.228200e+01   1.282000e+00      false       none         80         33          0          4       80       80          0          0          0
19       6.036595e+03   3.633276e+03   3.182218e+03    0.1241   2.348500e+01   1.203000e+00      false       none         80         33          0          4       84       84          0          0          0
20       3.744157e+03   3.633276e+03   3.195369e+03    0.1205   2.479700e+01   1.312000e+00      false       none         80         33          0          4       89       89          0          0          0
21       6.990719e+03   3.633276e+03   3.218900e+03    0.1141   2.601600e+01   1.219000e+00      false       none         80         33          0          4       94       94          0          0          0
22       5.289877e+03   3.633276e+03   3.218900e+03    0.1141   2.725000e+01   1.234000e+00      false       none         80         33          0          4       96       96          0          0          0
23       3.708535e+03   3.633276e+03   3.218900e+03    0.1141   2.851600e+01   1.266000e+00      false       none         80         33          0          4      100      100          0          0          0
24       6.438745e+03   3.633276e+03   3.335858e+03    0.0819   2.984400e+01   1.328000e+00      false       none         80         33          0          4      103      103          0          0          0
25       5.220099e+03   3.633276e+03   3.338467e+03    0.0811   3.126600e+01   1.422000e+00      false       none         80         33          0          4      106      106          0          0          0
26       4.674575e+03   3.633276e+03   3.338467e+03    0.0811   3.268800e+01   1.422000e+00      false       none         80         33          0          4      108      108          0          0          0
27       4.727206e+03   3.633276e+03   3.338467e+03    0.0811   3.411000e+01   1.422000e+00      false       none         80         33          0          4      110      110          0          0          0
28       4.832865e+03   3.633276e+03   3.338467e+03    0.0811   3.554700e+01   1.437000e+00      false       none         80         33          0          4      110      110          0          0          0
29       3.693046e+03   3.633276e+03   3.338467e+03    0.0811   3.693800e+01   1.391000e+00      false       none         80         33          0          4      112      112          0          0          0
30       4.802127e+03   3.633276e+03   3.338467e+03    0.0811   3.828200e+01   1.344000e+00      false       none         80         33          0          4      114      114          0          0          0
31       3.481620e+03   3.481620e+03   3.338467e+03    0.0411   3.971900e+01   1.437000e+00      false       none         80         33          0          4      116      116          0          0          0
32       5.243858e+03   3.481620e+03   3.338467e+03    0.0411   4.101600e+01   1.297000e+00      false       none         80         33          0          4      119      119          0          0          0
33       6.637845e+03   3.481620e+03   3.338467e+03    0.0411   4.242200e+01   1.406000e+00      false       none         80         33          0          4      120      120          0          0          0
34       5.501880e+03   3.481620e+03   3.338467e+03    0.0411   4.373500e+01   1.313000e+00      false       none         80         33          0          4      120      120          0          0          0
35       5.800052e+03   3.481620e+03   3.338467e+03    0.0411   4.511000e+01   1.375000e+00      false       none         80         33          0          4      124      124          0          0          0
36       5.803314e+03   3.481620e+03   3.338467e+03    0.0411   4.643800e+01   1.328000e+00      false       none         80         33          0          4      125      125          0          0          0
37       5.441317e+03   3.481620e+03   3.338467e+03    0.0411   4.778200e+01   1.344000e+00      false       none         80         33          0          4      127      127          0          0          0
38       4.242935e+03   3.481620e+03   3.338467e+03    0.0411   4.918800e+01   1.406000e+00      false       none         80         33          0          4      131      131          0          0          0
39       4.964598e+03   3.481620e+03   3.338467e+03    0.0411   5.048500e+01   1.297000e+00      false       none         80         33          0          4      133      133          0          0          0
40       5.179992e+03   3.481620e+03   3.345071e+03    0.0392   5.176600e+01   1.281000e+00      false       none         80         33          0          4      136      136          0          0          0
41       4.200065e+03   3.481620e+03   3.345071e+03    0.0392   5.328200e+01   1.516000e+00      false       none         80         33          0          4      136      136          0          0          0
42       5.642890e+03   3.481620e+03   3.345071e+03    0.0392   5.461000e+01   1.328000e+00      false       none         80         33          0          4      139      139          0          0          0
43       4.290309e+03   3.481620e+03   3.345071e+03    0.0392   5.592200e+01   1.312000e+00      false       none         80         33          0          4      139      139          0          0          0
44       5.867919e+03   3.481620e+03   3.345071e+03    0.0392   5.725000e+01   1.328000e+00      false       none         80         33          0          4      140      140          0          0          0
45       4.999814e+03   3.481620e+03   3.345071e+03    0.0392   5.864100e+01   1.391000e+00      false       none         80         33          0          4      140      140          0          0          0
46       5.395563e+03   3.481620e+03   3.345071e+03    0.0392   6.006300e+01   1.422000e+00      false       none         80         33          0          4      141      141          0          0          0
47       5.716420e+03   3.481620e+03   3.345071e+03    0.0392   6.140700e+01   1.344000e+00      false       none         80         33          0          4      142      142          0          0          0
48       5.674503e+03   3.481620e+03   3.345071e+03    0.0392   6.276600e+01   1.359000e+00      false       none         80         33          0          4      142      142          0          0          0
49       5.484208e+03   3.481620e+03   3.345071e+03    0.0392   6.406300e+01   1.297000e+00      false       none         80         33          0          4      142      142          0          0          0
50       6.637753e+03   3.481620e+03   3.345071e+03    0.0392   6.536000e+01   1.297000e+00      false       none         80         33          0          4      144      144          0          0          0
51       3.388171e+03   3.388171e+03   3.345071e+03    0.0127   6.671900e+01   1.359000e+00      false       none         80         33          0          4      145      145          0          0          0
52       4.605167e+03   3.388171e+03   3.345071e+03    0.0127   6.811000e+01   1.391000e+00      false       none         80         33          0          4      148      148          0          0          0
53       6.262448e+03   3.388171e+03   3.345071e+03    0.0127   6.950000e+01   1.390000e+00      false       none         80         33          0          4      150      150          0          0          0
54       5.031478e+03   3.388171e+03   3.353894e+03    0.0101   7.096900e+01   1.469000e+00      false       none         80         33          0          4      158      158          0          0          0
55       4.953447e+03   3.388171e+03   3.353894e+03    0.0101   7.228200e+01   1.313000e+00      false       none         80         33          0          4      161      161          0          0          0
56       5.012116e+03   3.388171e+03   3.353894e+03    0.0101   7.368800e+01   1.406000e+00      false       none         80         33          0          4      161      161          0          0          0
57       4.699187e+03   3.388171e+03   3.370554e+03    0.0052   7.520300e+01   1.515000e+00      false       none         80         33          0          4      165      165          0          0          0
58       5.095732e+03   3.388171e+03   3.370554e+03    0.0052   7.667200e+01   1.469000e+00      false       none         80         33          0          4      166      166          0          0          0
59       6.572334e+03   3.388171e+03   3.370554e+03    0.0052   7.814100e+01   1.469000e+00      false       none         80         33          0          4      167      167          0          0          0
60       4.849674e+03   3.388171e+03   3.370554e+03    0.0052   7.953200e+01   1.391000e+00      false       none         80         33          0          4      167      167          0          0          0
61       4.547333e+03   3.388171e+03   3.370554e+03    0.0052   8.103200e+01   1.500000e+00      false       none         80         33          0          4      167      167          0          0          0
62       4.093319e+03   3.388171e+03   3.370554e+03    0.0052   8.253200e+01   1.500000e+00      false       none         80         33          0          4      169      169          0          0          0
63       6.847564e+03   3.388171e+03   3.370554e+03    0.0052   8.382900e+01   1.297000e+00      false       none         80         33          0          4      170      170          0          0          0
64       5.172191e+03   3.388171e+03   3.374961e+03    0.0039   8.523500e+01   1.406000e+00      false       none         80         33          0          4      172      172          0          0          0
65       3.845912e+03   3.388171e+03   3.374961e+03    0.0039   8.664100e+01   1.406000e+00      false       none         80         33          0          4      173      173          0          0          0
66       4.729333e+03   3.388171e+03   3.374961e+03    0.0039   8.809400e+01   1.453000e+00      false       none         80         33          0          4      174      174          0          0          0
67       8.337127e+03   3.388171e+03   3.374961e+03    0.0039   8.961000e+01   1.516000e+00      false       none         80         33          0          4      175      175          0          0          0
68       4.927838e+03   3.388171e+03   3.374961e+03    0.0039   9.117200e+01   1.562000e+00      false       none         80         33          0          4      177      177          0          0          0
69       4.749506e+03   3.388171e+03   3.377128e+03    0.0033   9.265700e+01   1.485000e+00      false       none         80         33          0          4      180      180          0          0          0
70       6.063973e+03   3.388171e+03   3.377128e+03    0.0033   9.404700e+01   1.390000e+00      false       none         80         33          0          4      181      181          0          0          0
71       4.985821e+03   3.388171e+03   3.377128e+03    0.0033   9.546900e+01   1.422000e+00      false       none         80         33          0          4      184      184          0          0          0
72       4.485288e+03   3.388171e+03   3.377128e+03    0.0033   9.692200e+01   1.453000e+00      false       none         80         33          0          4      184      184          0          0          0
73       4.602869e+03   3.388171e+03   3.377128e+03    0.0033   9.831300e+01   1.391000e+00      false       none         80         33          0          4      184      184          0          0          0
74       5.371831e+03   3.388171e+03   3.377128e+03    0.0033   9.973500e+01   1.422000e+00      false       none         80         33          0          4      184      184          0          0          0
75       6.229673e+03   3.388171e+03   3.377128e+03    0.0033   1.012660e+02   1.531000e+00      false       none         80         33          0          4      184      184          0          0          0
76       4.452392e+03   3.388171e+03   3.377128e+03    0.0033   1.026570e+02   1.391000e+00      false       none         80         33          0          4      185      185          0          0          0
77       7.169189e+03   3.388171e+03   3.377128e+03    0.0033   1.040320e+02   1.375000e+00      false       none         80         33          0          4      187      187          0          0          0
78       5.310095e+03   3.388171e+03   3.377128e+03    0.0033   1.055940e+02   1.562000e+00      false       none         80         33          0          4      187      187          0          0          0
79       5.063114e+03   3.388171e+03   3.377128e+03    0.0033   1.070940e+02   1.500000e+00      false       none         80         33          0          4      188      188          0          0          0
80       5.075801e+03   3.388171e+03   3.377128e+03    0.0033   1.084850e+02   1.391000e+00      false       none         80         33          0          4      190      190          0          0          0
81       4.270703e+03   3.388171e+03   3.377128e+03    0.0033   1.098750e+02   1.390000e+00      false       none         80         33          0          4      190      190          0          0          0
82       4.916584e+03   3.388171e+03   3.377128e+03    0.0033   1.113440e+02   1.469000e+00      false       none         80         33          0          4      191      191          0          0          0
83       4.936579e+03   3.388171e+03   3.377128e+03    0.0033   1.128290e+02   1.485000e+00      false       none         80         33          0          4      192      192          0          0          0
84       6.114638e+03   3.388171e+03   3.377128e+03    0.0033   1.142820e+02   1.453000e+00      false       none         80         33          0          4      193      193          0          0          0
85       3.624357e+03   3.388171e+03   3.377128e+03    0.0033   1.157350e+02   1.453000e+00      false       none         80         33          0          4      193      193          0          0          0
86       7.101772e+03   3.388171e+03   3.377128e+03    0.0033   1.170790e+02   1.344000e+00      false       none         80         33          0          4      194      194          0          0          0
87       5.073100e+03   3.388171e+03   3.377128e+03    0.0033   1.185470e+02   1.468000e+00      false       none         80         33          0          4      196      196          0          0          0
88       4.665457e+03   3.388171e+03   3.377128e+03    0.0033   1.200940e+02   1.547000e+00      false       none         80         33          0          4      197      197          0          0          0
89       3.605039e+03   3.388171e+03   3.377128e+03    0.0033   1.215000e+02   1.406000e+00      false       none         80         33          0          4      197      197          0          0          0

Terminating DynamicSDDiP with status: bound_stalling
------------------------------------------------------------------------------
 ────────────────────────────────────────────────────────────────────────────────
                                        Time                    Allocations      
                               ───────────────────────   ────────────────────────
       Tot / % measured:             122s / 100.0%           3.65GiB /  99.9%    

 Section               ncalls     time    %tot     avg     alloc    %tot      avg
 ────────────────────────────────────────────────────────────────────────────────
 loop                       1     121s  100.0%    121s   3.65GiB  100.0%  3.65GiB
   iterations              89     121s   99.9%   1.36s   3.65GiB  100.0%  41.9MiB
     backward_pass         89     118s   97.3%   1.33s   3.62GiB   99.4%  41.7MiB
       solve_BP         16.0k     118s   97.0%  7.36ms   3.61GiB   98.9%   236KiB
         solve_dual     16.0k     117s   96.3%  7.30ms   3.50GiB   96.1%   229KiB
           solver_c...  16.0k    94.3s   77.6%  5.89ms   68.2MiB    1.8%  4.36KiB
           LP_relax...  16.0k    17.3s   14.2%  1.08ms   2.24GiB   61.5%   147KiB
             solver...  16.0k    5.53s    4.6%   345μs   20.7MiB    0.6%  1.32KiB
         space_change   32.0k   8.65ms    0.0%   270ns     0.00B    0.0%    0.00B
       update_bellman     801   32.6ms    0.0%  40.7μs   3.60MiB    0.1%  4.60KiB
         cut_selection    197    274μs    0.0%  1.39μs   15.4KiB    0.0%    80.2B
     forward_pass          89    2.91s    2.4%  32.7ms   20.6MiB    0.6%   237KiB
       solve_subpro...    890    2.87s    2.4%  3.23ms   18.0MiB    0.5%  20.7KiB
         solver_cal...    890    2.77s    2.3%  3.11ms   3.28MiB    0.1%  3.77KiB
     calculate_bound       89    193ms    0.2%  2.17ms   2.21MiB    0.1%  25.5KiB
       solver_call_...     89    181ms    0.1%  2.03ms    184KiB    0.0%  2.07KiB
 ────────────────────────────────────────────────────────────────────────────────

||||||||||||||||||||||||||||||||||||||||||||||||||||||||||||||||||||||||||||||||||||||||||||||||||||||||||||||||||||||||||||||||||||||||
LAGRANGIAN DUAL SOLUTION RESULTS
mn_opt: 0 times (NaN%)
conv: 0 times (NaN%)
unbounded: 0 times (NaN%)
bound_issues: 0 times (NaN%)
subgr_stalling: 0 times (NaN%)
opt: 0 times (NaN%)
feas_issues: 0 times (NaN%)
sub: 0 times (NaN%)
mn_iter: 0 times (NaN%)
iter: 0 times (NaN%)
mn_issue: 0 times (NaN%)

||||||||||||||||||||||||||||||||||||||||||||||||||||||||||||||||||||||||||||||||||||||||||||||||||||||||||||||||||||||||||||||||||||||||
SIMULATION RESULTS
DynamicSDDiP.Simulation(DynamicSDDiP.InSampleMonteCarlo(), 1000)
Lower bound: 3377.1275545392855
Statistical upper bound (confidence interval): 4892.868704310427 ± 56.912880446367026
Pessimistic upper bound: 4949.7815847567945
