

#########################################################################################################################################
#########################################################################################################################################
#########################################################################################################################################
#########################################################################################################################################
#########################################################################################################################################
DynamicSDDiP.jl (c) Christian Füllner, 2021
re-uses code from SDDP.jl (c) Oscar Dowson, 2017-21
||||||||||||||||||||||||||||||||||||||||||||||||||||||||||||||||||||||||||||||||||||||||||||||||||||||||||||||||||||||||||||||||||||||||
PATH
calling 
C:\Users\cg4102\.julia\packages\DynamicSDDiP\Z7cZi\src
nothing
DATETIME
2023-03-22T20:21:23.388
||||||||||||||||||||||||||||||||||||||||||||||||||||||||||||||||||||||||||||||||||||||||||||||||||||||||||||||||||||||||||||||||||||||||
STOPPING RULES
SDDP.TimeLimit(18000.0)
SDDP.BoundStalling(20, 0.0001)
||||||||||||||||||||||||||||||||||||||||||||||||||||||||||||||||||||||||||||||||||||||||||||||||||||||||||||||||||||||||||||||||||||||||
REGULARIZATION
DynamicSDDiP.NoRegularization()
||||||||||||||||||||||||||||||||||||||||||||||||||||||||||||||||||||||||||||||||||||||||||||||||||||||||||||||||||||||||||||||||||||||||
CUT GENERATION REGIMES
DynamicSDDiP.CutGenerationRegime(DynamicSDDiP.NoStateApproximation(), DynamicSDDiP.LinearDuality(), 1, Inf, Inf, 0.0, true, 0.0001)

||||||||||||||||||||||||||||||||||||||||||||||||||||||||||||||||||||||||||||||||||||||||||||||||||||||||||||||||||||||||||||||||||||||||
CUT AGGREGATION
DynamicSDDiP.SingleCutRegime()
||||||||||||||||||||||||||||||||||||||||||||||||||||||||||||||||||||||||||||||||||||||||||||||||||||||||||||||||||||||||||||||||||||||||
CUT SELECTION
DynamicSDDiP.NoCutSelection()
||||||||||||||||||||||||||||||||||||||||||||||||||||||||||||||||||||||||||||||||||||||||||||||||||||||||||||||||||||||||||||||||||||||||
LATE BINARIZATION
DynamicSDDiP.NoLateBinarization()
||||||||||||||||||||||||||||||||||||||||||||||||||||||||||||||||||||||||||||||||||||||||||||||||||||||||||||||||||||||||||||||||||||||||
APPLIED SOLVERS (LP, MILP, MIQCP, MINLP, NLP, Lagrange)
DynamicSDDiP.AppliedSolvers(true, "Gurobi", "Gurobi", "Gurobi", "Gurobi", "Gurobi", "Gurobi", "Gurobi", "Gurobi", "Gurobi", 0.0001, 300)
DynamicSDDiP.Direct_Solver()
Numerical focus: false
Silent: true
||||||||||||||||||||||||||||||||||||||||||||||||||||||||||||||||||||||||||||||||||||||||||||||||||||||||||||||||||||||||||||||||||||||||
SAMPLING
Used seed for sampling scenarios: 
11111     
||||||||||||||||||||||||||||||||||||||||||||||||||||||||||||||||||||||||||||||||||||||||||||||||||||||||||||||||||||||||||||||||||||||||
RUN DESCRIPTION

||||||||||||||||||||||||||||||||||||||||||||||||||||||||||||||||||||||||||||||||||||||||||||||||||||||||||||||||||||||||||||||||||||||||
PROBLEM DESCRIPTION
Number of stages: 10
Number of realizations per stage: 20
Seed for scenario tree sampling: 12345
Solver: serial mode

────────────────────────────────────────────────────────────────────────────────────────────────────────────────────────────────────────────────────────────────────────────────────────────────────────
It.#               UB        Best UB             LB       Gap           Time        It_Time           Refinements                            #Var.   #Constr.             #Cuts       Lagrangian Dual                                               
                                                          [%]            [s]            [s]          σ       Bin.      Total      {0,1}          ℤ      Total    Total   Active      # It.    # C-It.  # C-Real.  
────────────────────────────────────────────────────────────────────────────────────────────────────────────────────────────────────────────────────────────────────────────────────────────────────────
1        4.560602e+03   4.560602e+03   1.796468e+03    0.6061   1.870000e-01   1.870000e-01      false       none         80         33          0          4        9        9          0          0          0
2        5.447672e+03   4.560602e+03   1.801542e+03    0.6050   3.429999e-01   1.559999e-01      false       none         80         33          0          4       18       18          0          0          0
3        6.384805e+03   4.560602e+03   1.930605e+03    0.5767   5.460000e-01   2.030001e-01      false       none         80         33          0          4       25       25          0          0          0
4        5.902126e+03   4.560602e+03   1.971985e+03    0.5676   7.179999e-01   1.719999e-01      false       none         80         33          0          4       33       33          0          0          0
5        4.776115e+03   4.560602e+03   1.979082e+03    0.5660   8.900001e-01   1.720002e-01      false       none         80         33          0          4       42       42          0          0          0
6        4.967272e+03   4.560602e+03   2.014444e+03    0.5583   1.078000e+00   1.880000e-01      false       none         80         33          0          4       50       50          0          0          0
7        5.528528e+03   4.560602e+03   2.026542e+03    0.5556   1.250000e+00   1.719999e-01      false       none         80         33          0          4       58       58          0          0          0
8        6.163573e+03   4.560602e+03   2.033784e+03    0.5541   1.421000e+00   1.710000e-01      false       none         80         33          0          4       64       64          0          0          0
9        5.095641e+03   4.560602e+03   2.037605e+03    0.5532   1.609000e+00   1.880000e-01      false       none         80         33          0          4       70       70          0          0          0
10       4.041459e+03   4.041459e+03   2.046280e+03    0.4937   1.781000e+00   1.719999e-01      false       none         80         33          0          4       77       77          0          0          0
11       5.643091e+03   4.041459e+03   2.050954e+03    0.4925   1.953000e+00   1.720002e-01      false       none         80         33          0          4       85       85          0          0          0
12       5.280151e+03   4.041459e+03   2.052409e+03    0.4922   2.125000e+00   1.719999e-01      false       none         80         33          0          4       94       94          0          0          0
13       3.113348e+03   3.113348e+03   2.059918e+03    0.3384   2.312000e+00   1.870000e-01      false       none         80         33          0          4      103      103          0          0          0
14       5.872786e+03   3.113348e+03   2.059918e+03    0.3384   2.484000e+00   1.719999e-01      false       none         80         33          0          4      108      108          0          0          0
15       3.592747e+03   3.113348e+03   2.059918e+03    0.3384   2.671000e+00   1.870000e-01      false       none         80         33          0          4      115      115          0          0          0
16       4.537804e+03   3.113348e+03   2.076196e+03    0.3331   2.859000e+00   1.880000e-01      false       none         80         33          0          4      122      122          0          0          0
17       4.399984e+03   3.113348e+03   2.076196e+03    0.3331   3.031000e+00   1.719999e-01      false       none         80         33          0          4      129      129          0          0          0
18       4.775925e+03   3.113348e+03   2.078528e+03    0.3324   3.203000e+00   1.720002e-01      false       none         80         33          0          4      136      136          0          0          0
19       6.155055e+03   3.113348e+03   2.078528e+03    0.3324   3.390000e+00   1.870000e-01      false       none         80         33          0          4      144      144          0          0          0
20       4.140442e+03   3.113348e+03   2.085117e+03    0.3303   3.578000e+00   1.880000e-01      false       none         80         33          0          4      149      149          0          0          0
21       7.198897e+03   3.113348e+03   2.085846e+03    0.3300   3.750000e+00   1.719999e-01      false       none         80         33          0          4      154      154          0          0          0
22       6.050268e+03   3.113348e+03   2.101649e+03    0.3250   3.937000e+00   1.870000e-01      false       none         80         33          0          4      162      162          0          0          0
23       3.809585e+03   3.113348e+03   2.105490e+03    0.3237   4.125000e+00   1.880000e-01      false       none         80         33          0          4      170      170          0          0          0
24       6.642079e+03   3.113348e+03   2.108077e+03    0.3229   4.296000e+00   1.710000e-01      false       none         80         33          0          4      175      175          0          0          0
25       6.103891e+03   3.113348e+03   2.111306e+03    0.3219   4.484000e+00   1.880000e-01      false       none         80         33          0          4      182      182          0          0          0
26       4.749349e+03   3.113348e+03   2.113114e+03    0.3213   4.671000e+00   1.870000e-01      false       none         80         33          0          4      189      189          0          0          0
27       5.274066e+03   3.113348e+03   2.114202e+03    0.3209   4.843000e+00   1.719999e-01      false       none         80         33          0          4      192      192          0          0          0
28       5.373925e+03   3.113348e+03   2.117355e+03    0.3199   5.015000e+00   1.720002e-01      false       none         80         33          0          4      197      197          0          0          0
29       4.001061e+03   3.113348e+03   2.119212e+03    0.3193   5.218000e+00   2.029998e-01      false       none         80         33          0          4      202      202          0          0          0
30       5.017103e+03   3.113348e+03   2.119212e+03    0.3193   5.390000e+00   1.720002e-01      false       none         80         33          0          4      206      206          0          0          0
31       4.055045e+03   3.113348e+03   2.119212e+03    0.3193   5.578000e+00   1.880000e-01      false       none         80         33          0          4      213      213          0          0          0
32       5.633023e+03   3.113348e+03   2.119541e+03    0.3192   5.765000e+00   1.870000e-01      false       none         80         33          0          4      219      219          0          0          0
33       6.864781e+03   3.113348e+03   2.123146e+03    0.3181   5.937000e+00   1.719999e-01      false       none         80         33          0          4      225      225          0          0          0
34       5.896754e+03   3.113348e+03   2.133330e+03    0.3148   6.125000e+00   1.880000e-01      false       none         80         33          0          4      229      229          0          0          0
35       5.679950e+03   3.113348e+03   2.137734e+03    0.3134   6.312000e+00   1.870000e-01      false       none         80         33          0          4      235      235          0          0          0
36       6.521342e+03   3.113348e+03   2.138075e+03    0.3133   6.484000e+00   1.719999e-01      false       none         80         33          0          4      239      239          0          0          0
37       6.840801e+03   3.113348e+03   2.139897e+03    0.3127   6.656000e+00   1.719999e-01      false       none         80         33          0          4      243      243          0          0          0
38       4.530093e+03   3.113348e+03   2.139897e+03    0.3127   6.843000e+00   1.870000e-01      false       none         80         33          0          4      245      245          0          0          0
39       4.957614e+03   3.113348e+03   2.147031e+03    0.3104   7.031000e+00   1.880000e-01      false       none         80         33          0          4      248      248          0          0          0
40       5.225992e+03   3.113348e+03   2.147031e+03    0.3104   7.218000e+00   1.870000e-01      false       none         80         33          0          4      252      252          0          0          0
41       4.691044e+03   3.113348e+03   2.147031e+03    0.3104   7.390000e+00   1.720002e-01      false       none         80         33          0          4      258      258          0          0          0
42       5.130865e+03   3.113348e+03   2.147031e+03    0.3104   7.593000e+00   2.029998e-01      false       none         80         33          0          4      264      264          0          0          0
43       4.323384e+03   3.113348e+03   2.147031e+03    0.3104   7.765000e+00   1.720002e-01      false       none         80         33          0          4      269      269          0          0          0
44       5.862717e+03   3.113348e+03   2.147222e+03    0.3103   7.953000e+00   1.880000e-01      false       none         80         33          0          4      276      276          0          0          0
45       4.858142e+03   3.113348e+03   2.147222e+03    0.3103   8.140000e+00   1.870000e-01      false       none         80         33          0          4      280      280          0          0          0
46       6.684529e+03   3.113348e+03   2.147222e+03    0.3103   8.312000e+00   1.719999e-01      false       none         80         33          0          4      284      284          0          0          0
47       5.697015e+03   3.113348e+03   2.147222e+03    0.3103   8.500000e+00   1.880000e-01      false       none         80         33          0          4      288      288          0          0          0
48       5.819634e+03   3.113348e+03   2.147222e+03    0.3103   8.687000e+00   1.870000e-01      false       none         80         33          0          4      290      290          0          0          0
49       5.472208e+03   3.113348e+03   2.147222e+03    0.3103   8.875000e+00   1.880000e-01      false       none         80         33          0          4      294      294          0          0          0
50       6.703892e+03   3.113348e+03   2.148185e+03    0.3100   9.062000e+00   1.870000e-01      false       none         80         33          0          4      297      297          0          0          0
51       3.241308e+03   3.113348e+03   2.148185e+03    0.3100   9.250000e+00   1.880000e-01      false       none         80         33          0          4      305      305          0          0          0
52       4.746487e+03   3.113348e+03   2.148185e+03    0.3100   9.453000e+00   2.030001e-01      false       none         80         33          0          4      312      312          0          0          0
53       6.411011e+03   3.113348e+03   2.148185e+03    0.3100   9.640000e+00   1.870000e-01      false       none         80         33          0          4      319      319          0          0          0
54       5.067045e+03   3.113348e+03   2.148185e+03    0.3100   9.828000e+00   1.880000e-01      false       none         80         33          0          4      326      326          0          0          0
55       4.799661e+03   3.113348e+03   2.148185e+03    0.3100   1.003100e+01   2.029998e-01      false       none         80         33          0          4      330      330          0          0          0
56       5.813432e+03   3.113348e+03   2.148185e+03    0.3100   1.021800e+01   1.870000e-01      false       none         80         33          0          4      335      335          0          0          0
57       4.901687e+03   3.113348e+03   2.148422e+03    0.3099   1.039000e+01   1.720002e-01      false       none         80         33          0          4      341      341          0          0          0
58       5.126880e+03   3.113348e+03   2.148422e+03    0.3099   1.059300e+01   2.029998e-01      false       none         80         33          0          4      345      345          0          0          0
59       6.678467e+03   3.113348e+03   2.148422e+03    0.3099   1.078100e+01   1.880000e-01      false       none         80         33          0          4      351      351          0          0          0
60       4.866433e+03   3.113348e+03   2.148422e+03    0.3099   1.096800e+01   1.870000e-01      false       none         80         33          0          4      355      355          0          0          0
61       4.455029e+03   3.113348e+03   2.148422e+03    0.3099   1.117100e+01   2.030001e-01      false       none         80         33          0          4      358      358          0          0          0
62       4.223411e+03   3.113348e+03   2.151537e+03    0.3089   1.135900e+01   1.880000e-01      false       none         80         33          0          4      364      364          0          0          0
63       6.967373e+03   3.113348e+03   2.151793e+03    0.3088   1.154600e+01   1.870000e-01      false       none         80         33          0          4      368      368          0          0          0
64       5.369794e+03   3.113348e+03   2.151793e+03    0.3088   1.173400e+01   1.880000e-01      false       none         80         33          0          4      372      372          0          0          0
65       4.049592e+03   3.113348e+03   2.151793e+03    0.3088   1.193700e+01   2.030001e-01      false       none         80         33          0          4      376      376          0          0          0
66       5.287702e+03   3.113348e+03   2.151793e+03    0.3088   1.212500e+01   1.880000e-01      false       none         80         33          0          4      380      380          0          0          0
67       9.125237e+03   3.113348e+03   2.151793e+03    0.3088   1.231200e+01   1.870000e-01      false       none         80         33          0          4      383      383          0          0          0
68       5.309978e+03   3.113348e+03   2.152618e+03    0.3086   1.251500e+01   2.030001e-01      false       none         80         33          0          4      386      386          0          0          0
69       4.897511e+03   3.113348e+03   2.152618e+03    0.3086   1.270300e+01   1.880000e-01      false       none         80         33          0          4      390      390          0          0          0
70       6.288460e+03   3.113348e+03   2.152618e+03    0.3086   1.289000e+01   1.870000e-01      false       none         80         33          0          4      392      392          0          0          0
71       4.965444e+03   3.113348e+03   2.153226e+03    0.3084   1.307800e+01   1.880000e-01      false       none         80         33          0          4      396      396          0          0          0
72       4.436353e+03   3.113348e+03   2.153226e+03    0.3084   1.326500e+01   1.870000e-01      false       none         80         33          0          4      399      399          0          0          0
73       4.677288e+03   3.113348e+03   2.153226e+03    0.3084   1.346800e+01   2.029998e-01      false       none         80         33          0          4      404      404          0          0          0
74       5.405447e+03   3.113348e+03   2.153226e+03    0.3084   1.365600e+01   1.880000e-01      false       none         80         33          0          4      407      407          0          0          0
75       6.729723e+03   3.113348e+03   2.153226e+03    0.3084   1.385900e+01   2.030001e-01      false       none         80         33          0          4      410      410          0          0          0
76       4.070398e+03   3.113348e+03   2.153226e+03    0.3084   1.406200e+01   2.030001e-01      false       none         80         33          0          4      415      415          0          0          0
77       7.394680e+03   3.113348e+03   2.153226e+03    0.3084   1.423400e+01   1.719999e-01      false       none         80         33          0          4      422      422          0          0          0
78       5.761572e+03   3.113348e+03   2.153226e+03    0.3084   1.443700e+01   2.030001e-01      false       none         80         33          0          4      423      423          0          0          0
79       5.064253e+03   3.113348e+03   2.153226e+03    0.3084   1.462500e+01   1.880000e-01      false       none         80         33          0          4      426      426          0          0          0
80       5.754282e+03   3.113348e+03   2.153226e+03    0.3084   1.482800e+01   2.030001e-01      false       none         80         33          0          4      429      429          0          0          0
81       4.563658e+03   3.113348e+03   2.153226e+03    0.3084   1.503100e+01   2.029998e-01      false       none         80         33          0          4      434      434          0          0          0
82       5.020739e+03   3.113348e+03   2.156698e+03    0.3073   1.521800e+01   1.870000e-01      false       none         80         33          0          4      438      438          0          0          0
83       5.154276e+03   3.113348e+03   2.156698e+03    0.3073   1.542100e+01   2.030001e-01      false       none         80         33          0          4      441      441          0          0          0
84       6.257793e+03   3.113348e+03   2.158585e+03    0.3067   1.560900e+01   1.880000e-01      false       none         80         33          0          4      444      444          0          0          0
85       3.964290e+03   3.113348e+03   2.158585e+03    0.3067   1.581200e+01   2.030001e-01      false       none         80         33          0          4      449      449          0          0          0
86       7.279021e+03   3.113348e+03   2.158585e+03    0.3067   1.600000e+01   1.880000e-01      false       none         80         33          0          4      451      451          0          0          0
87       5.476615e+03   3.113348e+03   2.158585e+03    0.3067   1.618700e+01   1.870000e-01      false       none         80         33          0          4      456      456          0          0          0
88       4.914481e+03   3.113348e+03   2.159053e+03    0.3065   1.639000e+01   2.030001e-01      false       none         80         33          0          4      460      460          0          0          0
89       3.577281e+03   3.113348e+03   2.159053e+03    0.3065   1.659300e+01   2.029998e-01      false       none         80         33          0          4      463      463          0          0          0
90       4.708700e+03   3.113348e+03   2.159053e+03    0.3065   1.679600e+01   2.030001e-01      false       none         80         33          0          4      469      469          0          0          0
91       4.540724e+03   3.113348e+03   2.159053e+03    0.3065   1.700000e+01   2.040000e-01      false       none         80         33          0          4      476      476          0          0          0
92       3.503477e+03   3.113348e+03   2.159053e+03    0.3065   1.720300e+01   2.030001e-01      false       none         80         33          0          4      481      481          0          0          0
93       4.654271e+03   3.113348e+03   2.159053e+03    0.3065   1.740600e+01   2.029998e-01      false       none         80         33          0          4      487      487          0          0          0
94       5.397567e+03   3.113348e+03   2.159053e+03    0.3065   1.760900e+01   2.030001e-01      false       none         80         33          0          4      492      492          0          0          0
95       4.842100e+03   3.113348e+03   2.159053e+03    0.3065   1.779600e+01   1.870000e-01      false       none         80         33          0          4      497      497          0          0          0
96       6.672899e+03   3.113348e+03   2.159053e+03    0.3065   1.798400e+01   1.880000e-01      false       none         80         33          0          4      501      501          0          0          0
97       5.011589e+03   3.113348e+03   2.159053e+03    0.3065   1.817100e+01   1.870000e-01      false       none         80         33          0          4      508      508          0          0          0
98       5.214710e+03   3.113348e+03   2.159053e+03    0.3065   1.839000e+01   2.190001e-01      false       none         80         33          0          4      511      511          0          0          0
99       5.386416e+03   3.113348e+03   2.159053e+03    0.3065   1.857800e+01   1.880000e-01      false       none         80         33          0          4      515      515          0          0          0
100      4.746256e+03   3.113348e+03   2.159544e+03    0.3064   1.878100e+01   2.029998e-01      false       none         80         33          0          4      520      520          0          0          0
101      4.336202e+03   3.113348e+03   2.159544e+03    0.3064   1.900000e+01   2.190001e-01      false       none         80         33          0          4      524      524          0          0          0
102      5.120073e+03   3.113348e+03   2.159544e+03    0.3064   1.918700e+01   1.870000e-01      false       none         80         33          0          4      529      529          0          0          0
103      6.541370e+03   3.113348e+03   2.159544e+03    0.3064   1.939000e+01   2.030001e-01      false       none         80         33          0          4      532      532          0          0          0
104      4.726552e+03   3.113348e+03   2.163575e+03    0.3051   1.960900e+01   2.189999e-01      false       none         80         33          0          4      537      537          0          0          0
105      5.348592e+03   3.113348e+03   2.163575e+03    0.3051   1.981200e+01   2.030001e-01      false       none         80         33          0          4      541      541          0          0          0
106      3.715373e+03   3.113348e+03   2.163575e+03    0.3051   2.001500e+01   2.030001e-01      false       none         80         33          0          4      548      548          0          0          0
107      4.924289e+03   3.113348e+03   2.163575e+03    0.3051   2.023400e+01   2.189999e-01      false       none         80         33          0          4      554      554          0          0          0
108      6.045249e+03   3.113348e+03   2.163575e+03    0.3051   2.042100e+01   1.870000e-01      false       none         80         33          0          4      559      559          0          0          0
109      4.944072e+03   3.113348e+03   2.163575e+03    0.3051   2.062500e+01   2.040000e-01      false       none         80         33          0          4      564      564          0          0          0
110      4.929327e+03   3.113348e+03   2.163575e+03    0.3051   2.082800e+01   2.030001e-01      false       none         80         33          0          4      567      567          0          0          0
111      5.312149e+03   3.113348e+03   2.164386e+03    0.3048   2.104600e+01   2.179999e-01      false       none         80         33          0          4      570      570          0          0          0
112      6.837613e+03   3.113348e+03   2.164386e+03    0.3048   2.123400e+01   1.880000e-01      false       none         80         33          0          4      573      573          0          0          0
113      4.941909e+03   3.113348e+03   2.164945e+03    0.3046   2.143700e+01   2.030001e-01      false       none         80         33          0          4      578      578          0          0          0
114      3.785734e+03   3.113348e+03   2.164945e+03    0.3046   2.164000e+01   2.030001e-01      false       none         80         33          0          4      583      583          0          0          0
115      5.992027e+03   3.113348e+03   2.164945e+03    0.3046   2.182800e+01   1.880000e-01      false       none         80         33          0          4      586      586          0          0          0
116      4.366676e+03   3.113348e+03   2.165335e+03    0.3045   2.204600e+01   2.179999e-01      false       none         80         33          0          4      593      593          0          0          0
117      4.489246e+03   3.113348e+03   2.165335e+03    0.3045   2.226500e+01   2.190001e-01      false       none         80         33          0          4      598      598          0          0          0
118      7.931528e+03   3.113348e+03   2.165335e+03    0.3045   2.245300e+01   1.880000e-01      false       none         80         33          0          4      601      601          0          0          0
119      6.794944e+03   3.113348e+03   2.165335e+03    0.3045   2.265600e+01   2.029998e-01      false       none         80         33          0          4      603      603          0          0          0
120      6.746703e+03   3.113348e+03   2.165335e+03    0.3045   2.284300e+01   1.870000e-01      false       none         80         33          0          4      605      605          0          0          0
121      5.104198e+03   3.113348e+03   2.165335e+03    0.3045   2.304600e+01   2.030001e-01      false       none         80         33          0          4      609      609          0          0          0
122      5.726534e+03   3.113348e+03   2.165335e+03    0.3045   2.325000e+01   2.040000e-01      false       none         80         33          0          4      613      613          0          0          0
123      6.930686e+03   3.113348e+03   2.165335e+03    0.3045   2.345300e+01   2.030001e-01      false       none         80         33          0          4      616      616          0          0          0
124      4.763485e+03   3.113348e+03   2.165335e+03    0.3045   2.365600e+01   2.029998e-01      false       none         80         33          0          4      619      619          0          0          0
125      6.161709e+03   3.113348e+03   2.165335e+03    0.3045   2.384300e+01   1.870000e-01      false       none         80         33          0          4      619      619          0          0          0
126      7.084585e+03   3.113348e+03   2.165335e+03    0.3045   2.404600e+01   2.030001e-01      false       none         80         33          0          4      623      623          0          0          0
127      6.499594e+03   3.113348e+03   2.165335e+03    0.3045   2.425000e+01   2.040000e-01      false       none         80         33          0          4      625      625          0          0          0
128      4.275620e+03   3.113348e+03   2.165335e+03    0.3045   2.446800e+01   2.179999e-01      false       none         80         33          0          4      630      630          0          0          0
129      3.990282e+03   3.113348e+03   2.165335e+03    0.3045   2.468700e+01   2.190001e-01      false       none         80         33          0          4      633      633          0          0          0
130      4.061919e+03   3.113348e+03   2.165335e+03    0.3045   2.489000e+01   2.030001e-01      false       none         80         33          0          4      639      639          0          0          0
131      5.221116e+03   3.113348e+03   2.165335e+03    0.3045   2.509300e+01   2.029998e-01      false       none         80         33          0          4      642      642          0          0          0
132      4.972362e+03   3.113348e+03   2.165335e+03    0.3045   2.531200e+01   2.190001e-01      false       none         80         33          0          4      646      646          0          0          0
133      4.343377e+03   3.113348e+03   2.165335e+03    0.3045   2.551500e+01   2.030001e-01      false       none         80         33          0          4      650      650          0          0          0
134      4.647329e+03   3.113348e+03   2.165335e+03    0.3045   2.573400e+01   2.189999e-01      false       none         80         33          0          4      653      653          0          0          0
135      6.176358e+03   3.113348e+03   2.165335e+03    0.3045   2.593700e+01   2.030001e-01      false       none         80         33          0          4      655      655          0          0          0
136      5.040577e+03   3.113348e+03   2.165335e+03    0.3045   2.612500e+01   1.880000e-01      false       none         80         33          0          4      656      656          0          0          0

Terminating DynamicSDDiP with status: bound_stalling
------------------------------------------------------------------------------
 ────────────────────────────────────────────────────────────────────────────────
                                        Time                    Allocations      
                               ───────────────────────   ────────────────────────
       Tot / % measured:            26.1s /  99.9%           3.78GiB /  99.9%    

 Section               ncalls     time    %tot     avg     alloc    %tot      avg
 ────────────────────────────────────────────────────────────────────────────────
 loop                       1    26.1s  100.0%   26.1s   3.77GiB  100.0%  3.77GiB
   iterations             136    25.8s   98.9%   190ms   3.77GiB  100.0%  28.4MiB
     backward_pass        136    20.0s   76.4%   147ms   3.74GiB   99.1%  28.1MiB
       solve_BP         24.5k    19.8s   75.6%   807μs   3.71GiB   98.3%   159KiB
         solve_dual     24.5k    18.8s   72.1%   769μs   3.55GiB   94.2%   152KiB
           LP_relax...  24.5k    18.7s   71.7%   765μs   3.48GiB   92.3%   149KiB
             solver...  24.5k    2.48s    9.5%   101μs   15.6MiB    0.4%     667B
         space_change   49.0k   6.77ms    0.0%   138ns     0.00B    0.0%    0.00B
       update_bellman   1.22k   43.5ms    0.2%  35.5μs   8.18MiB    0.2%  6.84KiB
         cut_selection    656    656μs    0.0%   999ns   48.7KiB    0.0%    76.0B
     forward_pass         136    5.47s   21.0%  40.2ms   30.6MiB    0.8%   231KiB
       solve_subpro...  1.36k    5.42s   20.8%  3.99ms   26.6MiB    0.7%  20.0KiB
         solver_cal...  1.36k    5.27s   20.2%  3.87ms   4.11MiB    0.1%  3.10KiB
     calculate_bound      136    391ms    1.5%  2.87ms   3.36MiB    0.1%  25.3KiB
       solver_call_...    136    373ms    1.4%  2.74ms    264KiB    0.0%  1.94KiB
 ────────────────────────────────────────────────────────────────────────────────

||||||||||||||||||||||||||||||||||||||||||||||||||||||||||||||||||||||||||||||||||||||||||||||||||||||||||||||||||||||||||||||||||||||||
LAGRANGIAN DUAL SOLUTION RESULTS
mn_opt: 0 times (NaN%)
conv: 0 times (NaN%)
unbounded: 0 times (NaN%)
bound_issues: 0 times (NaN%)
subgr_stalling: 0 times (NaN%)
opt: 0 times (NaN%)
feas_issues: 0 times (NaN%)
sub: 0 times (NaN%)
mn_iter: 0 times (NaN%)
iter: 0 times (NaN%)
mn_issue: 0 times (NaN%)

||||||||||||||||||||||||||||||||||||||||||||||||||||||||||||||||||||||||||||||||||||||||||||||||||||||||||||||||||||||||||||||||||||||||
SIMULATION RESULTS
DynamicSDDiP.Simulation(DynamicSDDiP.InSampleMonteCarlo(), 1000)
Lower bound: 2165.3345440263
Statistical upper bound (confidence interval): 5059.978490871451 ± 60.793417616206156
Pessimistic upper bound: 5120.771908487657
