
#########################################################################################################################################
#########################################################################################################################################
#########################################################################################################################################
#########################################################################################################################################
#########################################################################################################################################
DynamicSDDiP.jl (c) Christian Füllner, 2021
re-uses code from SDDP.jl (c) Oscar Dowson, 2017-21
||||||||||||||||||||||||||||||||||||||||||||||||||||||||||||||||||||||||||||||||||||||||||||||||||||||||||||||||||||||||||||||||||||||||
PATH
calling 
C:\Users\cg4102\.julia\packages\DynamicSDDiP\lmwtn\src
nothing
DATETIME
2025-09-24T12:57:54.599
||||||||||||||||||||||||||||||||||||||||||||||||||||||||||||||||||||||||||||||||||||||||||||||||||||||||||||||||||||||||||||||||||||||||
STOPPING RULES
SDDP.TimeLimit(14400.0)
SDDP.BoundStalling(20, 0.0001)
||||||||||||||||||||||||||||||||||||||||||||||||||||||||||||||||||||||||||||||||||||||||||||||||||||||||||||||||||||||||||||||||||||||||
REGULARIZATION
DynamicSDDiP.NoRegularization()
||||||||||||||||||||||||||||||||||||||||||||||||||||||||||||||||||||||||||||||||||||||||||||||||||||||||||||||||||||||||||||||||||||||||
CUT GENERATION REGIMES
DynamicSDDiP.CutGenerationRegime(DynamicSDDiP.NoStateApproximation(), DynamicSDDiP.UnifiedLagrangianDuality(0.01, 0.01, 100, DynamicSDDiP.ZeroDuals(), DynamicSDDiP.BothBounds(), DynamicSDDiP.LevelBundle(0.5, true, false), DynamicSDDiP.StandardChoice(), DynamicSDDiP.Lax(), DynamicSDDiP.Core_Relint(DynamicSDDiP.StateSpaceCopy(), DynamicSDDiP.IntegerRelax(), DynamicSDDiP.Unbounded_Opt_SB(true), DynamicSDDiP.PrimalObj(), true), DynamicSDDiP.NoDualSpaceRestriction(), DynamicSDDiP.StateSpaceCopy(), nothing, nothing), 1, Inf, Inf, 0.0, true, 0.0001)

||||||||||||||||||||||||||||||||||||||||||||||||||||||||||||||||||||||||||||||||||||||||||||||||||||||||||||||||||||||||||||||||||||||||
CUT AGGREGATION
DynamicSDDiP.MultiCutRegime()
||||||||||||||||||||||||||||||||||||||||||||||||||||||||||||||||||||||||||||||||||||||||||||||||||||||||||||||||||||||||||||||||||||||||
CUT SELECTION
DynamicSDDiP.NoCutSelection()
||||||||||||||||||||||||||||||||||||||||||||||||||||||||||||||||||||||||||||||||||||||||||||||||||||||||||||||||||||||||||||||||||||||||
LATE BINARIZATION
DynamicSDDiP.NoLateBinarization()
||||||||||||||||||||||||||||||||||||||||||||||||||||||||||||||||||||||||||||||||||||||||||||||||||||||||||||||||||||||||||||||||||||||||
APPLIED SOLVERS (LP, MILP, MIQCP, MINLP, NLP, Lagrange)
DynamicSDDiP.AppliedSolvers(true, "Gurobi", "Gurobi", "Gurobi", "Gurobi", "Gurobi", "Gurobi", "Gurobi", "Gurobi", "Gurobi", 0.0001, 300)
DynamicSDDiP.Direct_Solver()
Numerical focus: false
Silent: true
||||||||||||||||||||||||||||||||||||||||||||||||||||||||||||||||||||||||||||||||||||||||||||||||||||||||||||||||||||||||||||||||||||||||
SAMPLING
Used seed for sampling scenarios: 
11111     
||||||||||||||||||||||||||||||||||||||||||||||||||||||||||||||||||||||||||||||||||||||||||||||||||||||||||||||||||||||||||||||||||||||||
RUN DESCRIPTION

||||||||||||||||||||||||||||||||||||||||||||||||||||||||||||||||||||||||||||||||||||||||||||||||||||||||||||||||||||||||||||||||||||||||
PROBLEM DESCRIPTION
Number of stages: 100
Number of realizations per stage: 20
Seed for scenario tree sampling: 12345
Solver: serial mode

────────────────────────────────────────────────────────────────────────────────────────────────────────────────────────────────────────────────────────────────────────────────────────────────────────
It.#               UB        Best UB             LB       Gap           Time        It_Time           Refinements                            #Var.   #Constr.             #Cuts       Lagrangian Dual                                               
                                                          [%]            [s]            [s]          σ       Bin.      Total      {0,1}          ℤ      Total    Total   Active      # It.    # C-It.  # C-Real.  
────────────────────────────────────────────────────────────────────────────────────────────────────────────────────────────────────────────────────────────────────────────────────────────────────────
1        7.872916e+04   7.872916e+04   2.759409e+04    0.6495   1.884596e+03   1.884596e+03      false       none        902         48        800         48     1980     1980      26174      26047       1971
2        8.032449e+04   7.872916e+04   5.288758e+04    0.3282   3.779416e+03   1.894820e+03      false       none        902         48        800         48     3958     3958      22564      22483       1735
3        7.704532e+04   7.704532e+04   7.062494e+04    0.0833   5.022265e+03   1.242849e+03      false       none        902         48        800         48     5927     5927      13096      13096       1043
4        7.696553e+04   7.696553e+04   7.237571e+04    0.0596   5.854858e+03   8.325930e+02      false       none        902         48        800         48     7838     7838       4697       4697        297
5        7.658590e+04   7.658590e+04   7.238630e+04    0.0548   6.475195e+03   6.203370e+02      false       none        902         48        800         48     9678     9678       1355       1355         67
6        7.526135e+04   7.526135e+04   7.239717e+04    0.0381   7.122208e+03   6.470130e+02      false       none        902         48        800         48    11524    11524       1652       1652         85
7        7.485001e+04   7.485001e+04   7.239762e+04    0.0328   7.830476e+03   7.082680e+02      false       none        902         48        800         48    13348    13348       1511       1511         70
8        7.573459e+04   7.485001e+04   7.239808e+04    0.0328   8.575896e+03   7.454200e+02      false       none        902         48        800         48    15194    15194       1663       1663         79
9        7.697412e+04   7.485001e+04   7.240039e+04    0.0327   9.348053e+03   7.721570e+02      false       none        902         48        800         48    17030    17030       1977       1977        102
10       7.570887e+04   7.485001e+04   7.240153e+04    0.0327   1.014575e+04   7.976990e+02      false       none        902         48        800         48    18819    18819       2293       2293        122
11       7.575032e+04   7.485001e+04   7.240260e+04    0.0327   1.091397e+04   7.682140e+02      false       none        902         48        800         48    20629    20629       1386       1373         71
12       7.652057e+04   7.485001e+04   7.239713e+04    0.0328   1.177853e+04   8.645680e+02      false       none        902         48        800         48    22442    22442       1838       1838         90
13       7.674305e+04   7.485001e+04   7.240450e+04    0.0327   1.268759e+04   9.090570e+02      false       none        902         48        800         48    24270    24270       2351       2339        123
14       7.599790e+04   7.485001e+04   7.240525e+04    0.0327   1.360327e+04   9.156780e+02      false       none        902         48        800         48    26031    26031       1883       1883        103
15       7.798785e+04   7.485001e+04   7.240525e+04    0.0327   1.458143e+04   9.781630e+02      false       none        902         48        800         48    27823    27823       1907       1886        104

Terminating DynamicSDDiP with status: time_limit
------------------------------------------------------------------------------
────────────────────────────────────────────────────────────────────────────────
                                       Time                    Allocations      
                              ───────────────────────   ────────────────────────
      Tot / % measured:            4.05h / 100.0%            436GiB /  99.9%    

Section               ncalls     time    %tot     avg     alloc    %tot      avg
────────────────────────────────────────────────────────────────────────────────
loop                       1    4.05h  100.0%   4.05h    436GiB  100.0%   436GiB
  iterations              15    4.05h  100.0%    972s    436GiB  100.0%  29.1GiB
    backward_pass         15    4.02h   99.3%    966s    436GiB  100.0%  29.1GiB
      solve_BP         29.7k    4.02h   99.3%   488ms    436GiB   99.9%  15.0MiB
        solve_dual     29.7k    4.02h   99.3%   488ms    436GiB   99.9%  15.0MiB
          solve_la...  6.08k    1.93h   47.6%   1.14s   46.6GiB   10.7%  7.85MiB
            inner_sol  86.3k    1.87h   46.3%  78.2ms   37.3GiB    8.6%   453KiB
              solv...  86.3k    1.84h   45.5%  76.9ms   0.96GiB    0.2%  11.6KiB
            bundle...  86.3k     129s    0.9%  1.49ms    212MiB    0.0%  2.51KiB
            outer_sol  86.3k    31.1s    0.2%   360μs    579MiB    0.1%  6.87KiB
            add_cut    86.3k    3.99s    0.0%  46.3μs   1.16GiB    0.3%  14.1KiB
            init_a...  6.08k    1.96s    0.0%   322μs    834MiB    0.2%   141KiB
            restor...  6.08k    535ms    0.0%  88.0μs   53.4MiB    0.0%  9.00KiB
            relax_...  6.08k    535ms    0.0%  87.9μs    151MiB    0.0%  25.4KiB
            conver...  6.08k   21.6ms    0.0%  3.56μs   1.21MiB    0.0%     209B
            minima...  6.06k   3.76ms    0.0%   621ns     0.00B    0.0%    0.00B
          solve_pr...   113k    1.33h   32.9%  42.6ms   0.99GiB    0.2%  9.21KiB
          solver_c...  23.6k    1657s   11.4%  70.2ms    272MiB    0.1%  11.8KiB
          LP_relax...  23.6k     215s    1.5%  9.12ms   31.2GiB    7.2%  1.35MiB
            solver...  23.6k    57.0s    0.4%  2.41ms    128MiB    0.0%  5.54KiB
          solve_core   29.7k    50.2s    0.3%  1.69ms    109MiB    0.0%  3.77KiB
          dual_ini...  29.7k   38.5ms    0.0%  1.30μs   5.89MiB    0.0%     208B
        space_change   59.4k   19.3ms    0.0%   325ns     0.00B    0.0%    0.00B
      update_bellman   1.49k    2.46s    0.0%  1.66ms    162MiB    0.0%   112KiB
        cut_selection  27.8k   19.8ms    0.0%   711ns   1.86MiB    0.0%    70.1B
    forward_pass          15    95.4s    0.7%   6.36s    167MiB    0.0%  11.1MiB
      solve_subpro...  1.50k    95.3s    0.7%  63.6ms    163MiB    0.0%   111KiB
        solver_cal...  1.50k    95.1s    0.7%  63.4ms    126MiB    0.0%  86.3KiB
    calculate_bound       15    168ms    0.0%  11.2ms   3.09MiB    0.0%   211KiB
      solver_call_...     15    154ms    0.0%  10.2ms   33.8KiB    0.0%  2.25KiB
────────────────────────────────────────────────────────────────────────────────

||||||||||||||||||||||||||||||||||||||||||||||||||||||||||||||||||||||||||||||||||||||||||||||||||||||||||||||||||||||||||||||||||||||||
LAGRANGIAN DUAL SOLUTION RESULTS
mn_opt: 0 times (0.0%)
conv: 0 times (0.0%)
unbounded: 23620 times (79.5%)
bound_issues: 18 times (0.1%)
subgr_stalling: 0 times (0.0%)
opt: 6062 times (20.4%)
feas_issues: 0 times (0.0%)
sub: 0 times (0.0%)
mn_iter: 0 times (0.0%)
iter: 0 times (0.0%)
mn_issue: 0 times (0.0%)

||||||||||||||||||||||||||||||||||||||||||||||||||||||||||||||||||||||||||||||||||||||||||||||||||||||||||||||||||||||||||||||||||||||||
SIMULATION RESULTS
DynamicSDDiP.Simulation(DynamicSDDiP.InSampleMonteCarlo(), 1000)
Lower bound: 72405.25045342428
Statistical upper bound (confidence interval): 76391.36829083387 ± 70.48387702413469
Pessimistic upper bound: 76461.852167858

