

#########################################################################################################################################
#########################################################################################################################################
#########################################################################################################################################
#########################################################################################################################################
#########################################################################################################################################
DynamicSDDiP.jl (c) Christian Füllner, 2021
re-uses code from SDDP.jl (c) Oscar Dowson, 2017-21
||||||||||||||||||||||||||||||||||||||||||||||||||||||||||||||||||||||||||||||||||||||||||||||||||||||||||||||||||||||||||||||||||||||||
PATH
calling 
C:\Users\cg4102\.julia\packages\DynamicSDDiP\2lhpi\src
nothing
DATETIME
2024-09-24T02:35:10.581
||||||||||||||||||||||||||||||||||||||||||||||||||||||||||||||||||||||||||||||||||||||||||||||||||||||||||||||||||||||||||||||||||||||||
STOPPING RULES
SDDP.TimeLimit(14400.0)
SDDP.BoundStalling(20, 0.0001)
||||||||||||||||||||||||||||||||||||||||||||||||||||||||||||||||||||||||||||||||||||||||||||||||||||||||||||||||||||||||||||||||||||||||
REGULARIZATION
DynamicSDDiP.NoRegularization()
||||||||||||||||||||||||||||||||||||||||||||||||||||||||||||||||||||||||||||||||||||||||||||||||||||||||||||||||||||||||||||||||||||||||
CUT GENERATION REGIMES
DynamicSDDiP.CutGenerationRegime(DynamicSDDiP.NoStateApproximation(), DynamicSDDiP.StrengthenedDuality(), 1, Inf, Inf, 0.0, true, 0.0001)

||||||||||||||||||||||||||||||||||||||||||||||||||||||||||||||||||||||||||||||||||||||||||||||||||||||||||||||||||||||||||||||||||||||||
CUT AGGREGATION
DynamicSDDiP.SingleCutRegime()
||||||||||||||||||||||||||||||||||||||||||||||||||||||||||||||||||||||||||||||||||||||||||||||||||||||||||||||||||||||||||||||||||||||||
CUT SELECTION
DynamicSDDiP.NoCutSelection()
||||||||||||||||||||||||||||||||||||||||||||||||||||||||||||||||||||||||||||||||||||||||||||||||||||||||||||||||||||||||||||||||||||||||
LATE BINARIZATION
DynamicSDDiP.NoLateBinarization()
||||||||||||||||||||||||||||||||||||||||||||||||||||||||||||||||||||||||||||||||||||||||||||||||||||||||||||||||||||||||||||||||||||||||
APPLIED SOLVERS (LP, MILP, MIQCP, MINLP, NLP, Lagrange)
DynamicSDDiP.AppliedSolvers(true, "Gurobi", "Gurobi", "Gurobi", "Gurobi", "Gurobi", "Gurobi", "Gurobi", "Gurobi", "Gurobi", 0.0001, 300)
DynamicSDDiP.Direct_Solver()
Numerical focus: false
Silent: true
||||||||||||||||||||||||||||||||||||||||||||||||||||||||||||||||||||||||||||||||||||||||||||||||||||||||||||||||||||||||||||||||||||||||
SAMPLING
Used seed for sampling scenarios: 
11111     
||||||||||||||||||||||||||||||||||||||||||||||||||||||||||||||||||||||||||||||||||||||||||||||||||||||||||||||||||||||||||||||||||||||||
RUN DESCRIPTION

||||||||||||||||||||||||||||||||||||||||||||||||||||||||||||||||||||||||||||||||||||||||||||||||||||||||||||||||||||||||||||||||||||||||
PROBLEM DESCRIPTION
Number of stages: 100
Number of realizations per stage: 20
Seed for scenario tree sampling: 12345
Solver: serial mode

────────────────────────────────────────────────────────────────────────────────────────────────────────────────────────────────────────────────────────────────────────────────────────────────────────
It.#               UB        Best UB             LB       Gap           Time        It_Time           Refinements                            #Var.   #Constr.             #Cuts       Lagrangian Dual                                               
                                                          [%]            [s]            [s]          σ       Bin.      Total      {0,1}          ℤ      Total    Total   Active      # It.    # C-It.  # C-Real.  
────────────────────────────────────────────────────────────────────────────────────────────────────────────────────────────────────────────────────────────────────────────────────────────────────────
1        7.872916e+04   7.872916e+04   5.554753e+04    0.2944   4.639000e+01   4.639000e+01      false       none        882         48        800         48       99       99          0          0          0
2        7.796655e+04   7.796655e+04   5.564153e+04    0.2863   1.053750e+02   5.898500e+01      false       none        882         48        800         48      198      198          0          0          0
3        7.880870e+04   7.796655e+04   5.579089e+04    0.2844   1.761250e+02   7.075000e+01      false       none        882         48        800         48      297      297          0          0          0
4        7.850541e+04   7.796655e+04   5.587161e+04    0.2834   2.473590e+02   7.123400e+01      false       none        882         48        800         48      396      396          0          0          0
5        8.085036e+04   7.796655e+04   5.593737e+04    0.2825   3.227030e+02   7.534400e+01      false       none        882         48        800         48      495      495          0          0          0
6        7.747362e+04   7.747362e+04   5.602849e+04    0.2768   4.006410e+02   7.793800e+01      false       none        882         48        800         48      594      594          0          0          0
7        7.539182e+04   7.539182e+04   5.610091e+04    0.2559   4.838280e+02   8.318700e+01      false       none        882         48        800         48      693      693          0          0          0
8        7.918568e+04   7.539182e+04   5.610698e+04    0.2558   5.742660e+02   9.043800e+01      false       none        882         48        800         48      792      792          0          0          0
9        8.157449e+04   7.539182e+04   5.622887e+04    0.2542   6.655790e+02   9.131300e+01      false       none        882         48        800         48      891      891          0          0          0
10       7.848355e+04   7.539182e+04   5.626722e+04    0.2537   7.580630e+02   9.248400e+01      false       none        882         48        800         48      990      990          0          0          0
11       7.856995e+04   7.539182e+04   5.634339e+04    0.2527   8.523290e+02   9.426600e+01      false       none        882         48        800         48     1089     1089          0          0          0
12       8.048215e+04   7.539182e+04   5.640162e+04    0.2519   9.522670e+02   9.993800e+01      false       none        882         48        800         48     1188     1188          0          0          0
13       7.859412e+04   7.539182e+04   5.641203e+04    0.2517   1.050626e+03   9.835900e+01      false       none        882         48        800         48     1287     1287          0          0          0
14       7.921495e+04   7.539182e+04   5.645541e+04    0.2512   1.152126e+03   1.015000e+02      false       none        882         48        800         48     1386     1386          0          0          0
15       7.997886e+04   7.539182e+04   5.652207e+04    0.2503   1.252845e+03   1.007190e+02      false       none        882         48        800         48     1485     1485          0          0          0
16       7.930348e+04   7.539182e+04   5.652736e+04    0.2502   1.358345e+03   1.055000e+02      false       none        882         48        800         48     1584     1584          0          0          0
17       7.902530e+04   7.539182e+04   5.662982e+04    0.2489   1.460001e+03   1.016560e+02      false       none        882         48        800         48     1683     1683          0          0          0
18       7.703033e+04   7.539182e+04   5.667887e+04    0.2482   1.560233e+03   1.002320e+02      false       none        882         48        800         48     1782     1782          0          0          0
19       7.973108e+04   7.539182e+04   5.672625e+04    0.2476   1.665405e+03   1.051720e+02      false       none        882         48        800         48     1881     1881          0          0          0
20       7.804708e+04   7.539182e+04   5.681664e+04    0.2464   1.769827e+03   1.044220e+02      false       none        882         48        800         48     1980     1980          0          0          0
21       8.087432e+04   7.539182e+04   5.689083e+04    0.2454   1.966390e+03   1.965630e+02      false       none        882         48        800         48     2079     2079          0          0          0
22       7.845227e+04   7.539182e+04   5.692421e+04    0.2450   2.136328e+03   1.699380e+02      false       none        882         48        800         48     2178     2178          0          0          0
23       7.887273e+04   7.539182e+04   5.700456e+04    0.2439   2.294750e+03   1.584220e+02      false       none        882         48        800         48     2277     2277          0          0          0
24       7.875517e+04   7.539182e+04   5.704568e+04    0.2433   2.453437e+03   1.586870e+02      false       none        882         48        800         48     2376     2376          0          0          0
25       7.870924e+04   7.539182e+04   5.710299e+04    0.2426   2.615438e+03   1.620010e+02      false       none        882         48        800         48     2475     2475          0          0          0
26       7.800914e+04   7.539182e+04   5.717428e+04    0.2416   2.780625e+03   1.651870e+02      false       none        882         48        800         48     2574     2574          0          0          0
27       7.948824e+04   7.539182e+04   5.718427e+04    0.2415   2.938219e+03   1.575940e+02      false       none        882         48        800         48     2673     2673          0          0          0
28       7.916387e+04   7.539182e+04   5.721851e+04    0.2411   3.098330e+03   1.601110e+02      false       none        882         48        800         48     2772     2772          0          0          0
29       8.113783e+04   7.539182e+04   5.726538e+04    0.2404   3.268721e+03   1.703910e+02      false       none        882         48        800         48     2871     2871          0          0          0
30       7.974368e+04   7.539182e+04   5.733561e+04    0.2395   3.436940e+03   1.682190e+02      false       none        882         48        800         48     2970     2970          0          0          0
31       7.891761e+04   7.539182e+04   5.739220e+04    0.2387   3.603159e+03   1.662190e+02      false       none        882         48        800         48     3069     3069          0          0          0
32       7.944386e+04   7.539182e+04   5.739956e+04    0.2387   3.766815e+03   1.636560e+02      false       none        882         48        800         48     3168     3168          0          0          0
33       7.904129e+04   7.539182e+04   5.749946e+04    0.2373   3.934284e+03   1.674690e+02      false       none        882         48        800         48     3267     3267          0          0          0
34       7.844751e+04   7.539182e+04   5.758320e+04    0.2362   4.104034e+03   1.697500e+02      false       none        882         48        800         48     3366     3366          0          0          0
35       7.961406e+04   7.539182e+04   5.765031e+04    0.2353   4.277644e+03   1.736100e+02      false       none        882         48        800         48     3465     3465          0          0          0
36       7.797628e+04   7.539182e+04   5.773073e+04    0.2343   4.444191e+03   1.665470e+02      false       none        882         48        800         48     3564     3564          0          0          0
37       7.856224e+04   7.539182e+04   5.773761e+04    0.2342   4.609410e+03   1.652190e+02      false       none        882         48        800         48     3663     3663          0          0          0
38       7.766686e+04   7.539182e+04   5.786079e+04    0.2325   4.779832e+03   1.704220e+02      false       none        882         48        800         48     3762     3762          0          0          0
39       7.987423e+04   7.539182e+04   5.791845e+04    0.2318   4.952864e+03   1.730320e+02      false       none        882         48        800         48     3861     3861          0          0          0
40       7.936331e+04   7.539182e+04   5.793723e+04    0.2315   5.130817e+03   1.779530e+02      false       none        882         48        800         48     3960     3960          0          0          0
41       8.000664e+04   7.539182e+04   5.796540e+04    0.2311   5.296520e+03   1.657030e+02      false       none        882         48        800         48     4059     4059          0          0          0
42       7.864336e+04   7.539182e+04   5.801920e+04    0.2304   5.473896e+03   1.773760e+02      false       none        882         48        800         48     4158     4158          0          0          0
43       8.109884e+04   7.539182e+04   5.805816e+04    0.2299   5.644630e+03   1.707340e+02      false       none        882         48        800         48     4257     4257          0          0          0
44       7.925446e+04   7.539182e+04   5.813925e+04    0.2288   5.821849e+03   1.772190e+02      false       none        882         48        800         48     4356     4356          0          0          0
45       7.867956e+04   7.539182e+04   5.820855e+04    0.2279   5.998490e+03   1.766410e+02      false       none        882         48        800         48     4455     4455          0          0          0
46       8.096262e+04   7.539182e+04   5.829092e+04    0.2268   6.171975e+03   1.734850e+02      false       none        882         48        800         48     4554     4554          0          0          0
47       7.875288e+04   7.539182e+04   5.837292e+04    0.2257   6.345162e+03   1.731870e+02      false       none        882         48        800         48     4653     4653          0          0          0
48       7.614063e+04   7.539182e+04   5.837897e+04    0.2257   6.519209e+03   1.740470e+02      false       none        882         48        800         48     4752     4752          0          0          0
49       8.063126e+04   7.539182e+04   5.841288e+04    0.2252   6.696382e+03   1.771730e+02      false       none        882         48        800         48     4851     4851          0          0          0
50       7.906568e+04   7.539182e+04   5.853388e+04    0.2236   6.875601e+03   1.792190e+02      false       none        882         48        800         48     4950     4950          0          0          0
51       7.925182e+04   7.539182e+04   5.853797e+04    0.2236   7.052023e+03   1.764220e+02      false       none        882         48        800         48     5049     5049          0          0          0
52       8.013553e+04   7.539182e+04   5.860308e+04    0.2227   7.234523e+03   1.825000e+02      false       none        882         48        800         48     5148     5148          0          0          0
53       7.783137e+04   7.539182e+04   5.863267e+04    0.2223   7.410898e+03   1.763750e+02      false       none        882         48        800         48     5247     5247          0          0          0
54       8.136700e+04   7.539182e+04   5.867481e+04    0.2217   7.588867e+03   1.779690e+02      false       none        882         48        800         48     5346     5346          0          0          0
55       7.885336e+04   7.539182e+04   5.872377e+04    0.2211   7.759586e+03   1.707190e+02      false       none        882         48        800         48     5445     5445          0          0          0
56       7.868137e+04   7.539182e+04   5.873455e+04    0.2209   7.922024e+03   1.624380e+02      false       none        882         48        800         48     5544     5544          0          0          0
57       7.959554e+04   7.539182e+04   5.876888e+04    0.2205   8.086493e+03   1.644690e+02      false       none        882         48        800         48     5643     5643          0          0          0
58       7.793544e+04   7.539182e+04   5.882048e+04    0.2198   8.250009e+03   1.635160e+02      false       none        882         48        800         48     5742     5742          0          0          0
59       7.873298e+04   7.539182e+04   5.884090e+04    0.2195   8.410728e+03   1.607190e+02      false       none        882         48        800         48     5841     5841          0          0          0
60       7.977649e+04   7.539182e+04   5.887277e+04    0.2191   8.572447e+03   1.617190e+02      false       none        882         48        800         48     5940     5940          0          0          0
61       7.986104e+04   7.539182e+04   5.888725e+04    0.2189   8.734666e+03   1.622190e+02      false       none        882         48        800         48     6039     6039          0          0          0
62       7.924739e+04   7.539182e+04   5.893225e+04    0.2183   8.897353e+03   1.626870e+02      false       none        882         48        800         48     6138     6138          0          0          0
63       7.915777e+04   7.539182e+04   5.893909e+04    0.2182   9.061603e+03   1.642500e+02      false       none        882         48        800         48     6237     6237          0          0          0
64       7.830533e+04   7.539182e+04   5.895518e+04    0.2180   9.225729e+03   1.641260e+02      false       none        882         48        800         48     6336     6336          0          0          0
65       7.981069e+04   7.539182e+04   5.901268e+04    0.2173   9.392635e+03   1.669060e+02      false       none        882         48        800         48     6435     6435          0          0          0
66       8.041857e+04   7.539182e+04   5.902005e+04    0.2172   9.558011e+03   1.653760e+02      false       none        882         48        800         48     6534     6534          0          0          0
67       7.775777e+04   7.539182e+04   5.905655e+04    0.2167   9.723636e+03   1.656250e+02      false       none        882         48        800         48     6633     6633          0          0          0
68       7.799756e+04   7.539182e+04   5.909552e+04    0.2162   9.889261e+03   1.656250e+02      false       none        882         48        800         48     6732     6732          0          0          0
69       8.073987e+04   7.539182e+04   5.910012e+04    0.2161   1.005639e+04   1.671250e+02      false       none        882         48        800         48     6831     6831          0          0          0
70       7.665806e+04   7.539182e+04   5.914756e+04    0.2155   1.022532e+04   1.689380e+02      false       none        882         48        800         48     6930     6930          0          0          0
71       7.835592e+04   7.539182e+04   5.919370e+04    0.2149   1.039796e+04   1.726410e+02      false       none        882         48        800         48     7029     7029          0          0          0
72       7.755155e+04   7.539182e+04   5.924835e+04    0.2141   1.056878e+04   1.708130e+02      false       none        882         48        800         48     7128     7128          0          0          0
73       8.011000e+04   7.539182e+04   5.925494e+04    0.2140   1.073718e+04   1.684060e+02      false       none        882         48        800         48     7227     7227          0          0          0
74       8.157611e+04   7.539182e+04   5.926724e+04    0.2139   1.090725e+04   1.700630e+02      false       none        882         48        800         48     7326     7326          0          0          0
75       8.079155e+04   7.539182e+04   5.933421e+04    0.2130   1.107503e+04   1.677820e+02      false       none        882         48        800         48     7425     7425          0          0          0
76       7.999257e+04   7.539182e+04   5.934280e+04    0.2129   1.124689e+04   1.718590e+02      false       none        882         48        800         48     7524     7524          0          0          0
77       7.791543e+04   7.539182e+04   5.934937e+04    0.2128   1.141564e+04   1.687500e+02      false       none        882         48        800         48     7623     7623          0          0          0
78       7.735675e+04   7.539182e+04   5.941173e+04    0.2120   1.158537e+04   1.697350e+02      false       none        882         48        800         48     7722     7722          0          0          0
79       7.828676e+04   7.539182e+04   5.943164e+04    0.2117   1.175892e+04   1.735470e+02      false       none        882         48        800         48     7821     7821          0          0          0
80       7.779418e+04   7.539182e+04   5.946696e+04    0.2112   1.192637e+04   1.674530e+02      false       none        882         48        800         48     7920     7920          0          0          0
81       8.126086e+04   7.539182e+04   5.950619e+04    0.2107   1.209820e+04   1.718290e+02      false       none        882         48        800         48     8019     8019          0          0          0
82       7.830684e+04   7.539182e+04   5.953466e+04    0.2103   1.227055e+04   1.723440e+02      false       none        882         48        800         48     8118     8118          0          0          0
83       7.850323e+04   7.539182e+04   5.954622e+04    0.2102   1.244276e+04   1.722190e+02      false       none        882         48        800         48     8217     8217          0          0          0
84       7.944742e+04   7.539182e+04   5.956423e+04    0.2099   1.261930e+04   1.765310e+02      false       none        882         48        800         48     8316     8316          0          0          0
85       7.844210e+04   7.539182e+04   5.957300e+04    0.2098   1.279326e+04   1.739690e+02      false       none        882         48        800         48     8415     8415          0          0          0
86       7.820010e+04   7.539182e+04   5.961067e+04    0.2093   1.297014e+04   1.768750e+02      false       none        882         48        800         48     8514     8514          0          0          0
87       8.024430e+04   7.539182e+04   5.963845e+04    0.2090   1.314261e+04   1.724690e+02      false       none        882         48        800         48     8613     8613          0          0          0
88       8.065245e+04   7.539182e+04   5.969516e+04    0.2082   1.331931e+04   1.767040e+02      false       none        882         48        800         48     8712     8712          0          0          0
89       8.064201e+04   7.539182e+04   5.970253e+04    0.2081   1.349780e+04   1.784840e+02      false       none        882         48        800         48     8811     8811          0          0          0
90       7.793804e+04   7.539182e+04   5.973081e+04    0.2077   1.367230e+04   1.745000e+02      false       none        882         48        800         48     8910     8910          0          0          0
91       7.942502e+04   7.539182e+04   5.976495e+04    0.2073   1.384922e+04   1.769230e+02      false       none        882         48        800         48     9009     9009          0          0          0
92       7.683122e+04   7.539182e+04   5.977119e+04    0.2072   1.401722e+04   1.680000e+02      false       none        882         48        800         48     9108     9108          0          0          0
93       7.893601e+04   7.539182e+04   5.980867e+04    0.2067   1.418877e+04   1.715470e+02      false       none        882         48        800         48     9207     9207          0          0          0
94       7.796027e+04   7.539182e+04   5.983346e+04    0.2064   1.435939e+04   1.706260e+02      false       none        882         48        800         48     9306     9306          0          0          0
95       7.876273e+04   7.539182e+04   5.985959e+04    0.2060   1.453267e+04   1.732810e+02      false       none        882         48        800         48     9405     9405          0          0          0

Terminating DynamicSDDiP with status: time_limit
------------------------------------------------------------------------------
 ────────────────────────────────────────────────────────────────────────────────
                                        Time                    Allocations      
                               ───────────────────────   ────────────────────────
       Tot / % measured:            4.04h / 100.0%            300GiB /  99.9%    

 Section               ncalls     time    %tot     avg     alloc    %tot      avg
 ────────────────────────────────────────────────────────────────────────────────
 loop                       1    4.04h  100.0%   4.04h    299GiB  100.0%   299GiB
   iterations              95    4.04h  100.0%    153s    299GiB  100.0%  3.15GiB
     backward_pass         95    3.85h   95.4%    146s    299GiB   99.9%  3.15GiB
       solve_BP          188k    3.85h   95.3%  73.7ms    299GiB   99.8%  1.63MiB
         solve_dual      188k    3.85h   95.3%  73.6ms    298GiB   99.5%  1.62MiB
           solver_c...   188k    3.45h   85.5%  66.1ms   2.02GiB    0.7%  11.3KiB
           LP_relax...   188k    1324s    9.1%  7.04ms    241GiB   80.4%  1.31MiB
             solver...   188k     291s    2.0%  1.55ms    880MiB    0.3%  4.79KiB
         space_change    376k    111ms    0.0%   296ns     0.00B    0.0%    0.00B
       update_bellman   9.40k    542ms    0.0%  57.6μs   54.7MiB    0.0%  5.96KiB
         cut_selection  9.40k   10.0ms    0.0%  1.07μs    715KiB    0.0%    77.8B
     forward_pass          95     673s    4.6%   7.08s    371MiB    0.1%  3.91MiB
       solve_subpro...  9.50k     673s    4.6%  70.8ms    347MiB    0.1%  37.4KiB
         solver_cal...  9.50k     671s    4.6%  70.7ms    221MiB    0.1%  23.8KiB
     calculate_bound       95    1.40s    0.0%  14.7ms   19.5MiB    0.0%   210KiB
       solver_call_...     95    1.30s    0.0%  13.7ms    219KiB    0.0%  2.31KiB
 ────────────────────────────────────────────────────────────────────────────────

||||||||||||||||||||||||||||||||||||||||||||||||||||||||||||||||||||||||||||||||||||||||||||||||||||||||||||||||||||||||||||||||||||||||
LAGRANGIAN DUAL SOLUTION RESULTS
mn_opt: 0 times (NaN%)
conv: 0 times (NaN%)
unbounded: 0 times (NaN%)
bound_issues: 0 times (NaN%)
subgr_stalling: 0 times (NaN%)
opt: 0 times (NaN%)
feas_issues: 0 times (NaN%)
sub: 0 times (NaN%)
mn_iter: 0 times (NaN%)
iter: 0 times (NaN%)
mn_issue: 0 times (NaN%)

||||||||||||||||||||||||||||||||||||||||||||||||||||||||||||||||||||||||||||||||||||||||||||||||||||||||||||||||||||||||||||||||||||||||
SIMULATION RESULTS
DynamicSDDiP.Simulation(DynamicSDDiP.InSampleMonteCarlo(), 1000)
Lower bound: 59859.58678988271
Statistical upper bound (confidence interval): 79193.00726721401 ± 71.84491659935884
Pessimistic upper bound: 79264.85218381337
