
#########################################################################################################################################
#########################################################################################################################################
#########################################################################################################################################
#########################################################################################################################################
#########################################################################################################################################
DynamicSDDiP.jl (c) Christian Füllner, 2021
re-uses code from SDDP.jl (c) Oscar Dowson, 2017-21
||||||||||||||||||||||||||||||||||||||||||||||||||||||||||||||||||||||||||||||||||||||||||||||||||||||||||||||||||||||||||||||||||||||||
PATH
calling 
C:\Users\cg4102\.julia\packages\DynamicSDDiP\i7SIi\src
nothing
DATETIME
2025-09-27T16:04:19.478
||||||||||||||||||||||||||||||||||||||||||||||||||||||||||||||||||||||||||||||||||||||||||||||||||||||||||||||||||||||||||||||||||||||||
STOPPING RULES
SDDP.TimeLimit(14400.0)
SDDP.BoundStalling(20, 0.0001)
||||||||||||||||||||||||||||||||||||||||||||||||||||||||||||||||||||||||||||||||||||||||||||||||||||||||||||||||||||||||||||||||||||||||
REGULARIZATION
DynamicSDDiP.NoRegularization()
||||||||||||||||||||||||||||||||||||||||||||||||||||||||||||||||||||||||||||||||||||||||||||||||||||||||||||||||||||||||||||||||||||||||
CUT GENERATION REGIMES
DynamicSDDiP.CutGenerationRegime(DynamicSDDiP.NoStateApproximation(), DynamicSDDiP.UnifiedLagrangianDuality(0.01, 0.01, 100, DynamicSDDiP.ZeroDuals(), DynamicSDDiP.BothBounds(), DynamicSDDiP.LevelBundle(0.5, true, false), DynamicSDDiP.StandardChoice(), DynamicSDDiP.Lax(), DynamicSDDiP.Core_Conv(0.75, DynamicSDDiP.StateSpaceCopy(), DynamicSDDiP.NoIntegerRelax(), DynamicSDDiP.Unbounded_Opt_SB(true), DynamicSDDiP.NoImprovement(), true), DynamicSDDiP.NoDualSpaceRestriction(), DynamicSDDiP.StateSpaceCopy(), nothing, nothing), 1, Inf, Inf, 0.0, true, 0.0001)

||||||||||||||||||||||||||||||||||||||||||||||||||||||||||||||||||||||||||||||||||||||||||||||||||||||||||||||||||||||||||||||||||||||||
CUT AGGREGATION
DynamicSDDiP.MultiCutRegime()
||||||||||||||||||||||||||||||||||||||||||||||||||||||||||||||||||||||||||||||||||||||||||||||||||||||||||||||||||||||||||||||||||||||||
CUT SELECTION
DynamicSDDiP.NoCutSelection()
||||||||||||||||||||||||||||||||||||||||||||||||||||||||||||||||||||||||||||||||||||||||||||||||||||||||||||||||||||||||||||||||||||||||
LATE BINARIZATION
DynamicSDDiP.NoLateBinarization()
||||||||||||||||||||||||||||||||||||||||||||||||||||||||||||||||||||||||||||||||||||||||||||||||||||||||||||||||||||||||||||||||||||||||
APPLIED SOLVERS (LP, MILP, MIQCP, MINLP, NLP, Lagrange)
DynamicSDDiP.AppliedSolvers(true, "Gurobi", "Gurobi", "Gurobi", "Gurobi", "Gurobi", "Gurobi", "Gurobi", "Gurobi", "Gurobi", 0.0001, 300)
DynamicSDDiP.Direct_Solver()
Numerical focus: false
Silent: true
||||||||||||||||||||||||||||||||||||||||||||||||||||||||||||||||||||||||||||||||||||||||||||||||||||||||||||||||||||||||||||||||||||||||
SAMPLING
Used seed for sampling scenarios: 
11111     
||||||||||||||||||||||||||||||||||||||||||||||||||||||||||||||||||||||||||||||||||||||||||||||||||||||||||||||||||||||||||||||||||||||||
RUN DESCRIPTION

||||||||||||||||||||||||||||||||||||||||||||||||||||||||||||||||||||||||||||||||||||||||||||||||||||||||||||||||||||||||||||||||||||||||
PROBLEM DESCRIPTION
Number of stages: 100
Number of realizations per stage: 20
Seed for scenario tree sampling: 12345
Solver: serial mode

────────────────────────────────────────────────────────────────────────────────────────────────────────────────────────────────────────────────────────────────────────────────────────────────────────
It.#               UB        Best UB             LB       Gap           Time        It_Time           Refinements                            #Var.   #Constr.             #Cuts       Lagrangian Dual                                               
                                                          [%]            [s]            [s]          σ       Bin.      Total      {0,1}          ℤ      Total    Total   Active      # It.    # C-It.  # C-Real.  
────────────────────────────────────────────────────────────────────────────────────────────────────────────────────────────────────────────────────────────────────────────────────────────────────────
1        7.872916e+04   7.872916e+04   2.601865e+04    0.6695   4.277080e+02   4.277080e+02      false       none        902         48        800         48     1980     1980      18593      18593       1980
2        8.066376e+04   7.872916e+04   4.579325e+04    0.4183   1.286290e+03   8.585820e+02      false       none        902         48        800         48     3960     3960      23221      23209       1979
3        7.533296e+04   7.533296e+04   6.122074e+04    0.1873   3.409317e+03   2.123027e+03      false       none        902         48        800         48     5926     5926      25192      25122       1976
4        7.859594e+04   7.533296e+04   6.960061e+04    0.0761   6.137263e+03   2.727946e+03      false       none        902         48        800         48     7875     7875      32511      32404       1972
5        7.618656e+04   7.533296e+04   7.439147e+04    0.0125   9.515587e+03   3.378324e+03      false       none        902         48        800         48     9823     9823      37635      37544       1968
6        7.480943e+04   7.480943e+04   7.511904e+04    0.0041   1.343207e+04   3.916478e+03      false       none        902         48        800         48    11051    11051      46446      46284       1962
7        7.407531e+04   7.407531e+04   7.518552e+04    0.0148   1.769055e+04   4.258484e+03      false       none        902         48        800         48    11559    11559      51147      50939       1957

Terminating DynamicSDDiP with status: time_limit
------------------------------------------------------------------------------
────────────────────────────────────────────────────────────────────────────────
                                       Time                    Allocations      
                              ───────────────────────   ────────────────────────
      Tot / % measured:            4.91h / 100.0%            164GiB /  99.8%    

Section               ncalls     time    %tot     avg     alloc    %tot      avg
────────────────────────────────────────────────────────────────────────────────
loop                       1    4.91h  100.0%   4.91h    164GiB  100.0%   164GiB
  iterations               7    4.91h  100.0%   2527s    164GiB  100.0%  23.4GiB
    backward_pass          7    4.91h   99.9%   2524s    163GiB   99.9%  23.4GiB
      solve_BP         13.9k    4.91h   99.9%   1.27s    163GiB   99.8%  12.1MiB
        solve_dual     13.9k    4.91h   99.9%   1.27s    163GiB   99.8%  12.1MiB
          solve_la...  13.8k    4.55h   92.5%   1.18s    126GiB   76.9%  9.31MiB
            inner_sol   235k    4.43h   90.2%  68.0ms    102GiB   62.2%   454KiB
              solv...   235k    4.35h   88.6%  66.7ms   2.76GiB    1.7%  12.3KiB
            bundle...   235k     264s    1.5%  1.12ms    499MiB    0.3%  2.18KiB
            outer_sol   235k    81.3s    0.5%   346μs   1.35GiB    0.8%  6.03KiB
            add_cut     235k    10.7s    0.1%  45.6μs   2.90GiB    1.8%  12.9KiB
            init_a...  13.8k    4.22s    0.0%   305μs   1.85GiB    1.1%   141KiB
            restor...  13.8k    1.20s    0.0%  86.9μs    155MiB    0.1%  11.5KiB
            relax_...  13.8k    1.07s    0.0%  77.6μs    266MiB    0.2%  19.7KiB
            conver...  13.8k   40.4ms    0.0%  2.92μs   2.75MiB    0.0%     209B
            minima...  13.8k   7.10ms    0.0%   515ns     0.00B    0.0%    0.00B
          solve_pr...  41.6k     649s    3.7%  15.6ms    186MiB    0.1%  4.58KiB
          solve_core   13.9k     527s    3.0%  38.0ms   85.0MiB    0.1%  6.28KiB
          solver_c...     23    1.58s    0.0%  68.8ms    237KiB    0.0%  10.3KiB
          LP_relax...     23    218ms    0.0%  9.47ms   30.7MiB    0.0%  1.33MiB
            solver...     23   54.3ms    0.0%  2.36ms    133KiB    0.0%  5.77KiB
          dual_ini...  13.9k   19.1ms    0.0%  1.38μs   2.75MiB    0.0%     208B
        space_change   27.7k   7.53ms    0.0%   271ns     0.00B    0.0%    0.00B
      update_bellman     693    1.20s    0.0%  1.73ms    104MiB    0.1%   154KiB
        cut_selection  11.6k   8.11ms    0.0%   702ns    852KiB    0.0%    75.5B
    forward_pass           7    22.7s    0.1%   3.24s    137MiB    0.1%  19.6MiB
      solve_subpro...    700    22.7s    0.1%  32.4ms    135MiB    0.1%   198KiB
        solver_cal...    700    22.5s    0.1%  32.2ms    113MiB    0.1%   165KiB
    calculate_bound        7   59.9ms    0.0%  8.56ms   1.44MiB    0.0%   210KiB
      solver_call_...      7   53.3ms    0.0%  7.62ms   13.8KiB    0.0%  1.97KiB
────────────────────────────────────────────────────────────────────────────────

||||||||||||||||||||||||||||||||||||||||||||||||||||||||||||||||||||||||||||||||||||||||||||||||||||||||||||||||||||||||||||||||||||||||
LAGRANGIAN DUAL SOLUTION RESULTS
mn_opt: 0 times (0.0%)
conv: 0 times (0.0%)
unbounded: 23 times (0.2%)
bound_issues: 43 times (0.3%)
subgr_stalling: 0 times (0.0%)
opt: 13794 times (99.5%)
feas_issues: 0 times (0.0%)
sub: 0 times (0.0%)
mn_iter: 0 times (0.0%)
iter: 0 times (0.0%)
mn_issue: 0 times (0.0%)

||||||||||||||||||||||||||||||||||||||||||||||||||||||||||||||||||||||||||||||||||||||||||||||||||||||||||||||||||||||||||||||||||||||||
SIMULATION RESULTS
DynamicSDDiP.Simulation(DynamicSDDiP.InSampleMonteCarlo(), 1000)
Lower bound: 75185.5218059724
Statistical upper bound (confidence interval): 75378.59168418853 ± 69.71570286585158
Pessimistic upper bound: 75448.30738705439
