
#########################################################################################################################################
#########################################################################################################################################
#########################################################################################################################################
#########################################################################################################################################
#########################################################################################################################################
DynamicSDDiP.jl (c) Christian Füllner, 2021
re-uses code from SDDP.jl (c) Oscar Dowson, 2017-21
||||||||||||||||||||||||||||||||||||||||||||||||||||||||||||||||||||||||||||||||||||||||||||||||||||||||||||||||||||||||||||||||||||||||
PATH
calling 
C:\Users\cg4102\.julia\packages\DynamicSDDiP\lmwtn\src
nothing
DATETIME
2025-09-24T19:34:17.073
||||||||||||||||||||||||||||||||||||||||||||||||||||||||||||||||||||||||||||||||||||||||||||||||||||||||||||||||||||||||||||||||||||||||
STOPPING RULES
SDDP.TimeLimit(14400.0)
SDDP.BoundStalling(20, 0.0001)
||||||||||||||||||||||||||||||||||||||||||||||||||||||||||||||||||||||||||||||||||||||||||||||||||||||||||||||||||||||||||||||||||||||||
REGULARIZATION
DynamicSDDiP.NoRegularization()
||||||||||||||||||||||||||||||||||||||||||||||||||||||||||||||||||||||||||||||||||||||||||||||||||||||||||||||||||||||||||||||||||||||||
CUT GENERATION REGIMES
DynamicSDDiP.CutGenerationRegime(DynamicSDDiP.NoStateApproximation(), DynamicSDDiP.UnifiedLagrangianDuality(0.01, 0.01, 100, DynamicSDDiP.ZeroDuals(), DynamicSDDiP.BothBounds(), DynamicSDDiP.LevelBundle(0.5, true, false), DynamicSDDiP.StandardChoice(), DynamicSDDiP.Lax(), DynamicSDDiP.Core_Midpoint(DynamicSDDiP.StateSpaceCopy(), DynamicSDDiP.IntegerRelax(), DynamicSDDiP.Unbounded_Opt_SB(true), DynamicSDDiP.PrimalObj(), true), DynamicSDDiP.NoDualSpaceRestriction(), DynamicSDDiP.StateSpaceCopy(), nothing, nothing), 1, Inf, Inf, 0.0, true, 0.0001)

||||||||||||||||||||||||||||||||||||||||||||||||||||||||||||||||||||||||||||||||||||||||||||||||||||||||||||||||||||||||||||||||||||||||
CUT AGGREGATION
DynamicSDDiP.MultiCutRegime()
||||||||||||||||||||||||||||||||||||||||||||||||||||||||||||||||||||||||||||||||||||||||||||||||||||||||||||||||||||||||||||||||||||||||
CUT SELECTION
DynamicSDDiP.NoCutSelection()
||||||||||||||||||||||||||||||||||||||||||||||||||||||||||||||||||||||||||||||||||||||||||||||||||||||||||||||||||||||||||||||||||||||||
LATE BINARIZATION
DynamicSDDiP.NoLateBinarization()
||||||||||||||||||||||||||||||||||||||||||||||||||||||||||||||||||||||||||||||||||||||||||||||||||||||||||||||||||||||||||||||||||||||||
APPLIED SOLVERS (LP, MILP, MIQCP, MINLP, NLP, Lagrange)
DynamicSDDiP.AppliedSolvers(true, "Gurobi", "Gurobi", "Gurobi", "Gurobi", "Gurobi", "Gurobi", "Gurobi", "Gurobi", "Gurobi", 0.0001, 300)
DynamicSDDiP.Direct_Solver()
Numerical focus: false
Silent: true
||||||||||||||||||||||||||||||||||||||||||||||||||||||||||||||||||||||||||||||||||||||||||||||||||||||||||||||||||||||||||||||||||||||||
SAMPLING
Used seed for sampling scenarios: 
11111     
||||||||||||||||||||||||||||||||||||||||||||||||||||||||||||||||||||||||||||||||||||||||||||||||||||||||||||||||||||||||||||||||||||||||
RUN DESCRIPTION

||||||||||||||||||||||||||||||||||||||||||||||||||||||||||||||||||||||||||||||||||||||||||||||||||||||||||||||||||||||||||||||||||||||||
PROBLEM DESCRIPTION
Number of stages: 100
Number of realizations per stage: 20
Seed for scenario tree sampling: 12345
Solver: serial mode

────────────────────────────────────────────────────────────────────────────────────────────────────────────────────────────────────────────────────────────────────────────────────────────────────────
It.#               UB        Best UB             LB       Gap           Time        It_Time           Refinements                            #Var.   #Constr.             #Cuts       Lagrangian Dual                                               
                                                          [%]            [s]            [s]          σ       Bin.      Total      {0,1}          ℤ      Total    Total   Active      # It.    # C-It.  # C-Real.  
────────────────────────────────────────────────────────────────────────────────────────────────────────────────────────────────────────────────────────────────────────────────────────────────────────
1        7.872916e+04   7.872916e+04   1.371076e+04    0.8258   1.138127e+03   1.138127e+03      false       none        902         48        800         48     1980     1980      29378      29208       1970
2        8.250514e+04   7.872916e+04   3.558021e+04    0.5481   2.395697e+03   1.257570e+03      false       none        902         48        800         48     3959     3959      27418      27302       1791
3        7.656569e+04   7.656569e+04   5.299220e+04    0.3079   6.315372e+03   3.919675e+03      false       none        902         48        800         48     5930     5930      23578      23561       1582
4        7.926160e+04   7.656569e+04   6.791175e+04    0.1130   9.030911e+03   2.715539e+03      false       none        902         48        800         48     7835     7835      15284      15263        992
5        7.697142e+04   7.656569e+04   7.399231e+04    0.0336   1.103483e+04   2.003922e+03      false       none        902         48        800         48     9570     9570       9435       9410        624
6        7.481044e+04   7.481044e+04   7.404692e+04    0.0102   1.218057e+04   1.145734e+03      false       none        902         48        800         48    11184    11184       2717       2717        124
7        7.452076e+04   7.452076e+04   7.408716e+04    0.0058   1.325584e+04   1.075277e+03      false       none        902         48        800         48    12856    12856       2347       2347        104
8        7.473141e+04   7.452076e+04   7.409363e+04    0.0057   1.416272e+04   9.068730e+02      false       none        902         48        800         48    14469    14469       1052       1052         47
9        7.670169e+04   7.452076e+04   7.410297e+04    0.0056   1.509075e+04   9.280370e+02      false       none        902         48        800         48    16097    16097       1298       1298         67

Terminating DynamicSDDiP with status: time_limit
------------------------------------------------------------------------------
────────────────────────────────────────────────────────────────────────────────
                                       Time                    Allocations      
                              ───────────────────────   ────────────────────────
      Tot / % measured:            4.19h / 100.0%            148GiB /  99.8%    

Section               ncalls     time    %tot     avg     alloc    %tot      avg
────────────────────────────────────────────────────────────────────────────────
loop                       1    4.19h  100.0%   4.19h    147GiB  100.0%   147GiB
  iterations               9    4.19h  100.0%   1677s    147GiB  100.0%  16.4GiB
    backward_pass          9    4.17h   99.6%   1670s    147GiB   99.9%  16.4GiB
      solve_BP         17.8k    4.17h   99.6%   843ms    147GiB   99.8%  8.46MiB
        solve_dual     17.8k    4.17h   99.6%   843ms    147GiB   99.8%  8.45MiB
          solve_la...  7.33k    2.94h   70.1%   1.44s   60.4GiB   40.9%  8.44MiB
            inner_sol   113k    2.86h   68.3%  91.7ms   48.4GiB   32.8%   451KiB
              solv...   113k    2.83h   67.4%  90.4ms   1.04GiB    0.7%  9.71KiB
            bundle...   113k     187s    1.2%  1.67ms    295MiB    0.2%  2.68KiB
            outer_sol   113k    46.8s    0.3%   416μs    712MiB    0.5%  6.48KiB
            add_cut     113k    5.20s    0.0%  46.2μs   1.51GiB    1.0%  14.1KiB
            init_a...  7.33k    2.47s    0.0%   337μs   0.98GiB    0.7%   141KiB
            restor...  7.33k    628ms    0.0%  85.8μs   82.3MiB    0.1%  11.5KiB
            relax_...  7.33k    589ms    0.0%  80.3μs    164MiB    0.1%  22.9KiB
            conver...  7.33k   26.8ms    0.0%  3.66μs   1.46MiB    0.0%     209B
            minima...  7.30k   4.57ms    0.0%   626ns     0.00B    0.0%    0.00B
          solve_pr...  64.0k    3069s   20.3%  48.0ms    435MiB    0.3%  6.96KiB
          solver_c...  10.5k     943s    6.2%  89.9ms   94.1MiB    0.1%  9.18KiB
          LP_relax...  10.5k    93.5s    0.6%  8.91ms   13.8GiB    9.3%  1.34MiB
            solver...  10.5k    24.4s    0.2%  2.32ms   51.2MiB    0.0%  5.00KiB
          solve_core   17.8k    41.6s    0.3%  2.33ms   92.6MiB    0.1%  5.32KiB
          dual_ini...  17.8k   20.8ms    0.0%  1.17μs   3.53MiB    0.0%     208B
        space_change   35.6k   10.5ms    0.0%   294ns     0.00B    0.0%    0.00B
      update_bellman     891    1.52s    0.0%  1.70ms    114MiB    0.1%   131KiB
        cut_selection  16.1k   11.7ms    0.0%   727ns   1.24MiB    0.0%    81.0B
    forward_pass           9    63.4s    0.4%   7.04s    144MiB    0.1%  16.0MiB
      solve_subpro...    900    63.4s    0.4%  70.4ms    142MiB    0.1%   161KiB
        solver_cal...    900    63.2s    0.4%  70.3ms    116MiB    0.1%   132KiB
    calculate_bound        9    149ms    0.0%  16.6ms   1.85MiB    0.0%   211KiB
      solver_call_...      9    141ms    0.0%  15.7ms   20.0KiB    0.0%  2.22KiB
────────────────────────────────────────────────────────────────────────────────

||||||||||||||||||||||||||||||||||||||||||||||||||||||||||||||||||||||||||||||||||||||||||||||||||||||||||||||||||||||||||||||||||||||||
LAGRANGIAN DUAL SOLUTION RESULTS
mn_opt: 0 times (0.0%)
conv: 0 times (0.0%)
unbounded: 10493 times (58.9%)
bound_issues: 26 times (0.1%)
subgr_stalling: 0 times (0.0%)
opt: 7301 times (41.0%)
feas_issues: 0 times (0.0%)
sub: 0 times (0.0%)
mn_iter: 0 times (0.0%)
iter: 0 times (0.0%)
mn_issue: 0 times (0.0%)
