
#########################################################################################################################################
#########################################################################################################################################
#########################################################################################################################################
#########################################################################################################################################
#########################################################################################################################################
DynamicSDDiP.jl (c) Christian Füllner, 2021
re-uses code from SDDP.jl (c) Oscar Dowson, 2017-21
||||||||||||||||||||||||||||||||||||||||||||||||||||||||||||||||||||||||||||||||||||||||||||||||||||||||||||||||||||||||||||||||||||||||
PATH
calling 
C:\Users\cg4102\.julia\packages\DynamicSDDiP\i7SIi\src
nothing
DATETIME
2025-09-28T02:59:24.25
||||||||||||||||||||||||||||||||||||||||||||||||||||||||||||||||||||||||||||||||||||||||||||||||||||||||||||||||||||||||||||||||||||||||
STOPPING RULES
SDDP.TimeLimit(14400.0)
SDDP.BoundStalling(20, 0.0001)
||||||||||||||||||||||||||||||||||||||||||||||||||||||||||||||||||||||||||||||||||||||||||||||||||||||||||||||||||||||||||||||||||||||||
REGULARIZATION
DynamicSDDiP.NoRegularization()
||||||||||||||||||||||||||||||||||||||||||||||||||||||||||||||||||||||||||||||||||||||||||||||||||||||||||||||||||||||||||||||||||||||||
CUT GENERATION REGIMES
DynamicSDDiP.CutGenerationRegime(DynamicSDDiP.NoStateApproximation(), DynamicSDDiP.UnifiedLagrangianDuality(0.01, 0.01, 100, DynamicSDDiP.ZeroDuals(), DynamicSDDiP.BothBounds(), DynamicSDDiP.LevelBundle(0.5, true, false), DynamicSDDiP.StandardChoice(), DynamicSDDiP.Lax(), DynamicSDDiP.Core_Conv(0.99, DynamicSDDiP.StateSpaceCopy(), DynamicSDDiP.NoIntegerRelax(), DynamicSDDiP.Unbounded_Opt_SB(true), DynamicSDDiP.NoImprovement(), true), DynamicSDDiP.NoDualSpaceRestriction(), DynamicSDDiP.StateSpaceCopy(), nothing, nothing), 1, Inf, Inf, 0.0, true, 0.0001)

||||||||||||||||||||||||||||||||||||||||||||||||||||||||||||||||||||||||||||||||||||||||||||||||||||||||||||||||||||||||||||||||||||||||
CUT AGGREGATION
DynamicSDDiP.MultiCutRegime()
||||||||||||||||||||||||||||||||||||||||||||||||||||||||||||||||||||||||||||||||||||||||||||||||||||||||||||||||||||||||||||||||||||||||
CUT SELECTION
DynamicSDDiP.NoCutSelection()
||||||||||||||||||||||||||||||||||||||||||||||||||||||||||||||||||||||||||||||||||||||||||||||||||||||||||||||||||||||||||||||||||||||||
LATE BINARIZATION
DynamicSDDiP.NoLateBinarization()
||||||||||||||||||||||||||||||||||||||||||||||||||||||||||||||||||||||||||||||||||||||||||||||||||||||||||||||||||||||||||||||||||||||||
APPLIED SOLVERS (LP, MILP, MIQCP, MINLP, NLP, Lagrange)
DynamicSDDiP.AppliedSolvers(true, "Gurobi", "Gurobi", "Gurobi", "Gurobi", "Gurobi", "Gurobi", "Gurobi", "Gurobi", "Gurobi", 0.0001, 300)
DynamicSDDiP.Direct_Solver()
Numerical focus: false
Silent: true
||||||||||||||||||||||||||||||||||||||||||||||||||||||||||||||||||||||||||||||||||||||||||||||||||||||||||||||||||||||||||||||||||||||||
SAMPLING
Used seed for sampling scenarios: 
11111     
||||||||||||||||||||||||||||||||||||||||||||||||||||||||||||||||||||||||||||||||||||||||||||||||||||||||||||||||||||||||||||||||||||||||
RUN DESCRIPTION

||||||||||||||||||||||||||||||||||||||||||||||||||||||||||||||||||||||||||||||||||||||||||||||||||||||||||||||||||||||||||||||||||||||||
PROBLEM DESCRIPTION
Number of stages: 100
Number of realizations per stage: 20
Seed for scenario tree sampling: 12345
Solver: serial mode

────────────────────────────────────────────────────────────────────────────────────────────────────────────────────────────────────────────────────────────────────────────────────────────────────────
It.#               UB        Best UB             LB       Gap           Time        It_Time           Refinements                            #Var.   #Constr.             #Cuts       Lagrangian Dual                                               
                                                          [%]            [s]            [s]          σ       Bin.      Total      {0,1}          ℤ      Total    Total   Active      # It.    # C-It.  # C-Real.  
────────────────────────────────────────────────────────────────────────────────────────────────────────────────────────────────────────────────────────────────────────────────────────────────────────
1        7.872916e+04   7.872916e+04   9.809533e+02    0.9875   6.619960e+02   6.619960e+02      false       none        902         48        800         48     1980     1980      26436      26436       1980
2        8.136809e+04   7.872916e+04   1.270335e+03    0.9839   1.301202e+03   6.392060e+02      false       none        902         48        800         48     3960     3960      22730      22730       1980
3        8.283452e+04   7.872916e+04   1.675029e+03    0.9787   2.455619e+03   1.154417e+03      false       none        902         48        800         48     5940     5940      26000      26000       1980
4        8.311459e+04   7.872916e+04   2.008294e+03    0.9745   3.383524e+03   9.279050e+02      false       none        902         48        800         48     7920     7920      25177      25177       1980
5        7.946463e+04   7.872916e+04   2.315580e+03    0.9706   4.246554e+03   8.630300e+02      false       none        902         48        800         48     9900     9900      22973      22973       1980
6        8.392687e+04   7.872916e+04   3.001169e+03    0.9619   5.269636e+03   1.023082e+03      false       none        902         48        800         48    11879    11879      24735      24735       1980
7        7.877029e+04   7.872916e+04   3.311268e+03    0.9579   6.330179e+03   1.060543e+03      false       none        902         48        800         48    13855    13855      25233      25220       1979
8        8.119203e+04   7.872916e+04   3.418281e+03    0.9566   7.219259e+03   8.890800e+02      false       none        902         48        800         48    15822    15822      24467      24449       1979
9        8.163800e+04   7.872916e+04   3.767031e+03    0.9522   8.229718e+03   1.010459e+03      false       none        902         48        800         48    17783    17783      24758      24732       1978
10       8.176660e+04   7.872916e+04   3.998949e+03    0.9492   9.215796e+03   9.860780e+02      false       none        902         48        800         48    19728    19728      24888      24874       1979
11       7.977419e+04   7.872916e+04   4.217704e+03    0.9464   1.018196e+04   9.661600e+02      false       none        902         48        800         48    21684    21684      24466      24417       1977
12       8.422923e+04   7.872916e+04   4.551487e+03    0.9422   1.122608e+04   1.044126e+03      false       none        902         48        800         48    23646    23646      25162      25146       1978
13       8.082406e+04   7.872916e+04   4.850539e+03    0.9384   1.238784e+04   1.161758e+03      false       none        902         48        800         48    25586    25586      26050      26008       1978
14       8.160191e+04   7.872916e+04   5.160215e+03    0.9345   1.341223e+04   1.024394e+03      false       none        902         48        800         48    27534    27534      25313      25313       1980
15       7.984173e+04   7.872916e+04   5.579416e+03    0.9291   1.450148e+04   1.089242e+03      false       none        902         48        800         48    29456    29456      25531      25516       1979

Terminating DynamicSDDiP with status: time_limit
------------------------------------------------------------------------------
────────────────────────────────────────────────────────────────────────────────
                                       Time                    Allocations      
                              ───────────────────────   ────────────────────────
      Tot / % measured:            4.03h / 100.0%            284GiB /  99.9%    

Section               ncalls     time    %tot     avg     alloc    %tot      avg
────────────────────────────────────────────────────────────────────────────────
loop                       1    4.03h  100.0%   4.03h    284GiB  100.0%   284GiB
  iterations              15    4.03h  100.0%    967s    284GiB  100.0%  18.9GiB
    backward_pass         15    4.02h   99.8%    965s    284GiB   99.9%  18.9GiB
      solve_BP         29.7k    4.02h   99.8%   487ms    284GiB   99.8%  9.78MiB
        solve_dual     29.7k    4.02h   99.8%   487ms    284GiB   99.8%  9.78MiB
          solve_la...  29.7k    3.55h   88.2%   431ms    200GiB   70.3%  6.89MiB
            inner_sol   374k    3.38h   84.0%  32.6ms    159GiB   56.0%   446KiB
              solv...   374k    3.26h   80.9%  31.4ms   1.68GiB    0.6%  4.72KiB
            bundle...   374k     380s    2.6%  1.02ms    860MiB    0.3%  2.35KiB
            outer_sol   374k     108s    0.7%   288μs   2.71GiB    1.0%  7.59KiB
            add_cut     374k    16.4s    0.1%  44.0μs   4.41GiB    1.6%  12.4KiB
            init_a...  29.7k    9.12s    0.1%   307μs   3.98GiB    1.4%   141KiB
            restor...  29.7k    2.53s    0.0%  85.2μs    334MiB    0.1%  11.5KiB
            relax_...  29.7k    2.38s    0.0%  80.1μs    566MiB    0.2%  19.5KiB
            conver...  29.7k   87.9ms    0.0%  2.96μs   5.89MiB    0.0%     208B
            minima...  29.7k   16.1ms    0.0%   543ns     0.00B    0.0%    0.00B
          solve_core   29.7k     754s    5.2%  25.4ms    114MiB    0.0%  3.92KiB
          solve_pr...  89.1k     667s    4.6%  7.48ms    290MiB    0.1%  3.33KiB
          solver_c...      1    102ms    0.0%   102ms   16.2KiB    0.0%  16.2KiB
          dual_ini...  29.7k   40.0ms    0.0%  1.35μs   5.89MiB    0.0%     208B
          LP_relax...      1   6.75ms    0.0%  6.75ms   1.25MiB    0.0%  1.25MiB
            solver...      1   1.30ms    0.0%  1.30ms   4.14KiB    0.0%  4.14KiB
        space_change   59.4k   14.5ms    0.0%   244ns     0.00B    0.0%    0.00B
      update_bellman   1.49k    2.54s    0.0%  1.71ms    258MiB    0.1%   178KiB
        cut_selection  29.5k   19.8ms    0.0%   671ns   1.92MiB    0.0%    68.4B
    forward_pass          15    31.3s    0.2%   2.09s    155MiB    0.1%  10.3MiB
      solve_subpro...  1.50k    31.3s    0.2%  20.8ms    151MiB    0.1%   103KiB
        solver_cal...  1.50k    31.0s    0.2%  20.7ms    114MiB    0.0%  78.1KiB
    calculate_bound       15    210ms    0.0%  14.0ms   3.09MiB    0.0%   211KiB
      solver_call_...     15    196ms    0.0%  13.1ms   37.3KiB    0.0%  2.48KiB
────────────────────────────────────────────────────────────────────────────────

||||||||||||||||||||||||||||||||||||||||||||||||||||||||||||||||||||||||||||||||||||||||||||||||||||||||||||||||||||||||||||||||||||||||
LAGRANGIAN DUAL SOLUTION RESULTS
mn_opt: 0 times (0.0%)
conv: 0 times (0.0%)
unbounded: 1 times (0.0%)
bound_issues: 12 times (0.0%)
subgr_stalling: 0 times (0.0%)
opt: 29687 times (100.0%)
feas_issues: 0 times (0.0%)
sub: 0 times (0.0%)
mn_iter: 0 times (0.0%)
iter: 0 times (0.0%)
mn_issue: 0 times (0.0%)
