

#########################################################################################################################################
#########################################################################################################################################
#########################################################################################################################################
#########################################################################################################################################
#########################################################################################################################################
DynamicSDDiP.jl (c) Christian Füllner, 2021
re-uses code from SDDP.jl (c) Oscar Dowson, 2017-21
||||||||||||||||||||||||||||||||||||||||||||||||||||||||||||||||||||||||||||||||||||||||||||||||||||||||||||||||||||||||||||||||||||||||
PATH
calling 
C:\Users\cg4102\.julia\packages\DynamicSDDiP\OjAtg\src
nothing
DATETIME
2024-09-28T13:01:02.398
||||||||||||||||||||||||||||||||||||||||||||||||||||||||||||||||||||||||||||||||||||||||||||||||||||||||||||||||||||||||||||||||||||||||
STOPPING RULES
SDDP.TimeLimit(14400.0)
SDDP.BoundStalling(20, 0.0001)
||||||||||||||||||||||||||||||||||||||||||||||||||||||||||||||||||||||||||||||||||||||||||||||||||||||||||||||||||||||||||||||||||||||||
REGULARIZATION
DynamicSDDiP.NoRegularization()
||||||||||||||||||||||||||||||||||||||||||||||||||||||||||||||||||||||||||||||||||||||||||||||||||||||||||||||||||||||||||||||||||||||||
CUT GENERATION REGIMES
DynamicSDDiP.CutGenerationRegime(DynamicSDDiP.NoStateApproximation(), DynamicSDDiP.UnifiedLagrangianDuality(0.01, 0.01, 100, DynamicSDDiP.ZeroDuals(), DynamicSDDiP.BothBounds(), DynamicSDDiP.LevelBundle(0.5, true, false), DynamicSDDiP.StandardChoice(), DynamicSDDiP.Lax(), DynamicSDDiP.L₁_Deep(), DynamicSDDiP.NoDualSpaceRestriction(), DynamicSDDiP.StateSpaceCopy(), nothing, nothing), 1, Inf, Inf, 0.0, true, 0.0001)

||||||||||||||||||||||||||||||||||||||||||||||||||||||||||||||||||||||||||||||||||||||||||||||||||||||||||||||||||||||||||||||||||||||||
CUT AGGREGATION
DynamicSDDiP.MultiCutRegime()
||||||||||||||||||||||||||||||||||||||||||||||||||||||||||||||||||||||||||||||||||||||||||||||||||||||||||||||||||||||||||||||||||||||||
CUT SELECTION
DynamicSDDiP.NoCutSelection()
||||||||||||||||||||||||||||||||||||||||||||||||||||||||||||||||||||||||||||||||||||||||||||||||||||||||||||||||||||||||||||||||||||||||
LATE BINARIZATION
DynamicSDDiP.NoLateBinarization()
||||||||||||||||||||||||||||||||||||||||||||||||||||||||||||||||||||||||||||||||||||||||||||||||||||||||||||||||||||||||||||||||||||||||
APPLIED SOLVERS (LP, MILP, MIQCP, MINLP, NLP, Lagrange)
DynamicSDDiP.AppliedSolvers(true, "Gurobi", "Gurobi", "Gurobi", "Gurobi", "Gurobi", "Gurobi", "Gurobi", "Gurobi", "Gurobi", 0.0001, 300)
DynamicSDDiP.Direct_Solver()
Numerical focus: false
Silent: true
||||||||||||||||||||||||||||||||||||||||||||||||||||||||||||||||||||||||||||||||||||||||||||||||||||||||||||||||||||||||||||||||||||||||
SAMPLING
Used seed for sampling scenarios: 
11111     
||||||||||||||||||||||||||||||||||||||||||||||||||||||||||||||||||||||||||||||||||||||||||||||||||||||||||||||||||||||||||||||||||||||||
RUN DESCRIPTION

||||||||||||||||||||||||||||||||||||||||||||||||||||||||||||||||||||||||||||||||||||||||||||||||||||||||||||||||||||||||||||||||||||||||
PROBLEM DESCRIPTION
Number of stages: 100
Number of realizations per stage: 20
Seed for scenario tree sampling: 12345
Solver: serial mode

────────────────────────────────────────────────────────────────────────────────────────────────────────────────────────────────────────────────────────────────────────────────────────────────────────
It.#               UB        Best UB             LB       Gap           Time        It_Time           Refinements                            #Var.   #Constr.             #Cuts       Lagrangian Dual                                               
                                                          [%]            [s]            [s]          σ       Bin.      Total      {0,1}          ℤ      Total    Total   Active      # It.    # C-It.  # C-Real.  
────────────────────────────────────────────────────────────────────────────────────────────────────────────────────────────────────────────────────────────────────────────────────────────────────────
1        7.872916e+04   7.872916e+04   6.159353e+04    0.2177   2.663440e+02   2.663440e+02      false       none        902         48        800         48     1980     1980       3958       3958       1979
2        7.564393e+04   7.564393e+04   6.165517e+04    0.1849   5.421570e+02   2.758130e+02      false       none        902         48        800         48     3960     3960       4123       4123       1979
3        7.565399e+04   7.564393e+04   6.167419e+04    0.1847   8.240640e+02   2.819070e+02      false       none        902         48        800         48     5939     5939       4189       4189       1979
4        7.709036e+04   7.564393e+04   6.169864e+04    0.1844   1.109423e+03   2.853590e+02      false       none        902         48        800         48     7919     7919       4247       4247       1979
5        7.669789e+04   7.564393e+04   6.171926e+04    0.1841   1.398455e+03   2.890320e+02      false       none        902         48        800         48     9897     9897       4322       4322       1979
6        7.535188e+04   7.535188e+04   6.173291e+04    0.1807   1.694174e+03   2.957190e+02      false       none        902         48        800         48    11877    11877       4408       4408       1979
7        7.477629e+04   7.477629e+04   6.174724e+04    0.1742   1.991143e+03   2.969690e+02      false       none        902         48        800         48    13857    13857       4419       4419       1979
8        7.556399e+04   7.477629e+04   6.176102e+04    0.1741   2.284316e+03   2.931730e+02      false       none        902         48        800         48    15837    15837       4370       4370       1979
9        7.710453e+04   7.477629e+04   6.178739e+04    0.1737   2.579691e+03   2.953750e+02      false       none        902         48        800         48    17812    17812       4403       4403       1979
10       7.617708e+04   7.477629e+04   6.180311e+04    0.1735   2.879176e+03   2.994850e+02      false       none        902         48        800         48    19791    19791       4479       4479       1979
11       7.544669e+04   7.477629e+04   6.181898e+04    0.1733   3.182707e+03   3.035310e+02      false       none        902         48        800         48    21768    21768       4558       4558       1979
12       7.781277e+04   7.477629e+04   6.183294e+04    0.1731   3.486192e+03   3.034850e+02      false       none        902         48        800         48    23741    23741       4529       4529       1979
13       7.637061e+04   7.477629e+04   6.184656e+04    0.1729   3.796536e+03   3.103440e+02      false       none        902         48        800         48    25719    25719       4618       4618       1979
14       7.574088e+04   7.477629e+04   6.185487e+04    0.1728   4.099505e+03   3.029690e+02      false       none        902         48        800         48    27694    27694       4610       4610       1979
15       7.734239e+04   7.477629e+04   6.187595e+04    0.1725   4.405568e+03   3.060630e+02      false       none        902         48        800         48    29663    29663       4549       4549       1979
16       7.492820e+04   7.477629e+04   6.189422e+04    0.1723   4.716912e+03   3.113440e+02      false       none        902         48        800         48    31639    31639       4604       4604       1979
17       7.620706e+04   7.477629e+04   6.191342e+04    0.1720   5.039288e+03   3.223760e+02      false       none        902         48        800         48    33613    33613       4696       4696       1979
18       7.462926e+04   7.462926e+04   6.192545e+04    0.1702   5.366788e+03   3.275000e+02      false       none        902         48        800         48    35589    35589       4712       4712       1979
19       7.590920e+04   7.462926e+04   6.194338e+04    0.1700   5.702179e+03   3.353910e+02      false       none        902         48        800         48    37567    37567       4753       4753       1979
20       7.527637e+04   7.462926e+04   6.195991e+04    0.1698   6.037930e+03   3.357510e+02      false       none        902         48        800         48    39536    39536       4784       4784       1979
21       7.802460e+04   7.462926e+04   6.197929e+04    0.1695   6.380446e+03   3.425160e+02      false       none        902         48        800         48    41508    41508       4821       4821       1979
22       7.583440e+04   7.462926e+04   6.199385e+04    0.1693   6.730759e+03   3.503130e+02      false       none        902         48        800         48    43480    43480       4784       4784       1979
23       7.690473e+04   7.462926e+04   6.200894e+04    0.1691   7.095072e+03   3.643130e+02      false       none        902         48        800         48    45456    45456       4887       4887       1979
24       7.599139e+04   7.462926e+04   6.202188e+04    0.1689   7.467916e+03   3.728440e+02      false       none        902         48        800         48    47434    47434       4973       4973       1979
25       7.586909e+04   7.462926e+04   6.203544e+04    0.1688   7.818307e+03   3.503910e+02      false       none        902         48        800         48    49400    49400       4854       4854       1979
26       7.484130e+04   7.462926e+04   6.205164e+04    0.1685   8.196948e+03   3.786410e+02      false       none        902         48        800         48    51366    51366       4938       4938       1979
27       7.603086e+04   7.462926e+04   6.206373e+04    0.1684   8.575495e+03   3.785470e+02      false       none        902         48        800         48    53336    53336       4966       4966       1979
28       7.627070e+04   7.462926e+04   6.208315e+04    0.1681   8.946715e+03   3.712200e+02      false       none        902         48        800         48    55300    55300       4976       4976       1979
29       7.822809e+04   7.462926e+04   6.210208e+04    0.1679   9.337028e+03   3.903130e+02      false       none        902         48        800         48    57259    57259       5016       5016       1979
30       7.727718e+04   7.462926e+04   6.211715e+04    0.1677   9.723622e+03   3.865940e+02      false       none        902         48        800         48    59221    59221       5035       5035       1979
31       7.709513e+04   7.462926e+04   6.213302e+04    0.1674   1.044700e+04   7.233760e+02      false       none        902         48        800         48    61196    61196       5099       5099       1979
32       7.670655e+04   7.462926e+04   6.214856e+04    0.1672   1.122336e+04   7.763610e+02      false       none        902         48        800         48    63171    63171       5114       5114       1979
33       7.524776e+04   7.462926e+04   6.216205e+04    0.1671   1.197260e+04   7.492360e+02      false       none        902         48        800         48    65138    65138       5163       5163       1979
34       7.547039e+04   7.462926e+04   6.217790e+04    0.1668   1.273789e+04   7.652980e+02      false       none        902         48        800         48    67114    67114       5256       5256       1979
35       7.601983e+04   7.462926e+04   6.219626e+04    0.1666   1.348332e+04   7.454230e+02      false       none        902         48        800         48    69072    69072       5212       5212       1979
36       7.492383e+04   7.462926e+04   6.220882e+04    0.1664   1.421429e+04   7.309700e+02      false       none        902         48        800         48    71028    71028       5148       5148       1979
37       7.616350e+04   7.462926e+04   6.222105e+04    0.1663   1.497379e+04   7.595010e+02      false       none        902         48        800         48    72994    72994       5252       5252       1979

Terminating DynamicSDDiP with status: time_limit
------------------------------------------------------------------------------
 ────────────────────────────────────────────────────────────────────────────────
                                        Time                    Allocations      
                               ───────────────────────   ────────────────────────
       Tot / % measured:            4.16h / 100.0%            113GiB /  99.7%    

 Section               ncalls     time    %tot     avg     alloc    %tot      avg
 ────────────────────────────────────────────────────────────────────────────────
 loop                       1    4.16h  100.0%   4.16h    113GiB  100.0%   113GiB
   iterations              37    4.16h  100.0%    405s    113GiB  100.0%  3.06GiB
     backward_pass         37    4.07h   97.8%    396s    113GiB   99.8%  3.05GiB
       solve_BP         73.2k    4.07h   97.8%   200ms    113GiB   99.5%  1.57MiB
         solve_dual     73.2k    4.07h   97.8%   200ms    112GiB   99.1%  1.57MiB
           solve_la...  73.2k    2.19h   52.7%   108ms    111GiB   97.8%  1.55MiB
             inner_sol   175k    2.12h   50.9%  43.6ms   72.2GiB   63.9%   433KiB
               solv...   175k    2.06h   49.5%  42.4ms   1.19GiB    1.0%  7.11KiB
             bundle...   175k     121s    0.8%   692μs    304MiB    0.3%  1.78KiB
             outer_sol   175k    58.2s    0.4%   333μs   5.77GiB    5.1%  34.6KiB
             init_a...  73.2k    24.1s    0.2%   330μs   9.78GiB    8.6%   140KiB
             relax_...  73.2k    8.72s    0.1%   119μs   1.54GiB    1.4%  22.1KiB
             add_cut     175k    6.29s    0.0%  36.0μs   1.88GiB    1.7%  11.2KiB
             restor...  73.2k    5.55s    0.0%  75.8μs    703MiB    0.6%  9.83KiB
             conver...  73.2k    227ms    0.0%  3.11μs   14.5MiB    0.0%     208B
             minima...  73.2k   35.8ms    0.0%   489ns     0.00B    0.0%    0.00B
           solve_pr...  73.2k    1.87h   45.0%  92.0ms   1.14GiB    1.0%  16.4KiB
           dual_ini...  73.2k   87.2ms    0.0%  1.19μs   14.5MiB    0.0%     208B
         space_change    146k   52.2ms    0.0%   356ns     0.00B    0.0%    0.00B
       update_bellman   3.66k    755ms    0.0%   206μs    292MiB    0.3%  81.7KiB
         cut_selection  73.0k   31.4ms    0.0%   431ns   6.31MiB    0.0%    90.7B
     forward_pass          37     330s    2.2%   8.93s    253MiB    0.2%  6.84MiB
       solve_subpro...  3.70k     330s    2.2%  89.3ms    243MiB    0.2%  67.4KiB
         solver_cal...  3.70k     330s    2.2%  89.1ms    167MiB    0.1%  46.2KiB
     calculate_bound       37    587ms    0.0%  15.9ms   7.60MiB    0.0%   210KiB
       solver_call_...     37    552ms    0.0%  14.9ms   71.5KiB    0.0%  1.93KiB
 ────────────────────────────────────────────────────────────────────────────────

||||||||||||||||||||||||||||||||||||||||||||||||||||||||||||||||||||||||||||||||||||||||||||||||||||||||||||||||||||||||||||||||||||||||
LAGRANGIAN DUAL SOLUTION RESULTS
mn_opt: 0 times (0.0%)
conv: 0 times (0.0%)
unbounded: 0 times (0.0%)
bound_issues: 0 times (0.0%)
subgr_stalling: 0 times (0.0%)
opt: 73223 times (100.0%)
feas_issues: 0 times (0.0%)
sub: 0 times (0.0%)
mn_iter: 0 times (0.0%)
iter: 0 times (0.0%)
mn_issue: 0 times (0.0%)

||||||||||||||||||||||||||||||||||||||||||||||||||||||||||||||||||||||||||||||||||||||||||||||||||||||||||||||||||||||||||||||||||||||||
SIMULATION RESULTS
DynamicSDDiP.Simulation(DynamicSDDiP.InSampleMonteCarlo(), 1000)
Lower bound: 62221.05310277608
Statistical upper bound (confidence interval): 76299.19934855278 ± 71.48718415424163
Pessimistic upper bound: 76370.68653270703
