

#########################################################################################################################################
#########################################################################################################################################
#########################################################################################################################################
#########################################################################################################################################
#########################################################################################################################################
DynamicSDDiP.jl (c) Christian Füllner, 2021
re-uses code from SDDP.jl (c) Oscar Dowson, 2017-21
||||||||||||||||||||||||||||||||||||||||||||||||||||||||||||||||||||||||||||||||||||||||||||||||||||||||||||||||||||||||||||||||||||||||
PATH
calling 
C:\Users\cg4102\.julia\packages\DynamicSDDiP\2lhpi\src
nothing
DATETIME
2024-09-24T08:44:46.062
||||||||||||||||||||||||||||||||||||||||||||||||||||||||||||||||||||||||||||||||||||||||||||||||||||||||||||||||||||||||||||||||||||||||
STOPPING RULES
SDDP.TimeLimit(14400.0)
SDDP.BoundStalling(20, 0.0001)
||||||||||||||||||||||||||||||||||||||||||||||||||||||||||||||||||||||||||||||||||||||||||||||||||||||||||||||||||||||||||||||||||||||||
REGULARIZATION
DynamicSDDiP.NoRegularization()
||||||||||||||||||||||||||||||||||||||||||||||||||||||||||||||||||||||||||||||||||||||||||||||||||||||||||||||||||||||||||||||||||||||||
CUT GENERATION REGIMES
DynamicSDDiP.CutGenerationRegime(DynamicSDDiP.NoStateApproximation(), DynamicSDDiP.LinearDuality(), 1, Inf, Inf, 0.0, true, 0.0001)

||||||||||||||||||||||||||||||||||||||||||||||||||||||||||||||||||||||||||||||||||||||||||||||||||||||||||||||||||||||||||||||||||||||||
CUT AGGREGATION
DynamicSDDiP.MultiCutRegime()
||||||||||||||||||||||||||||||||||||||||||||||||||||||||||||||||||||||||||||||||||||||||||||||||||||||||||||||||||||||||||||||||||||||||
CUT SELECTION
DynamicSDDiP.NoCutSelection()
||||||||||||||||||||||||||||||||||||||||||||||||||||||||||||||||||||||||||||||||||||||||||||||||||||||||||||||||||||||||||||||||||||||||
LATE BINARIZATION
DynamicSDDiP.NoLateBinarization()
||||||||||||||||||||||||||||||||||||||||||||||||||||||||||||||||||||||||||||||||||||||||||||||||||||||||||||||||||||||||||||||||||||||||
APPLIED SOLVERS (LP, MILP, MIQCP, MINLP, NLP, Lagrange)
DynamicSDDiP.AppliedSolvers(true, "Gurobi", "Gurobi", "Gurobi", "Gurobi", "Gurobi", "Gurobi", "Gurobi", "Gurobi", "Gurobi", 0.0001, 300)
DynamicSDDiP.Direct_Solver()
Numerical focus: false
Silent: true
||||||||||||||||||||||||||||||||||||||||||||||||||||||||||||||||||||||||||||||||||||||||||||||||||||||||||||||||||||||||||||||||||||||||
SAMPLING
Used seed for sampling scenarios: 
11111     
||||||||||||||||||||||||||||||||||||||||||||||||||||||||||||||||||||||||||||||||||||||||||||||||||||||||||||||||||||||||||||||||||||||||
RUN DESCRIPTION

||||||||||||||||||||||||||||||||||||||||||||||||||||||||||||||||||||||||||||||||||||||||||||||||||||||||||||||||||||||||||||||||||||||||
PROBLEM DESCRIPTION
Number of stages: 100
Number of realizations per stage: 20
Seed for scenario tree sampling: 12345
Solver: serial mode

────────────────────────────────────────────────────────────────────────────────────────────────────────────────────────────────────────────────────────────────────────────────────────────────────────
It.#               UB        Best UB             LB       Gap           Time        It_Time           Refinements                            #Var.   #Constr.             #Cuts       Lagrangian Dual                                               
                                                          [%]            [s]            [s]          σ       Bin.      Total      {0,1}          ℤ      Total    Total   Active      # It.    # C-It.  # C-Real.  
────────────────────────────────────────────────────────────────────────────────────────────────────────────────────────────────────────────────────────────────────────────────────────────────────────
1        7.872916e+04   7.872916e+04   5.450197e+04    0.3077   2.231200e+01   2.231200e+01      false       none        902         48        800         48     1980     1980          0          0          0
2        7.796655e+04   7.796655e+04   5.462482e+04    0.2994   3.951500e+01   1.720300e+01      false       none        902         48        800         48     3960     3960          0          0          0
3        7.902102e+04   7.796655e+04   5.480578e+04    0.2971   6.012500e+01   2.061000e+01      false       none        902         48        800         48     5940     5940          0          0          0
4        7.832425e+04   7.796655e+04   5.490877e+04    0.2957   7.887500e+01   1.875000e+01      false       none        902         48        800         48     7920     7920          0          0          0
5        8.010090e+04   7.796655e+04   5.494924e+04    0.2952   9.873400e+01   1.985900e+01      false       none        902         48        800         48     9900     9900          0          0          0
6        7.883312e+04   7.796655e+04   5.504946e+04    0.2939   1.180930e+02   1.935900e+01      false       none        902         48        800         48    11880    11880          0          0          0
7        7.692502e+04   7.692502e+04   5.516607e+04    0.2829   1.365150e+02   1.842200e+01      false       none        902         48        800         48    13859    13859          0          0          0
8        7.844559e+04   7.692502e+04   5.520212e+04    0.2824   1.545780e+02   1.806300e+01      false       none        902         48        800         48    15839    15839          0          0          0
9        7.969430e+04   7.692502e+04   5.532400e+04    0.2808   1.728750e+02   1.829700e+01      false       none        902         48        800         48    17816    17816          0          0          0
10       7.945779e+04   7.692502e+04   5.542372e+04    0.2795   1.921250e+02   1.925000e+01      false       none        902         48        800         48    19796    19796          0          0          0
11       7.963809e+04   7.692502e+04   5.547651e+04    0.2788   2.113900e+02   1.926500e+01      false       none        902         48        800         48    21776    21776          0          0          0
12       7.910239e+04   7.692502e+04   5.551380e+04    0.2783   2.308590e+02   1.946900e+01      false       none        902         48        800         48    23756    23756          0          0          0
13       7.949357e+04   7.692502e+04   5.559221e+04    0.2773   2.510780e+02   2.021900e+01      false       none        902         48        800         48    25736    25736          0          0          0
14       7.930461e+04   7.692502e+04   5.570090e+04    0.2759   2.708750e+02   1.979700e+01      false       none        902         48        800         48    27714    27714          0          0          0
15       7.982650e+04   7.692502e+04   5.578727e+04    0.2748   2.909060e+02   2.003100e+01      false       none        902         48        800         48    29694    29694          0          0          0
16       7.827482e+04   7.692502e+04   5.583520e+04    0.2742   3.109690e+02   2.006300e+01      false       none        902         48        800         48    31674    31674          0          0          0
17       7.954447e+04   7.692502e+04   5.592677e+04    0.2730   3.306090e+02   1.964000e+01      false       none        902         48        800         48    33654    33654          0          0          0
18       7.662727e+04   7.662727e+04   5.596970e+04    0.2696   3.501720e+02   1.956300e+01      false       none        902         48        800         48    35634    35634          0          0          0
19       7.929945e+04   7.662727e+04   5.604838e+04    0.2686   3.697340e+02   1.956200e+01      false       none        902         48        800         48    37613    37613          0          0          0
20       7.751175e+04   7.662727e+04   5.614065e+04    0.2674   3.899220e+02   2.018800e+01      false       none        902         48        800         48    39593    39593          0          0          0
21       7.991053e+04   7.662727e+04   5.616847e+04    0.2670   4.097500e+02   1.982800e+01      false       none        902         48        800         48    41571    41571          0          0          0
22       7.911674e+04   7.662727e+04   5.620759e+04    0.2665   4.305630e+02   2.081300e+01      false       none        902         48        800         48    43551    43551          0          0          0
23       7.968812e+04   7.662727e+04   5.629683e+04    0.2653   4.509690e+02   2.040600e+01      false       none        902         48        800         48    45531    45531          0          0          0
24       7.760330e+04   7.662727e+04   5.638212e+04    0.2642   4.704060e+02   1.943700e+01      false       none        902         48        800         48    47511    47511          0          0          0
25       7.826198e+04   7.662727e+04   5.645081e+04    0.2633   4.907500e+02   2.034400e+01      false       none        902         48        800         48    49488    49488          0          0          0
26       7.623354e+04   7.623354e+04   5.648823e+04    0.2590   5.106250e+02   1.987500e+01      false       none        902         48        800         48    51467    51467          0          0          0
27       7.854901e+04   7.623354e+04   5.657497e+04    0.2579   5.313440e+02   2.071900e+01      false       none        902         48        800         48    53447    53447          0          0          0
28       7.976708e+04   7.623354e+04   5.659078e+04    0.2577   5.534370e+02   2.209300e+01      false       none        902         48        800         48    55423    55423          0          0          0
29       8.146952e+04   7.623354e+04   5.666634e+04    0.2567   5.738750e+02   2.043800e+01      false       none        902         48        800         48    57403    57403          0          0          0
30       7.832763e+04   7.623354e+04   5.676658e+04    0.2554   5.946250e+02   2.075000e+01      false       none        902         48        800         48    59380    59380          0          0          0
31       7.946244e+04   7.623354e+04   5.680600e+04    0.2548   6.158590e+02   2.123400e+01      false       none        902         48        800         48    61359    61359          0          0          0
32       7.856182e+04   7.623354e+04   5.687810e+04    0.2539   6.366720e+02   2.081300e+01      false       none        902         48        800         48    63332    63332          0          0          0
33       7.877481e+04   7.623354e+04   5.698888e+04    0.2524   6.575780e+02   2.090600e+01      false       none        902         48        800         48    65309    65309          0          0          0
34       8.002573e+04   7.623354e+04   5.712873e+04    0.2506   6.800000e+02   2.242200e+01      false       none        902         48        800         48    67289    67289          0          0          0
35       7.950521e+04   7.623354e+04   5.720515e+04    0.2496   7.018440e+02   2.184400e+01      false       none        902         48        800         48    69263    69263          0          0          0
36       7.730654e+04   7.623354e+04   5.730326e+04    0.2483   7.238590e+02   2.201500e+01      false       none        902         48        800         48    71239    71239          0          0          0
37       7.946491e+04   7.623354e+04   5.735634e+04    0.2476   7.464220e+02   2.256300e+01      false       none        902         48        800         48    73219    73219          0          0          0
38       7.742050e+04   7.623354e+04   5.741963e+04    0.2468   7.690310e+02   2.260900e+01      false       none        902         48        800         48    75199    75199          0          0          0
39       7.904289e+04   7.623354e+04   5.749275e+04    0.2458   7.918910e+02   2.286000e+01      false       none        902         48        800         48    77178    77178          0          0          0
40       7.808389e+04   7.623354e+04   5.752492e+04    0.2454   8.146720e+02   2.278100e+01      false       none        902         48        800         48    79157    79157          0          0          0
41       8.087640e+04   7.623354e+04   5.756613e+04    0.2449   8.387660e+02   2.409400e+01      false       none        902         48        800         48    81127    81127          0          0          0
42       7.729266e+04   7.623354e+04   5.762528e+04    0.2441   8.617810e+02   2.301500e+01      false       none        902         48        800         48    83092    83092          0          0          0
43       7.905007e+04   7.623354e+04   5.766630e+04    0.2436   8.852030e+02   2.342200e+01      false       none        902         48        800         48    85072    85072          0          0          0
44       7.929911e+04   7.623354e+04   5.774723e+04    0.2425   9.089380e+02   2.373500e+01      false       none        902         48        800         48    87052    87052          0          0          0
45       7.878753e+04   7.623354e+04   5.777467e+04    0.2421   9.331560e+02   2.421800e+01      false       none        902         48        800         48    89020    89020          0          0          0
46       8.060148e+04   7.623354e+04   5.784187e+04    0.2413   9.576880e+02   2.453200e+01      false       none        902         48        800         48    90999    90999          0          0          0
47       7.887094e+04   7.623354e+04   5.795697e+04    0.2397   9.810780e+02   2.339000e+01      false       none        902         48        800         48    92967    92967          0          0          0
48       7.553111e+04   7.553111e+04   5.797077e+04    0.2325   1.002938e+03   2.186000e+01      false       none        902         48        800         48    94945    94945          0          0          0
49       7.956890e+04   7.553111e+04   5.802811e+04    0.2317   1.027047e+03   2.410900e+01      false       none        902         48        800         48    96912    96912          0          0          0
50       7.877506e+04   7.553111e+04   5.810659e+04    0.2307   1.050078e+03   2.303100e+01      false       none        902         48        800         48    98890    98890          0          0          0
51       7.910669e+04   7.553111e+04   5.813406e+04    0.2303   1.073391e+03   2.331300e+01      false       none        902         48        800         48   100865   100865          0          0          0
52       7.987482e+04   7.553111e+04   5.818922e+04    0.2296   1.096344e+03   2.295300e+01      false       none        902         48        800         48   102837   102837          0          0          0
53       7.649497e+04   7.553111e+04   5.826304e+04    0.2286   1.119157e+03   2.281300e+01      false       none        902         48        800         48   104816   104816          0          0          0
54       8.081187e+04   7.553111e+04   5.829424e+04    0.2282   1.142344e+03   2.318700e+01      false       none        902         48        800         48   106787   106787          0          0          0
55       7.856593e+04   7.553111e+04   5.833705e+04    0.2276   1.165282e+03   2.293800e+01      false       none        902         48        800         48   108758   108758          0          0          0
56       7.861667e+04   7.553111e+04   5.837797e+04    0.2271   1.188782e+03   2.350000e+01      false       none        902         48        800         48   110738   110738          0          0          0
57       7.888992e+04   7.553111e+04   5.845435e+04    0.2261   1.213516e+03   2.473400e+01      false       none        902         48        800         48   112718   112718          0          0          0
58       7.749114e+04   7.553111e+04   5.847774e+04    0.2258   1.237282e+03   2.376600e+01      false       none        902         48        800         48   114678   114678          0          0          0
59       7.707212e+04   7.553111e+04   5.851177e+04    0.2253   1.260641e+03   2.335900e+01      false       none        902         48        800         48   116655   116655          0          0          0
60       7.784790e+04   7.553111e+04   5.859442e+04    0.2242   1.284547e+03   2.390600e+01      false       none        902         48        800         48   118635   118635          0          0          0
61       7.823820e+04   7.553111e+04   5.862285e+04    0.2239   1.309204e+03   2.465700e+01      false       none        902         48        800         48   120595   120595          0          0          0
62       7.797467e+04   7.553111e+04   5.865874e+04    0.2234   1.333469e+03   2.426500e+01      false       none        902         48        800         48   122571   122571          0          0          0
63       7.948699e+04   7.553111e+04   5.872009e+04    0.2226   1.358297e+03   2.482800e+01      false       none        902         48        800         48   124548   124548          0          0          0
64       7.806053e+04   7.553111e+04   5.878014e+04    0.2218   1.383657e+03   2.536000e+01      false       none        902         48        800         48   126524   126524          0          0          0
65       8.090438e+04   7.553111e+04   5.882073e+04    0.2212   1.408407e+03   2.475000e+01      false       none        902         48        800         48   128504   128504          0          0          0
66       7.981636e+04   7.553111e+04   5.886397e+04    0.2207   1.435735e+03   2.732800e+01      false       none        902         48        800         48   130476   130476          0          0          0
67       7.678806e+04   7.553111e+04   5.889892e+04    0.2202   1.459454e+03   2.371900e+01      false       none        902         48        800         48   132436   132436          0          0          0
68       7.883919e+04   7.553111e+04   5.896438e+04    0.2193   1.483844e+03   2.439000e+01      false       none        902         48        800         48   134396   134396          0          0          0
69       8.035728e+04   7.553111e+04   5.897591e+04    0.2192   1.509282e+03   2.543800e+01      false       none        902         48        800         48   136368   136368          0          0          0
70       7.644010e+04   7.553111e+04   5.900123e+04    0.2188   1.533063e+03   2.378100e+01      false       none        902         48        800         48   138348   138348          0          0          0
71       7.760657e+04   7.553111e+04   5.906091e+04    0.2181   1.557751e+03   2.468800e+01      false       none        902         48        800         48   140323   140323          0          0          0
72       7.689013e+04   7.553111e+04   5.911757e+04    0.2173   1.582532e+03   2.478100e+01      false       none        902         48        800         48   142297   142297          0          0          0
73       7.907836e+04   7.553111e+04   5.916418e+04    0.2167   1.608688e+03   2.615600e+01      false       none        902         48        800         48   144274   144274          0          0          0
74       8.047371e+04   7.553111e+04   5.919986e+04    0.2162   1.634438e+03   2.575000e+01      false       none        902         48        800         48   146245   146245          0          0          0
75       8.065555e+04   7.553111e+04   5.923961e+04    0.2157   1.661735e+03   2.729700e+01      false       none        902         48        800         48   148205   148205          0          0          0
76       7.932086e+04   7.553111e+04   5.928870e+04    0.2150   1.688422e+03   2.668700e+01      false       none        902         48        800         48   150178   150178          0          0          0
77       7.700136e+04   7.553111e+04   5.932616e+04    0.2145   1.715001e+03   2.657900e+01      false       none        902         48        800         48   152146   152146          0          0          0
78       7.817784e+04   7.553111e+04   5.935428e+04    0.2142   1.741938e+03   2.693700e+01      false       none        902         48        800         48   154106   154106          0          0          0
79       7.711433e+04   7.553111e+04   5.938371e+04    0.2138   1.768516e+03   2.657800e+01      false       none        902         48        800         48   156083   156083          0          0          0
80       7.796515e+04   7.553111e+04   5.945889e+04    0.2128   1.794735e+03   2.621900e+01      false       none        902         48        800         48   158056   158056          0          0          0
81       8.009462e+04   7.553111e+04   5.947296e+04    0.2126   1.822110e+03   2.737500e+01      false       none        902         48        800         48   160016   160016          0          0          0
82       7.822714e+04   7.553111e+04   5.952887e+04    0.2119   1.849673e+03   2.756300e+01      false       none        902         48        800         48   161991   161991          0          0          0
83       7.995727e+04   7.553111e+04   5.960239e+04    0.2109   1.877485e+03   2.781200e+01      false       none        902         48        800         48   163971   163971          0          0          0
84       7.910798e+04   7.553111e+04   5.961758e+04    0.2107   1.905141e+03   2.765600e+01      false       none        902         48        800         48   165931   165931          0          0          0
85       7.705970e+04   7.553111e+04   5.965442e+04    0.2102   1.933001e+03   2.786000e+01      false       none        902         48        800         48   167891   167891          0          0          0
86       7.866457e+04   7.553111e+04   5.971865e+04    0.2094   1.960860e+03   2.785900e+01      false       none        902         48        800         48   169869   169869          0          0          0
87       8.009818e+04   7.553111e+04   5.975623e+04    0.2089   1.990391e+03   2.953100e+01      false       none        902         48        800         48   171841   171841          0          0          0
88       7.990859e+04   7.553111e+04   5.979425e+04    0.2083   2.019782e+03   2.939100e+01      false       none        902         48        800         48   173821   173821          0          0          0
89       7.977286e+04   7.553111e+04   5.982866e+04    0.2079   2.049266e+03   2.948400e+01      false       none        902         48        800         48   175781   175781          0          0          0
90       7.825973e+04   7.553111e+04   5.985306e+04    0.2076   2.078532e+03   2.926600e+01      false       none        902         48        800         48   177741   177741          0          0          0
91       8.000798e+04   7.553111e+04   5.992655e+04    0.2066   2.109126e+03   3.059400e+01      false       none        902         48        800         48   179701   179701          0          0          0
92       7.640896e+04   7.553111e+04   5.993582e+04    0.2065   2.137298e+03   2.817200e+01      false       none        902         48        800         48   181674   181674          0          0          0
93       7.864927e+04   7.553111e+04   5.996946e+04    0.2060   2.166157e+03   2.885900e+01      false       none        902         48        800         48   183634   183634          0          0          0
94       7.822188e+04   7.553111e+04   6.002863e+04    0.2052   2.195548e+03   2.939100e+01      false       none        902         48        800         48   185609   185609          0          0          0
95       7.849255e+04   7.553111e+04   6.004048e+04    0.2051   2.225767e+03   3.021900e+01      false       none        902         48        800         48   187569   187569          0          0          0
96       7.603120e+04   7.553111e+04   6.008473e+04    0.2045   2.254735e+03   2.896800e+01      false       none        902         48        800         48   189548   189548          0          0          0
97       7.870221e+04   7.553111e+04   6.013491e+04    0.2038   2.283673e+03   2.893800e+01      false       none        902         48        800         48   191507   191507          0          0          0
98       7.731938e+04   7.553111e+04   6.015320e+04    0.2036   2.311548e+03   2.787500e+01      false       none        902         48        800         48   193483   193483          0          0          0
99       7.857893e+04   7.553111e+04   6.018002e+04    0.2032   2.340204e+03   2.865600e+01      false       none        902         48        800         48   195462   195462          0          0          0
100      7.899676e+04   7.553111e+04   6.019928e+04    0.2030   2.368892e+03   2.868800e+01      false       none        902         48        800         48   197422   197422          0          0          0
101      7.944267e+04   7.553111e+04   6.023878e+04    0.2025   2.397954e+03   2.906200e+01      false       none        902         48        800         48   199382   199382          0          0          0
102      7.614480e+04   7.553111e+04   6.026539e+04    0.2021   2.427079e+03   2.912500e+01      false       none        902         48        800         48   201362   201362          0          0          0
103      7.863897e+04   7.553111e+04   6.030775e+04    0.2016   2.457689e+03   3.061000e+01      false       none        902         48        800         48   203322   203322          0          0          0
104      7.794810e+04   7.553111e+04   6.036477e+04    0.2008   2.487267e+03   2.957800e+01      false       none        902         48        800         48   205288   205288          0          0          0
105      7.807460e+04   7.553111e+04   6.038310e+04    0.2006   2.517439e+03   3.017200e+01      false       none        902         48        800         48   207265   207265          0          0          0
106      7.944505e+04   7.553111e+04   6.039892e+04    0.2003   2.548251e+03   3.081200e+01      false       none        902         48        800         48   209225   209225          0          0          0
107      7.746692e+04   7.553111e+04   6.044278e+04    0.1998   2.578783e+03   3.053200e+01      false       none        902         48        800         48   211195   211195          0          0          0
108      7.799615e+04   7.553111e+04   6.047272e+04    0.1994   2.610236e+03   3.145300e+01      false       none        902         48        800         48   213168   213168          0          0          0
109      8.035891e+04   7.553111e+04   6.051104e+04    0.1989   2.642361e+03   3.212500e+01      false       none        902         48        800         48   215148   215148          0          0          0
110      7.818238e+04   7.553111e+04   6.054354e+04    0.1984   2.674220e+03   3.185900e+01      false       none        902         48        800         48   217108   217108          0          0          0
111      7.973735e+04   7.553111e+04   6.056045e+04    0.1982   2.706486e+03   3.226600e+01      false       none        902         48        800         48   219068   219068          0          0          0
112      7.950858e+04   7.553111e+04   6.061384e+04    0.1975   2.738142e+03   3.165600e+01      false       none        902         48        800         48   221028   221028          0          0          0
113      8.070838e+04   7.553111e+04   6.063129e+04    0.1973   2.773200e+03   3.505800e+01      false       none        902         48        800         48   223003   223003          0          0          0
114      7.840299e+04   7.553111e+04   6.065490e+04    0.1970   2.805544e+03   3.234400e+01      false       none        902         48        800         48   224963   224963          0          0          0
115      7.979459e+04   7.553111e+04   6.071771e+04    0.1961   2.838810e+03   3.326600e+01      false       none        902         48        800         48   226940   226940          0          0          0
116      7.995387e+04   7.553111e+04   6.074938e+04    0.1957   2.872138e+03   3.332800e+01      false       none        902         48        800         48   228916   228916          0          0          0
117      7.873310e+04   7.553111e+04   6.080384e+04    0.1950   2.905841e+03   3.370300e+01      false       none        902         48        800         48   230876   230876          0          0          0
118      7.886471e+04   7.553111e+04   6.082037e+04    0.1948   2.939951e+03   3.411000e+01      false       none        902         48        800         48   232853   232853          0          0          0
119      7.860863e+04   7.553111e+04   6.084000e+04    0.1945   2.973810e+03   3.385900e+01      false       none        902         48        800         48   234811   234811          0          0          0
120      7.734626e+04   7.553111e+04   6.088753e+04    0.1939   3.007904e+03   3.409400e+01      false       none        902         48        800         48   236771   236771          0          0          0
121      7.904225e+04   7.553111e+04   6.089908e+04    0.1937   3.039920e+03   3.201600e+01      false       none        902         48        800         48   238743   238743          0          0          0
122      7.834248e+04   7.553111e+04   6.091734e+04    0.1935   3.073029e+03   3.310900e+01      false       none        902         48        800         48   240703   240703          0          0          0
123      7.994908e+04   7.553111e+04   6.095454e+04    0.1930   3.105576e+03   3.254700e+01      false       none        902         48        800         48   242663   242663          0          0          0
124      7.682620e+04   7.553111e+04   6.098400e+04    0.1926   3.137373e+03   3.179700e+01      false       none        902         48        800         48   244642   244642          0          0          0
125      7.513665e+04   7.513665e+04   6.100794e+04    0.1880   3.169748e+03   3.237500e+01      false       none        902         48        800         48   246602   246602          0          0          0
126      7.752048e+04   7.513665e+04   6.103369e+04    0.1877   3.202123e+03   3.237500e+01      false       none        902         48        800         48   248574   248574          0          0          0
127      7.983298e+04   7.513665e+04   6.106429e+04    0.1873   3.235717e+03   3.359400e+01      false       none        902         48        800         48   250548   250548          0          0          0
128      7.816828e+04   7.513665e+04   6.109356e+04    0.1869   3.269935e+03   3.421800e+01      false       none        902         48        800         48   252524   252524          0          0          0
129      7.981243e+04   7.513665e+04   6.110654e+04    0.1867   3.302889e+03   3.295400e+01      false       none        902         48        800         48   254484   254484          0          0          0
130      7.840467e+04   7.513665e+04   6.115534e+04    0.1861   3.336061e+03   3.317200e+01      false       none        902         48        800         48   256459   256459          0          0          0
131      7.719836e+04   7.513665e+04   6.120294e+04    0.1854   3.370420e+03   3.435900e+01      false       none        902         48        800         48   258419   258419          0          0          0
132      7.861633e+04   7.513665e+04   6.122033e+04    0.1852   3.406342e+03   3.592200e+01      false       none        902         48        800         48   260364   260364          0          0          0
133      8.008609e+04   7.513665e+04   6.124099e+04    0.1849   3.443389e+03   3.704700e+01      false       none        902         48        800         48   262332   262332          0          0          0
134      7.904983e+04   7.513665e+04   6.125341e+04    0.1848   3.479639e+03   3.625000e+01      false       none        902         48        800         48   264292   264292          0          0          0
135      7.862851e+04   7.513665e+04   6.128043e+04    0.1844   3.514998e+03   3.535900e+01      false       none        902         48        800         48   266264   266264          0          0          0
136      7.871834e+04   7.513665e+04   6.128948e+04    0.1843   3.551717e+03   3.671900e+01      false       none        902         48        800         48   268224   268224          0          0          0
137      7.697661e+04   7.513665e+04   6.134156e+04    0.1836   3.587264e+03   3.554700e+01      false       none        902         48        800         48   270184   270184          0          0          0
138      7.689384e+04   7.513665e+04   6.135313e+04    0.1834   3.623420e+03   3.615600e+01      false       none        902         48        800         48   272150   272150          0          0          0
139      7.801039e+04   7.513665e+04   6.139118e+04    0.1829   3.660623e+03   3.720300e+01      false       none        902         48        800         48   274107   274107          0          0          0
140      7.766423e+04   7.513665e+04   6.140542e+04    0.1828   3.697529e+03   3.690600e+01      false       none        902         48        800         48   276076   276076          0          0          0
141      7.837423e+04   7.513665e+04   6.143282e+04    0.1824   3.735373e+03   3.784400e+01      false       none        902         48        800         48   278036   278036          0          0          0
142      7.768608e+04   7.513665e+04   6.146111e+04    0.1820   3.771779e+03   3.640600e+01      false       none        902         48        800         48   279977   279977          0          0          0
143      7.576732e+04   7.513665e+04   6.148232e+04    0.1817   3.808904e+03   3.712500e+01      false       none        902         48        800         48   281935   281935          0          0          0
144      7.981130e+04   7.513665e+04   6.150090e+04    0.1815   3.848405e+03   3.950100e+01      false       none        902         48        800         48   283895   283895          0          0          0
145      7.963763e+04   7.513665e+04   6.150920e+04    0.1814   3.887014e+03   3.860900e+01      false       none        902         48        800         48   285855   285855          0          0          0
146      7.733521e+04   7.513665e+04   6.151818e+04    0.1812   3.925498e+03   3.848400e+01      false       none        902         48        800         48   287829   287829          0          0          0
147      7.754980e+04   7.513665e+04   6.154071e+04    0.1809   3.964295e+03   3.879700e+01      false       none        902         48        800         48   289801   289801          0          0          0
148      7.643045e+04   7.513665e+04   6.158099e+04    0.1804   4.003123e+03   3.882800e+01      false       none        902         48        800         48   291778   291778          0          0          0
149      7.545695e+04   7.513665e+04   6.162875e+04    0.1798   4.040936e+03   3.781300e+01      false       none        902         48        800         48   293738   293738          0          0          0
150      7.910496e+04   7.513665e+04   6.164884e+04    0.1795   4.080873e+03   3.993700e+01      false       none        902         48        800         48   295711   295711          0          0          0
151      7.958898e+04   7.513665e+04   6.167493e+04    0.1792   4.118670e+03   3.779700e+01      false       none        902         48        800         48   297668   297668          0          0          0
152      7.873435e+04   7.513665e+04   6.169490e+04    0.1789   4.156405e+03   3.773500e+01      false       none        902         48        800         48   299639   299639          0          0          0
153      7.895462e+04   7.513665e+04   6.171110e+04    0.1787   4.195155e+03   3.875000e+01      false       none        902         48        800         48   301613   301613          0          0          0
154      7.887698e+04   7.513665e+04   6.173932e+04    0.1783   4.233842e+03   3.868700e+01      false       none        902         48        800         48   303579   303579          0          0          0
155      7.858626e+04   7.513665e+04   6.175133e+04    0.1781   4.273202e+03   3.936000e+01      false       none        902         48        800         48   305524   305524          0          0          0
156      7.843696e+04   7.513665e+04   6.175910e+04    0.1780   4.311436e+03   3.823400e+01      false       none        902         48        800         48   307497   307497          0          0          0
157      7.943612e+04   7.513665e+04   6.176679e+04    0.1779   4.350639e+03   3.920300e+01      false       none        902         48        800         48   309456   309456          0          0          0
158      7.696799e+04   7.513665e+04   6.180559e+04    0.1774   4.389280e+03   3.864100e+01      false       none        902         48        800         48   311410   311410          0          0          0
159      7.937451e+04   7.513665e+04   6.181797e+04    0.1773   4.430046e+03   4.076600e+01      false       none        902         48        800         48   313367   313367          0          0          0
160      7.930514e+04   7.513665e+04   6.183951e+04    0.1770   4.470108e+03   4.006200e+01      false       none        902         48        800         48   315327   315327          0          0          0
161      8.002882e+04   7.513665e+04   6.184993e+04    0.1768   4.510499e+03   4.039100e+01      false       none        902         48        800         48   317286   317286          0          0          0
162      7.754029e+04   7.513665e+04   6.186262e+04    0.1767   4.550108e+03   3.960900e+01      false       none        902         48        800         48   319224   319224          0          0          0
163      7.842063e+04   7.513665e+04   6.188307e+04    0.1764   4.587515e+03   3.740700e+01      false       none        902         48        800         48   321164   321164          0          0          0
164      7.728822e+04   7.513665e+04   6.189790e+04    0.1762   4.622608e+03   3.509300e+01      false       none        902         48        800         48   323123   323123          0          0          0
165      7.732407e+04   7.513665e+04   6.192582e+04    0.1758   4.659452e+03   3.684400e+01      false       none        902         48        800         48   325083   325083          0          0          0
166      7.946607e+04   7.513665e+04   6.196271e+04    0.1753   4.697186e+03   3.773400e+01      false       none        902         48        800         48   327051   327051          0          0          0
167      7.992454e+04   7.513665e+04   6.197934e+04    0.1751   4.734593e+03   3.740700e+01      false       none        902         48        800         48   329025   329025          0          0          0
168      7.732839e+04   7.513665e+04   6.200495e+04    0.1748   4.771905e+03   3.731200e+01      false       none        902         48        800         48   331000   331000          0          0          0
169      7.701423e+04   7.513665e+04   6.203949e+04    0.1743   4.808733e+03   3.682800e+01      false       none        902         48        800         48   332960   332960          0          0          0
170      7.936027e+04   7.513665e+04   6.206060e+04    0.1740   4.847765e+03   3.903200e+01      false       none        902         48        800         48   334934   334934          0          0          0
171      7.944913e+04   7.513665e+04   6.207143e+04    0.1739   4.888186e+03   4.042100e+01      false       none        902         48        800         48   336892   336892          0          0          0
172      7.745799e+04   7.513665e+04   6.208354e+04    0.1737   4.925733e+03   3.754700e+01      false       none        902         48        800         48   338838   338838          0          0          0
173      8.106230e+04   7.513665e+04   6.210293e+04    0.1735   4.964780e+03   3.904700e+01      false       none        902         48        800         48   340812   340812          0          0          0
174      7.918874e+04   7.513665e+04   6.213190e+04    0.1731   5.005187e+03   4.040700e+01      false       none        902         48        800         48   342791   342791          0          0          0
175      7.927962e+04   7.513665e+04   6.214494e+04    0.1729   5.044733e+03   3.954600e+01      false       none        902         48        800         48   344751   344751          0          0          0
176      7.700601e+04   7.513665e+04   6.216101e+04    0.1727   5.083874e+03   3.914100e+01      false       none        902         48        800         48   346711   346711          0          0          0
177      7.759594e+04   7.513665e+04   6.219083e+04    0.1723   5.124937e+03   4.106300e+01      false       none        902         48        800         48   348654   348654          0          0          0
178      7.790439e+04   7.513665e+04   6.219809e+04    0.1722   5.165343e+03   4.040600e+01      false       none        902         48        800         48   350607   350607          0          0          0
179      7.756876e+04   7.513665e+04   6.222222e+04    0.1719   5.205890e+03   4.054700e+01      false       none        902         48        800         48   352547   352547          0          0          0
180      7.878545e+04   7.513665e+04   6.224344e+04    0.1716   5.246531e+03   4.064100e+01      false       none        902         48        800         48   354521   354521          0          0          0
181      7.817339e+04   7.513665e+04   6.225333e+04    0.1715   5.285765e+03   3.923400e+01      false       none        902         48        800         48   356481   356481          0          0          0
182      7.769491e+04   7.513665e+04   6.229361e+04    0.1709   5.325281e+03   3.951600e+01      false       none        902         48        800         48   358441   358441          0          0          0
183      7.846599e+04   7.513665e+04   6.230681e+04    0.1708   5.367281e+03   4.200000e+01      false       none        902         48        800         48   360421   360421          0          0          0
184      7.843981e+04   7.513665e+04   6.232120e+04    0.1706   5.408687e+03   4.140600e+01      false       none        902         48        800         48   362381   362381          0          0          0
185      7.580891e+04   7.513665e+04   6.236490e+04    0.1700   5.449937e+03   4.125000e+01      false       none        902         48        800         48   364340   364340          0          0          0
186      7.881004e+04   7.513665e+04   6.237437e+04    0.1699   5.491546e+03   4.160900e+01      false       none        902         48        800         48   366300   366300          0          0          0
187      7.915366e+04   7.513665e+04   6.239892e+04    0.1695   5.533562e+03   4.201600e+01      false       none        902         48        800         48   368260   368260          0          0          0
188      7.964630e+04   7.513665e+04   6.242463e+04    0.1692   5.575625e+03   4.206300e+01      false       none        902         48        800         48   370230   370230          0          0          0
189      7.757610e+04   7.513665e+04   6.243615e+04    0.1690   5.617437e+03   4.181200e+01      false       none        902         48        800         48   372200   372200          0          0          0
190      7.786925e+04   7.513665e+04   6.243974e+04    0.1690   5.660000e+03   4.256300e+01      false       none        902         48        800         48   374149   374149          0          0          0
191      7.936385e+04   7.513665e+04   6.247190e+04    0.1686   5.702656e+03   4.265600e+01      false       none        902         48        800         48   376116   376116          0          0          0
192      7.732827e+04   7.513665e+04   6.248303e+04    0.1684   5.744578e+03   4.192200e+01      false       none        902         48        800         48   378083   378083          0          0          0
193      7.825562e+04   7.513665e+04   6.250874e+04    0.1681   5.785921e+03   4.134300e+01      false       none        902         48        800         48   380043   380043          0          0          0
194      7.622483e+04   7.513665e+04   6.253958e+04    0.1677   5.827218e+03   4.129700e+01      false       none        902         48        800         48   382003   382003          0          0          0
195      7.555395e+04   7.513665e+04   6.257193e+04    0.1672   5.868562e+03   4.134400e+01      false       none        902         48        800         48   383945   383945          0          0          0
196      7.750963e+04   7.513665e+04   6.258387e+04    0.1671   5.910765e+03   4.220300e+01      false       none        902         48        800         48   385920   385920          0          0          0
197      7.745689e+04   7.513665e+04   6.259912e+04    0.1669   5.953297e+03   4.253200e+01      false       none        902         48        800         48   387880   387880          0          0          0
198      7.866005e+04   7.513665e+04   6.262394e+04    0.1665   5.996281e+03   4.298400e+01      false       none        902         48        800         48   389839   389839          0          0          0
199      7.664866e+04   7.513665e+04   6.264396e+04    0.1663   6.037625e+03   4.134400e+01      false       none        902         48        800         48   391779   391779          0          0          0
200      7.738153e+04   7.513665e+04   6.265393e+04    0.1661   6.076188e+03   3.856300e+01      false       none        902         48        800         48   393739   393739          0          0          0
201      7.733705e+04   7.513665e+04   6.266540e+04    0.1660   6.114016e+03   3.782800e+01      false       none        902         48        800         48   395697   395697          0          0          0
202      7.636912e+04   7.513665e+04   6.269267e+04    0.1656   6.152578e+03   3.856200e+01      false       none        902         48        800         48   397667   397667          0          0          0
203      7.695250e+04   7.513665e+04   6.270688e+04    0.1654   6.192235e+03   3.965700e+01      false       none        902         48        800         48   399642   399642          0          0          0
204      7.859827e+04   7.513665e+04   6.272335e+04    0.1652   6.233188e+03   4.095300e+01      false       none        902         48        800         48   401602   401602          0          0          0
205      7.831927e+04   7.513665e+04   6.272745e+04    0.1652   6.273172e+03   3.998400e+01      false       none        902         48        800         48   403559   403559          0          0          0
206      7.803317e+04   7.513665e+04   6.273928e+04    0.1650   6.313719e+03   4.054700e+01      false       none        902         48        800         48   405531   405531          0          0          0
207      7.824153e+04   7.513665e+04   6.275776e+04    0.1648   6.354797e+03   4.107800e+01      false       none        902         48        800         48   407491   407491          0          0          0
208      7.902179e+04   7.513665e+04   6.278016e+04    0.1645   6.395219e+03   4.042200e+01      false       none        902         48        800         48   409458   409458          0          0          0
209      7.736818e+04   7.513665e+04   6.280221e+04    0.1642   6.436641e+03   4.142200e+01      false       none        902         48        800         48   411416   411416          0          0          0
210      7.731952e+04   7.513665e+04   6.280913e+04    0.1641   6.477360e+03   4.071900e+01      false       none        902         48        800         48   413389   413389          0          0          0
211      7.930360e+04   7.513665e+04   6.281351e+04    0.1640   6.519579e+03   4.221900e+01      false       none        902         48        800         48   415364   415364          0          0          0
212      7.690977e+04   7.513665e+04   6.282564e+04    0.1638   6.559923e+03   4.034400e+01      false       none        902         48        800         48   417330   417330          0          0          0
213      7.788650e+04   7.513665e+04   6.284279e+04    0.1636   6.604533e+03   4.461000e+01      false       none        902         48        800         48   419289   419289          0          0          0
214      7.888514e+04   7.513665e+04   6.285210e+04    0.1635   6.648205e+03   4.367200e+01      false       none        902         48        800         48   421248   421248          0          0          0
215      7.818432e+04   7.513665e+04   6.288709e+04    0.1630   6.694205e+03   4.600000e+01      false       none        902         48        800         48   423213   423213          0          0          0
216      7.705222e+04   7.513665e+04   6.290103e+04    0.1628   6.736814e+03   4.260900e+01      false       none        902         48        800         48   425172   425172          0          0          0
217      7.817209e+04   7.513665e+04   6.291056e+04    0.1627   6.778205e+03   4.139100e+01      false       none        902         48        800         48   427135   427135          0          0          0
218      7.834850e+04   7.513665e+04   6.292006e+04    0.1626   6.820267e+03   4.206200e+01      false       none        902         48        800         48   429115   429115          0          0          0
219      7.641785e+04   7.513665e+04   6.293493e+04    0.1624   6.863424e+03   4.315700e+01      false       none        902         48        800         48   431055   431055          0          0          0
220      7.800073e+04   7.513665e+04   6.295712e+04    0.1621   6.905970e+03   4.254600e+01      false       none        902         48        800         48   433015   433015          0          0          0
221      7.746989e+04   7.513665e+04   6.299903e+04    0.1615   6.949424e+03   4.345400e+01      false       none        902         48        800         48   434960   434960          0          0          0
222      7.811549e+04   7.513665e+04   6.301541e+04    0.1613   6.991455e+03   4.203100e+01      false       none        902         48        800         48   436917   436917          0          0          0
223      7.769469e+04   7.513665e+04   6.303870e+04    0.1610   7.036158e+03   4.470300e+01      false       none        902         48        800         48   438877   438877          0          0          0
224      7.923695e+04   7.513665e+04   6.305150e+04    0.1608   7.080642e+03   4.448400e+01      false       none        902         48        800         48   440835   440835          0          0          0
225      7.835871e+04   7.513665e+04   6.306533e+04    0.1607   7.124986e+03   4.434400e+01      false       none        902         48        800         48   442805   442805          0          0          0
226      7.798455e+04   7.513665e+04   6.309593e+04    0.1603   7.170314e+03   4.532800e+01      false       none        902         48        800         48   444764   444764          0          0          0
227      7.727409e+04   7.513665e+04   6.311774e+04    0.1600   7.214643e+03   4.432900e+01      false       none        902         48        800         48   446739   446739          0          0          0
228      7.772189e+04   7.513665e+04   6.313239e+04    0.1598   7.258111e+03   4.346800e+01      false       none        902         48        800         48   448711   448711          0          0          0
229      7.794001e+04   7.513665e+04   6.314975e+04    0.1595   7.305049e+03   4.693800e+01      false       none        902         48        800         48   450667   450667          0          0          0
230      7.779263e+04   7.513665e+04   6.317563e+04    0.1592   7.350377e+03   4.532800e+01      false       none        902         48        800         48   452612   452612          0          0          0
231      7.885067e+04   7.513665e+04   6.319188e+04    0.1590   7.397893e+03   4.751600e+01      false       none        902         48        800         48   454548   454548          0          0          0
232      7.622304e+04   7.513665e+04   6.321392e+04    0.1587   7.441596e+03   4.370300e+01      false       none        902         48        800         48   456487   456487          0          0          0
233      7.566523e+04   7.513665e+04   6.322990e+04    0.1585   7.486690e+03   4.509400e+01      false       none        902         48        800         48   458435   458435          0          0          0
234      7.911710e+04   7.513665e+04   6.324184e+04    0.1583   7.533612e+03   4.692200e+01      false       none        902         48        800         48   460389   460389          0          0          0
235      7.770174e+04   7.513665e+04   6.325829e+04    0.1581   7.578737e+03   4.512500e+01      false       none        902         48        800         48   462349   462349          0          0          0
236      7.849622e+04   7.513665e+04   6.325769e+04    0.1581   7.627065e+03   4.832800e+01      false       none        902         48        800         48   464270   464270          0          0          0
237      7.904685e+04   7.513665e+04   6.327062e+04    0.1579   7.673190e+03   4.612500e+01      false       none        902         48        800         48   466229   466229          0          0          0
238      7.620286e+04   7.513665e+04   6.330556e+04    0.1575   7.717096e+03   4.390600e+01      false       none        902         48        800         48   468177   468177          0          0          0
239      7.740116e+04   7.513665e+04   6.332336e+04    0.1572   7.763705e+03   4.660900e+01      false       none        902         48        800         48   470135   470135          0          0          0
240      7.809276e+04   7.513665e+04   6.335552e+04    0.1568   7.811846e+03   4.814100e+01      false       none        902         48        800         48   472107   472107          0          0          0
241      7.705704e+04   7.513665e+04   6.337595e+04    0.1565   7.858330e+03   4.648400e+01      false       none        902         48        800         48   474067   474067          0          0          0
242      7.642957e+04   7.513665e+04   6.338732e+04    0.1564   7.905377e+03   4.704700e+01      false       none        902         48        800         48   476005   476005          0          0          0
243      7.581584e+04   7.513665e+04   6.340176e+04    0.1562   7.951971e+03   4.659400e+01      false       none        902         48        800         48   477962   477962          0          0          0
244      7.897792e+04   7.513665e+04   6.342189e+04    0.1559   8.000174e+03   4.820300e+01      false       none        902         48        800         48   479920   479920          0          0          0
245      7.825797e+04   7.513665e+04   6.343014e+04    0.1558   8.051378e+03   5.120400e+01      false       none        902         48        800         48   481854   481854          0          0          0
246      7.833067e+04   7.513665e+04   6.345162e+04    0.1555   8.098768e+03   4.739000e+01      false       none        902         48        800         48   483795   483795          0          0          0
247      7.608477e+04   7.513665e+04   6.347233e+04    0.1552   8.144173e+03   4.540500e+01      false       none        902         48        800         48   485751   485751          0          0          0
248      7.852892e+04   7.513665e+04   6.349280e+04    0.1550   8.191813e+03   4.764000e+01      false       none        902         48        800         48   487709   487709          0          0          0
249      7.811563e+04   7.513665e+04   6.350323e+04    0.1548   8.239704e+03   4.789100e+01      false       none        902         48        800         48   489665   489665          0          0          0
250      7.739136e+04   7.513665e+04   6.350735e+04    0.1548   8.286954e+03   4.725000e+01      false       none        902         48        800         48   491599   491599          0          0          0
251      7.917533e+04   7.513665e+04   6.351958e+04    0.1546   8.334267e+03   4.731300e+01      false       none        902         48        800         48   493564   493564          0          0          0
252      7.713738e+04   7.513665e+04   6.353609e+04    0.1544   8.381579e+03   4.731200e+01      false       none        902         48        800         48   495521   495521          0          0          0
253      7.770616e+04   7.513665e+04   6.355837e+04    0.1541   8.430017e+03   4.843800e+01      false       none        902         48        800         48   497476   497476          0          0          0
254      7.895130e+04   7.513665e+04   6.358191e+04    0.1538   8.480486e+03   5.046900e+01      false       none        902         48        800         48   499435   499435          0          0          0
255      7.838254e+04   7.513665e+04   6.359067e+04    0.1537   8.529673e+03   4.918700e+01      false       none        902         48        800         48   501391   501391          0          0          0
256      7.867720e+04   7.513665e+04   6.361043e+04    0.1534   8.578829e+03   4.915600e+01      false       none        902         48        800         48   503350   503350          0          0          0
257      7.903851e+04   7.513665e+04   6.361413e+04    0.1534   8.628798e+03   4.996900e+01      false       none        902         48        800         48   505290   505290          0          0          0
258      7.792973e+04   7.513665e+04   6.362255e+04    0.1532   8.677408e+03   4.861000e+01      false       none        902         48        800         48   507215   507215          0          0          0
259      7.931545e+04   7.513665e+04   6.365213e+04    0.1528   8.727814e+03   5.040600e+01      false       none        902         48        800         48   509134   509134          0          0          0
260      7.866821e+04   7.513665e+04   6.366574e+04    0.1527   8.778939e+03   5.112500e+01      false       none        902         48        800         48   511080   511080          0          0          0
261      7.652833e+04   7.513665e+04   6.368904e+04    0.1524   8.827501e+03   4.856200e+01      false       none        902         48        800         48   513033   513033          0          0          0
262      7.694013e+04   7.513665e+04   6.370509e+04    0.1521   8.876892e+03   4.939100e+01      false       none        902         48        800         48   514991   514991          0          0          0
263      7.980518e+04   7.513665e+04   6.371990e+04    0.1519   8.928142e+03   5.125000e+01      false       none        902         48        800         48   516969   516969          0          0          0
264      7.720570e+04   7.513665e+04   6.372612e+04    0.1519   8.976986e+03   4.884400e+01      false       none        902         48        800         48   518919   518919          0          0          0
265      7.791872e+04   7.513665e+04   6.375421e+04    0.1515   9.028189e+03   5.120300e+01      false       none        902         48        800         48   520875   520875          0          0          0
266      7.732316e+04   7.513665e+04   6.375991e+04    0.1514   9.080049e+03   5.186000e+01      false       none        902         48        800         48   522811   522811          0          0          0
267      7.801296e+04   7.513665e+04   6.377800e+04    0.1512   9.129736e+03   4.968700e+01      false       none        902         48        800         48   524749   524749          0          0          0
268      7.772956e+04   7.513665e+04   6.381339e+04    0.1507   9.179533e+03   4.979700e+01      false       none        902         48        800         48   526707   526707          0          0          0
269      7.925043e+04   7.513665e+04   6.381851e+04    0.1506   9.232018e+03   5.248500e+01      false       none        902         48        800         48   528668   528668          0          0          0
270      7.875765e+04   7.513665e+04   6.383339e+04    0.1504   9.283877e+03   5.185900e+01      false       none        902         48        800         48   530636   530636          0          0          0
271      7.822624e+04   7.513665e+04   6.384117e+04    0.1503   9.335721e+03   5.184400e+01      false       none        902         48        800         48   532592   532592          0          0          0
272      7.687308e+04   7.513665e+04   6.386077e+04    0.1501   9.387690e+03   5.196900e+01      false       none        902         48        800         48   534527   534527          0          0          0
273      7.873607e+04   7.513665e+04   6.387362e+04    0.1499   9.440065e+03   5.237500e+01      false       none        902         48        800         48   536465   536465          0          0          0
274      7.819902e+04   7.513665e+04   6.388923e+04    0.1497   9.493174e+03   5.310900e+01      false       none        902         48        800         48   538406   538406          0          0          0
275      7.651758e+04   7.513665e+04   6.389884e+04    0.1496   9.546409e+03   5.323500e+01      false       none        902         48        800         48   540367   540367          0          0          0
276      7.637783e+04   7.513665e+04   6.390531e+04    0.1495   9.597846e+03   5.143700e+01      false       none        902         48        800         48   542305   542305          0          0          0
277      7.908204e+04   7.513665e+04   6.391392e+04    0.1494   9.652940e+03   5.509400e+01      false       none        902         48        800         48   544252   544252          0          0          0
278      7.758864e+04   7.513665e+04   6.392517e+04    0.1492   9.705534e+03   5.259400e+01      false       none        902         48        800         48   546210   546210          0          0          0
279      8.079226e+04   7.513665e+04   6.393285e+04    0.1491   9.758472e+03   5.293800e+01      false       none        902         48        800         48   548131   548131          0          0          0
280      7.729427e+04   7.513665e+04   6.394501e+04    0.1490   9.812097e+03   5.362500e+01      false       none        902         48        800         48   550082   550082          0          0          0
281      7.704528e+04   7.513665e+04   6.396384e+04    0.1487   9.865081e+03   5.298400e+01      false       none        902         48        800         48   552040   552040          0          0          0
282      7.733445e+04   7.513665e+04   6.397095e+04    0.1486   9.921440e+03   5.635900e+01      false       none        902         48        800         48   553958   553958          0          0          0
283      7.787057e+04   7.513665e+04   6.397961e+04    0.1485   9.977081e+03   5.564100e+01      false       none        902         48        800         48   555893   555893          0          0          0
284      7.711129e+04   7.513665e+04   6.398785e+04    0.1484   1.003099e+04   5.390600e+01      false       none        902         48        800         48   557830   557830          0          0          0
285      7.967810e+04   7.513665e+04   6.400576e+04    0.1481   1.008514e+04   5.415700e+01      false       none        902         48        800         48   559767   559767          0          0          0
286      7.755418e+04   7.513665e+04   6.401646e+04    0.1480   1.014180e+04   5.665600e+01      false       none        902         48        800         48   561714   561714          0          0          0
287      7.563418e+04   7.513665e+04   6.404558e+04    0.1476   1.019627e+04   5.446900e+01      false       none        902         48        800         48   563663   563663          0          0          0
288      7.864945e+04   7.513665e+04   6.406578e+04    0.1473   1.025321e+04   5.693700e+01      false       none        902         48        800         48   565589   565589          0          0          0
289      7.626255e+04   7.513665e+04   6.407670e+04    0.1472   1.030857e+04   5.536000e+01      false       none        902         48        800         48   567544   567544          0          0          0
290      7.866172e+04   7.513665e+04   6.409308e+04    0.1470   1.036716e+04   5.859400e+01      false       none        902         48        800         48   569499   569499          0          0          0
291      7.797912e+04   7.513665e+04   6.410802e+04    0.1468   1.042532e+04   5.815600e+01      false       none        902         48        800         48   571462   571462          0          0          0
292      7.848724e+04   7.513665e+04   6.412301e+04    0.1466   1.048160e+04   5.628100e+01      false       none        902         48        800         48   573388   573388          0          0          0
293      7.771513e+04   7.513665e+04   6.413800e+04    0.1464   1.053977e+04   5.817200e+01      false       none        902         48        800         48   575323   575323          0          0          0
294      7.622326e+04   7.513665e+04   6.414801e+04    0.1462   1.059835e+04   5.857800e+01      false       none        902         48        800         48   577278   577278          0          0          0
295      7.824699e+04   7.513665e+04   6.416503e+04    0.1460   1.065889e+04   6.054700e+01      false       none        902         48        800         48   579246   579246          0          0          0
296      8.118876e+04   7.513665e+04   6.417954e+04    0.1458   1.071869e+04   5.979700e+01      false       none        902         48        800         48   581199   581199          0          0          0
297      8.035498e+04   7.513665e+04   6.418398e+04    0.1458   1.077719e+04   5.850000e+01      false       none        902         48        800         48   583154   583154          0          0          0
298      7.685701e+04   7.513665e+04   6.419265e+04    0.1457   1.083349e+04   5.629700e+01      false       none        902         48        800         48   585083   585083          0          0          0
299      7.922929e+04   7.513665e+04   6.420771e+04    0.1455   1.089394e+04   6.045300e+01      false       none        902         48        800         48   587026   587026          0          0          0
300      7.791876e+04   7.513665e+04   6.422063e+04    0.1453   1.095219e+04   5.825000e+01      false       none        902         48        800         48   588999   588999          0          0          0
301      7.745018e+04   7.513665e+04   6.423792e+04    0.1451   1.101116e+04   5.896900e+01      false       none        902         48        800         48   590938   590938          0          0          0
302      7.625779e+04   7.513665e+04   6.424017e+04    0.1450   1.106932e+04   5.815600e+01      false       none        902         48        800         48   592913   592913          0          0          0
303      7.846666e+04   7.513665e+04   6.424354e+04    0.1450   1.112869e+04   5.937500e+01      false       none        902         48        800         48   594841   594841          0          0          0
304      7.703499e+04   7.513665e+04   6.426953e+04    0.1446   1.118741e+04   5.871900e+01      false       none        902         48        800         48   596763   596763          0          0          0
305      7.772608e+04   7.513665e+04   6.428686e+04    0.1444   1.124596e+04   5.854700e+01      false       none        902         48        800         48   598704   598704          0          0          0
306      7.930133e+04   7.513665e+04   6.429311e+04    0.1443   1.130699e+04   6.103100e+01      false       none        902         48        800         48   600639   600639          0          0          0
307      7.914945e+04   7.513665e+04   6.432127e+04    0.1439   1.136850e+04   6.151600e+01      false       none        902         48        800         48   602594   602594          0          0          0
308      7.773253e+04   7.513665e+04   6.433867e+04    0.1437   1.142855e+04   6.004700e+01      false       none        902         48        800         48   604514   604514          0          0          0
309      7.654891e+04   7.513665e+04   6.433946e+04    0.1437   1.148966e+04   6.110900e+01      false       none        902         48        800         48   606415   606415          0          0          0
310      7.822827e+04   7.513665e+04   6.435198e+04    0.1435   1.155189e+04   6.223500e+01      false       none        902         48        800         48   608372   608372          0          0          0
311      7.736659e+04   7.513665e+04   6.436028e+04    0.1434   1.161228e+04   6.039000e+01      false       none        902         48        800         48   610336   610336          0          0          0
312      7.646218e+04   7.513665e+04   6.436876e+04    0.1433   1.167389e+04   6.161000e+01      false       none        902         48        800         48   612294   612294          0          0          0
313      7.490691e+04   7.490691e+04   6.438230e+04    0.1405   1.173302e+04   5.912500e+01      false       none        902         48        800         48   614229   614229          0          0          0
314      7.667498e+04   7.490691e+04   6.439630e+04    0.1403   1.179263e+04   5.960900e+01      false       none        902         48        800         48   616196   616196          0          0          0
315      7.681026e+04   7.490691e+04   6.441042e+04    0.1401   1.185505e+04   6.242200e+01      false       none        902         48        800         48   618130   618130          0          0          0
316      7.676122e+04   7.490691e+04   6.442813e+04    0.1399   1.191938e+04   6.432800e+01      false       none        902         48        800         48   620100   620100          0          0          0
317      7.765626e+04   7.490691e+04   6.444315e+04    0.1397   1.198168e+04   6.229700e+01      false       none        902         48        800         48   622055   622055          0          0          0
318      7.877326e+04   7.490691e+04   6.444625e+04    0.1396   1.204641e+04   6.473500e+01      false       none        902         48        800         48   623998   623998          0          0          0
319      7.713209e+04   7.490691e+04   6.446545e+04    0.1394   1.210885e+04   6.243700e+01      false       none        902         48        800         48   625920   625920          0          0          0
320      7.996255e+04   7.490691e+04   6.447778e+04    0.1392   1.217319e+04   6.434400e+01      false       none        902         48        800         48   627864   627864          0          0          0
321      7.664887e+04   7.490691e+04   6.449619e+04    0.1390   1.223502e+04   6.182800e+01      false       none        902         48        800         48   629807   629807          0          0          0
322      7.730521e+04   7.490691e+04   6.450295e+04    0.1389   1.229799e+04   6.296900e+01      false       none        902         48        800         48   631740   631740          0          0          0
323      7.683003e+04   7.490691e+04   6.451231e+04    0.1388   1.235974e+04   6.175000e+01      false       none        902         48        800         48   633672   633672          0          0          0
324      7.737443e+04   7.490691e+04   6.451698e+04    0.1387   1.242393e+04   6.418800e+01      false       none        902         48        800         48   635595   635595          0          0          0
325      7.716644e+04   7.490691e+04   6.453505e+04    0.1385   1.248658e+04   6.265600e+01      false       none        902         48        800         48   637539   637539          0          0          0
326      7.698492e+04   7.490691e+04   6.453733e+04    0.1384   1.255102e+04   6.443800e+01      false       none        902         48        800         48   639481   639481          0          0          0
327      7.827048e+04   7.490691e+04   6.454898e+04    0.1383   1.261735e+04   6.632800e+01      false       none        902         48        800         48   641402   641402          0          0          0
328      7.843355e+04   7.490691e+04   6.455602e+04    0.1382   1.268196e+04   6.460900e+01      false       none        902         48        800         48   643359   643359          0          0          0
329      7.888017e+04   7.490691e+04   6.457157e+04    0.1380   1.274766e+04   6.570400e+01      false       none        902         48        800         48   645295   645295          0          0          0
330      7.531764e+04   7.490691e+04   6.457995e+04    0.1379   1.281396e+04   6.629600e+01      false       none        902         48        800         48   647234   647234          0          0          0
331      7.696004e+04   7.490691e+04   6.458992e+04    0.1377   1.287529e+04   6.132900e+01      false       none        902         48        800         48   649191   649191          0          0          0
332      7.579399e+04   7.490691e+04   6.460262e+04    0.1376   1.293599e+04   6.070300e+01      false       none        902         48        800         48   651111   651111          0          0          0
333      7.823491e+04   7.490691e+04   6.461060e+04    0.1375   1.299793e+04   6.193700e+01      false       none        902         48        800         48   653022   653022          0          0          0
334      7.630067e+04   7.490691e+04   6.463504e+04    0.1371   1.305932e+04   6.139100e+01      false       none        902         48        800         48   654955   654955          0          0          0
335      7.985538e+04   7.490691e+04   6.464134e+04    0.1370   1.312396e+04   6.464100e+01      false       none        902         48        800         48   656889   656889          0          0          0
336      7.835083e+04   7.490691e+04   6.466594e+04    0.1367   1.318902e+04   6.506200e+01      false       none        902         48        800         48   658821   658821          0          0          0
337      7.820588e+04   7.490691e+04   6.467442e+04    0.1366   1.325174e+04   6.271900e+01      false       none        902         48        800         48   660776   660776          0          0          0
338      7.839471e+04   7.490691e+04   6.468929e+04    0.1364   1.331535e+04   6.361000e+01      false       none        902         48        800         48   662709   662709          0          0          0
339      7.795215e+04   7.490691e+04   6.469519e+04    0.1363   1.338046e+04   6.510900e+01      false       none        902         48        800         48   664680   664680          0          0          0
340      7.810691e+04   7.490691e+04   6.469889e+04    0.1363   1.344668e+04   6.621900e+01      false       none        902         48        800         48   666624   666624          0          0          0
341      7.622301e+04   7.490691e+04   6.471402e+04    0.1361   1.351168e+04   6.500000e+01      false       none        902         48        800         48   668537   668537          0          0          0
342      7.701451e+04   7.490691e+04   6.472249e+04    0.1360   1.357674e+04   6.506300e+01      false       none        902         48        800         48   670450   670450          0          0          0
343      7.756904e+04   7.490691e+04   6.474097e+04    0.1357   1.364068e+04   6.393700e+01      false       none        902         48        800         48   672386   672386          0          0          0
344      7.753660e+04   7.490691e+04   6.475212e+04    0.1356   1.370682e+04   6.614100e+01      false       none        902         48        800         48   674300   674300          0          0          0
345      7.745460e+04   7.490691e+04   6.476025e+04    0.1355   1.377435e+04   6.753100e+01      false       none        902         48        800         48   676254   676254          0          0          0
346      7.627130e+04   7.490691e+04   6.476555e+04    0.1354   1.383788e+04   6.353200e+01      false       none        902         48        800         48   678211   678211          0          0          0
347      7.863360e+04   7.490691e+04   6.477084e+04    0.1353   1.390710e+04   6.921800e+01      false       none        902         48        800         48   680148   680148          0          0          0
348      7.859361e+04   7.490691e+04   6.478488e+04    0.1351   1.397399e+04   6.689100e+01      false       none        902         48        800         48   682110   682110          0          0          0
349      7.701298e+04   7.490691e+04   6.479561e+04    0.1350   1.403963e+04   6.564100e+01      false       none        902         48        800         48   684044   684044          0          0          0
350      7.788270e+04   7.490691e+04   6.480834e+04    0.1348   1.410779e+04   6.815600e+01      false       none        902         48        800         48   685941   685941          0          0          0
351      7.801459e+04   7.490691e+04   6.481459e+04    0.1347   1.417477e+04   6.698400e+01      false       none        902         48        800         48   687876   687876          0          0          0
352      8.068295e+04   7.490691e+04   6.483025e+04    0.1345   1.424459e+04   6.981300e+01      false       none        902         48        800         48   689807   689807          0          0          0
353      7.616982e+04   7.490691e+04   6.483263e+04    0.1345   1.431169e+04   6.710900e+01      false       none        902         48        800         48   691734   691734          0          0          0
354      7.977178e+04   7.490691e+04   6.484304e+04    0.1344   1.438068e+04   6.898500e+01      false       none        902         48        800         48   693682   693682          0          0          0
355      7.771640e+04   7.490691e+04   6.485309e+04    0.1342   1.444843e+04   6.775000e+01      false       none        902         48        800         48   695597   695597          0          0          0

Terminating DynamicSDDiP with status: time_limit
------------------------------------------------------------------------------
 ────────────────────────────────────────────────────────────────────────────────
                                        Time                    Allocations      
                               ───────────────────────   ────────────────────────
       Tot / % measured:            4.01h / 100.0%            925GiB / 100.0%    

 Section               ncalls     time    %tot     avg     alloc    %tot      avg
 ────────────────────────────────────────────────────────────────────────────────
 loop                       1    4.01h  100.0%   4.01h    925GiB  100.0%   925GiB
   iterations             355    4.01h  100.0%   40.7s    925GiB  100.0%  2.60GiB
     backward_pass        355    2.41h   59.9%   24.4s    923GiB   99.8%  2.60GiB
       solve_BP          703k    2.40h   59.8%  12.3ms    920GiB   99.5%  1.34MiB
         solve_dual      703k    2.39h   59.6%  12.2ms    916GiB   99.1%  1.34MiB
           LP_relax...   703k    2.39h   59.5%  12.2ms    914GiB   98.8%  1.33MiB
             solver...   703k    1.24h   31.0%  6.37ms   2.38GiB    0.3%  3.56KiB
         space_change   1.41M    279ms    0.0%   199ns     0.00B    0.0%    0.00B
       update_bellman   35.1k    7.73s    0.1%   220μs   2.48GiB    0.3%  74.0KiB
         cut_selection   696k    292ms    0.0%   420ns   52.9MiB    0.0%    79.8B
     forward_pass         355    1.60h   40.0%   16.3s   1.60GiB    0.2%  4.61MiB
       solve_subpro...  35.5k    1.60h   39.9%   163ms   1.51GiB    0.2%  44.6KiB
         solver_cal...  35.5k    1.60h   39.9%   162ms    895MiB    0.1%  25.8KiB
     calculate_bound      355    16.8s    0.1%  47.2ms   73.2MiB    0.0%   211KiB
       solver_call_...    355    16.4s    0.1%  46.2ms    976KiB    0.0%  2.75KiB
 ────────────────────────────────────────────────────────────────────────────────

||||||||||||||||||||||||||||||||||||||||||||||||||||||||||||||||||||||||||||||||||||||||||||||||||||||||||||||||||||||||||||||||||||||||
LAGRANGIAN DUAL SOLUTION RESULTS
mn_opt: 0 times (NaN%)
conv: 0 times (NaN%)
unbounded: 0 times (NaN%)
bound_issues: 0 times (NaN%)
subgr_stalling: 0 times (NaN%)
opt: 0 times (NaN%)
feas_issues: 0 times (NaN%)
sub: 0 times (NaN%)
mn_iter: 0 times (NaN%)
iter: 0 times (NaN%)
mn_issue: 0 times (NaN%)

