

#########################################################################################################################################
#########################################################################################################################################
#########################################################################################################################################
#########################################################################################################################################
#########################################################################################################################################
DynamicSDDiP.jl (c) Christian Füllner, 2021
re-uses code from SDDP.jl (c) Oscar Dowson, 2017-21
||||||||||||||||||||||||||||||||||||||||||||||||||||||||||||||||||||||||||||||||||||||||||||||||||||||||||||||||||||||||||||||||||||||||
PATH
calling 
C:\Users\cg4102\.julia\packages\DynamicSDDiP\F3WMX\src
nothing
DATETIME
2024-10-09T10:12:58.521
||||||||||||||||||||||||||||||||||||||||||||||||||||||||||||||||||||||||||||||||||||||||||||||||||||||||||||||||||||||||||||||||||||||||
STOPPING RULES
SDDP.TimeLimit(14400.0)
SDDP.BoundStalling(20, 0.0001)
||||||||||||||||||||||||||||||||||||||||||||||||||||||||||||||||||||||||||||||||||||||||||||||||||||||||||||||||||||||||||||||||||||||||
REGULARIZATION
DynamicSDDiP.NoRegularization()
||||||||||||||||||||||||||||||||||||||||||||||||||||||||||||||||||||||||||||||||||||||||||||||||||||||||||||||||||||||||||||||||||||||||
CUT GENERATION REGIMES
DynamicSDDiP.CutGenerationRegime(DynamicSDDiP.NoStateApproximation(), DynamicSDDiP.LagrangianDuality(0.01, 0.01, 100, DynamicSDDiP.ZeroDuals(), DynamicSDDiP.BothBounds(), DynamicSDDiP.LevelBundle(0.5, true, false), DynamicSDDiP.StandardChoice(), DynamicSDDiP.Lax(), DynamicSDDiP.StateSpaceCopy(), false), 1, Inf, Inf, 0.0, true, 0.0001)

||||||||||||||||||||||||||||||||||||||||||||||||||||||||||||||||||||||||||||||||||||||||||||||||||||||||||||||||||||||||||||||||||||||||
CUT AGGREGATION
DynamicSDDiP.SingleCutRegime()
||||||||||||||||||||||||||||||||||||||||||||||||||||||||||||||||||||||||||||||||||||||||||||||||||||||||||||||||||||||||||||||||||||||||
CUT SELECTION
DynamicSDDiP.NoCutSelection()
||||||||||||||||||||||||||||||||||||||||||||||||||||||||||||||||||||||||||||||||||||||||||||||||||||||||||||||||||||||||||||||||||||||||
LATE BINARIZATION
DynamicSDDiP.NoLateBinarization()
||||||||||||||||||||||||||||||||||||||||||||||||||||||||||||||||||||||||||||||||||||||||||||||||||||||||||||||||||||||||||||||||||||||||
APPLIED SOLVERS (LP, MILP, MIQCP, MINLP, NLP, Lagrange)
DynamicSDDiP.AppliedSolvers(true, "Gurobi", "Gurobi", "Gurobi", "Gurobi", "Gurobi", "Gurobi", "Gurobi", "Gurobi", "Gurobi", 0.0001, 300)
DynamicSDDiP.Direct_Solver()
Numerical focus: false
Silent: true
||||||||||||||||||||||||||||||||||||||||||||||||||||||||||||||||||||||||||||||||||||||||||||||||||||||||||||||||||||||||||||||||||||||||
SAMPLING
Used seed for sampling scenarios: 
11111     
||||||||||||||||||||||||||||||||||||||||||||||||||||||||||||||||||||||||||||||||||||||||||||||||||||||||||||||||||||||||||||||||||||||||
RUN DESCRIPTION

||||||||||||||||||||||||||||||||||||||||||||||||||||||||||||||||||||||||||||||||||||||||||||||||||||||||||||||||||||||||||||||||||||||||
PROBLEM DESCRIPTION
Number of stages: 100
Number of realizations per stage: 20
Seed for scenario tree sampling: 12345
Solver: serial mode

────────────────────────────────────────────────────────────────────────────────────────────────────────────────────────────────────────────────────────────────────────────────────────────────────────
It.#               UB        Best UB             LB       Gap           Time        It_Time           Refinements                            #Var.   #Constr.             #Cuts       Lagrangian Dual                                               
                                                          [%]            [s]            [s]          σ       Bin.      Total      {0,1}          ℤ      Total    Total   Active      # It.    # C-It.  # C-Real.  
────────────────────────────────────────────────────────────────────────────────────────────────────────────────────────────────────────────────────────────────────────────────────────────────────────
1        7.872916e+04   7.872916e+04   6.212513e+04    0.2109   2.376760e+02   2.376760e+02      false       none        882         48        800         48       99       99       3174       3174       1979
2        7.651816e+04   7.651816e+04   6.214799e+04    0.1878   4.818190e+02   2.441430e+02      false       none        882         48        800         48      198      198       3184       3184       1979
3        7.611411e+04   7.611411e+04   6.218008e+04    0.1831   7.455380e+02   2.637190e+02      false       none        882         48        800         48      297      297       3056       3056       1979
4        7.768924e+04   7.611411e+04   6.219923e+04    0.1828   1.007475e+03   2.619370e+02      false       none        882         48        800         48      396      396       3055       3055       1979
5        7.730955e+04   7.611411e+04   6.220774e+04    0.1827   1.282570e+03   2.750950e+02      false       none        882         48        800         48      495      495       3081       3081       1979
6        7.570515e+04   7.570515e+04   6.223367e+04    0.1779   1.545398e+03   2.628280e+02      false       none        882         48        800         48      594      594       3098       3098       1979
7        7.458025e+04   7.458025e+04   6.229178e+04    0.1648   1.814195e+03   2.687970e+02      false       none        882         48        800         48      693      693       3063       3063       1979
8        7.528625e+04   7.458025e+04   6.232442e+04    0.1643   2.087039e+03   2.728440e+02      false       none        882         48        800         48      792      792       3065       3065       1979
9        7.786511e+04   7.458025e+04   6.235528e+04    0.1639   2.375743e+03   2.887040e+02      false       none        882         48        800         48      891      891       3126       3126       1979
10       7.625649e+04   7.458025e+04   6.235528e+04    0.1639   2.650618e+03   2.748750e+02      false       none        882         48        800         48      932      932       3062       3062       1979
11       7.604220e+04   7.458025e+04   6.235528e+04    0.1639   2.935368e+03   2.847500e+02      false       none        882         48        800         48      974      974       3045       3045       1979
12       7.799560e+04   7.458025e+04   6.238510e+04    0.1635   3.214915e+03   2.795470e+02      false       none        882         48        800         48     1073     1073       3072       3072       1979
13       7.747350e+04   7.458025e+04   6.241726e+04    0.1631   3.498103e+03   2.831880e+02      false       none        882         48        800         48     1172     1172       3074       3074       1979
14       7.643975e+04   7.458025e+04   6.242895e+04    0.1629   3.780385e+03   2.822820e+02      false       none        882         48        800         48     1271     1271       3062       3062       1979
15       7.760285e+04   7.458025e+04   6.244634e+04    0.1627   4.072698e+03   2.923130e+02      false       none        882         48        800         48     1370     1370       3050       3050       1979
16       7.533555e+04   7.458025e+04   6.245490e+04    0.1626   4.349901e+03   2.772030e+02      false       none        882         48        800         48     1469     1469       3054       3054       1979
17       7.653379e+04   7.458025e+04   6.245490e+04    0.1626   4.632479e+03   2.825780e+02      false       none        882         48        800         48     1510     1510       3053       3053       1979
18       7.520739e+04   7.458025e+04   6.248004e+04    0.1622   4.915761e+03   2.832820e+02      false       none        882         48        800         48     1609     1609       3061       3061       1979
19       7.611011e+04   7.458025e+04   6.250320e+04    0.1619   5.201402e+03   2.856410e+02      false       none        882         48        800         48     1708     1708       3019       3019       1979
20       7.561120e+04   7.458025e+04   6.251177e+04    0.1618   5.491309e+03   2.899070e+02      false       none        882         48        800         48     1807     1807       3085       3085       1979
21       7.781759e+04   7.458025e+04   6.251889e+04    0.1617   5.773466e+03   2.821570e+02      false       none        882         48        800         48     1906     1906       3051       3051       1979
22       7.570799e+04   7.458025e+04   6.253824e+04    0.1615   6.058669e+03   2.852030e+02      false       none        882         48        800         48     2005     2005       3016       3016       1979
23       7.702480e+04   7.458025e+04   6.254845e+04    0.1613   6.344279e+03   2.856100e+02      false       none        882         48        800         48     2104     2104       3049       3049       1979
24       7.679359e+04   7.458025e+04   6.257228e+04    0.1610   6.629592e+03   2.853130e+02      false       none        882         48        800         48     2203     2203       3047       3047       1979
25       7.610732e+04   7.458025e+04   6.257228e+04    0.1610   6.923873e+03   2.942810e+02      false       none        882         48        800         48     2238     2238       3031       3031       1979
26       7.493156e+04   7.458025e+04   6.258723e+04    0.1608   7.223780e+03   2.999070e+02      false       none        882         48        800         48     2337     2337       3074       3074       1979
27       7.613367e+04   7.458025e+04   6.258723e+04    0.1608   7.516905e+03   2.931250e+02      false       none        882         48        800         48     2372     2372       3015       3015       1979
28       7.661425e+04   7.458025e+04   6.258723e+04    0.1608   7.813452e+03   2.965470e+02      false       none        882         48        800         48     2460     2460       3065       3065       1979
29       7.797898e+04   7.458025e+04   6.258723e+04    0.1608   8.107484e+03   2.940320e+02      false       none        882         48        800         48     2537     2537       3015       3015       1979
30       7.760052e+04   7.458025e+04   6.260325e+04    0.1606   8.404078e+03   2.965940e+02      false       none        882         48        800         48     2636     2636       3058       3058       1979
31       7.707678e+04   7.458025e+04   6.262609e+04    0.1603   8.695297e+03   2.912190e+02      false       none        882         48        800         48     2735     2735       3040       3040       1979
32       7.647964e+04   7.458025e+04   6.264005e+04    0.1601   8.980422e+03   2.851250e+02      false       none        882         48        800         48     2834     2834       3015       3015       1979
33       7.592645e+04   7.458025e+04   6.265013e+04    0.1600   9.286111e+03   3.056890e+02      false       none        882         48        800         48     2933     2933       3059       3059       1979
34       7.618554e+04   7.458025e+04   6.265013e+04    0.1600   9.586033e+03   2.999220e+02      false       none        882         48        800         48     2969     2969       3030       3030       1979
35       7.577477e+04   7.458025e+04   6.265013e+04    0.1600   9.876846e+03   2.908130e+02      false       none        882         48        800         48     3062     3062       3024       3024       1979
36       7.503890e+04   7.458025e+04   6.266725e+04    0.1597   1.016792e+04   2.910780e+02      false       none        882         48        800         48     3161     3161       3041       3041       1979
37       7.688226e+04   7.458025e+04   6.266725e+04    0.1597   1.046538e+04   2.974540e+02      false       none        882         48        800         48     3198     3198       3002       3002       1979
38       7.483564e+04   7.458025e+04   6.268015e+04    0.1596   1.076063e+04   2.952500e+02      false       none        882         48        800         48     3297     3297       3038       3038       1979
39       7.671101e+04   7.458025e+04   6.268937e+04    0.1594   1.105416e+04   2.935320e+02      false       none        882         48        800         48     3396     3396       3047       3047       1979
40       7.646415e+04   7.458025e+04   6.268937e+04    0.1594   1.135599e+04   3.018280e+02      false       none        882         48        800         48     3431     3431       3029       3029       1979
41       7.759932e+04   7.458025e+04   6.268937e+04    0.1594   1.165071e+04   2.947190e+02      false       none        882         48        800         48     3466     3466       3017       3017       1979
42       7.659820e+04   7.458025e+04   6.269685e+04    0.1593   1.196141e+04   3.107040e+02      false       none        882         48        800         48     3565     3565       3043       3043       1979
43       7.821447e+04   7.458025e+04   6.271089e+04    0.1591   1.225386e+04   2.924530e+02      false       none        882         48        800         48     3664     3664       3025       3025       1979
44       7.545595e+04   7.458025e+04   6.271089e+04    0.1591   1.255015e+04   2.962820e+02      false       none        882         48        800         48     3697     3697       3004       3004       1979
45       7.637499e+04   7.458025e+04   6.271089e+04    0.1591   1.284983e+04   2.996880e+02      false       none        882         48        800         48     3788     3788       3033       3033       1979
46       7.816355e+04   7.458025e+04   6.272537e+04    0.1590   1.314354e+04   2.937030e+02      false       none        882         48        800         48     3887     3887       3058       3058       1979
47       7.695074e+04   7.458025e+04   6.272537e+04    0.1590   1.343810e+04   2.945630e+02      false       none        882         48        800         48     3925     3925       3005       3005       1979
48       7.304998e+04   7.304998e+04   6.273664e+04    0.1412   1.373788e+04   2.997820e+02      false       none        882         48        800         48     4020     4020       3030       3030       1979
49       7.791345e+04   7.304998e+04   6.273664e+04    0.1412   1.403162e+04   2.937340e+02      false       none        882         48        800         48     4056     4056       3022       3022       1979
50       7.588446e+04   7.304998e+04   6.273664e+04    0.1412   1.433380e+04   3.021880e+02      false       none        882         48        800         48     4128     4128       3003       3003       1979
51       7.807742e+04   7.304998e+04   6.275231e+04    0.1410   1.499832e+04   6.645170e+02      false       none        882         48        800         48     4225     4225       3061       3061       1979

Terminating DynamicSDDiP with status: time_limit
------------------------------------------------------------------------------
 ────────────────────────────────────────────────────────────────────────────────
                                        Time                    Allocations      
                               ───────────────────────   ────────────────────────
       Tot / % measured:            4.17h / 100.0%           76.1GiB /  99.6%    

 Section               ncalls     time    %tot     avg     alloc    %tot      avg
 ────────────────────────────────────────────────────────────────────────────────
 loop                       1    4.17h  100.0%   4.17h   75.8GiB  100.0%  75.8GiB
   iterations              51    4.17h  100.0%    294s   75.8GiB  100.0%  1.49GiB
     backward_pass         51    4.06h   97.4%    286s   75.5GiB   99.6%  1.48GiB
       solve_BP          101k    4.06h   97.4%   145ms   75.4GiB   99.5%   783KiB
         solve_dual      101k    4.06h   97.4%   145ms   74.8GiB   98.8%   778KiB
           solve_pr...   101k    2.27h   54.4%  80.9ms   1.56GiB    2.1%  16.3KiB
           solve_la...   101k    1.79h   42.9%  63.7ms   72.9GiB   96.2%   757KiB
             inner_sol   156k    1.72h   41.3%  39.8ms   38.4GiB   50.7%   259KiB
               solv...   156k    1.70h   40.9%  39.4ms   1.02GiB    1.4%  6.90KiB
             bundle...   156k    76.7s    0.5%   493μs    270MiB    0.3%  1.78KiB
             outer_sol   156k    58.3s    0.4%   375μs   7.50GiB    9.9%  50.5KiB
             init_a...   101k    32.7s    0.2%   324μs   12.8GiB   16.9%   133KiB
             relax_...   101k    12.8s    0.1%   126μs   2.14GiB    2.8%  22.2KiB
             restor...   101k    7.76s    0.1%  76.9μs   0.95GiB    1.2%  9.83KiB
             add_cut     156k    6.05s    0.0%  38.9μs   1.58GiB    2.1%  10.6KiB
             conver...   101k    267ms    0.0%  2.65μs   18.5MiB    0.0%     192B
             minima...   101k    114ms    0.0%  1.13μs     0.00B    0.0%    0.00B
           dual_ini...   101k   84.8ms    0.0%   841ns   20.0MiB    0.0%     208B
         space_change    202k   53.0ms    0.0%   262ns     0.00B    0.0%    0.00B
       update_bellman   5.05k    231ms    0.0%  45.7μs   26.6MiB    0.0%  5.39KiB
         cut_selection  4.22k   4.52ms    0.0%  1.07μs    342KiB    0.0%    83.0B
     forward_pass          51     390s    2.6%   7.65s    274MiB    0.4%  5.38MiB
       solve_subpro...  5.10k     390s    2.6%  76.4ms    261MiB    0.3%  52.4KiB
         solver_cal...  5.10k     389s    2.6%  76.3ms    188MiB    0.2%  37.8KiB
     calculate_bound       51    670ms    0.0%  13.1ms   10.5MiB    0.0%   210KiB
       solver_call_...     51    623ms    0.0%  12.2ms   98.4KiB    0.0%  1.93KiB
 ────────────────────────────────────────────────────────────────────────────────

||||||||||||||||||||||||||||||||||||||||||||||||||||||||||||||||||||||||||||||||||||||||||||||||||||||||||||||||||||||||||||||||||||||||
LAGRANGIAN DUAL SOLUTION RESULTS
mn_opt: 0 times (0.0%)
conv: 0 times (0.0%)
unbounded: 0 times (0.0%)
bound_issues: 0 times (0.0%)
subgr_stalling: 0 times (0.0%)
opt: 100929 times (100.0%)
feas_issues: 0 times (0.0%)
sub: 0 times (0.0%)
mn_iter: 0 times (0.0%)
iter: 0 times (0.0%)
mn_issue: 0 times (0.0%)

||||||||||||||||||||||||||||||||||||||||||||||||||||||||||||||||||||||||||||||||||||||||||||||||||||||||||||||||||||||||||||||||||||||||
SIMULATION RESULTS
DynamicSDDiP.Simulation(DynamicSDDiP.InSampleMonteCarlo(), 1000)
Lower bound: 62752.3099471334
Statistical upper bound (confidence interval): 76551.86476172341 ± 71.32230308681784
Pessimistic upper bound: 76623.18706481023
