

#########################################################################################################################################
#########################################################################################################################################
#########################################################################################################################################
#########################################################################################################################################
#########################################################################################################################################
DynamicSDDiP.jl (c) Christian Füllner, 2021
re-uses code from SDDP.jl (c) Oscar Dowson, 2017-21
||||||||||||||||||||||||||||||||||||||||||||||||||||||||||||||||||||||||||||||||||||||||||||||||||||||||||||||||||||||||||||||||||||||||
PATH
calling 
C:\Users\cg4102\.julia\packages\DynamicSDDiP\i7SIi\src
nothing
DATETIME
2025-09-27T21:52:00.802
||||||||||||||||||||||||||||||||||||||||||||||||||||||||||||||||||||||||||||||||||||||||||||||||||||||||||||||||||||||||||||||||||||||||
STOPPING RULES
SDDP.TimeLimit(14400.0)
SDDP.BoundStalling(20, 0.0001)
||||||||||||||||||||||||||||||||||||||||||||||||||||||||||||||||||||||||||||||||||||||||||||||||||||||||||||||||||||||||||||||||||||||||
REGULARIZATION
DynamicSDDiP.NoRegularization()
||||||||||||||||||||||||||||||||||||||||||||||||||||||||||||||||||||||||||||||||||||||||||||||||||||||||||||||||||||||||||||||||||||||||
CUT GENERATION REGIMES
DynamicSDDiP.CutGenerationRegime(DynamicSDDiP.NoStateApproximation(), DynamicSDDiP.UnifiedLagrangianDuality(0.01, 0.01, 100, DynamicSDDiP.ZeroDuals(), DynamicSDDiP.BothBounds(), DynamicSDDiP.LevelBundle(0.5, true, false), DynamicSDDiP.StandardChoice(), DynamicSDDiP.Lax(), DynamicSDDiP.Core_Conv(0.9, DynamicSDDiP.StateSpaceCopy(), DynamicSDDiP.NoIntegerRelax(), DynamicSDDiP.Unbounded_Opt_SB(true), DynamicSDDiP.NoImprovement(), true), DynamicSDDiP.NoDualSpaceRestriction(), DynamicSDDiP.StateSpaceCopy(), nothing, nothing), 1, Inf, Inf, 0.0, true, 0.0001)

||||||||||||||||||||||||||||||||||||||||||||||||||||||||||||||||||||||||||||||||||||||||||||||||||||||||||||||||||||||||||||||||||||||||
CUT AGGREGATION
DynamicSDDiP.MultiCutRegime()
||||||||||||||||||||||||||||||||||||||||||||||||||||||||||||||||||||||||||||||||||||||||||||||||||||||||||||||||||||||||||||||||||||||||
CUT SELECTION
DynamicSDDiP.NoCutSelection()
||||||||||||||||||||||||||||||||||||||||||||||||||||||||||||||||||||||||||||||||||||||||||||||||||||||||||||||||||||||||||||||||||||||||
LATE BINARIZATION
DynamicSDDiP.NoLateBinarization()
||||||||||||||||||||||||||||||||||||||||||||||||||||||||||||||||||||||||||||||||||||||||||||||||||||||||||||||||||||||||||||||||||||||||
APPLIED SOLVERS (LP, MILP, MIQCP, MINLP, NLP, Lagrange)
DynamicSDDiP.AppliedSolvers(true, "Gurobi", "Gurobi", "Gurobi", "Gurobi", "Gurobi", "Gurobi", "Gurobi", "Gurobi", "Gurobi", 0.0001, 300)
DynamicSDDiP.Direct_Solver()
Numerical focus: false
Silent: true
||||||||||||||||||||||||||||||||||||||||||||||||||||||||||||||||||||||||||||||||||||||||||||||||||||||||||||||||||||||||||||||||||||||||
SAMPLING
Used seed for sampling scenarios: 
11111     
||||||||||||||||||||||||||||||||||||||||||||||||||||||||||||||||||||||||||||||||||||||||||||||||||||||||||||||||||||||||||||||||||||||||
RUN DESCRIPTION

||||||||||||||||||||||||||||||||||||||||||||||||||||||||||||||||||||||||||||||||||||||||||||||||||||||||||||||||||||||||||||||||||||||||
PROBLEM DESCRIPTION
Number of stages: 100
Number of realizations per stage: 20
Seed for scenario tree sampling: 12345
Solver: serial mode

────────────────────────────────────────────────────────────────────────────────────────────────────────────────────────────────────────────────────────────────────────────────────────────────────────
It.#               UB        Best UB             LB       Gap           Time        It_Time           Refinements                            #Var.   #Constr.             #Cuts       Lagrangian Dual                                               
                                                          [%]            [s]            [s]          σ       Bin.      Total      {0,1}          ℤ      Total    Total   Active      # It.    # C-It.  # C-Real.  
────────────────────────────────────────────────────────────────────────────────────────────────────────────────────────────────────────────────────────────────────────────────────────────────────────
1        7.872916e+04   7.872916e+04   1.224949e+04    0.8444   6.381090e+02   6.381090e+02      false       none        902         48        800         48     1980     1980      20359      20359       1980
2        8.115141e+04   7.872916e+04   2.235980e+04    0.7160   1.658664e+03   1.020555e+03      false       none        902         48        800         48     3960     3960      22880      22880       1980
3        7.547025e+04   7.547025e+04   3.325830e+04    0.5593   2.714903e+03   1.056239e+03      false       none        902         48        800         48     5928     5928      23155      23092       1977
4        8.073799e+04   7.547025e+04   4.262148e+04    0.4353   4.203641e+03   1.488738e+03      false       none        902         48        800         48     7873     7873      27307      27238       1975
5        7.655926e+04   7.547025e+04   5.204872e+04    0.3103   5.854555e+03   1.650914e+03      false       none        902         48        800         48     9826     9826      28194      28122       1973
6        7.825608e+04   7.547025e+04   5.894570e+04    0.2190   7.898557e+03   2.044002e+03      false       none        902         48        800         48    11561    11561      33259      33215       1975
7        7.432154e+04   7.432154e+04   6.525235e+04    0.1220   1.009864e+04   2.200079e+03      false       none        902         48        800         48    13467    13467      33321      33231       1973
8        7.729114e+04   7.432154e+04   6.925585e+04    0.0682   1.278157e+04   2.682933e+03      false       none        902         48        800         48    14913    14913      38818      38718       1967
9        7.702836e+04   7.432154e+04   7.266601e+04    0.0223   1.576794e+04   2.986369e+03      false       none        902         48        800         48    16429    16429      40856      40663       1965

Terminating DynamicSDDiP with status: time_limit
------------------------------------------------------------------------------
────────────────────────────────────────────────────────────────────────────────
                                       Time                    Allocations      
                              ───────────────────────   ────────────────────────
      Tot / % measured:            4.38h / 100.0%            193GiB /  99.8%    

Section               ncalls     time    %tot     avg     alloc    %tot      avg
────────────────────────────────────────────────────────────────────────────────
loop                       1    4.38h  100.0%   4.38h    193GiB  100.0%   193GiB
  iterations               9    4.38h  100.0%   1752s    193GiB  100.0%  21.4GiB
    backward_pass          9    4.37h   99.8%   1749s    192GiB   99.9%  21.4GiB
      solve_BP         17.8k    4.37h   99.8%   883ms    192GiB   99.8%  11.0MiB
        solve_dual     17.8k    4.37h   99.8%   883ms    192GiB   99.8%  11.0MiB
          solve_la...  17.8k    4.01h   91.6%   811ms    144GiB   74.6%  8.26MiB
            inner_sol   268k    3.89h   88.7%  52.2ms    115GiB   59.9%   451KiB
              solv...   268k    3.80h   86.7%  51.0ms   2.47GiB    1.3%  9.67KiB
            bundle...   268k     278s    1.8%  1.04ms    574MiB    0.3%  2.19KiB
            outer_sol   268k    85.0s    0.5%   317μs   1.69GiB    0.9%  6.60KiB
            add_cut     268k    12.4s    0.1%  46.2μs   3.23GiB    1.7%  12.6KiB
            init_a...  17.8k    5.46s    0.0%   307μs   2.39GiB    1.2%   141KiB
            restor...  17.8k    1.56s    0.0%  87.4μs    200MiB    0.1%  11.5KiB
            relax_...  17.8k    1.43s    0.0%  80.4μs    339MiB    0.2%  19.5KiB
            conver...  17.8k   54.2ms    0.0%  3.04μs   3.54MiB    0.0%     209B
            minima...  17.8k   8.70ms    0.0%   490ns     0.00B    0.0%    0.00B
          solve_pr...  53.5k     614s    3.9%  11.5ms    204MiB    0.1%  3.91KiB
          solve_core   17.8k     537s    3.4%  30.1ms   87.0MiB    0.0%  5.00KiB
          solver_c...     15    967ms    0.0%  64.5ms    150KiB    0.0%  10.0KiB
          LP_relax...     15    120ms    0.0%  7.99ms   19.6MiB    0.0%  1.31MiB
            solver...     15   37.4ms    0.0%  2.49ms   87.8KiB    0.0%  5.85KiB
          dual_ini...  17.8k   23.4ms    0.0%  1.32μs   3.53MiB    0.0%     208B
        space_change   35.6k   9.54ms    0.0%   268ns     0.00B    0.0%    0.00B
      update_bellman     891    1.50s    0.0%  1.69ms    146MiB    0.1%   168KiB
        cut_selection  16.4k   11.4ms    0.0%   694ns   1.33MiB    0.0%    84.7B
    forward_pass           9    25.0s    0.2%   2.78s    141MiB    0.1%  15.7MiB
      solve_subpro...    900    25.0s    0.2%  27.8ms    139MiB    0.1%   158KiB
        solver_cal...    900    24.8s    0.2%  27.6ms    113MiB    0.1%   129KiB
    calculate_bound        9    122ms    0.0%  13.6ms   1.85MiB    0.0%   211KiB
      solver_call_...      9    113ms    0.0%  12.6ms   19.8KiB    0.0%  2.19KiB
────────────────────────────────────────────────────────────────────────────────

||||||||||||||||||||||||||||||||||||||||||||||||||||||||||||||||||||||||||||||||||||||||||||||||||||||||||||||||||||||||||||||||||||||||
LAGRANGIAN DUAL SOLUTION RESULTS
mn_opt: 0 times (0.0%)
conv: 0 times (0.0%)
unbounded: 15 times (0.1%)
bound_issues: 40 times (0.2%)
subgr_stalling: 0 times (0.0%)
opt: 17765 times (99.7%)
feas_issues: 0 times (0.0%)
sub: 0 times (0.0%)
mn_iter: 0 times (0.0%)
iter: 0 times (0.0%)
mn_issue: 0 times (0.0%)

||||||||||||||||||||||||||||||||||||||||||||||||||||||||||||||||||||||||||||||||||||||||||||||||||||||||||||||||||||||||||||||||||||||||
SIMULATION RESULTS
DynamicSDDiP.Simulation(DynamicSDDiP.InSampleMonteCarlo(), 1000)
Lower bound: 72666.00802806843
Statistical upper bound (confidence interval): 76218.03402544392 ± 70.00684205027399
Pessimistic upper bound: 76288.0408674942
