

#########################################################################################################################################
#########################################################################################################################################
#########################################################################################################################################
#########################################################################################################################################
#########################################################################################################################################
DynamicSDDiP.jl (c) Christian Füllner, 2021
re-uses code from SDDP.jl (c) Oscar Dowson, 2017-21
||||||||||||||||||||||||||||||||||||||||||||||||||||||||||||||||||||||||||||||||||||||||||||||||||||||||||||||||||||||||||||||||||||||||
PATH
calling 
C:\Users\cg4102\.julia\packages\DynamicSDDiP\F3WMX\src
nothing
DATETIME
2024-10-09T18:51:44.238
||||||||||||||||||||||||||||||||||||||||||||||||||||||||||||||||||||||||||||||||||||||||||||||||||||||||||||||||||||||||||||||||||||||||
STOPPING RULES
SDDP.TimeLimit(14400.0)
SDDP.BoundStalling(20, 0.0001)
||||||||||||||||||||||||||||||||||||||||||||||||||||||||||||||||||||||||||||||||||||||||||||||||||||||||||||||||||||||||||||||||||||||||
REGULARIZATION
DynamicSDDiP.NoRegularization()
||||||||||||||||||||||||||||||||||||||||||||||||||||||||||||||||||||||||||||||||||||||||||||||||||||||||||||||||||||||||||||||||||||||||
CUT GENERATION REGIMES
DynamicSDDiP.CutGenerationRegime(DynamicSDDiP.NoStateApproximation(), DynamicSDDiP.LagrangianDuality(0.01, 0.01, 100, DynamicSDDiP.ZeroDuals(), DynamicSDDiP.BothBounds(), DynamicSDDiP.LevelBundle(0.5, true, false), DynamicSDDiP.StandardChoice(), DynamicSDDiP.Lax(), DynamicSDDiP.StateSpaceCopy(), false), 1, Inf, Inf, 0.0, true, 0.0001)

||||||||||||||||||||||||||||||||||||||||||||||||||||||||||||||||||||||||||||||||||||||||||||||||||||||||||||||||||||||||||||||||||||||||
CUT AGGREGATION
DynamicSDDiP.MultiCutRegime()
||||||||||||||||||||||||||||||||||||||||||||||||||||||||||||||||||||||||||||||||||||||||||||||||||||||||||||||||||||||||||||||||||||||||
CUT SELECTION
DynamicSDDiP.NoCutSelection()
||||||||||||||||||||||||||||||||||||||||||||||||||||||||||||||||||||||||||||||||||||||||||||||||||||||||||||||||||||||||||||||||||||||||
LATE BINARIZATION
DynamicSDDiP.NoLateBinarization()
||||||||||||||||||||||||||||||||||||||||||||||||||||||||||||||||||||||||||||||||||||||||||||||||||||||||||||||||||||||||||||||||||||||||
APPLIED SOLVERS (LP, MILP, MIQCP, MINLP, NLP, Lagrange)
DynamicSDDiP.AppliedSolvers(true, "Gurobi", "Gurobi", "Gurobi", "Gurobi", "Gurobi", "Gurobi", "Gurobi", "Gurobi", "Gurobi", 0.0001, 300)
DynamicSDDiP.Direct_Solver()
Numerical focus: false
Silent: true
||||||||||||||||||||||||||||||||||||||||||||||||||||||||||||||||||||||||||||||||||||||||||||||||||||||||||||||||||||||||||||||||||||||||
SAMPLING
Used seed for sampling scenarios: 
11111     
||||||||||||||||||||||||||||||||||||||||||||||||||||||||||||||||||||||||||||||||||||||||||||||||||||||||||||||||||||||||||||||||||||||||
RUN DESCRIPTION

||||||||||||||||||||||||||||||||||||||||||||||||||||||||||||||||||||||||||||||||||||||||||||||||||||||||||||||||||||||||||||||||||||||||
PROBLEM DESCRIPTION
Number of stages: 100
Number of realizations per stage: 20
Seed for scenario tree sampling: 12345
Solver: serial mode

────────────────────────────────────────────────────────────────────────────────────────────────────────────────────────────────────────────────────────────────────────────────────────────────────────
It.#               UB        Best UB             LB       Gap           Time        It_Time           Refinements                            #Var.   #Constr.             #Cuts       Lagrangian Dual                                               
                                                          [%]            [s]            [s]          σ       Bin.      Total      {0,1}          ℤ      Total    Total   Active      # It.    # C-It.  # C-Real.  
────────────────────────────────────────────────────────────────────────────────────────────────────────────────────────────────────────────────────────────────────────────────────────────────────────
1        7.872916e+04   7.872916e+04   6.212496e+04    0.2109   2.852190e+02   2.852190e+02      false       none        902         48        800         48     1980     1980       3174       3174       1979
2        7.651816e+04   7.651816e+04   6.216857e+04    0.1875   5.598750e+02   2.746560e+02      false       none        902         48        800         48     3958     3958       3181       3181       1979
3        7.599554e+04   7.599554e+04   6.222570e+04    0.1812   8.422980e+02   2.824230e+02      false       none        902         48        800         48     5934     5934       3076       3076       1979
4        7.765636e+04   7.599554e+04   6.228485e+04    0.1804   1.122767e+03   2.804690e+02      false       none        902         48        800         48     7912     7912       3071       3071       1979
5        7.752459e+04   7.599554e+04   6.232133e+04    0.1799   1.406877e+03   2.841100e+02      false       none        902         48        800         48     9886     9886       3088       3088       1979
6        7.558858e+04   7.558858e+04   6.237302e+04    0.1748   1.688768e+03   2.818910e+02      false       none        902         48        800         48    11858    11858       3067       3067       1979
7        7.467797e+04   7.467797e+04   6.241861e+04    0.1642   1.976690e+03   2.879220e+02      false       none        902         48        800         48    13830    13830       3067       3067       1979
8        7.598396e+04   7.467797e+04   6.249035e+04    0.1632   2.272534e+03   2.958440e+02      false       none        902         48        800         48    15807    15807       3111       3111       1979
9        7.744990e+04   7.467797e+04   6.253250e+04    0.1626   2.741441e+03   4.689070e+02      false       none        902         48        800         48    17747    17747       3053       3053       1979
10       7.598766e+04   7.467797e+04   6.254598e+04    0.1625   3.233549e+03   4.921080e+02      false       none        902         48        800         48    19682    19682       3049       3049       1979
11       7.637360e+04   7.467797e+04   6.256510e+04    0.1622   3.696707e+03   4.631580e+02      false       none        902         48        800         48    21610    21610       3042       3042       1979
12       7.813477e+04   7.467797e+04   6.259332e+04    0.1618   4.176223e+03   4.795160e+02      false       none        902         48        800         48    23549    23549       3062       3062       1979
13       7.695861e+04   7.467797e+04   6.262443e+04    0.1614   4.652849e+03   4.766260e+02      false       none        902         48        800         48    25491    25491       3077       3077       1979
14       7.598322e+04   7.467797e+04   6.263597e+04    0.1613   5.097615e+03   4.447660e+02      false       none        902         48        800         48    27401    27401       3037       3037       1979
15       7.777081e+04   7.467797e+04   6.265860e+04    0.1609   5.540865e+03   4.432500e+02      false       none        902         48        800         48    29344    29344       3030       3030       1979
16       7.531240e+04   7.467797e+04   6.269696e+04    0.1604   5.988460e+03   4.475950e+02      false       none        902         48        800         48    31257    31257       3053       3053       1979
17       7.617673e+04   7.467797e+04   6.271507e+04    0.1602   6.444554e+03   4.560940e+02      false       none        902         48        800         48    33179    33179       3043       3043       1979
18       7.577375e+04   7.467797e+04   6.273939e+04    0.1599   6.902398e+03   4.578440e+02      false       none        902         48        800         48    35097    35097       3034       3034       1979
19       7.627473e+04   7.467797e+04   6.276018e+04    0.1596   7.353071e+03   4.506730e+02      false       none        902         48        800         48    36996    36996       3047       3047       1979
20       7.555503e+04   7.467797e+04   6.277572e+04    0.1594   7.812150e+03   4.590790e+02      false       none        902         48        800         48    38887    38887       3007       3007       1979
21       7.784732e+04   7.467797e+04   6.279291e+04    0.1592   8.278932e+03   4.667820e+02      false       none        902         48        800         48    40807    40807       3062       3062       1979
22       7.548163e+04   7.467797e+04   6.282551e+04    0.1587   8.740073e+03   4.611410e+02      false       none        902         48        800         48    42729    42729       3035       3035       1979
23       7.681401e+04   7.467797e+04   6.283768e+04    0.1586   9.213511e+03   4.734380e+02      false       none        902         48        800         48    44627    44627       3041       3041       1979
24       7.660739e+04   7.467797e+04   6.285367e+04    0.1583   9.683277e+03   4.697660e+02      false       none        902         48        800         48    46544    46544       3047       3047       1979
25       7.615760e+04   7.467797e+04   6.287455e+04    0.1581   1.015915e+04   4.758760e+02      false       none        902         48        800         48    48415    48415       3039       3039       1979
26       7.494603e+04   7.467797e+04   6.288870e+04    0.1579   1.062301e+04   4.638600e+02      false       none        902         48        800         48    50287    50287       3037       3037       1979
27       7.562237e+04   7.467797e+04   6.290714e+04    0.1576   1.109125e+04   4.682350e+02      false       none        902         48        800         48    52180    52180       3065       3065       1979
28       7.708292e+04   7.467797e+04   6.293467e+04    0.1573   1.155194e+04   4.606890e+02      false       none        902         48        800         48    54071    54071       3043       3043       1979
29       7.864194e+04   7.467797e+04   6.295249e+04    0.1570   1.200884e+04   4.569060e+02      false       none        902         48        800         48    55919    55919       3005       3005       1979
30       7.785903e+04   7.467797e+04   6.296592e+04    0.1568   1.248411e+04   4.752670e+02      false       none        902         48        800         48    57771    57771       3025       3025       1979
31       7.706794e+04   7.467797e+04   6.297895e+04    0.1567   1.295410e+04   4.699850e+02      false       none        902         48        800         48    59621    59621       3003       3003       1979
32       7.647232e+04   7.467797e+04   6.299915e+04    0.1564   1.342686e+04   4.727660e+02      false       none        902         48        800         48    61485    61485       3040       3040       1979
33       7.590953e+04   7.467797e+04   6.299915e+04    0.1564   1.390817e+04   4.813130e+02      false       none        902         48        800         48    63313    63313       3032       3032       1979
34       7.619490e+04   7.467797e+04   6.301601e+04    0.1562   1.438605e+04   4.778760e+02      false       none        902         48        800         48    65169    65169       3027       3027       1979
35       7.640559e+04   7.467797e+04   6.302914e+04    0.1560   1.486380e+04   4.777510e+02      false       none        902         48        800         48    67029    67029       3051       3051       1979

Terminating DynamicSDDiP with status: time_limit
------------------------------------------------------------------------------
 ────────────────────────────────────────────────────────────────────────────────
                                        Time                    Allocations      
                               ───────────────────────   ────────────────────────
       Tot / % measured:            4.13h / 100.0%           52.6GiB /  99.4%    

 Section               ncalls     time    %tot     avg     alloc    %tot      avg
 ────────────────────────────────────────────────────────────────────────────────
 loop                       1    4.13h  100.0%   4.13h   52.3GiB  100.0%  52.3GiB
   iterations              35    4.13h  100.0%    425s   52.3GiB  100.0%  1.49GiB
     backward_pass         35    4.02h   97.3%    413s   52.0GiB   99.5%  1.49GiB
       solve_BP         69.3k    4.02h   97.3%   209ms   51.8GiB   99.0%   784KiB
         solve_dual     69.3k    4.02h   97.3%   209ms   51.4GiB   98.3%   778KiB
           solve_pr...  69.3k    2.23h   54.1%   116ms   1.07GiB    2.0%  16.1KiB
           solve_la...  69.3k    1.79h   43.2%  92.8ms   50.1GiB   95.7%   758KiB
             inner_sol   107k    1.73h   41.9%  58.3ms   26.4GiB   50.5%   259KiB
               solv...   107k    1.72h   41.6%  57.9ms    706MiB    1.3%  6.76KiB
             bundle...   107k    80.0s    0.5%   748μs    185MiB    0.3%  1.78KiB
             outer_sol   107k    46.8s    0.3%   437μs   5.14GiB    9.8%  50.4KiB
             init_a...  69.3k    21.8s    0.1%   315μs   8.80GiB   16.8%   133KiB
             relax_...  69.3k    8.60s    0.1%   124μs   1.46GiB    2.8%  22.1KiB
             restor...  69.3k    5.43s    0.0%  78.4μs    665MiB    1.2%  9.84KiB
             add_cut     107k    4.13s    0.0%  38.7μs   1.09GiB    2.1%  10.7KiB
             conver...  69.3k    184ms    0.0%  2.66μs   12.7MiB    0.0%     192B
             minima...  69.3k   76.0ms    0.0%  1.10μs     0.00B    0.0%    0.00B
           dual_ini...  69.3k   87.2ms    0.0%  1.26μs   13.7MiB    0.0%     208B
         space_change    139k   35.0ms    0.0%   252ns     0.00B    0.0%    0.00B
       update_bellman   3.46k    590ms    0.0%   170μs    222MiB    0.4%  65.5KiB
         cut_selection  67.0k   28.3ms    0.0%   422ns   5.80MiB    0.0%    90.7B
     forward_pass          35     393s    2.6%   11.2s    244MiB    0.5%  6.97MiB
       solve_subpro...  3.50k     393s    2.6%   112ms    235MiB    0.4%  68.8KiB
         solver_cal...  3.50k     392s    2.6%   112ms    163MiB    0.3%  47.7KiB
     calculate_bound       35    758ms    0.0%  21.6ms   7.19MiB    0.0%   210KiB
       solver_call_...     35    724ms    0.0%  20.7ms   68.2KiB    0.0%  1.95KiB
 ────────────────────────────────────────────────────────────────────────────────

||||||||||||||||||||||||||||||||||||||||||||||||||||||||||||||||||||||||||||||||||||||||||||||||||||||||||||||||||||||||||||||||||||||||
LAGRANGIAN DUAL SOLUTION RESULTS
mn_opt: 0 times (0.0%)
conv: 0 times (0.0%)
unbounded: 0 times (0.0%)
bound_issues: 0 times (0.0%)
subgr_stalling: 0 times (0.0%)
opt: 69265 times (100.0%)
feas_issues: 0 times (0.0%)
sub: 0 times (0.0%)
mn_iter: 0 times (0.0%)
iter: 0 times (0.0%)
mn_issue: 0 times (0.0%)

||||||||||||||||||||||||||||||||||||||||||||||||||||||||||||||||||||||||||||||||||||||||||||||||||||||||||||||||||||||||||||||||||||||||
SIMULATION RESULTS
DynamicSDDiP.Simulation(DynamicSDDiP.InSampleMonteCarlo(), 1000)
Lower bound: 63029.14383040061
Statistical upper bound (confidence interval): 76532.04880354185 ± 72.87402421528154
Pessimistic upper bound: 76604.92282775714
