#########################################################################################################################################
#########################################################################################################################################
#########################################################################################################################################
#########################################################################################################################################
#########################################################################################################################################
DynamicSDDiP.jl (c) Christian Füllner, 2021
re-uses code from SDDP.jl (c) Oscar Dowson, 2017-21
||||||||||||||||||||||||||||||||||||||||||||||||||||||||||||||||||||||||||||||||||||||||||||||||||||||||||||||||||||||||||||||||||||||||
PATH
calling 
C:\Users\cg4102\.julia\packages\DynamicSDDiP\lmwtn\src
nothing
DATETIME
2025-09-24T08:57:42.485
||||||||||||||||||||||||||||||||||||||||||||||||||||||||||||||||||||||||||||||||||||||||||||||||||||||||||||||||||||||||||||||||||||||||
STOPPING RULES
SDDP.TimeLimit(14400.0)
SDDP.BoundStalling(20, 0.0001)
||||||||||||||||||||||||||||||||||||||||||||||||||||||||||||||||||||||||||||||||||||||||||||||||||||||||||||||||||||||||||||||||||||||||
REGULARIZATION
DynamicSDDiP.NoRegularization()
||||||||||||||||||||||||||||||||||||||||||||||||||||||||||||||||||||||||||||||||||||||||||||||||||||||||||||||||||||||||||||||||||||||||
CUT GENERATION REGIMES
DynamicSDDiP.CutGenerationRegime(DynamicSDDiP.NoStateApproximation(), DynamicSDDiP.UnifiedLagrangianDuality(0.01, 0.01, 100, DynamicSDDiP.ZeroDuals(), DynamicSDDiP.BothBounds(), DynamicSDDiP.LevelBundle(0.5, true, false), DynamicSDDiP.StandardChoice(), DynamicSDDiP.Lax(), DynamicSDDiP.Core_Epsilon(0.01, DynamicSDDiP.StateSpaceCopy(), DynamicSDDiP.IntegerRelax(), DynamicSDDiP.Unbounded_Opt_SB(true), DynamicSDDiP.PrimalObj(), false), DynamicSDDiP.NoDualSpaceRestriction(), DynamicSDDiP.StateSpaceCopy(), nothing, nothing), 1, Inf, Inf, 0.0, true, 0.0001)

||||||||||||||||||||||||||||||||||||||||||||||||||||||||||||||||||||||||||||||||||||||||||||||||||||||||||||||||||||||||||||||||||||||||
CUT AGGREGATION
DynamicSDDiP.MultiCutRegime()
||||||||||||||||||||||||||||||||||||||||||||||||||||||||||||||||||||||||||||||||||||||||||||||||||||||||||||||||||||||||||||||||||||||||
CUT SELECTION
DynamicSDDiP.NoCutSelection()
||||||||||||||||||||||||||||||||||||||||||||||||||||||||||||||||||||||||||||||||||||||||||||||||||||||||||||||||||||||||||||||||||||||||
LATE BINARIZATION
DynamicSDDiP.NoLateBinarization()
||||||||||||||||||||||||||||||||||||||||||||||||||||||||||||||||||||||||||||||||||||||||||||||||||||||||||||||||||||||||||||||||||||||||
APPLIED SOLVERS (LP, MILP, MIQCP, MINLP, NLP, Lagrange)
DynamicSDDiP.AppliedSolvers(true, "Gurobi", "Gurobi", "Gurobi", "Gurobi", "Gurobi", "Gurobi", "Gurobi", "Gurobi", "Gurobi", 0.0001, 300)
DynamicSDDiP.Direct_Solver()
Numerical focus: false
Silent: true
||||||||||||||||||||||||||||||||||||||||||||||||||||||||||||||||||||||||||||||||||||||||||||||||||||||||||||||||||||||||||||||||||||||||
SAMPLING
Used seed for sampling scenarios: 
11111     
||||||||||||||||||||||||||||||||||||||||||||||||||||||||||||||||||||||||||||||||||||||||||||||||||||||||||||||||||||||||||||||||||||||||
RUN DESCRIPTION

||||||||||||||||||||||||||||||||||||||||||||||||||||||||||||||||||||||||||||||||||||||||||||||||||||||||||||||||||||||||||||||||||||||||
PROBLEM DESCRIPTION
Number of stages: 100
Number of realizations per stage: 20
Seed for scenario tree sampling: 12345
Solver: serial mode

────────────────────────────────────────────────────────────────────────────────────────────────────────────────────────────────────────────────────────────────────────────────────────────────────────
It.#               UB        Best UB             LB       Gap           Time        It_Time           Refinements                            #Var.   #Constr.             #Cuts       Lagrangian Dual                                               
                                                          [%]            [s]            [s]          σ       Bin.      Total      {0,1}          ℤ      Total    Total   Active      # It.    # C-It.  # C-Real.  
────────────────────────────────────────────────────────────────────────────────────────────────────────────────────────────────────────────────────────────────────────────────────────────────────────
1        7.872916e+04   7.872916e+04   1.314958e+03    0.9833   1.861526e+03   1.861526e+03      false       none        902         48        800         48     1980     1980      43872      43872       1980
2        7.978025e+04   7.872916e+04   1.975550e+03    0.9749   5.024436e+03   3.162910e+03      false       none        902         48        800         48     3960     3960      42219      42219       1980
3        8.162717e+04   7.872916e+04   2.810033e+03    0.9643   8.383204e+03   3.358768e+03      false       none        902         48        800         48     5938     5938      42208      42194       1978
4        7.956077e+04   7.872916e+04   3.345270e+03    0.9575   1.145050e+04   3.067293e+03      false       none        902         48        800         48     7916     7916      41533      41533       1975
5        8.130812e+04   7.872916e+04   3.877308e+03    0.9508   1.441081e+04   2.960311e+03      false       none        902         48        800         48     9891     9891      41698      41698       1972

Terminating DynamicSDDiP with status: time_limit
------------------------------------------------------------------------------
────────────────────────────────────────────────────────────────────────────────
                                       Time                    Allocations      
                              ───────────────────────   ────────────────────────
      Tot / % measured:            4.00h / 100.0%            150GiB /  99.8%    

Section               ncalls     time    %tot     avg     alloc    %tot      avg
────────────────────────────────────────────────────────────────────────────────
loop                       1    4.00h  100.0%   4.00h    150GiB  100.0%   150GiB
  iterations               5    4.00h  100.0%   2882s    150GiB  100.0%  29.9GiB
    backward_pass          5    3.99h   99.8%   2876s    149GiB   99.9%  29.9GiB
      solve_BP         9.90k    3.99h   99.8%   1.45s    149GiB   99.8%  15.4MiB
        solve_dual     9.90k    3.99h   99.8%   1.45s    149GiB   99.8%  15.4MiB
          solve_la...  9.89k    3.84h   96.0%   1.40s    111GiB   74.1%  11.5MiB
            inner_sol   212k    3.73h   93.2%  63.5ms   90.2GiB   60.3%   447KiB
              solv...   212k    3.66h   91.4%  62.3ms   2.16GiB    1.4%  10.7KiB
            bundle...   212k     260s    1.8%  1.23ms    414MiB    0.3%  2.01KiB
            outer_sol   212k    76.3s    0.5%   361μs   1.01GiB    0.7%  5.03KiB
            add_cut     212k    8.82s    0.1%  41.7μs   2.40GiB    1.6%  11.9KiB
            init_a...  9.89k    3.25s    0.0%   329μs   1.33GiB    0.9%   141KiB
            restor...  9.89k    878ms    0.0%  88.8μs    111MiB    0.1%  11.5KiB
            relax_...  9.89k    791ms    0.0%  80.0μs    227MiB    0.1%  23.5KiB
            conver...  9.89k   37.3ms    0.0%  3.77μs   1.96MiB    0.0%     208B
            minima...  9.88k   5.87ms    0.0%   593ns     0.00B    0.0%    0.00B
          solve_pr...  29.7k     368s    2.6%  12.4ms    130MiB    0.1%  4.49KiB
          solve_core   9.90k    20.8s    0.1%  2.10ms   49.8MiB    0.0%  5.15KiB
          solver_c...     14    1.52s    0.0%   108ms    157KiB    0.0%  11.2KiB
          LP_relax...     14    131ms    0.0%  9.39ms   18.3MiB    0.0%  1.31MiB
            solver...     14   21.0ms    0.0%  1.50ms   63.3KiB    0.0%  4.52KiB
          dual_ini...  9.90k   8.24ms    0.0%   832ns   1.96MiB    0.0%     208B
        space_change   19.8k   6.48ms    0.0%   327ns     0.00B    0.0%    0.00B
      update_bellman     495    973ms    0.0%  1.97ms   91.2MiB    0.1%   189KiB
        cut_selection  9.89k   7.07ms    0.0%   715ns    803KiB    0.0%    83.1B
    forward_pass           5    31.7s    0.2%   6.34s    134MiB    0.1%  26.7MiB
      solve_subpro...    500    31.7s    0.2%  63.4ms    132MiB    0.1%   271KiB
        solver_cal...    500    31.5s    0.2%  63.1ms    113MiB    0.1%   231KiB
    calculate_bound        5    101ms    0.0%  20.3ms   1.03MiB    0.0%   211KiB
      solver_call_...      5   96.5ms    0.0%  19.3ms   12.9KiB    0.0%  2.58KiB
────────────────────────────────────────────────────────────────────────────────

||||||||||||||||||||||||||||||||||||||||||||||||||||||||||||||||||||||||||||||||||||||||||||||||||||||||||||||||||||||||||||||||||||||||
LAGRANGIAN DUAL SOLUTION RESULTS
mn_opt: 0 times (0.0%)
conv: 0 times (0.0%)
unbounded: 14 times (0.1%)
bound_issues: 1 times (0.0%)
subgr_stalling: 0 times (0.0%)
opt: 9885 times (99.8%)
feas_issues: 0 times (0.0%)
sub: 0 times (0.0%)
mn_iter: 0 times (0.0%)
iter: 0 times (0.0%)
mn_issue: 0 times (0.0%)
