

#########################################################################################################################################
#########################################################################################################################################
#########################################################################################################################################
#########################################################################################################################################
#########################################################################################################################################
DynamicSDDiP.jl (c) Christian Füllner, 2021
re-uses code from SDDP.jl (c) Oscar Dowson, 2017-21
||||||||||||||||||||||||||||||||||||||||||||||||||||||||||||||||||||||||||||||||||||||||||||||||||||||||||||||||||||||||||||||||||||||||
PATH
calling 
C:\Users\cg4102\.julia\packages\DynamicSDDiP\OjAtg\src
nothing
DATETIME
2024-09-28T21:10:09.701
||||||||||||||||||||||||||||||||||||||||||||||||||||||||||||||||||||||||||||||||||||||||||||||||||||||||||||||||||||||||||||||||||||||||
STOPPING RULES
SDDP.TimeLimit(14400.0)
SDDP.BoundStalling(20, 0.0001)
||||||||||||||||||||||||||||||||||||||||||||||||||||||||||||||||||||||||||||||||||||||||||||||||||||||||||||||||||||||||||||||||||||||||
REGULARIZATION
DynamicSDDiP.NoRegularization()
||||||||||||||||||||||||||||||||||||||||||||||||||||||||||||||||||||||||||||||||||||||||||||||||||||||||||||||||||||||||||||||||||||||||
CUT GENERATION REGIMES
DynamicSDDiP.CutGenerationRegime(DynamicSDDiP.NoStateApproximation(), DynamicSDDiP.UnifiedLagrangianDuality(0.01, 0.01, 100, DynamicSDDiP.ZeroDuals(), DynamicSDDiP.BothBounds(), DynamicSDDiP.LevelBundle(0.5, true, false), DynamicSDDiP.StandardChoice(), DynamicSDDiP.Lax(), DynamicSDDiP.L∞_Deep(), DynamicSDDiP.NoDualSpaceRestriction(), DynamicSDDiP.StateSpaceCopy(), nothing, nothing), 1, Inf, Inf, 0.0, true, 0.0001)

||||||||||||||||||||||||||||||||||||||||||||||||||||||||||||||||||||||||||||||||||||||||||||||||||||||||||||||||||||||||||||||||||||||||
CUT AGGREGATION
DynamicSDDiP.MultiCutRegime()
||||||||||||||||||||||||||||||||||||||||||||||||||||||||||||||||||||||||||||||||||||||||||||||||||||||||||||||||||||||||||||||||||||||||
CUT SELECTION
DynamicSDDiP.NoCutSelection()
||||||||||||||||||||||||||||||||||||||||||||||||||||||||||||||||||||||||||||||||||||||||||||||||||||||||||||||||||||||||||||||||||||||||
LATE BINARIZATION
DynamicSDDiP.NoLateBinarization()
||||||||||||||||||||||||||||||||||||||||||||||||||||||||||||||||||||||||||||||||||||||||||||||||||||||||||||||||||||||||||||||||||||||||
APPLIED SOLVERS (LP, MILP, MIQCP, MINLP, NLP, Lagrange)
DynamicSDDiP.AppliedSolvers(true, "Gurobi", "Gurobi", "Gurobi", "Gurobi", "Gurobi", "Gurobi", "Gurobi", "Gurobi", "Gurobi", 0.0001, 300)
DynamicSDDiP.Direct_Solver()
Numerical focus: false
Silent: true
||||||||||||||||||||||||||||||||||||||||||||||||||||||||||||||||||||||||||||||||||||||||||||||||||||||||||||||||||||||||||||||||||||||||
SAMPLING
Used seed for sampling scenarios: 
11111     
||||||||||||||||||||||||||||||||||||||||||||||||||||||||||||||||||||||||||||||||||||||||||||||||||||||||||||||||||||||||||||||||||||||||
RUN DESCRIPTION

||||||||||||||||||||||||||||||||||||||||||||||||||||||||||||||||||||||||||||||||||||||||||||||||||||||||||||||||||||||||||||||||||||||||
PROBLEM DESCRIPTION
Number of stages: 100
Number of realizations per stage: 20
Seed for scenario tree sampling: 12345
Solver: serial mode

────────────────────────────────────────────────────────────────────────────────────────────────────────────────────────────────────────────────────────────────────────────────────────────────────────
It.#               UB        Best UB             LB       Gap           Time        It_Time           Refinements                            #Var.   #Constr.             #Cuts       Lagrangian Dual                                               
                                                          [%]            [s]            [s]          σ       Bin.      Total      {0,1}          ℤ      Total    Total   Active      # It.    # C-It.  # C-Real.  
────────────────────────────────────────────────────────────────────────────────────────────────────────────────────────────────────────────────────────────────────────────────────────────────────────
1        7.872916e+04   7.872916e+04   6.159839e+04    0.2176   2.932820e+02   2.932820e+02      false       none        902         48        800         48     1980     1980       3958       3958       1979
2        7.609651e+04   7.609651e+04   6.167364e+04    0.1895   7.008450e+02   4.075630e+02      false       none        902         48        800         48     3959     3959       8528       8528       1979
3        7.517484e+04   7.517484e+04   6.169044e+04    0.1794   1.150986e+03   4.501410e+02      false       none        902         48        800         48     5939     5939      10632      10632       1979
4        7.701132e+04   7.517484e+04   6.171201e+04    0.1791   1.588409e+03   4.374230e+02      false       none        902         48        800         48     7919     7919       9834       9834       1979
5        7.669384e+04   7.517484e+04   6.172565e+04    0.1789   2.047175e+03   4.587660e+02      false       none        902         48        800         48     9899     9899      10575      10575       1979
6        7.528374e+04   7.517484e+04   6.174342e+04    0.1787   2.511425e+03   4.642500e+02      false       none        902         48        800         48    11878    11878      10356      10356       1979
7        7.424048e+04   7.424048e+04   6.175828e+04    0.1681   2.969301e+03   4.578760e+02      false       none        902         48        800         48    13857    13857      10586      10586       1979
8        7.593357e+04   7.424048e+04   6.176842e+04    0.1680   3.475317e+03   5.060160e+02      false       none        902         48        800         48    15835    15835      11757      11757       1979
9        7.722033e+04   7.424048e+04   6.178206e+04    0.1678   3.938755e+03   4.634380e+02      false       none        902         48        800         48    17813    17813      10587      10587       1979
10       7.653257e+04   7.424048e+04   6.179155e+04    0.1677   4.453349e+03   5.145940e+02      false       none        902         48        800         48    19787    19787      11865      11865       1979
11       7.534410e+04   7.424048e+04   6.180194e+04    0.1675   4.971084e+03   5.177350e+02      false       none        902         48        800         48    21765    21765      11801      11801       1979
12       7.702525e+04   7.424048e+04   6.181253e+04    0.1674   5.498460e+03   5.273760e+02      false       none        902         48        800         48    23742    23742      11854      11854       1979
13       7.645360e+04   7.424048e+04   6.182119e+04    0.1673   6.025726e+03   5.272660e+02      false       none        902         48        800         48    25719    25719      11774      11774       1979
14       7.634592e+04   7.424048e+04   6.183128e+04    0.1671   6.557039e+03   5.313130e+02      false       none        902         48        800         48    27693    27693      11920      11920       1979
15       7.691998e+04   7.424048e+04   6.184368e+04    0.1670   7.050086e+03   4.930470e+02      false       none        902         48        800         48    29671    29671      10772      10772       1979
16       7.503414e+04   7.424048e+04   6.185609e+04    0.1668   7.560681e+03   5.105950e+02      false       none        902         48        800         48    31647    31647      11282      11282       1979
17       7.587853e+04   7.424048e+04   6.186669e+04    0.1667   8.632542e+03   1.071861e+03      false       none        902         48        800         48    33625    33625      11438      11438       1979
18       7.549001e+04   7.424048e+04   6.187512e+04    0.1666   9.754418e+03   1.121876e+03      false       none        902         48        800         48    35596    35596      12336      12336       1979
19       7.516249e+04   7.424048e+04   6.187949e+04    0.1665   1.085005e+04   1.095627e+03      false       none        902         48        800         48    37560    37560      12500      12500       1979
20       7.540128e+04   7.424048e+04   6.188943e+04    0.1664   1.193688e+04   1.086831e+03      false       none        902         48        800         48    39535    39535      12578      12578       1979
21       7.776599e+04   7.424048e+04   6.189451e+04    0.1663   1.298800e+04   1.051126e+03      false       none        902         48        800         48    41508    41508      12669      12669       1979
22       7.615560e+04   7.424048e+04   6.190835e+04    0.1661   1.388479e+04   8.967830e+02      false       none        902         48        800         48    43480    43480      10831      10831       1979
23       7.723093e+04   7.424048e+04   6.191994e+04    0.1660   1.482768e+04   9.428920e+02      false       none        902         48        800         48    45458    45458      11713      11713       1979

Terminating DynamicSDDiP with status: time_limit
------------------------------------------------------------------------------
 ────────────────────────────────────────────────────────────────────────────────
                                        Time                    Allocations      
                               ───────────────────────   ────────────────────────
       Tot / % measured:            4.12h / 100.0%            142GiB /  99.8%    

 Section               ncalls     time    %tot     avg     alloc    %tot      avg
 ────────────────────────────────────────────────────────────────────────────────
 loop                       1    4.12h  100.0%   4.12h    142GiB  100.0%   142GiB
   iterations              23    4.12h  100.0%    645s    142GiB  100.0%  6.17GiB
     backward_pass         23    4.05h   98.4%    635s    142GiB   99.9%  6.16GiB
       solve_BP         45.5k    4.05h   98.4%   321ms    141GiB   99.7%  3.18MiB
         solve_dual     45.5k    4.05h   98.4%   321ms    141GiB   99.5%  3.18MiB
           solve_la...  45.5k    2.73h   66.4%   216ms    140GiB   98.9%  3.16MiB
             inner_sol   252k    2.64h   64.1%  37.7ms    106GiB   74.6%   440KiB
               solv...   252k    2.56h   62.1%  36.5ms   1.07GiB    0.8%  4.43KiB
             bundle...   252k     166s    1.1%   659μs    456MiB    0.3%  1.85KiB
             outer_sol   252k    65.1s    0.4%   258μs   3.70GiB    2.6%  15.4KiB
             init_a...  45.5k    14.3s    0.1%   314μs   5.88GiB    4.1%   136KiB
             add_cut     252k    9.35s    0.1%  37.1μs   2.58GiB    1.8%  10.7KiB
             relax_...  45.5k    5.36s    0.0%   118μs   0.96GiB    0.7%  22.1KiB
             restor...  45.5k    3.42s    0.0%  75.0μs    437MiB    0.3%  9.84KiB
             conver...  45.5k    142ms    0.0%  3.13μs   9.03MiB    0.0%     208B
             minima...  45.5k   25.1ms    0.0%   552ns     0.00B    0.0%    0.00B
           solve_pr...  45.5k    1.32h   32.0%   104ms    709MiB    0.5%  16.0KiB
           dual_ini...  45.5k   57.9ms    0.0%  1.27μs   9.03MiB    0.0%     208B
         space_change   91.0k   37.1ms    0.0%   407ns     0.00B    0.0%    0.00B
       update_bellman   2.28k    446ms    0.0%   196μs    166MiB    0.1%  74.8KiB
         cut_selection  45.5k   19.6ms    0.0%   431ns   3.44MiB    0.0%    79.4B
     forward_pass          23     231s    1.6%   10.1s    200MiB    0.1%  8.69MiB
       solve_subpro...  2.30k     231s    1.6%   101ms    194MiB    0.1%  86.3KiB
         solver_cal...  2.30k     231s    1.6%   100ms    144MiB    0.1%  63.9KiB
     calculate_bound       23    876ms    0.0%  38.1ms   4.73MiB    0.0%   210KiB
       solver_call_...     23    854ms    0.0%  37.1ms   46.8KiB    0.0%  2.03KiB
 ────────────────────────────────────────────────────────────────────────────────

||||||||||||||||||||||||||||||||||||||||||||||||||||||||||||||||||||||||||||||||||||||||||||||||||||||||||||||||||||||||||||||||||||||||
LAGRANGIAN DUAL SOLUTION RESULTS
mn_opt: 0 times (0.0%)
conv: 0 times (0.0%)
unbounded: 0 times (0.0%)
bound_issues: 0 times (0.0%)
subgr_stalling: 0 times (0.0%)
opt: 45517 times (100.0%)
feas_issues: 0 times (0.0%)
sub: 0 times (0.0%)
mn_iter: 0 times (0.0%)
iter: 0 times (0.0%)
mn_issue: 0 times (0.0%)

||||||||||||||||||||||||||||||||||||||||||||||||||||||||||||||||||||||||||||||||||||||||||||||||||||||||||||||||||||||||||||||||||||||||
SIMULATION RESULTS
DynamicSDDiP.Simulation(DynamicSDDiP.InSampleMonteCarlo(), 1000)
Lower bound: 61919.94342085724
Statistical upper bound (confidence interval): 76196.59433250672 ± 71.29353950433459
Pessimistic upper bound: 76267.88787201105
