

#########################################################################################################################################
#########################################################################################################################################
#########################################################################################################################################
#########################################################################################################################################
#########################################################################################################################################
DynamicSDDiP.jl (c) Christian Füllner, 2021
re-uses code from SDDP.jl (c) Oscar Dowson, 2017-21
||||||||||||||||||||||||||||||||||||||||||||||||||||||||||||||||||||||||||||||||||||||||||||||||||||||||||||||||||||||||||||||||||||||||
PATH
calling 
C:\Users\cg4102\.julia\packages\DynamicSDDiP\2lhpi\src
nothing
DATETIME
2024-09-24T12:51:47.851
||||||||||||||||||||||||||||||||||||||||||||||||||||||||||||||||||||||||||||||||||||||||||||||||||||||||||||||||||||||||||||||||||||||||
STOPPING RULES
SDDP.TimeLimit(14400.0)
SDDP.BoundStalling(20, 0.0001)
||||||||||||||||||||||||||||||||||||||||||||||||||||||||||||||||||||||||||||||||||||||||||||||||||||||||||||||||||||||||||||||||||||||||
REGULARIZATION
DynamicSDDiP.NoRegularization()
||||||||||||||||||||||||||||||||||||||||||||||||||||||||||||||||||||||||||||||||||||||||||||||||||||||||||||||||||||||||||||||||||||||||
CUT GENERATION REGIMES
DynamicSDDiP.CutGenerationRegime(DynamicSDDiP.NoStateApproximation(), DynamicSDDiP.StrengthenedDuality(), 1, Inf, Inf, 0.0, true, 0.0001)

||||||||||||||||||||||||||||||||||||||||||||||||||||||||||||||||||||||||||||||||||||||||||||||||||||||||||||||||||||||||||||||||||||||||
CUT AGGREGATION
DynamicSDDiP.MultiCutRegime()
||||||||||||||||||||||||||||||||||||||||||||||||||||||||||||||||||||||||||||||||||||||||||||||||||||||||||||||||||||||||||||||||||||||||
CUT SELECTION
DynamicSDDiP.NoCutSelection()
||||||||||||||||||||||||||||||||||||||||||||||||||||||||||||||||||||||||||||||||||||||||||||||||||||||||||||||||||||||||||||||||||||||||
LATE BINARIZATION
DynamicSDDiP.NoLateBinarization()
||||||||||||||||||||||||||||||||||||||||||||||||||||||||||||||||||||||||||||||||||||||||||||||||||||||||||||||||||||||||||||||||||||||||
APPLIED SOLVERS (LP, MILP, MIQCP, MINLP, NLP, Lagrange)
DynamicSDDiP.AppliedSolvers(true, "Gurobi", "Gurobi", "Gurobi", "Gurobi", "Gurobi", "Gurobi", "Gurobi", "Gurobi", "Gurobi", 0.0001, 300)
DynamicSDDiP.Direct_Solver()
Numerical focus: false
Silent: true
||||||||||||||||||||||||||||||||||||||||||||||||||||||||||||||||||||||||||||||||||||||||||||||||||||||||||||||||||||||||||||||||||||||||
SAMPLING
Used seed for sampling scenarios: 
11111     
||||||||||||||||||||||||||||||||||||||||||||||||||||||||||||||||||||||||||||||||||||||||||||||||||||||||||||||||||||||||||||||||||||||||
RUN DESCRIPTION

||||||||||||||||||||||||||||||||||||||||||||||||||||||||||||||||||||||||||||||||||||||||||||||||||||||||||||||||||||||||||||||||||||||||
PROBLEM DESCRIPTION
Number of stages: 100
Number of realizations per stage: 20
Seed for scenario tree sampling: 12345
Solver: serial mode

────────────────────────────────────────────────────────────────────────────────────────────────────────────────────────────────────────────────────────────────────────────────────────────────────────
It.#               UB        Best UB             LB       Gap           Time        It_Time           Refinements                            #Var.   #Constr.             #Cuts       Lagrangian Dual                                               
                                                          [%]            [s]            [s]          σ       Bin.      Total      {0,1}          ℤ      Total    Total   Active      # It.    # C-It.  # C-Real.  
────────────────────────────────────────────────────────────────────────────────────────────────────────────────────────────────────────────────────────────────────────────────────────────────────────
1        7.872916e+04   7.872916e+04   5.554753e+04    0.2944   4.725000e+01   4.725000e+01      false       none        902         48        800         48     1980     1980          0          0          0
2        7.796655e+04   7.796655e+04   5.567516e+04    0.2859   1.063440e+02   5.909400e+01      false       none        902         48        800         48     3960     3960          0          0          0
3        7.876673e+04   7.796655e+04   5.590444e+04    0.2830   1.750160e+02   6.867200e+01      false       none        902         48        800         48     5940     5940          0          0          0
4        7.802403e+04   7.796655e+04   5.602776e+04    0.2814   2.420160e+02   6.700000e+01      false       none        902         48        800         48     7920     7920          0          0          0
5        7.916194e+04   7.796655e+04   5.612646e+04    0.2801   3.134690e+02   7.145300e+01      false       none        902         48        800         48     9900     9900          0          0          0
6        7.656107e+04   7.656107e+04   5.629295e+04    0.2647   3.899060e+02   7.643700e+01      false       none        902         48        800         48    11877    11877          0          0          0
7        7.695479e+04   7.656107e+04   5.642391e+04    0.2630   4.702190e+02   8.031300e+01      false       none        902         48        800         48    13857    13857          0          0          0
8        7.820964e+04   7.656107e+04   5.649058e+04    0.2622   5.511720e+02   8.095300e+01      false       none        902         48        800         48    15836    15836          0          0          0
9        7.922868e+04   7.656107e+04   5.665170e+04    0.2600   6.394220e+02   8.825000e+01      false       none        902         48        800         48    17816    17816          0          0          0
10       7.874603e+04   7.656107e+04   5.678979e+04    0.2582   7.262350e+02   8.681300e+01      false       none        902         48        800         48    19796    19796          0          0          0
11       7.881847e+04   7.656107e+04   5.692583e+04    0.2565   8.177190e+02   9.148400e+01      false       none        902         48        800         48    21776    21776          0          0          0
12       7.950817e+04   7.656107e+04   5.701206e+04    0.2553   9.140320e+02   9.631300e+01      false       none        902         48        800         48    23755    23755          0          0          0
13       7.910329e+04   7.656107e+04   5.715114e+04    0.2535   1.012626e+03   9.859400e+01      false       none        902         48        800         48    25734    25734          0          0          0
14       7.897654e+04   7.656107e+04   5.721445e+04    0.2527   1.111517e+03   9.889100e+01      false       none        902         48        800         48    27709    27709          0          0          0
15       8.017442e+04   7.656107e+04   5.730585e+04    0.2515   1.211142e+03   9.962500e+01      false       none        902         48        800         48    29687    29687          0          0          0
16       7.867035e+04   7.656107e+04   5.745686e+04    0.2495   1.315798e+03   1.046560e+02      false       none        902         48        800         48    31665    31665          0          0          0
17       7.866990e+04   7.656107e+04   5.757817e+04    0.2479   1.419439e+03   1.036410e+02      false       none        902         48        800         48    33643    33643          0          0          0
18       7.696431e+04   7.656107e+04   5.772199e+04    0.2461   1.528392e+03   1.089530e+02      false       none        902         48        800         48    35622    35622          0          0          0
19       7.877741e+04   7.656107e+04   5.789510e+04    0.2438   1.636939e+03   1.085470e+02      false       none        902         48        800         48    37601    37601          0          0          0
20       7.832969e+04   7.656107e+04   5.800393e+04    0.2424   1.743955e+03   1.070160e+02      false       none        902         48        800         48    39579    39579          0          0          0
21       8.026455e+04   7.656107e+04   5.811829e+04    0.2409   1.853861e+03   1.099060e+02      false       none        902         48        800         48    41559    41559          0          0          0
22       7.712451e+04   7.656107e+04   5.822264e+04    0.2395   1.962814e+03   1.089530e+02      false       none        902         48        800         48    43537    43537          0          0          0
23       7.865820e+04   7.656107e+04   5.834363e+04    0.2379   2.076612e+03   1.137980e+02      false       none        902         48        800         48    45516    45516          0          0          0
24       7.814887e+04   7.656107e+04   5.844875e+04    0.2366   2.189862e+03   1.132500e+02      false       none        902         48        800         48    47495    47495          0          0          0
25       7.830742e+04   7.656107e+04   5.860228e+04    0.2346   2.306315e+03   1.164530e+02      false       none        902         48        800         48    49465    49465          0          0          0
26       7.686508e+04   7.656107e+04   5.867551e+04    0.2336   2.423299e+03   1.169840e+02      false       none        902         48        800         48    51441    51441          0          0          0
27       7.871805e+04   7.656107e+04   5.872809e+04    0.2329   2.544831e+03   1.215320e+02      false       none        902         48        800         48    53419    53419          0          0          0
28       7.907412e+04   7.656107e+04   5.887980e+04    0.2309   2.668643e+03   1.238120e+02      false       none        902         48        800         48    55394    55394          0          0          0
29       8.113097e+04   7.656107e+04   5.900473e+04    0.2293   2.792706e+03   1.240630e+02      false       none        902         48        800         48    57371    57371          0          0          0
30       8.052489e+04   7.656107e+04   5.906142e+04    0.2286   2.916269e+03   1.235630e+02      false       none        902         48        800         48    59350    59350          0          0          0
31       7.848305e+04   7.656107e+04   5.919419e+04    0.2268   3.043519e+03   1.272500e+02      false       none        902         48        800         48    61327    61327          0          0          0
32       7.843387e+04   7.656107e+04   5.929619e+04    0.2255   3.170144e+03   1.266250e+02      false       none        902         48        800         48    63302    63302          0          0          0
33       7.891020e+04   7.656107e+04   5.943151e+04    0.2237   3.303941e+03   1.337970e+02      false       none        902         48        800         48    65282    65282          0          0          0
34       7.932132e+04   7.656107e+04   5.956045e+04    0.2221   3.437926e+03   1.339850e+02      false       none        902         48        800         48    67251    67251          0          0          0
35       7.950886e+04   7.656107e+04   5.965763e+04    0.2208   3.570660e+03   1.327340e+02      false       none        902         48        800         48    69226    69226          0          0          0
36       7.772395e+04   7.656107e+04   5.971468e+04    0.2200   3.700426e+03   1.297660e+02      false       none        902         48        800         48    71201    71201          0          0          0
37       7.875422e+04   7.656107e+04   5.981683e+04    0.2187   3.831411e+03   1.309850e+02      false       none        902         48        800         48    73178    73178          0          0          0
38       7.725165e+04   7.656107e+04   5.987335e+04    0.2180   3.963723e+03   1.323120e+02      false       none        902         48        800         48    75155    75155          0          0          0
39       8.031966e+04   7.656107e+04   5.993972e+04    0.2171   4.101770e+03   1.380470e+02      false       none        902         48        800         48    77131    77131          0          0          0
40       7.983393e+04   7.656107e+04   6.004085e+04    0.2158   4.241880e+03   1.401100e+02      false       none        902         48        800         48    79104    79104          0          0          0
41       8.064946e+04   7.656107e+04   6.015404e+04    0.2143   4.381646e+03   1.397660e+02      false       none        902         48        800         48    81077    81077          0          0          0
42       7.740499e+04   7.656107e+04   6.024534e+04    0.2131   4.523630e+03   1.419840e+02      false       none        902         48        800         48    83040    83040          0          0          0
43       8.003153e+04   7.656107e+04   6.034586e+04    0.2118   4.665693e+03   1.420630e+02      false       none        902         48        800         48    85006    85006          0          0          0
44       7.836814e+04   7.656107e+04   6.043089e+04    0.2107   4.809740e+03   1.440470e+02      false       none        902         48        800         48    86975    86975          0          0          0
45       7.759795e+04   7.656107e+04   6.054093e+04    0.2092   4.954334e+03   1.445940e+02      false       none        902         48        800         48    88941    88941          0          0          0
46       7.989948e+04   7.656107e+04   6.063980e+04    0.2080   5.097412e+03   1.430780e+02      false       none        902         48        800         48    90901    90901          0          0          0
47       7.976340e+04   7.656107e+04   6.071746e+04    0.2069   5.245334e+03   1.479220e+02      false       none        902         48        800         48    92869    92869          0          0          0
48       7.590439e+04   7.590439e+04   6.075782e+04    0.1995   5.389350e+03   1.440160e+02      false       none        902         48        800         48    94835    94835          0          0          0
49       8.043576e+04   7.590439e+04   6.082776e+04    0.1986   5.539491e+03   1.501410e+02      false       none        902         48        800         48    96811    96811          0          0          0
50       7.776807e+04   7.590439e+04   6.092236e+04    0.1974   5.689975e+03   1.504840e+02      false       none        902         48        800         48    98782    98782          0          0          0
51       7.961470e+04   7.590439e+04   6.095053e+04    0.1970   5.841429e+03   1.514540e+02      false       none        902         48        800         48   100758   100758          0          0          0
52       7.875175e+04   7.590439e+04   6.099787e+04    0.1964   5.993820e+03   1.523910e+02      false       none        902         48        800         48   102723   102723          0          0          0
53       7.769889e+04   7.590439e+04   6.110558e+04    0.1950   6.152023e+03   1.582030e+02      false       none        902         48        800         48   104684   104684          0          0          0
54       8.144834e+04   7.590439e+04   6.115201e+04    0.1944   6.307976e+03   1.559530e+02      false       none        902         48        800         48   106654   106654          0          0          0
55       7.799545e+04   7.590439e+04   6.122910e+04    0.1933   6.464836e+03   1.568600e+02      false       none        902         48        800         48   108620   108620          0          0          0
56       7.822021e+04   7.590439e+04   6.130672e+04    0.1923   6.620227e+03   1.553910e+02      false       none        902         48        800         48   110596   110596          0          0          0
57       7.847392e+04   7.590439e+04   6.134347e+04    0.1918   6.776086e+03   1.558590e+02      false       none        902         48        800         48   112562   112562          0          0          0
58       7.703820e+04   7.590439e+04   6.142114e+04    0.1908   6.934321e+03   1.582350e+02      false       none        902         48        800         48   114530   114530          0          0          0
59       7.712716e+04   7.590439e+04   6.153771e+04    0.1893   7.092180e+03   1.578590e+02      false       none        902         48        800         48   116508   116508          0          0          0
60       7.961804e+04   7.590439e+04   6.156898e+04    0.1889   7.250915e+03   1.587350e+02      false       none        902         48        800         48   118483   118483          0          0          0
61       7.797242e+04   7.590439e+04   6.163519e+04    0.1880   7.412962e+03   1.620470e+02      false       none        902         48        800         48   120450   120450          0          0          0
62       7.920990e+04   7.590439e+04   6.172122e+04    0.1869   7.572697e+03   1.597350e+02      false       none        902         48        800         48   122408   122408          0          0          0
63       7.919538e+04   7.590439e+04   6.174452e+04    0.1865   7.738775e+03   1.660780e+02      false       none        902         48        800         48   124385   124385          0          0          0
64       7.895475e+04   7.590439e+04   6.177723e+04    0.1861   7.905024e+03   1.662490e+02      false       none        902         48        800         48   126356   126356          0          0          0
65       8.078036e+04   7.590439e+04   6.186927e+04    0.1849   8.073744e+03   1.687200e+02      false       none        902         48        800         48   128329   128329          0          0          0
66       8.004413e+04   7.590439e+04   6.191231e+04    0.1843   8.238213e+03   1.644690e+02      false       none        902         48        800         48   130304   130304          0          0          0
67       7.764797e+04   7.590439e+04   6.195509e+04    0.1838   8.408963e+03   1.707500e+02      false       none        902         48        800         48   132268   132268          0          0          0
68       7.892588e+04   7.590439e+04   6.197209e+04    0.1836   8.574229e+03   1.652660e+02      false       none        902         48        800         48   134233   134233          0          0          0
69       8.035676e+04   7.590439e+04   6.200885e+04    0.1831   8.868761e+03   2.945320e+02      false       none        902         48        800         48   136199   136199          0          0          0
70       7.577477e+04   7.577477e+04   6.209667e+04    0.1805   9.162183e+03   2.934220e+02      false       none        902         48        800         48   138156   138156          0          0          0
71       7.752390e+04   7.577477e+04   6.211146e+04    0.1803   9.446356e+03   2.841730e+02      false       none        902         48        800         48   140123   140123          0          0          0
72       7.688841e+04   7.577477e+04   6.219192e+04    0.1793   9.717762e+03   2.714060e+02      false       none        902         48        800         48   142100   142100          0          0          0
73       7.880339e+04   7.577477e+04   6.227483e+04    0.1782   9.990997e+03   2.732350e+02      false       none        902         48        800         48   144069   144069          0          0          0
74       8.078617e+04   7.577477e+04   6.229771e+04    0.1779   1.026551e+04   2.745170e+02      false       none        902         48        800         48   146035   146035          0          0          0
75       7.970158e+04   7.577477e+04   6.236622e+04    0.1770   1.053275e+04   2.672350e+02      false       none        902         48        800         48   147994   147994          0          0          0
76       7.909257e+04   7.577477e+04   6.243786e+04    0.1760   1.079733e+04   2.645780e+02      false       none        902         48        800         48   149971   149971          0          0          0
77       7.867212e+04   7.577477e+04   6.245418e+04    0.1758   1.106723e+04   2.699070e+02      false       none        902         48        800         48   151950   151950          0          0          0
78       7.900536e+04   7.577477e+04   6.249109e+04    0.1753   1.133548e+04   2.682500e+02      false       none        902         48        800         48   153904   153904          0          0          0
79       7.764400e+04   7.577477e+04   6.253445e+04    0.1747   1.160177e+04   2.662820e+02      false       none        902         48        800         48   155869   155869          0          0          0
80       7.807777e+04   7.577477e+04   6.262340e+04    0.1736   1.187314e+04   2.713750e+02      false       none        902         48        800         48   157837   157837          0          0          0
81       8.017551e+04   7.577477e+04   6.269734e+04    0.1726   1.214514e+04   2.720000e+02      false       none        902         48        800         48   159795   159795          0          0          0
82       7.798014e+04   7.577477e+04   6.270720e+04    0.1725   1.241817e+04   2.730320e+02      false       none        902         48        800         48   161759   161759          0          0          0
83       7.903633e+04   7.577477e+04   6.277436e+04    0.1716   1.268488e+04   2.667030e+02      false       none        902         48        800         48   163733   163733          0          0          0
84       7.783295e+04   7.577477e+04   6.285246e+04    0.1705   1.296100e+04   2.761260e+02      false       none        902         48        800         48   165704   165704          0          0          0
85       7.808114e+04   7.577477e+04   6.287580e+04    0.1702   1.323405e+04   2.730470e+02      false       none        902         48        800         48   167651   167651          0          0          0
86       7.724005e+04   7.577477e+04   6.292052e+04    0.1696   1.351063e+04   2.765790e+02      false       none        902         48        800         48   169629   169629          0          0          0
87       8.058787e+04   7.577477e+04   6.298968e+04    0.1687   1.378166e+04   2.710310e+02      false       none        902         48        800         48   171601   171601          0          0          0
88       7.964844e+04   7.577477e+04   6.300536e+04    0.1685   1.405292e+04   2.712660e+02      false       none        902         48        800         48   173546   173546          0          0          0
89       7.852027e+04   7.577477e+04   6.304962e+04    0.1679   1.433052e+04   2.775940e+02      false       none        902         48        800         48   175509   175509          0          0          0
90       7.866561e+04   7.577477e+04   6.312696e+04    0.1669   1.460541e+04   2.748910e+02      false       none        902         48        800         48   177474   177474          0          0          0

Terminating DynamicSDDiP with status: time_limit
------------------------------------------------------------------------------
 ────────────────────────────────────────────────────────────────────────────────
                                        Time                    Allocations      
                               ───────────────────────   ────────────────────────
       Tot / % measured:            4.06h / 100.0%            289GiB /  99.9%    

 Section               ncalls     time    %tot     avg     alloc    %tot      avg
 ────────────────────────────────────────────────────────────────────────────────
 loop                       1    4.06h  100.0%   4.06h    289GiB  100.0%   289GiB
   iterations              90    4.06h  100.0%    162s    289GiB  100.0%  3.21GiB
     backward_pass         90    3.88h   95.5%    155s    289GiB   99.9%  3.21GiB
       solve_BP          178k    3.87h   95.5%  78.3ms    288GiB   99.6%  1.65MiB
         solve_dual      178k    3.87h   95.4%  78.2ms    287GiB   99.2%  1.65MiB
           solver_c...   178k    3.40h   83.9%  68.8ms   2.10GiB    0.7%  12.3KiB
           LP_relax...   178k    1586s   10.9%  8.90ms    233GiB   80.5%  1.34MiB
             solver...   178k     459s    3.1%  2.58ms   1.02GiB    0.4%  6.00KiB
         space_change    356k    110ms    0.0%   310ns     0.00B    0.0%    0.00B
       update_bellman   8.91k    2.20s    0.0%   247μs    646MiB    0.2%  74.2KiB
         cut_selection   177k   76.9ms    0.0%   433ns   13.6MiB    0.0%    80.4B
     forward_pass          90     653s    4.5%   7.25s    420MiB    0.1%  4.66MiB
       solve_subpro...  9.00k     652s    4.5%  72.5ms    397MiB    0.1%  45.1KiB
         solver_cal...  9.00k     651s    4.5%  72.3ms    225MiB    0.1%  25.6KiB
     calculate_bound       90    1.04s    0.0%  11.5ms   18.5MiB    0.0%   211KiB
       solver_call_...     90    953ms    0.0%  10.6ms    195KiB    0.0%  2.16KiB
 ────────────────────────────────────────────────────────────────────────────────

||||||||||||||||||||||||||||||||||||||||||||||||||||||||||||||||||||||||||||||||||||||||||||||||||||||||||||||||||||||||||||||||||||||||
LAGRANGIAN DUAL SOLUTION RESULTS
mn_opt: 0 times (NaN%)
conv: 0 times (NaN%)
unbounded: 0 times (NaN%)
bound_issues: 0 times (NaN%)
subgr_stalling: 0 times (NaN%)
opt: 0 times (NaN%)
feas_issues: 0 times (NaN%)
sub: 0 times (NaN%)
mn_iter: 0 times (NaN%)
iter: 0 times (NaN%)
mn_issue: 0 times (NaN%)

||||||||||||||||||||||||||||||||||||||||||||||||||||||||||||||||||||||||||||||||||||||||||||||||||||||||||||||||||||||||||||||||||||||||
SIMULATION RESULTS
DynamicSDDiP.Simulation(DynamicSDDiP.InSampleMonteCarlo(), 1000)
Lower bound: 63126.96068878069
Statistical upper bound (confidence interval): 78667.02184663451 ± 70.61975776235543
Pessimistic upper bound: 78737.64160439686
