#########################################################################################################################################
#########################################################################################################################################
#########################################################################################################################################
#########################################################################################################################################
#########################################################################################################################################
DynamicSDDiP.jl (c) Christian Füllner, 2021
re-uses code from SDDP.jl (c) Oscar Dowson, 2017-21
||||||||||||||||||||||||||||||||||||||||||||||||||||||||||||||||||||||||||||||||||||||||||||||||||||||||||||||||||||||||||||||||||||||||
PATH
calling 
C:\Users\cg4102\.julia\packages\DynamicSDDiP\i7SIi\src
nothing
DATETIME
2025-09-27T10:28:32.896
||||||||||||||||||||||||||||||||||||||||||||||||||||||||||||||||||||||||||||||||||||||||||||||||||||||||||||||||||||||||||||||||||||||||
STOPPING RULES
SDDP.TimeLimit(14400.0)
SDDP.BoundStalling(20, 0.0001)
||||||||||||||||||||||||||||||||||||||||||||||||||||||||||||||||||||||||||||||||||||||||||||||||||||||||||||||||||||||||||||||||||||||||
REGULARIZATION
DynamicSDDiP.NoRegularization()
||||||||||||||||||||||||||||||||||||||||||||||||||||||||||||||||||||||||||||||||||||||||||||||||||||||||||||||||||||||||||||||||||||||||
CUT GENERATION REGIMES
DynamicSDDiP.CutGenerationRegime(DynamicSDDiP.NoStateApproximation(), DynamicSDDiP.UnifiedLagrangianDuality(0.01, 0.01, 100, DynamicSDDiP.ZeroDuals(), DynamicSDDiP.BothBounds(), DynamicSDDiP.LevelBundle(0.5, true, false), DynamicSDDiP.StandardChoice(), DynamicSDDiP.Lax(), DynamicSDDiP.Core_Conv(0.5, DynamicSDDiP.StateSpaceCopy(), DynamicSDDiP.NoIntegerRelax(), DynamicSDDiP.Unbounded_Opt_SB(true), DynamicSDDiP.NoImprovement(), true), DynamicSDDiP.NoDualSpaceRestriction(), DynamicSDDiP.StateSpaceCopy(), nothing, nothing), 1, Inf, Inf, 0.0, true, 0.0001)

||||||||||||||||||||||||||||||||||||||||||||||||||||||||||||||||||||||||||||||||||||||||||||||||||||||||||||||||||||||||||||||||||||||||
CUT AGGREGATION
DynamicSDDiP.MultiCutRegime()
||||||||||||||||||||||||||||||||||||||||||||||||||||||||||||||||||||||||||||||||||||||||||||||||||||||||||||||||||||||||||||||||||||||||
CUT SELECTION
DynamicSDDiP.NoCutSelection()
||||||||||||||||||||||||||||||||||||||||||||||||||||||||||||||||||||||||||||||||||||||||||||||||||||||||||||||||||||||||||||||||||||||||
LATE BINARIZATION
DynamicSDDiP.NoLateBinarization()
||||||||||||||||||||||||||||||||||||||||||||||||||||||||||||||||||||||||||||||||||||||||||||||||||||||||||||||||||||||||||||||||||||||||
APPLIED SOLVERS (LP, MILP, MIQCP, MINLP, NLP, Lagrange)
DynamicSDDiP.AppliedSolvers(true, "Gurobi", "Gurobi", "Gurobi", "Gurobi", "Gurobi", "Gurobi", "Gurobi", "Gurobi", "Gurobi", 0.0001, 300)
DynamicSDDiP.Direct_Solver()
Numerical focus: false
Silent: true
||||||||||||||||||||||||||||||||||||||||||||||||||||||||||||||||||||||||||||||||||||||||||||||||||||||||||||||||||||||||||||||||||||||||
SAMPLING
Used seed for sampling scenarios: 
11111     
||||||||||||||||||||||||||||||||||||||||||||||||||||||||||||||||||||||||||||||||||||||||||||||||||||||||||||||||||||||||||||||||||||||||
RUN DESCRIPTION

||||||||||||||||||||||||||||||||||||||||||||||||||||||||||||||||||||||||||||||||||||||||||||||||||||||||||||||||||||||||||||||||||||||||
PROBLEM DESCRIPTION
Number of stages: 100
Number of realizations per stage: 20
Seed for scenario tree sampling: 12345
Solver: serial mode

────────────────────────────────────────────────────────────────────────────────────────────────────────────────────────────────────────────────────────────────────────────────────────────────────────
It.#               UB        Best UB             LB       Gap           Time        It_Time           Refinements                            #Var.   #Constr.             #Cuts       Lagrangian Dual                                               
                                                          [%]            [s]            [s]          σ       Bin.      Total      {0,1}          ℤ      Total    Total   Active      # It.    # C-It.  # C-Real.  
────────────────────────────────────────────────────────────────────────────────────────────────────────────────────────────────────────────────────────────────────────────────────────────────────────
1        7.872916e+04   7.872916e+04   9.005840e+03    0.8856   9.919910e+02   9.919910e+02      false       none        902         48        800         48     1980     1980      25048      23714       1875
2        8.086380e+04   7.872916e+04   2.050100e+04    0.7396   2.101128e+03   1.109137e+03      false       none        902         48        800         48     3959     3959      25414      24589       1915
3        7.871802e+04   7.871802e+04   3.008524e+04    0.6178   3.643309e+03   1.542181e+03      false       none        902         48        800         48     5927     5927      28500      27848       1924
4        8.005653e+04   7.871802e+04   4.171031e+04    0.4701   5.489416e+03   1.846107e+03      false       none        902         48        800         48     7878     7878      31341      30766       1938
5        8.024831e+04   7.871802e+04   5.322121e+04    0.3239   7.741131e+03   2.251715e+03      false       none        902         48        800         48     9830     9830      35056      34606       1944
6        7.683843e+04   7.683843e+04   6.231451e+04    0.1890   1.054719e+04   2.806056e+03      false       none        902         48        800         48    11348    11348      39744      39390       1954
7        7.513891e+04   7.513891e+04   7.213230e+04    0.0400   1.366142e+04   3.114229e+03      false       none        902         48        800         48    13250    13250      42776      42638       1962
8        7.529663e+04   7.513891e+04   7.501295e+04    0.0017   1.724453e+04   3.583110e+03      false       none        902         48        800         48    14162    14162      47232      46880       1952

Terminating DynamicSDDiP with status: time_limit
------------------------------------------------------------------------------
────────────────────────────────────────────────────────────────────────────────
                                       Time                    Allocations      
                              ───────────────────────   ────────────────────────
      Tot / % measured:            4.79h / 100.0%            193GiB /  99.7%    

Section               ncalls     time    %tot     avg     alloc    %tot      avg
────────────────────────────────────────────────────────────────────────────────
loop                       1    4.79h  100.0%   4.79h    193GiB  100.0%   193GiB
  iterations               8    4.79h  100.0%   2155s    193GiB  100.0%  24.1GiB
    backward_pass          8    4.78h   99.8%   2151s    191GiB   99.3%  23.9GiB
      solve_BP         15.8k    4.78h   99.8%   1.09s    191GiB   99.1%  12.3MiB
        solve_dual     15.8k    4.78h   99.8%   1.09s    191GiB   99.1%  12.3MiB
          solve_la...  15.8k    4.42h   92.3%   1.01s    148GiB   76.6%  9.55MiB
            inner_sol   275k    4.29h   89.5%  56.1ms    119GiB   61.8%   454KiB
              solv...   275k    4.19h   87.6%  54.9ms   3.05GiB    1.6%  11.6KiB
            bundle...   275k     313s    1.8%  1.14ms    646MiB    0.3%  2.41KiB
            outer_sol   275k    81.2s    0.5%   295μs   1.55GiB    0.8%  5.92KiB
            add_cut     275k    13.1s    0.1%  47.8μs   3.72GiB    1.9%  14.2KiB
            init_a...  15.8k    5.18s    0.0%   328μs   2.15GiB    1.1%   143KiB
            restor...  15.8k    1.38s    0.0%  86.9μs    178MiB    0.1%  11.5KiB
            relax_...  15.8k    1.26s    0.0%  79.6μs    303MiB    0.2%  19.6KiB
            conver...  15.8k    138ms    0.0%  8.70μs   19.5MiB    0.0%  1.26KiB
            minima...  15.5k   8.64ms    0.0%   559ns     0.00B    0.0%    0.00B
          solve_pr...  47.5k     589s    3.4%  12.4ms    204MiB    0.1%  4.39KiB
          solve_core   15.8k     561s    3.3%  35.4ms    110MiB    0.1%  7.09KiB
          solver_c...     24    1.46s    0.0%  60.6ms    245KiB    0.0%  10.2KiB
          LP_relax...     24    309ms    0.0%  12.9ms   48.4MiB    0.0%  2.02MiB
            solver...     24   55.3ms    0.0%  2.30ms    139KiB    0.0%  5.81KiB
          dual_ini...  15.8k   25.6ms    0.0%  1.61μs   3.15MiB    0.0%     209B
        space_change   31.7k   7.90ms    0.0%   249ns     0.00B    0.0%    0.00B
      update_bellman     792    2.07s    0.0%  2.61ms    140MiB    0.1%   181KiB
        cut_selection  14.2k   9.64ms    0.0%   681ns    933KiB    0.0%    67.5B
    forward_pass           8    29.8s    0.2%   3.73s   1.35GiB    0.7%   173MiB
      solve_subpro...    800    29.8s    0.2%  37.2ms   1.35GiB    0.7%  1.72MiB
        solver_cal...    800    29.0s    0.2%  36.2ms   1.26GiB    0.7%  1.62MiB
    calculate_bound        8    142ms    0.0%  17.7ms   11.3MiB    0.0%  1.41MiB
      solver_call_...      8   38.6ms    0.0%  4.83ms   14.2KiB    0.0%  1.78KiB
────────────────────────────────────────────────────────────────────────────────

||||||||||||||||||||||||||||||||||||||||||||||||||||||||||||||||||||||||||||||||||||||||||||||||||||||||||||||||||||||||||||||||||||||||
LAGRANGIAN DUAL SOLUTION RESULTS
mn_opt: 0 times (0.0%)
conv: 0 times (0.0%)
unbounded: 24 times (0.2%)
bound_issues: 352 times (2.2%)
subgr_stalling: 0 times (0.0%)
opt: 15463 times (97.6%)
feas_issues: 0 times (0.0%)
sub: 0 times (0.0%)
mn_iter: 0 times (0.0%)
iter: 1 times (0.0%)
mn_issue: 0 times (0.0%)

||||||||||||||||||||||||||||||||||||||||||||||||||||||||||||||||||||||||||||||||||||||||||||||||||||||||||||||||||||||||||||||||||||||||
SIMULATION RESULTS
DynamicSDDiP.Simulation(DynamicSDDiP.InSampleMonteCarlo(), 1000)
Lower bound: 75012.95002856232
Statistical upper bound (confidence interval): 75392.66281324216 ± 69.18885390698938
Pessimistic upper bound: 75461.85166714915
