

#########################################################################################################################################
#########################################################################################################################################
#########################################################################################################################################
#########################################################################################################################################
#########################################################################################################################################
DynamicSDDiP.jl (c) Christian Füllner, 2021
re-uses code from SDDP.jl (c) Oscar Dowson, 2017-21
||||||||||||||||||||||||||||||||||||||||||||||||||||||||||||||||||||||||||||||||||||||||||||||||||||||||||||||||||||||||||||||||||||||||
PATH
calling 
C:\Users\cg4102\.julia\packages\DynamicSDDiP\unjfA\src
nothing
DATETIME
2024-10-15T03:50:01.039
||||||||||||||||||||||||||||||||||||||||||||||||||||||||||||||||||||||||||||||||||||||||||||||||||||||||||||||||||||||||||||||||||||||||
STOPPING RULES
SDDP.TimeLimit(28800.0)
SDDP.BoundStalling(20, 0.0001)
||||||||||||||||||||||||||||||||||||||||||||||||||||||||||||||||||||||||||||||||||||||||||||||||||||||||||||||||||||||||||||||||||||||||
REGULARIZATION
DynamicSDDiP.NoRegularization()
||||||||||||||||||||||||||||||||||||||||||||||||||||||||||||||||||||||||||||||||||||||||||||||||||||||||||||||||||||||||||||||||||||||||
CUT GENERATION REGIMES
DynamicSDDiP.CutGenerationRegime(DynamicSDDiP.NoStateApproximation(), DynamicSDDiP.UnifiedLagrangianDuality(0.0001, 0.0001, 1000, DynamicSDDiP.ZeroDuals(), DynamicSDDiP.BothBounds(), DynamicSDDiP.LevelBundle(0.5, true, false), DynamicSDDiP.StandardChoice(), DynamicSDDiP.Lax(), DynamicSDDiP.Core_Relint(DynamicSDDiP.ConvexHullCopy(), DynamicSDDiP.NoIntegerRelax(), DynamicSDDiP.Unbounded_Opt_SB(true), DynamicSDDiP.NoImprovement(), false), DynamicSDDiP.NoDualSpaceRestriction(), DynamicSDDiP.ConvexHullCopy(), nothing, nothing), 1, Inf, Inf, 0.0, true, 0.0001)

||||||||||||||||||||||||||||||||||||||||||||||||||||||||||||||||||||||||||||||||||||||||||||||||||||||||||||||||||||||||||||||||||||||||
CUT AGGREGATION
DynamicSDDiP.MultiCutRegime()
||||||||||||||||||||||||||||||||||||||||||||||||||||||||||||||||||||||||||||||||||||||||||||||||||||||||||||||||||||||||||||||||||||||||
CUT SELECTION
DynamicSDDiP.NoCutSelection()
||||||||||||||||||||||||||||||||||||||||||||||||||||||||||||||||||||||||||||||||||||||||||||||||||||||||||||||||||||||||||||||||||||||||
LATE BINARIZATION
DynamicSDDiP.NoLateBinarization()
||||||||||||||||||||||||||||||||||||||||||||||||||||||||||||||||||||||||||||||||||||||||||||||||||||||||||||||||||||||||||||||||||||||||
APPLIED SOLVERS (LP, MILP, MIQCP, MINLP, NLP, Lagrange)
DynamicSDDiP.AppliedSolvers(true, "Gurobi", "Gurobi", "Gurobi", "Gurobi", "Gurobi", "Gurobi", "Gurobi", "Gurobi", "Gurobi", 0.0001, 300)
DynamicSDDiP.Direct_Solver()
Numerical focus: false
Silent: true
||||||||||||||||||||||||||||||||||||||||||||||||||||||||||||||||||||||||||||||||||||||||||||||||||||||||||||||||||||||||||||||||||||||||
SAMPLING
Used seed for sampling scenarios: 
11111     
||||||||||||||||||||||||||||||||||||||||||||||||||||||||||||||||||||||||||||||||||||||||||||||||||||||||||||||||||||||||||||||||||||||||
RUN DESCRIPTION

||||||||||||||||||||||||||||||||||||||||||||||||||||||||||||||||||||||||||||||||||||||||||||||||||||||||||||||||||||||||||||||||||||||||
PROBLEM DESCRIPTION
Number of stages: 16
Number of realizations per stage: 20
Seed for scenario tree sampling: 12345
Solver: serial mode

────────────────────────────────────────────────────────────────────────────────────────────────────────────────────────────────────────────────────────────────────────────────────────────────────────
It.#               UB        Best UB             LB       Gap           Time        It_Time           Refinements                            #Var.   #Constr.             #Cuts       Lagrangian Dual                                               
                                                          [%]            [s]            [s]          σ       Bin.      Total      {0,1}          ℤ      Total    Total   Active      # It.    # C-It.  # C-Real.  
────────────────────────────────────────────────────────────────────────────────────────────────────────────────────────────────────────────────────────────────────────────────────────────────────────
1        1.093447e+04   1.093447e+04   1.089870e+03    0.9003   5.700160e+02   5.700160e+02      false       none        100         33          0          4      300      300      35039      34991        299
2        1.171048e+04   1.093447e+04   1.880607e+03    0.8280   1.166377e+03   5.963610e+02      false       none        100         33          0          4      600      600      33715      33715        300
3        1.004726e+04   1.004726e+04   2.568625e+03    0.7443   1.894643e+03   7.282660e+02      false       none        100         33          0          4      892      892      33755      33755        300
4        8.729793e+03   8.729793e+03   3.337539e+03    0.6177   2.772034e+03   8.773910e+02      false       none        100         33          0          4     1192     1192      34153      34153        293
5        9.818305e+03   8.729793e+03   4.553561e+03    0.4784   3.698817e+03   9.267830e+02      false       none        100         33          0          4     1492     1492      33124      33124        296
6        8.887489e+03   8.729793e+03   6.016902e+03    0.3108   4.993630e+03   1.294813e+03      false       none        100         33          0          4     1773     1773      34779      34779        299
7        9.857759e+03   8.729793e+03   6.585953e+03    0.2456   6.749788e+03   1.756158e+03      false       none        100         33          0          4     2053     2053      38320      38320        300
8        9.630856e+03   8.729793e+03   6.798900e+03    0.2212   8.745196e+03   1.995408e+03      false       none        100         33          0          4     2348     2348      38312      38312        300
9        9.523527e+03   8.729793e+03   6.833995e+03    0.2172   1.116821e+04   2.423018e+03      false       none        100         33          0          4     2648     2648      40650      40650        300
10       8.093286e+03   8.093286e+03   6.859148e+03    0.1525   1.356975e+04   2.401533e+03      false       none        100         33          0          4     2928     2928      36851      36851        300
11       8.443871e+03   8.093286e+03   6.884494e+03    0.1494   1.643622e+04   2.866471e+03      false       none        100         33          0          4     3207     3207      39205      39205        300
12       9.301769e+03   8.093286e+03   6.907133e+03    0.1466   1.954099e+04   3.104769e+03      false       none        100         33          0          4     3487     3487      37739      37739        300
13       6.922832e+03   6.922832e+03   6.925376e+03    0.0004   2.279563e+04   3.254643e+03      false       none        100         33          0          4     3787     3787      39013      39013        300
14       9.164879e+03   6.922832e+03   6.927503e+03    0.0007   2.625029e+04   3.454659e+03      false       none        100         33          0          4     4067     4067      37484      37484        300
15       1.138907e+04   6.922832e+03   6.945285e+03    0.0032   2.927053e+04   3.020237e+03      false       none        100         33          0          4     4358     4358      34959      34959        300

Terminating DynamicSDDiP with status: time_limit
------------------------------------------------------------------------------
 ────────────────────────────────────────────────────────────────────────────────
                                        Time                    Allocations      
                               ───────────────────────   ────────────────────────
       Tot / % measured:            8.13h / 100.0%            147GiB / 100.0%    

 Section               ncalls     time    %tot     avg     alloc    %tot      avg
 ────────────────────────────────────────────────────────────────────────────────
 loop                       1    8.13h  100.0%   8.13h    147GiB  100.0%   147GiB
   iterations              15    8.13h  100.0%   1951s    147GiB  100.0%  9.78GiB
     backward_pass         15    8.13h  100.0%   1951s    147GiB  100.0%  9.78GiB
       solve_BP         4.50k    8.13h  100.0%   6.50s    147GiB  100.0%  33.4MiB
         solve_dual     4.50k    8.13h  100.0%   6.50s    147GiB   99.9%  33.4MiB
           solve_la...  4.49k    8.00h   98.4%   6.42s   89.8GiB   61.2%  20.5MiB
             inner_sol   547k    6.67h   82.1%  43.9ms   12.2GiB    8.3%  23.4KiB
               solv...   547k    6.65h   81.7%  43.7ms   1.70GiB    1.2%  3.26KiB
             bundle...   547k    1.12h   13.8%  7.38ms   1.72GiB    1.2%  3.30KiB
             outer_sol   547k     510s    1.7%   931μs   1.87GiB    1.3%  3.58KiB
             add_cut     547k    30.2s    0.1%  55.1μs   10.0GiB    6.8%  19.1KiB
             init_a...  4.49k    1.52s    0.0%   338μs    738MiB    0.5%   168KiB
             restor...  4.49k    501ms    0.0%   112μs   88.5MiB    0.1%  20.2KiB
             relax_...  4.49k    470ms    0.0%   105μs    171MiB    0.1%  39.1KiB
             conver...  4.49k   15.8ms    0.0%  3.51μs    912KiB    0.0%     208B
             minima...  4.49k   2.43ms    0.0%   541ns     0.00B    0.0%    0.00B
           solve_pr...  13.5k     378s    1.3%  28.0ms   45.6MiB    0.0%  3.46KiB
           solve_core   4.50k    5.63s    0.0%  1.25ms   6.88MiB    0.0%  1.57KiB
           solver_c...     12    182ms    0.0%  15.2ms   45.8KiB    0.0%  3.81KiB
           LP_relax...     12    134ms    0.0%  11.2ms   18.6MiB    0.0%  1.55MiB
             solver...     12   11.9ms    0.0%   989μs   30.8KiB    0.0%  2.57KiB
           dual_ini...  4.50k   4.54ms    0.0%  1.01μs   1.44MiB    0.0%     336B
         space_change   9.00k   2.57ms    0.0%   286ns     0.00B    0.0%    0.00B
       update_bellman     225   67.1ms    0.0%   298μs   37.4MiB    0.0%   170KiB
         cut_selection  4.36k   2.48ms    0.0%   569ns    292KiB    0.0%    68.7B
     forward_pass          15    6.31s    0.0%   421ms   8.73MiB    0.0%   596KiB
       solve_subpro...    240    6.31s    0.0%  26.3ms   8.02MiB    0.0%  34.2KiB
         solver_cal...    240    6.27s    0.0%  26.1ms   2.75MiB    0.0%  11.7KiB
     calculate_bound       15    276ms    0.0%  18.4ms    414KiB    0.0%  27.6KiB
       solver_call_...     15    274ms    0.0%  18.3ms   51.6KiB    0.0%  3.44KiB
 ────────────────────────────────────────────────────────────────────────────────

||||||||||||||||||||||||||||||||||||||||||||||||||||||||||||||||||||||||||||||||||||||||||||||||||||||||||||||||||||||||||||||||||||||||
LAGRANGIAN DUAL SOLUTION RESULTS
mn_opt: 0 times (0.0%)
conv: 0 times (0.0%)
unbounded: 12 times (0.3%)
bound_issues: 1 times (0.0%)
subgr_stalling: 0 times (0.0%)
opt: 4486 times (99.7%)
feas_issues: 0 times (0.0%)
sub: 0 times (0.0%)
mn_iter: 0 times (0.0%)
iter: 1 times (0.0%)
mn_issue: 0 times (0.0%)

||||||||||||||||||||||||||||||||||||||||||||||||||||||||||||||||||||||||||||||||||||||||||||||||||||||||||||||||||||||||||||||||||||||||
SIMULATION RESULTS
DynamicSDDiP.Simulation(DynamicSDDiP.InSampleMonteCarlo(), 1000)
Lower bound: 6945.285318813173
Statistical upper bound (confidence interval): 8913.949129139171 ± 70.5267909465892
Pessimistic upper bound: 8984.47592008576
