

#########################################################################################################################################
#########################################################################################################################################
#########################################################################################################################################
#########################################################################################################################################
#########################################################################################################################################
DynamicSDDiP.jl (c) Christian Füllner, 2021
re-uses code from SDDP.jl (c) Oscar Dowson, 2017-21
||||||||||||||||||||||||||||||||||||||||||||||||||||||||||||||||||||||||||||||||||||||||||||||||||||||||||||||||||||||||||||||||||||||||
PATH
calling 
C:\Users\cg4102\.julia\packages\DynamicSDDiP\Z7cZi\src
nothing
DATETIME
2023-03-30T01:36:15.917
||||||||||||||||||||||||||||||||||||||||||||||||||||||||||||||||||||||||||||||||||||||||||||||||||||||||||||||||||||||||||||||||||||||||
STOPPING RULES
SDDP.TimeLimit(28800.0)
SDDP.BoundStalling(20, 0.0001)
||||||||||||||||||||||||||||||||||||||||||||||||||||||||||||||||||||||||||||||||||||||||||||||||||||||||||||||||||||||||||||||||||||||||
REGULARIZATION
DynamicSDDiP.NoRegularization()
||||||||||||||||||||||||||||||||||||||||||||||||||||||||||||||||||||||||||||||||||||||||||||||||||||||||||||||||||||||||||||||||||||||||
CUT GENERATION REGIMES
DynamicSDDiP.CutGenerationRegime(DynamicSDDiP.NoStateApproximation(), DynamicSDDiP.LagrangianDuality(0.0001, 0.0001, 1000, DynamicSDDiP.ZeroDuals(), DynamicSDDiP.BothBounds(), DynamicSDDiP.LevelBundle(0.5, true, false), DynamicSDDiP.StandardChoice(), DynamicSDDiP.Lax(), DynamicSDDiP.ConvexHullCopy(), false), 1, Inf, Inf, 0.0, true, 0.0001)

||||||||||||||||||||||||||||||||||||||||||||||||||||||||||||||||||||||||||||||||||||||||||||||||||||||||||||||||||||||||||||||||||||||||
CUT AGGREGATION
DynamicSDDiP.SingleCutRegime()
||||||||||||||||||||||||||||||||||||||||||||||||||||||||||||||||||||||||||||||||||||||||||||||||||||||||||||||||||||||||||||||||||||||||
CUT SELECTION
DynamicSDDiP.NoCutSelection()
||||||||||||||||||||||||||||||||||||||||||||||||||||||||||||||||||||||||||||||||||||||||||||||||||||||||||||||||||||||||||||||||||||||||
LATE BINARIZATION
DynamicSDDiP.NoLateBinarization()
||||||||||||||||||||||||||||||||||||||||||||||||||||||||||||||||||||||||||||||||||||||||||||||||||||||||||||||||||||||||||||||||||||||||
APPLIED SOLVERS (LP, MILP, MIQCP, MINLP, NLP, Lagrange)
DynamicSDDiP.AppliedSolvers(true, "Gurobi", "Gurobi", "Gurobi", "Gurobi", "Gurobi", "Gurobi", "Gurobi", "Gurobi", "Gurobi", 0.0001, 300)
DynamicSDDiP.Direct_Solver()
Numerical focus: false
Silent: true
||||||||||||||||||||||||||||||||||||||||||||||||||||||||||||||||||||||||||||||||||||||||||||||||||||||||||||||||||||||||||||||||||||||||
SAMPLING
Used seed for sampling scenarios: 
11111     
||||||||||||||||||||||||||||||||||||||||||||||||||||||||||||||||||||||||||||||||||||||||||||||||||||||||||||||||||||||||||||||||||||||||
RUN DESCRIPTION

||||||||||||||||||||||||||||||||||||||||||||||||||||||||||||||||||||||||||||||||||||||||||||||||||||||||||||||||||||||||||||||||||||||||
PROBLEM DESCRIPTION
Number of stages: 16
Number of realizations per stage: 20
Seed for scenario tree sampling: 12345
Solver: serial mode

────────────────────────────────────────────────────────────────────────────────────────────────────────────────────────────────────────────────────────────────────────────────────────────────────────
It.#               UB        Best UB             LB       Gap           Time        It_Time           Refinements                            #Var.   #Constr.             #Cuts       Lagrangian Dual                                               
                                                          [%]            [s]            [s]          σ       Bin.      Total      {0,1}          ℤ      Total    Total   Active      # It.    # C-It.  # C-Real.  
────────────────────────────────────────────────────────────────────────────────────────────────────────────────────────────────────────────────────────────────────────────────────────────────────────
1        1.093447e+04   1.093447e+04   2.640000e+02    0.9759   8.821200e+01   8.821200e+01      false       none         80         33          0          4       15       15      15112      15112        300
2        1.197401e+04   1.093447e+04   2.740000e+02    0.9749   1.956810e+02   1.074690e+02      false       none         80         33          0          4       30       30      14723      14723        300
3        1.055272e+04   1.055272e+04   2.900000e+02    0.9725   3.346500e+02   1.389690e+02      false       none         80         33          0          4       45       45      14885      14885        300
4        9.012225e+03   9.012225e+03   2.970000e+02    0.9670   4.946810e+02   1.600310e+02      false       none         80         33          0          4       60       60      15458      15458        300
5        1.006021e+04   9.012225e+03   3.150000e+02    0.9650   6.719310e+02   1.772500e+02      false       none         80         33          0          4       75       75      14841      14841        300
6        9.659578e+03   9.012225e+03   3.164395e+02    0.9649   8.632130e+02   1.912820e+02      false       none         80         33          0          4       90       90      15287      15287        300
7        1.037368e+04   9.012225e+03   3.281480e+02    0.9636   1.068417e+03   2.052040e+02      false       none         80         33          0          4      105      105      14917      14917        300
8        1.096814e+04   9.012225e+03   3.317804e+02    0.9632   1.312417e+03   2.440000e+02      false       none         80         33          0          4      120      120      15209      15209        300
9        1.075047e+04   9.012225e+03   3.320000e+02    0.9632   1.558183e+03   2.457660e+02      false       none         80         33          0          4      135      135      15477      15477        300
10       1.022431e+04   9.012225e+03   3.333940e+02    0.9630   1.823496e+03   2.653130e+02      false       none         80         33          0          4      150      150      15532      15532        300
11       9.563973e+03   9.012225e+03   3.493456e+02    0.9612   2.072871e+03   2.493750e+02      false       none         80         33          0          4      165      165      15068      15068        300
12       1.071116e+04   9.012225e+03   3.510000e+02    0.9611   2.326450e+03   2.535790e+02      false       none         80         33          0          4      180      180      15454      15454        300
13       7.636400e+03   7.636400e+03   3.557596e+02    0.9534   2.600857e+03   2.744070e+02      false       none         80         33          0          4      195      195      15382      15382        300
14       9.826656e+03   7.636400e+03   3.791836e+02    0.9503   2.892529e+03   2.916720e+02      false       none         80         33          0          4      210      210      15338      15338        300
15       1.152397e+04   7.636400e+03   4.017423e+02    0.9474   3.212717e+03   3.201880e+02      false       none         80         33          0          4      225      225      15793      15793        300
16       9.022179e+03   7.636400e+03   4.023456e+02    0.9473   3.537155e+03   3.244380e+02      false       none         80         33          0          4      240      240      15277      15277        300
17       8.346177e+03   7.636400e+03   4.070254e+02    0.9467   3.871578e+03   3.344230e+02      false       none         80         33          0          4      255      255      15547      15547        300
18       9.230397e+03   7.636400e+03   4.152573e+02    0.9456   4.188078e+03   3.165000e+02      false       none         80         33          0          4      270      270      15464      15464        300
19       8.550906e+03   7.636400e+03   4.241235e+02    0.9445   4.527438e+03   3.393600e+02      false       none         80         33          0          4      285      285      15402      15402        300
20       8.957860e+03   7.636400e+03   4.313456e+02    0.9435   4.868970e+03   3.415320e+02      false       none         80         33          0          4      300      300      15333      15333        300
21       1.048248e+04   7.636400e+03   4.442453e+02    0.9418   5.218830e+03   3.498600e+02      false       none         80         33          0          4      315      315      15224      15224        300
22       1.095065e+04   7.636400e+03   4.450530e+02    0.9417   5.572112e+03   3.532820e+02      false       none         80         33          0          4      330      330      15266      15266        300
23       7.536591e+03   7.536591e+03   4.493456e+02    0.9404   5.945629e+03   3.735170e+02      false       none         80         33          0          4      345      345      15771      15771        300
24       8.808064e+03   7.536591e+03   4.616039e+02    0.9388   6.309395e+03   3.637660e+02      false       none         80         33          0          4      360      360      14987      14987        300
25       8.992937e+03   7.536591e+03   4.645679e+02    0.9384   6.703490e+03   3.940950e+02      false       none         80         33          0          4      375      375      15621      15621        300
26       1.002531e+04   7.536591e+03   4.658180e+02    0.9382   7.084787e+03   3.812970e+02      false       none         80         33          0          4      390      390      15284      15284        300
27       9.391073e+03   7.536591e+03   4.667660e+02    0.9381   7.489803e+03   4.050160e+02      false       none         80         33          0          4      405      405      15450      15450        300
28       8.025481e+03   7.536591e+03   4.730000e+02    0.9372   7.884851e+03   3.950480e+02      false       none         80         33          0          4      420      420      15459      15459        300
29       8.972425e+03   7.536591e+03   4.780463e+02    0.9366   8.329196e+03   4.443450e+02      false       none         80         33          0          4      435      435      15622      15622        300
30       9.425805e+03   7.536591e+03   4.887453e+02    0.9352   8.782056e+03   4.528600e+02      false       none         80         33          0          4      450      450      15976      15976        300
31       8.911678e+03   7.536591e+03   4.914616e+02    0.9348   9.260432e+03   4.783760e+02      false       none         80         33          0          4      465      465      15495      15495        300
32       9.327994e+03   7.536591e+03   4.948491e+02    0.9343   9.692855e+03   4.324230e+02      false       none         80         33          0          4      480      480      15435      15435        300
33       1.174531e+04   7.536591e+03   4.951793e+02    0.9343   1.014015e+04   4.472970e+02      false       none         80         33          0          4      495      495      15444      15444        300
34       1.098986e+04   7.536591e+03   4.971590e+02    0.9340   1.061278e+04   4.726260e+02      false       none         80         33          0          4      510      510      15824      15824        300
35       9.707217e+03   7.536591e+03   5.016472e+02    0.9334   1.108558e+04   4.727990e+02      false       none         80         33          0          4      525      525      15292      15292        300
36       8.519050e+03   7.536591e+03   5.121825e+02    0.9320   1.156353e+04   4.779540e+02      false       none         80         33          0          4      540      540      15127      15127        300
37       9.834386e+03   7.536591e+03   5.189395e+02    0.9311   1.209233e+04   5.287970e+02      false       none         80         33          0          4      555      555      15711      15711        300
38       8.780160e+03   7.536591e+03   5.190798e+02    0.9311   1.262535e+04   5.330170e+02      false       none         80         33          0          4      570      570      15524      15524        300
39       8.163796e+03   7.536591e+03   5.214479e+02    0.9308   1.313899e+04   5.136410e+02      false       none         80         33          0          4      585      585      15376      15376        300
40       1.042575e+04   7.536591e+03   5.413881e+02    0.9282   1.370707e+04   5.680800e+02      false       none         80         33          0          4      600      600      15632      15632        300
41       8.395116e+03   7.536591e+03   5.446794e+02    0.9277   1.423558e+04   5.285170e+02      false       none         80         33          0          4      615      615      15537      15537        300
42       8.487975e+03   7.536591e+03   5.454656e+02    0.9276   1.479562e+04   5.600320e+02      false       none         80         33          0          4      630      630      15546      15546        300
43       9.210061e+03   7.536591e+03   5.476085e+02    0.9273   1.533262e+04   5.370010e+02      false       none         80         33          0          4      645      645      15423      15423        300
44       9.379002e+03   7.536591e+03   5.487832e+02    0.9272   1.587813e+04   5.455160e+02      false       none         80         33          0          4      660      660      15172      15172        300
45       1.129818e+04   7.536591e+03   5.494211e+02    0.9271   1.645038e+04   5.722510e+02      false       none         80         33          0          4      675      675      15381      15381        300
46       9.889064e+03   7.536591e+03   5.525437e+02    0.9267   1.701140e+04   5.610170e+02      false       none         80         33          0          4      690      690      15496      15496        300
47       9.752328e+03   7.536591e+03   5.549859e+02    0.9264   1.765967e+04   6.482670e+02      false       none         80         33          0          4      705      705      15836      15836        300
48       9.253483e+03   7.536591e+03   5.618829e+02    0.9254   1.827648e+04   6.168140e+02      false       none         80         33          0          4      720      720      15675      15675        300
49       9.677398e+03   7.536591e+03   5.693456e+02    0.9245   1.891700e+04   6.405160e+02      false       none         80         33          0          4      735      735      15507      15507        300
50       9.305858e+03   7.536591e+03   5.701951e+02    0.9243   1.956142e+04   6.444240e+02      false       none         80         33          0          4      750      750      15752      15752        300
51       1.005637e+04   7.536591e+03   5.720086e+02    0.9241   2.022906e+04   6.676420e+02      false       none         80         33          0          4      765      765      15652      15652        300
52       1.018557e+04   7.536591e+03   5.759332e+02    0.9236   2.088889e+04   6.598290e+02      false       none         80         33          0          4      780      780      15491      15491        300
53       9.950358e+03   7.536591e+03   5.772204e+02    0.9234   2.155360e+04   6.647050e+02      false       none         80         33          0          4      795      795      15302      15302        300
54       1.169396e+04   7.536591e+03   5.780024e+02    0.9233   2.224944e+04   6.958450e+02      false       none         80         33          0          4      810      810      15349      15349        300
55       9.220703e+03   7.536591e+03   5.780383e+02    0.9233   2.293829e+04   6.888450e+02      false       none         80         33          0          4      825      825      15495      15495        300
56       8.794696e+03   7.536591e+03   5.823128e+02    0.9227   2.365738e+04   7.190950e+02      false       none         80         33          0          4      840      840      15766      15766        300
57       1.107200e+04   7.536591e+03   5.907831e+02    0.9216   2.439634e+04   7.389550e+02      false       none         80         33          0          4      855      855      15594      15594        300
58       8.553959e+03   7.536591e+03   5.969954e+02    0.9208   2.509460e+04   6.982660e+02      false       none         80         33          0          4      870      870      15306      15306        300
59       9.774015e+03   7.536591e+03   6.014092e+02    0.9202   2.583629e+04   7.416890e+02      false       none         80         33          0          4      885      885      16007      16007        300
60       9.818890e+03   7.536591e+03   6.026727e+02    0.9200   2.656637e+04   7.300800e+02      false       none         80         33          0          4      900      900      15184      15184        300
61       8.974745e+03   7.536591e+03   6.057852e+02    0.9196   2.729984e+04   7.334700e+02      false       none         80         33          0          4      915      915      15054      15054        300
62       1.087063e+04   7.536591e+03   6.071768e+02    0.9194   2.802534e+04   7.255010e+02      false       none         80         33          0          4      930      930      15160      15160        300
63       1.182828e+04   7.536591e+03   6.074218e+02    0.9194   2.883428e+04   8.089390e+02      false       none         80         33          0          4      945      945      15762      15762        300

Terminating DynamicSDDiP with status: time_limit
------------------------------------------------------------------------------
 ────────────────────────────────────────────────────────────────────────────────
                                        Time                    Allocations      
                               ───────────────────────   ────────────────────────
       Tot / % measured:            8.01h / 100.0%            160GiB / 100.0%    

 Section               ncalls     time    %tot     avg     alloc    %tot      avg
 ────────────────────────────────────────────────────────────────────────────────
 loop                       1    8.01h  100.0%   8.01h    160GiB  100.0%   160GiB
   iterations              63    8.01h  100.0%    458s    160GiB  100.0%  2.55GiB
     backward_pass         63    8.00h   99.9%    457s    160GiB  100.0%  2.54GiB
       solve_BP         18.9k    8.00h   99.9%   1.52s    160GiB  100.0%  8.69MiB
         solve_dual     18.9k    8.00h   99.9%   1.52s    160GiB   99.9%  8.68MiB
           solve_la...  18.9k    7.84h   97.9%   1.49s    160GiB   99.8%  8.67MiB
             inner_sol   971k    7.37h   92.1%  27.3ms   24.6GiB   15.3%  26.5KiB
               solv...   971k    7.33h   91.5%  27.2ms   7.78GiB    4.8%  8.39KiB
             bundle...   971k    1114s    3.9%  1.15ms   1.85GiB    1.2%  1.99KiB
             outer_sol   971k     182s    0.6%   187μs   2.68GiB    1.7%  2.89KiB
             add_cut     971k    47.5s    0.2%  48.9μs   15.9GiB    9.9%  17.1KiB
             init_a...  18.9k    6.72s    0.0%   356μs   2.84GiB    1.8%   158KiB
             relax_...  18.9k    2.64s    0.0%   140μs    650MiB    0.4%  35.2KiB
             restor...  18.9k    1.85s    0.0%  98.0μs    338MiB    0.2%  18.3KiB
             conver...  18.9k   66.7ms    0.0%  3.53μs   3.46MiB    0.0%     192B
             minima...  18.9k   18.8ms    0.0%   994ns     0.00B    0.0%    0.00B
           solve_pr...  18.9k     570s    2.0%  30.1ms    135MiB    0.1%  7.31KiB
           dual_ini...  18.9k   23.9ms    0.0%  1.26μs   6.06MiB    0.0%     336B
         space_change   37.8k   9.61ms    0.0%   254ns     0.00B    0.0%    0.00B
       update_bellman     945   57.6ms    0.0%  60.9μs   9.68MiB    0.0%  10.5KiB
         cut_selection    945   1.20ms    0.0%  1.27μs   61.4KiB    0.0%    66.5B
     forward_pass          63    30.3s    0.1%   480ms   29.2MiB    0.0%   474KiB
       solve_subpro...  1.01k    30.2s    0.1%  30.0ms   26.2MiB    0.0%  26.6KiB
         solver_cal...  1.01k    30.1s    0.1%  29.8ms   9.15MiB    0.0%  9.30KiB
     calculate_bound       63    2.57s    0.0%  40.8ms   2.25MiB    0.0%  36.6KiB
       solver_call_...     63    2.56s    0.0%  40.6ms    824KiB    0.0%  13.1KiB
 ────────────────────────────────────────────────────────────────────────────────

||||||||||||||||||||||||||||||||||||||||||||||||||||||||||||||||||||||||||||||||||||||||||||||||||||||||||||||||||||||||||||||||||||||||
LAGRANGIAN DUAL SOLUTION RESULTS
mn_opt: 0 times (0.0%)
conv: 4 times (0.0%)
unbounded: 0 times (0.0%)
bound_issues: 0 times (0.0%)
subgr_stalling: 0 times (0.0%)
opt: 18896 times (100.0%)
feas_issues: 0 times (0.0%)
sub: 0 times (0.0%)
mn_iter: 0 times (0.0%)
iter: 0 times (0.0%)
mn_issue: 0 times (0.0%)

||||||||||||||||||||||||||||||||||||||||||||||||||||||||||||||||||||||||||||||||||||||||||||||||||||||||||||||||||||||||||||||||||||||||
SIMULATION RESULTS
DynamicSDDiP.Simulation(DynamicSDDiP.InSampleMonteCarlo(), 1000)
Lower bound: 607.4217849857242
Statistical upper bound (confidence interval): 9450.114324367303 ± 74.43120415001144
Pessimistic upper bound: 9524.545528517314
