

#########################################################################################################################################
#########################################################################################################################################
#########################################################################################################################################
#########################################################################################################################################
#########################################################################################################################################
DynamicSDDiP.jl (c) Christian Füllner, 2021
re-uses code from SDDP.jl (c) Oscar Dowson, 2017-21
||||||||||||||||||||||||||||||||||||||||||||||||||||||||||||||||||||||||||||||||||||||||||||||||||||||||||||||||||||||||||||||||||||||||
PATH
calling 
C:\Users\cg4102\.julia\packages\DynamicSDDiP\Z7cZi\src
nothing
DATETIME
2023-04-01T07:46:31.899
||||||||||||||||||||||||||||||||||||||||||||||||||||||||||||||||||||||||||||||||||||||||||||||||||||||||||||||||||||||||||||||||||||||||
STOPPING RULES
SDDP.TimeLimit(28800.0)
SDDP.BoundStalling(20, 0.0001)
||||||||||||||||||||||||||||||||||||||||||||||||||||||||||||||||||||||||||||||||||||||||||||||||||||||||||||||||||||||||||||||||||||||||
REGULARIZATION
DynamicSDDiP.NoRegularization()
||||||||||||||||||||||||||||||||||||||||||||||||||||||||||||||||||||||||||||||||||||||||||||||||||||||||||||||||||||||||||||||||||||||||
CUT GENERATION REGIMES
DynamicSDDiP.CutGenerationRegime(DynamicSDDiP.NoStateApproximation(), DynamicSDDiP.UnifiedLagrangianDuality(0.0001, 0.0001, 1000, DynamicSDDiP.ZeroDuals(), DynamicSDDiP.BothBounds(), DynamicSDDiP.LevelBundle(0.5, true, false), DynamicSDDiP.StandardChoice(), DynamicSDDiP.Lax(), DynamicSDDiP.L₁_Deep(), DynamicSDDiP.NoDualSpaceRestriction(), DynamicSDDiP.ConvexHullCopy(), nothing, nothing), 1, Inf, Inf, 0.0, true, 0.0001)

||||||||||||||||||||||||||||||||||||||||||||||||||||||||||||||||||||||||||||||||||||||||||||||||||||||||||||||||||||||||||||||||||||||||
CUT AGGREGATION
DynamicSDDiP.MultiCutRegime()
||||||||||||||||||||||||||||||||||||||||||||||||||||||||||||||||||||||||||||||||||||||||||||||||||||||||||||||||||||||||||||||||||||||||
CUT SELECTION
DynamicSDDiP.NoCutSelection()
||||||||||||||||||||||||||||||||||||||||||||||||||||||||||||||||||||||||||||||||||||||||||||||||||||||||||||||||||||||||||||||||||||||||
LATE BINARIZATION
DynamicSDDiP.NoLateBinarization()
||||||||||||||||||||||||||||||||||||||||||||||||||||||||||||||||||||||||||||||||||||||||||||||||||||||||||||||||||||||||||||||||||||||||
APPLIED SOLVERS (LP, MILP, MIQCP, MINLP, NLP, Lagrange)
DynamicSDDiP.AppliedSolvers(true, "Gurobi", "Gurobi", "Gurobi", "Gurobi", "Gurobi", "Gurobi", "Gurobi", "Gurobi", "Gurobi", 0.0001, 300)
DynamicSDDiP.Direct_Solver()
Numerical focus: false
Silent: true
||||||||||||||||||||||||||||||||||||||||||||||||||||||||||||||||||||||||||||||||||||||||||||||||||||||||||||||||||||||||||||||||||||||||
SAMPLING
Used seed for sampling scenarios: 
11111     
||||||||||||||||||||||||||||||||||||||||||||||||||||||||||||||||||||||||||||||||||||||||||||||||||||||||||||||||||||||||||||||||||||||||
RUN DESCRIPTION

||||||||||||||||||||||||||||||||||||||||||||||||||||||||||||||||||||||||||||||||||||||||||||||||||||||||||||||||||||||||||||||||||||||||
PROBLEM DESCRIPTION
Number of stages: 16
Number of realizations per stage: 20
Seed for scenario tree sampling: 12345
Solver: serial mode

────────────────────────────────────────────────────────────────────────────────────────────────────────────────────────────────────────────────────────────────────────────────────────────────────────
It.#               UB        Best UB             LB       Gap           Time        It_Time           Refinements                            #Var.   #Constr.             #Cuts       Lagrangian Dual                                               
                                                          [%]            [s]            [s]          σ       Bin.      Total      {0,1}          ℤ      Total    Total   Active      # It.    # C-It.  # C-Real.  
────────────────────────────────────────────────────────────────────────────────────────────────────────────────────────────────────────────────────────────────────────────────────────────────────────
1        1.093447e+04   1.093447e+04   2.486292e+02    0.9773   3.453000e+00   3.453000e+00      false       none        100         33          0          4      300      300       1041       1041        300
2        1.182248e+04   1.093447e+04   3.882664e+02    0.9645   1.221900e+01   8.766000e+00      false       none        100         33          0          4      600      600       1908       1908        300
3        1.094558e+04   1.093447e+04   4.269749e+02    0.9610   2.121900e+01   9.000000e+00      false       none        100         33          0          4      900      900       1937       1937        300
4        9.176645e+03   9.176645e+03   4.452275e+02    0.9515   3.239100e+01   1.117200e+01      false       none        100         33          0          4     1198     1198       2091       2091        300
5        1.030762e+04   9.176645e+03   5.232163e+02    0.9430   6.782900e+01   3.543800e+01      false       none        100         33          0          4     1498     1498       3539       3539        300
6        1.012934e+04   9.176645e+03   6.957647e+02    0.9242   1.109070e+02   4.307800e+01      false       none        100         33          0          4     1783     1783       3075       3075        300
7        1.104779e+04   9.176645e+03   7.378844e+02    0.9196   1.591100e+02   4.820300e+01      false       none        100         33          0          4     2063     2063       2957       2957        300
8        1.097244e+04   9.176645e+03   7.504895e+02    0.9182   1.978440e+02   3.873400e+01      false       none        100         33          0          4     2343     2343       2763       2763        300
9        1.050283e+04   9.176645e+03   7.892643e+02    0.9140   2.482350e+02   5.039100e+01      false       none        100         33          0          4     2643     2643       3542       3542        300
10       1.006880e+04   9.176645e+03   8.728253e+02    0.9049   3.042660e+02   5.603100e+01      false       none        100         33          0          4     2920     2920       3363       3363        300
11       9.394901e+03   9.176645e+03   1.048706e+03    0.8857   4.222670e+02   1.180010e+02      false       none        100         33          0          4     3200     3200       4938       4938        300
12       1.144809e+04   9.176645e+03   1.070599e+03    0.8833   5.565330e+02   1.342660e+02      false       none        100         33          0          4     3478     3478       4565       4565        300
13       7.948374e+03   7.948374e+03   1.091609e+03    0.8627   6.946430e+02   1.381100e+02      false       none        100         33          0          4     3776     3776       5726       5726        300
14       9.724833e+03   7.948374e+03   1.203051e+03    0.8486   8.356580e+02   1.410150e+02      false       none        100         33          0          4     4073     4073       5741       5741        300
15       1.223387e+04   7.948374e+03   1.314343e+03    0.8346   1.002049e+03   1.663910e+02      false       none        100         33          0          4     4365     4365       6428       6428        300
16       9.499352e+03   7.948374e+03   1.316709e+03    0.8343   1.240441e+03   2.383920e+02      false       none        100         33          0          4     4665     4665       7511       7511        300
17       9.138494e+03   7.948374e+03   1.436116e+03    0.8193   1.472910e+03   2.324690e+02      false       none        100         33          0          4     4964     4964       6884       6884        300
18       9.587562e+03   7.948374e+03   1.637125e+03    0.7940   1.773911e+03   3.010010e+02      false       none        100         33          0          4     5257     5257       8853       8853        300
19       8.920615e+03   7.948374e+03   1.665015e+03    0.7905   2.094239e+03   3.203280e+02      false       none        100         33          0          4     5555     5555       8210       8210        300
20       9.252609e+03   7.948374e+03   1.772244e+03    0.7770   2.443568e+03   3.493290e+02      false       none        100         33          0          4     5852     5852       9075       9075        300
21       1.094017e+04   7.948374e+03   1.914418e+03    0.7591   2.840912e+03   3.973440e+02      false       none        100         33          0          4     6149     6149       9945       9945        300
22       1.048607e+04   7.948374e+03   1.972491e+03    0.7518   3.322101e+03   4.811890e+02      false       none        100         33          0          4     6446     6446      10894      10894        300
23       8.390242e+03   7.948374e+03   2.020199e+03    0.7458   3.931524e+03   6.094230e+02      false       none        100         33          0          4     6746     6746      11288      11288        300
24       1.065696e+04   7.948374e+03   2.143838e+03    0.7303   4.579822e+03   6.482980e+02      false       none        100         33          0          4     7046     7046      11411      11411        300
25       9.332243e+03   7.948374e+03   2.248020e+03    0.7172   5.267073e+03   6.872510e+02      false       none        100         33          0          4     7346     7346      12658      12658        300
26       1.025911e+04   7.948374e+03   2.278817e+03    0.7133   6.088121e+03   8.210480e+02      false       none        100         33          0          4     7626     7626      13313      13313        300
27       9.371075e+03   7.948374e+03   2.341385e+03    0.7054   6.933482e+03   8.453610e+02      false       none        100         33          0          4     7923     7923      13610      13610        300
28       8.186455e+03   7.948374e+03   2.431963e+03    0.6940   7.813312e+03   8.798300e+02      false       none        100         33          0          4     8222     8222      13763      13763        300
29       9.623332e+03   7.948374e+03   2.589323e+03    0.6742   8.727251e+03   9.139390e+02      false       none        100         33          0          4     8517     8517      14489      14489        300
30       9.243799e+03   7.948374e+03   2.626625e+03    0.6695   9.792956e+03   1.065705e+03      false       none        100         33          0          4     8813     8813      15425      15425        300
31       9.493446e+03   7.948374e+03   2.654466e+03    0.6660   1.100168e+04   1.208721e+03      false       none        100         33          0          4     9113     9113      14969      14969        300
32       1.007352e+04   7.948374e+03   2.684448e+03    0.6623   1.202698e+04   1.025299e+03      false       none        100         33          0          4     9413     9413      14496      14496        300
33       1.202128e+04   7.948374e+03   2.845460e+03    0.6420   1.333682e+04   1.309847e+03      false       none        100         33          0          4     9707     9707      14412      14412        300
34       1.124258e+04   7.948374e+03   2.954528e+03    0.6283   1.454019e+04   1.203370e+03      false       none        100         33          0          4     9985     9985      14519      14519        300
35       9.891637e+03   7.948374e+03   2.987668e+03    0.6241   1.593531e+04   1.395114e+03      false       none        100         33          0          4    10285    10285      16045      16045        300
36       8.697284e+03   7.948374e+03   3.050522e+03    0.6162   1.759712e+04   1.661815e+03      false       none        100         33          0          4    10579    10579      17341      17341        300
37       1.047004e+04   7.948374e+03   3.159452e+03    0.6025   1.936209e+04   1.764972e+03      false       none        100         33          0          4    10877    10877      17917      17917        300
38       9.909178e+03   7.948374e+03   3.251058e+03    0.5910   2.112333e+04   1.761238e+03      false       none        100         33          0          4    11176    11176      17884      17884        300
39       8.886560e+03   7.948374e+03   3.287112e+03    0.5864   2.295680e+04   1.833472e+03      false       none        100         33          0          4    11476    11476      18439      18439        300
40       9.895890e+03   7.948374e+03   3.303366e+03    0.5844   2.485837e+04   1.901566e+03      false       none        100         33          0          4    11770    11770      18178      18178        300
41       8.860580e+03   7.948374e+03   3.407111e+03    0.5713   2.681042e+04   1.952051e+03      false       none        100         33          0          4    12067    12067      17819      17819        300
42       8.738733e+03   7.948374e+03   3.547455e+03    0.5537   2.893032e+04   2.119894e+03      false       none        100         33          0          4    12367    12367      20038      20038        300

Terminating DynamicSDDiP with status: time_limit
------------------------------------------------------------------------------
 ────────────────────────────────────────────────────────────────────────────────
                                        Time                    Allocations      
                               ───────────────────────   ────────────────────────
       Tot / % measured:            8.04h / 100.0%           72.2GiB / 100.0%    

 Section               ncalls     time    %tot     avg     alloc    %tot      avg
 ────────────────────────────────────────────────────────────────────────────────
 loop                       1    8.04h  100.0%   8.04h   72.2GiB  100.0%  72.2GiB
   iterations              42    8.04h  100.0%    689s   72.1GiB  100.0%  1.72GiB
     backward_pass         42    8.03h   99.9%    688s   72.1GiB  100.0%  1.72GiB
       solve_BP         12.6k    8.03h   99.9%   2.29s   72.1GiB   99.9%  5.86MiB
         solve_dual     12.6k    8.03h   99.9%   2.29s   72.0GiB   99.8%  5.85MiB
           solve_la...  12.6k    7.95h   98.9%   2.27s   71.9GiB   99.6%  5.84MiB
             inner_sol   423k    7.58h   94.3%  64.5ms   9.14GiB   12.7%  22.7KiB
               solv...   423k    7.56h   94.1%  64.3ms   1.17GiB    1.6%  2.90KiB
             bundle...   423k     895s    3.1%  2.11ms   0.99GiB    1.4%  2.45KiB
             outer_sol   423k     244s    0.8%   577μs   2.17GiB    3.0%  5.37KiB
             add_cut     423k    21.9s    0.1%  51.7μs   7.28GiB   10.1%  18.0KiB
             init_a...  12.6k    4.65s    0.0%   369μs   2.01GiB    2.8%   167KiB
             relax_...  12.6k    1.69s    0.0%   134μs    429MiB    0.6%  34.8KiB
             restor...  12.6k    1.19s    0.0%  94.8μs    225MiB    0.3%  18.3KiB
             conver...  12.6k   42.0ms    0.0%  3.33μs   2.50MiB    0.0%     208B
             minima...  12.6k   6.33ms    0.0%   502ns     0.00B    0.0%    0.00B
           solve_pr...  12.6k     309s    1.1%  24.5ms   30.7MiB    0.0%  2.49KiB
           dual_ini...  12.6k   14.7ms    0.0%  1.16μs   4.04MiB    0.0%     336B
         space_change   25.2k   6.64ms    0.0%   263ns     0.00B    0.0%    0.00B
       update_bellman     630    144ms    0.0%   229μs   65.3MiB    0.1%   106KiB
         cut_selection  12.4k   6.72ms    0.0%   543ns   0.99MiB    0.0%    83.9B
     forward_pass          42    14.5s    0.1%   344ms   20.3MiB    0.0%   495KiB
       solve_subpro...    672    14.4s    0.0%  21.5ms   18.3MiB    0.0%  27.9KiB
         solver_cal...    672    14.4s    0.0%  21.4ms   3.54MiB    0.0%  5.39KiB
     calculate_bound       42   48.6ms    0.0%  1.16ms   1.06MiB    0.0%  25.9KiB
       solver_call_...     42   43.7ms    0.0%  1.04ms   72.1KiB    0.0%  1.72KiB
 ────────────────────────────────────────────────────────────────────────────────

||||||||||||||||||||||||||||||||||||||||||||||||||||||||||||||||||||||||||||||||||||||||||||||||||||||||||||||||||||||||||||||||||||||||
LAGRANGIAN DUAL SOLUTION RESULTS
mn_opt: 0 times (0.0%)
conv: 0 times (0.0%)
unbounded: 0 times (0.0%)
bound_issues: 0 times (0.0%)
subgr_stalling: 0 times (0.0%)
opt: 12600 times (100.0%)
feas_issues: 0 times (0.0%)
sub: 0 times (0.0%)
mn_iter: 0 times (0.0%)
iter: 0 times (0.0%)
mn_issue: 0 times (0.0%)

||||||||||||||||||||||||||||||||||||||||||||||||||||||||||||||||||||||||||||||||||||||||||||||||||||||||||||||||||||||||||||||||||||||||
SIMULATION RESULTS
DynamicSDDiP.Simulation(DynamicSDDiP.InSampleMonteCarlo(), 1000)
Lower bound: 3547.4550670956983
Statistical upper bound (confidence interval): 9678.10494688475 ± 78.15870165503911
Pessimistic upper bound: 9756.263648539789
