

#########################################################################################################################################
#########################################################################################################################################
#########################################################################################################################################
#########################################################################################################################################
#########################################################################################################################################
DynamicSDDiP.jl (c) Christian Füllner, 2021
re-uses code from SDDP.jl (c) Oscar Dowson, 2017-21
||||||||||||||||||||||||||||||||||||||||||||||||||||||||||||||||||||||||||||||||||||||||||||||||||||||||||||||||||||||||||||||||||||||||
PATH
calling 
C:\Users\cg4102\.julia\packages\DynamicSDDiP\Z7cZi\src
nothing
DATETIME
2023-04-02T03:18:00.013
||||||||||||||||||||||||||||||||||||||||||||||||||||||||||||||||||||||||||||||||||||||||||||||||||||||||||||||||||||||||||||||||||||||||
STOPPING RULES
SDDP.TimeLimit(28800.0)
SDDP.BoundStalling(20, 0.0001)
||||||||||||||||||||||||||||||||||||||||||||||||||||||||||||||||||||||||||||||||||||||||||||||||||||||||||||||||||||||||||||||||||||||||
REGULARIZATION
DynamicSDDiP.NoRegularization()
||||||||||||||||||||||||||||||||||||||||||||||||||||||||||||||||||||||||||||||||||||||||||||||||||||||||||||||||||||||||||||||||||||||||
CUT GENERATION REGIMES
DynamicSDDiP.CutGenerationRegime(DynamicSDDiP.NoStateApproximation(), DynamicSDDiP.LinearDuality(), 1, Inf, Inf, 0.0, true, 0.0001)

||||||||||||||||||||||||||||||||||||||||||||||||||||||||||||||||||||||||||||||||||||||||||||||||||||||||||||||||||||||||||||||||||||||||
CUT AGGREGATION
DynamicSDDiP.MultiCutRegime()
||||||||||||||||||||||||||||||||||||||||||||||||||||||||||||||||||||||||||||||||||||||||||||||||||||||||||||||||||||||||||||||||||||||||
CUT SELECTION
DynamicSDDiP.NoCutSelection()
||||||||||||||||||||||||||||||||||||||||||||||||||||||||||||||||||||||||||||||||||||||||||||||||||||||||||||||||||||||||||||||||||||||||
LATE BINARIZATION
DynamicSDDiP.NoLateBinarization()
||||||||||||||||||||||||||||||||||||||||||||||||||||||||||||||||||||||||||||||||||||||||||||||||||||||||||||||||||||||||||||||||||||||||
APPLIED SOLVERS (LP, MILP, MIQCP, MINLP, NLP, Lagrange)
DynamicSDDiP.AppliedSolvers(true, "Gurobi", "Gurobi", "Gurobi", "Gurobi", "Gurobi", "Gurobi", "Gurobi", "Gurobi", "Gurobi", 0.0001, 300)
DynamicSDDiP.Direct_Solver()
Numerical focus: false
Silent: true
||||||||||||||||||||||||||||||||||||||||||||||||||||||||||||||||||||||||||||||||||||||||||||||||||||||||||||||||||||||||||||||||||||||||
SAMPLING
Used seed for sampling scenarios: 
11111     
||||||||||||||||||||||||||||||||||||||||||||||||||||||||||||||||||||||||||||||||||||||||||||||||||||||||||||||||||||||||||||||||||||||||
RUN DESCRIPTION

||||||||||||||||||||||||||||||||||||||||||||||||||||||||||||||||||||||||||||||||||||||||||||||||||||||||||||||||||||||||||||||||||||||||
PROBLEM DESCRIPTION
Number of stages: 16
Number of realizations per stage: 20
Seed for scenario tree sampling: 12345
Solver: serial mode

────────────────────────────────────────────────────────────────────────────────────────────────────────────────────────────────────────────────────────────────────────────────────────────────────────
It.#               UB        Best UB             LB       Gap           Time        It_Time           Refinements                            #Var.   #Constr.             #Cuts       Lagrangian Dual                                               
                                                          [%]            [s]            [s]          σ       Bin.      Total      {0,1}          ℤ      Total    Total   Active      # It.    # C-It.  # C-Real.  
────────────────────────────────────────────────────────────────────────────────────────────────────────────────────────────────────────────────────────────────────────────────────────────────────────
1        1.093447e+04   1.093447e+04   3.461371e+03    0.6834   3.280001e-01   3.280001e-01      false       none        100         33          0          4      300      300          0          0          0
2        1.153857e+04   1.093447e+04   3.542171e+03    0.6761   6.719999e-01   3.439999e-01      false       none        100         33          0          4      552      552          0          0          0
3        8.703110e+03   8.703110e+03   3.645533e+03    0.5811   1.047000e+00   3.750000e-01      false       none        100         33          0          4      825      825          0          0          0
4        8.274267e+03   8.274267e+03   3.688470e+03    0.5542   1.406000e+00   3.590000e-01      false       none        100         33          0          4     1096     1096          0          0          0
5        8.975666e+03   8.274267e+03   3.713821e+03    0.5512   1.781000e+00   3.750000e-01      false       none        100         33          0          4     1360     1360          0          0          0
6        8.343426e+03   8.274267e+03   3.778709e+03    0.5433   2.188000e+00   4.070001e-01      false       none        100         33          0          4     1627     1627          0          0          0
7        9.717513e+03   8.274267e+03   3.787985e+03    0.5422   2.578000e+00   3.900001e-01      false       none        100         33          0          4     1858     1858          0          0          0
8        9.527250e+03   8.274267e+03   3.792814e+03    0.5416   3.000000e+00   4.219999e-01      false       none        100         33          0          4     2069     2069          0          0          0
9        9.836747e+03   8.274267e+03   3.809353e+03    0.5396   3.406000e+00   4.059999e-01      false       none        100         33          0          4     2283     2283          0          0          0
10       8.795842e+03   8.274267e+03   3.828343e+03    0.5373   3.860000e+00   4.540000e-01      false       none        100         33          0          4     2530     2530          0          0          0
11       7.559718e+03   7.559718e+03   3.833578e+03    0.4929   4.281000e+00   4.210000e-01      false       none        100         33          0          4     2737     2737          0          0          0
12       9.417475e+03   7.559718e+03   3.838823e+03    0.4922   4.750000e+00   4.690001e-01      false       none        100         33          0          4     2930     2930          0          0          0
13       6.661215e+03   6.661215e+03   3.838993e+03    0.4237   5.203000e+00   4.530001e-01      false       none        100         33          0          4     3128     3128          0          0          0
14       8.845129e+03   6.661215e+03   3.847427e+03    0.4224   5.688000e+00   4.849999e-01      false       none        100         33          0          4     3357     3357          0          0          0
15       1.074385e+04   6.661215e+03   3.849515e+03    0.4221   6.156000e+00   4.679999e-01      false       none        100         33          0          4     3577     3577          0          0          0
16       7.386481e+03   6.661215e+03   3.852431e+03    0.4217   6.641000e+00   4.850001e-01      false       none        100         33          0          4     3798     3798          0          0          0
17       6.985838e+03   6.661215e+03   3.855392e+03    0.4212   7.141000e+00   5.000000e-01      false       none        100         33          0          4     4037     4037          0          0          0
18       7.986041e+03   6.661215e+03   3.857384e+03    0.4209   7.656000e+00   5.149999e-01      false       none        100         33          0          4     4223     4223          0          0          0
19       7.614647e+03   6.661215e+03   3.860032e+03    0.4205   8.188000e+00   5.320001e-01      false       none        100         33          0          4     4429     4429          0          0          0
20       8.236325e+03   6.661215e+03   3.862624e+03    0.4201   8.719000e+00   5.310001e-01      false       none        100         33          0          4     4638     4638          0          0          0
21       9.687686e+03   6.661215e+03   3.864374e+03    0.4199   9.266000e+00   5.469999e-01      false       none        100         33          0          4     4836     4836          0          0          0
22       9.846704e+03   6.661215e+03   3.865933e+03    0.4196   9.781000e+00   5.149999e-01      false       none        100         33          0          4     5053     5053          0          0          0
23       6.623436e+03   6.623436e+03   3.877663e+03    0.4146   1.036000e+01   5.790000e-01      false       none        100         33          0          4     5285     5285          0          0          0
24       7.550635e+03   6.623436e+03   3.880673e+03    0.4141   1.095300e+01   5.930002e-01      false       none        100         33          0          4     5455     5455          0          0          0
25       8.330364e+03   6.623436e+03   3.883286e+03    0.4137   1.154700e+01   5.939999e-01      false       none        100         33          0          4     5634     5634          0          0          0
26       9.304104e+03   6.623436e+03   3.884680e+03    0.4135   1.212500e+01   5.780001e-01      false       none        100         33          0          4     5795     5795          0          0          0
27       8.133648e+03   6.623436e+03   3.885414e+03    0.4134   1.275000e+01   6.250000e-01      false       none        100         33          0          4     6000     6000          0          0          0
28       7.991889e+03   6.623436e+03   3.886288e+03    0.4133   1.340600e+01   6.559999e-01      false       none        100         33          0          4     6163     6163          0          0          0
29       8.670175e+03   6.623436e+03   3.887174e+03    0.4131   1.400000e+01   5.940001e-01      false       none        100         33          0          4     6306     6306          0          0          0
30       8.564549e+03   6.623436e+03   3.887434e+03    0.4131   1.461000e+01   6.099999e-01      false       none        100         33          0          4     6447     6447          0          0          0
31       8.158752e+03   6.623436e+03   3.887772e+03    0.4130   1.521900e+01   6.090002e-01      false       none        100         33          0          4     6569     6569          0          0          0
32       8.728637e+03   6.623436e+03   3.887794e+03    0.4130   1.581300e+01   5.939999e-01      false       none        100         33          0          4     6693     6693          0          0          0
33       1.063683e+04   6.623436e+03   3.888040e+03    0.4130   1.645300e+01   6.400001e-01      false       none        100         33          0          4     6849     6849          0          0          0
34       1.126843e+04   6.623436e+03   3.888040e+03    0.4130   1.704700e+01   5.939999e-01      false       none        100         33          0          4     6944     6944          0          0          0
35       9.051587e+03   6.623436e+03   3.888173e+03    0.4130   1.773500e+01   6.880000e-01      false       none        100         33          0          4     7063     7063          0          0          0
36       7.767443e+03   6.623436e+03   3.888397e+03    0.4129   1.836000e+01   6.250000e-01      false       none        100         33          0          4     7186     7186          0          0          0
37       9.085447e+03   6.623436e+03   3.889156e+03    0.4128   1.901600e+01   6.560001e-01      false       none        100         33          0          4     7316     7316          0          0          0
38       8.567309e+03   6.623436e+03   3.889616e+03    0.4127   1.967200e+01   6.559999e-01      false       none        100         33          0          4     7423     7423          0          0          0
39       7.516240e+03   6.623436e+03   3.889923e+03    0.4127   2.036000e+01   6.880000e-01      false       none        100         33          0          4     7528     7528          0          0          0
40       1.025197e+04   6.623436e+03   3.895727e+03    0.4118   2.103100e+01   6.710000e-01      false       none        100         33          0          4     7649     7649          0          0          0
41       7.665827e+03   6.623436e+03   3.897688e+03    0.4115   2.175000e+01   7.190001e-01      false       none        100         33          0          4     7835     7835          0          0          0
42       7.295028e+03   6.623436e+03   3.897709e+03    0.4115   2.243800e+01   6.880000e-01      false       none        100         33          0          4     8024     8024          0          0          0
43       8.908872e+03   6.623436e+03   3.898009e+03    0.4115   2.318800e+01   7.500000e-01      false       none        100         33          0          4     8177     8177          0          0          0
44       8.793482e+03   6.623436e+03   3.902496e+03    0.4108   2.387500e+01   6.870000e-01      false       none        100         33          0          4     8329     8329          0          0          0
45       1.150948e+04   6.623436e+03   3.902860e+03    0.4107   2.459400e+01   7.190001e-01      false       none        100         33          0          4     8437     8437          0          0          0
46       9.943923e+03   6.623436e+03   3.903508e+03    0.4107   2.531300e+01   7.189999e-01      false       none        100         33          0          4     8572     8572          0          0          0
47       9.294082e+03   6.623436e+03   3.903719e+03    0.4106   2.609400e+01   7.810001e-01      false       none        100         33          0          4     8680     8680          0          0          0
48       8.089827e+03   6.623436e+03   3.904428e+03    0.4105   2.684400e+01   7.500000e-01      false       none        100         33          0          4     8810     8810          0          0          0
49       8.946977e+03   6.623436e+03   3.904428e+03    0.4105   2.754700e+01   7.029998e-01      false       none        100         33          0          4     8905     8905          0          0          0
50       8.699957e+03   6.623436e+03   3.904757e+03    0.4105   2.829700e+01   7.500000e-01      false       none        100         33          0          4     9026     9026          0          0          0
51       9.782639e+03   6.623436e+03   3.905481e+03    0.4104   2.901600e+01   7.190001e-01      false       none        100         33          0          4     9119     9119          0          0          0
52       9.763299e+03   6.623436e+03   3.905809e+03    0.4103   2.979700e+01   7.809999e-01      false       none        100         33          0          4     9201     9201          0          0          0
53       9.067306e+03   6.623436e+03   3.906827e+03    0.4102   3.054700e+01   7.500000e-01      false       none        100         33          0          4     9301     9301          0          0          0
54       1.162538e+04   6.623436e+03   3.907128e+03    0.4101   3.126600e+01   7.190001e-01      false       none        100         33          0          4     9382     9382          0          0          0
55       9.033302e+03   6.623436e+03   3.907237e+03    0.4101   3.206300e+01   7.969999e-01      false       none        100         33          0          4     9442     9442          0          0          0
56       8.255899e+03   6.623436e+03   3.908282e+03    0.4099   3.286000e+01   7.969999e-01      false       none        100         33          0          4     9537     9537          0          0          0
57       1.048071e+04   6.623436e+03   3.908400e+03    0.4099   3.365600e+01   7.960000e-01      false       none        100         33          0          4     9605     9605          0          0          0
58       7.907382e+03   6.623436e+03   3.908400e+03    0.4099   3.443800e+01   7.820001e-01      false       none        100         33          0          4     9692     9692          0          0          0
59       1.000118e+04   6.623436e+03   3.909112e+03    0.4098   3.521900e+01   7.810001e-01      false       none        100         33          0          4     9790     9790          0          0          0
60       8.889577e+03   6.623436e+03   3.910096e+03    0.4097   3.603100e+01   8.119998e-01      false       none        100         33          0          4     9908     9908          0          0          0
61       8.267593e+03   6.623436e+03   3.910250e+03    0.4096   3.682800e+01   7.970002e-01      false       none        100         33          0          4    10005    10005          0          0          0
62       9.359019e+03   6.623436e+03   3.910250e+03    0.4096   3.762500e+01   7.969999e-01      false       none        100         33          0          4    10068    10068          0          0          0
63       1.167301e+04   6.623436e+03   3.910270e+03    0.4096   3.842200e+01   7.969999e-01      false       none        100         33          0          4    10147    10147          0          0          0
64       9.263304e+03   6.623436e+03   3.910852e+03    0.4095   3.926600e+01   8.440001e-01      false       none        100         33          0          4    10217    10217          0          0          0
65       7.107448e+03   6.623436e+03   3.911298e+03    0.4095   4.009400e+01   8.280001e-01      false       none        100         33          0          4    10301    10301          0          0          0
66       9.065442e+03   6.623436e+03   3.912035e+03    0.4094   4.092200e+01   8.279998e-01      false       none        100         33          0          4    10359    10359          0          0          0
67       1.032726e+04   6.623436e+03   3.912078e+03    0.4094   4.175000e+01   8.280001e-01      false       none        100         33          0          4    10389    10389          0          0          0
68       1.147288e+04   6.623436e+03   3.912271e+03    0.4093   4.253100e+01   7.809999e-01      false       none        100         33          0          4    10430    10430          0          0          0
69       8.139460e+03   6.623436e+03   3.912345e+03    0.4093   4.340700e+01   8.760002e-01      false       none        100         33          0          4    10616    10616          0          0          0
70       9.812767e+03   6.623436e+03   3.912494e+03    0.4093   4.429700e+01   8.899999e-01      false       none        100         33          0          4    10719    10719          0          0          0
71       1.188462e+04   6.623436e+03   3.912513e+03    0.4093   4.512500e+01   8.280001e-01      false       none        100         33          0          4    10810    10810          0          0          0
72       6.926239e+03   6.623436e+03   3.912618e+03    0.4093   4.606300e+01   9.380000e-01      false       none        100         33          0          4    10985    10985          0          0          0
73       7.545450e+03   6.623436e+03   3.912636e+03    0.4093   4.692200e+01   8.590000e-01      false       none        100         33          0          4    11092    11092          0          0          0
74       7.979225e+03   6.623436e+03   3.912636e+03    0.4093   4.779700e+01   8.750000e-01      false       none        100         33          0          4    11177    11177          0          0          0
75       9.366458e+03   6.623436e+03   3.912636e+03    0.4093   4.875000e+01   9.530001e-01      false       none        100         33          0          4    11314    11314          0          0          0
76       9.799021e+03   6.623436e+03   3.912803e+03    0.4092   4.962500e+01   8.750000e-01      false       none        100         33          0          4    11410    11410          0          0          0
77       1.015574e+04   6.623436e+03   3.912803e+03    0.4092   5.050000e+01   8.750000e-01      false       none        100         33          0          4    11503    11503          0          0          0
78       6.828982e+03   6.623436e+03   3.912822e+03    0.4092   5.139100e+01   8.910000e-01      false       none        100         33          0          4    11653    11653          0          0          0
79       7.183877e+03   6.623436e+03   3.913179e+03    0.4092   5.231300e+01   9.219999e-01      false       none        100         33          0          4    11771    11771          0          0          0
80       9.887063e+03   6.623436e+03   3.913179e+03    0.4092   5.320300e+01   8.900001e-01      false       none        100         33          0          4    11856    11856          0          0          0
81       8.933443e+03   6.623436e+03   3.913226e+03    0.4092   5.412500e+01   9.219999e-01      false       none        100         33          0          4    11992    11992          0          0          0
82       1.192086e+04   6.623436e+03   3.913346e+03    0.4092   5.506300e+01   9.380000e-01      false       none        100         33          0          4    12111    12111          0          0          0
83       1.223092e+04   6.623436e+03   3.913540e+03    0.4091   5.592200e+01   8.590000e-01      false       none        100         33          0          4    12211    12211          0          0          0
84       9.482806e+03   6.623436e+03   3.913622e+03    0.4091   5.682800e+01   9.060001e-01      false       none        100         33          0          4    12316    12316          0          0          0
85       9.913212e+03   6.623436e+03   3.913694e+03    0.4091   5.778200e+01   9.540000e-01      false       none        100         33          0          4    12392    12392          0          0          0
86       1.041622e+04   6.623436e+03   3.913831e+03    0.4091   5.870300e+01   9.210000e-01      false       none        100         33          0          4    12453    12453          0          0          0
87       8.922957e+03   6.623436e+03   3.914049e+03    0.4091   5.965700e+01   9.540000e-01      false       none        100         33          0          4    12509    12509          0          0          0
88       7.702727e+03   6.623436e+03   3.914156e+03    0.4090   6.059400e+01   9.370000e-01      false       none        100         33          0          4    12602    12602          0          0          0
89       7.072643e+03   6.623436e+03   3.914760e+03    0.4090   6.154700e+01   9.529998e-01      false       none        100         33          0          4    12697    12697          0          0          0
90       9.090858e+03   6.623436e+03   3.914760e+03    0.4090   6.256300e+01   1.016000e+00      false       none        100         33          0          4    12741    12741          0          0          0
91       8.712021e+03   6.623436e+03   3.915229e+03    0.4089   6.350000e+01   9.370000e-01      false       none        100         33          0          4    12799    12799          0          0          0
92       9.090946e+03   6.623436e+03   3.915229e+03    0.4089   6.446900e+01   9.690001e-01      false       none        100         33          0          4    12821    12821          0          0          0
93       1.076796e+04   6.623436e+03   3.915279e+03    0.4089   6.539100e+01   9.219999e-01      false       none        100         33          0          4    12903    12903          0          0          0
94       9.122608e+03   6.623436e+03   3.915412e+03    0.4089   6.639100e+01   1.000000e+00      false       none        100         33          0          4    12989    12989          0          0          0
95       7.793788e+03   6.623436e+03   3.915412e+03    0.4089   6.734400e+01   9.530001e-01      false       none        100         33          0          4    13079    13079          0          0          0
96       8.507250e+03   6.623436e+03   3.915538e+03    0.4088   6.829700e+01   9.529998e-01      false       none        100         33          0          4    13146    13146          0          0          0
97       9.152993e+03   6.623436e+03   3.915853e+03    0.4088   6.926600e+01   9.690001e-01      false       none        100         33          0          4    13228    13228          0          0          0
98       8.046451e+03   6.623436e+03   3.915975e+03    0.4088   7.023500e+01   9.689999e-01      false       none        100         33          0          4    13282    13282          0          0          0
99       8.314467e+03   6.623436e+03   3.915975e+03    0.4088   7.120300e+01   9.680002e-01      false       none        100         33          0          4    13363    13363          0          0          0
100      8.152531e+03   6.623436e+03   3.915975e+03    0.4088   7.223500e+01   1.032000e+00      false       none        100         33          0          4    13432    13432          0          0          0
101      9.623400e+03   6.623436e+03   3.916018e+03    0.4088   7.323500e+01   1.000000e+00      false       none        100         33          0          4    13502    13502          0          0          0
102      5.333240e+03   5.333240e+03   3.917696e+03    0.2654   7.436000e+01   1.125000e+00      false       none        100         33          0          4    13760    13760          0          0          0
103      9.796029e+03   5.333240e+03   3.917720e+03    0.2654   7.539100e+01   1.031000e+00      false       none        100         33          0          4    13793    13793          0          0          0
104      8.889889e+03   5.333240e+03   3.917874e+03    0.2654   7.637500e+01   9.840000e-01      false       none        100         33          0          4    13883    13883          0          0          0
105      9.708120e+03   5.333240e+03   3.918555e+03    0.2653   7.737500e+01   1.000000e+00      false       none        100         33          0          4    13958    13958          0          0          0
106      6.806209e+03   5.333240e+03   3.918652e+03    0.2652   7.839100e+01   1.016000e+00      false       none        100         33          0          4    14041    14041          0          0          0
107      8.516022e+03   5.333240e+03   3.918652e+03    0.2652   7.948500e+01   1.094000e+00      false       none        100         33          0          4    14131    14131          0          0          0
108      8.312480e+03   5.333240e+03   3.918879e+03    0.2652   8.051600e+01   1.031000e+00      false       none        100         33          0          4    14231    14231          0          0          0
109      7.464654e+03   5.333240e+03   3.919472e+03    0.2651   8.159400e+01   1.078000e+00      false       none        100         33          0          4    14305    14305          0          0          0
110      9.162795e+03   5.333240e+03   3.919472e+03    0.2651   8.262500e+01   1.031000e+00      false       none        100         33          0          4    14371    14371          0          0          0
111      6.722984e+03   5.333240e+03   3.919747e+03    0.2650   8.371900e+01   1.094000e+00      false       none        100         33          0          4    14479    14479          0          0          0
112      9.073798e+03   5.333240e+03   3.920005e+03    0.2650   8.478200e+01   1.063000e+00      false       none        100         33          0          4    14575    14575          0          0          0
113      9.000082e+03   5.333240e+03   3.920093e+03    0.2650   8.581300e+01   1.031000e+00      false       none        100         33          0          4    14650    14650          0          0          0
114      8.187993e+03   5.333240e+03   3.920480e+03    0.2649   8.689100e+01   1.078000e+00      false       none        100         33          0          4    14725    14725          0          0          0
115      1.102080e+04   5.333240e+03   3.921363e+03    0.2647   8.798500e+01   1.094000e+00      false       none        100         33          0          4    14854    14854          0          0          0
116      9.240719e+03   5.333240e+03   3.922327e+03    0.2646   8.901600e+01   1.031000e+00      false       none        100         33          0          4    14937    14937          0          0          0
117      7.141294e+03   5.333240e+03   3.923248e+03    0.2644   9.007800e+01   1.062000e+00      false       none        100         33          0          4    15029    15029          0          0          0
118      9.459821e+03   5.333240e+03   3.923269e+03    0.2644   9.112500e+01   1.047000e+00      false       none        100         33          0          4    15100    15100          0          0          0
119      1.036677e+04   5.333240e+03   3.923323e+03    0.2644   9.218800e+01   1.063000e+00      false       none        100         33          0          4    15136    15136          0          0          0
120      1.114716e+04   5.333240e+03   3.923603e+03    0.2643   9.323500e+01   1.047000e+00      false       none        100         33          0          4    15217    15217          0          0          0
121      9.277036e+03   5.333240e+03   3.923636e+03    0.2643   9.426600e+01   1.031000e+00      false       none        100         33          0          4    15283    15283          0          0          0
122      8.113584e+03   5.333240e+03   3.923765e+03    0.2643   9.537500e+01   1.109000e+00      false       none        100         33          0          4    15314    15314          0          0          0
123      1.206714e+04   5.333240e+03   3.924067e+03    0.2642   9.650000e+01   1.125000e+00      false       none        100         33          0          4    15375    15375          0          0          0
124      6.009874e+03   5.333240e+03   3.925380e+03    0.2640   9.761000e+01   1.110000e+00      false       none        100         33          0          4    15565    15565          0          0          0
125      9.527910e+03   5.333240e+03   3.925402e+03    0.2640   9.879700e+01   1.187000e+00      false       none        100         33          0          4    15659    15659          0          0          0
126      5.843451e+03   5.333240e+03   3.925447e+03    0.2640   1.000470e+02   1.250000e+00      false       none        100         33          0          4    15763    15763          0          0          0
127      9.026364e+03   5.333240e+03   3.925447e+03    0.2640   1.012190e+02   1.172000e+00      false       none        100         33          0          4    15823    15823          0          0          0
128      8.298929e+03   5.333240e+03   3.925447e+03    0.2640   1.022970e+02   1.078000e+00      false       none        100         33          0          4    15888    15888          0          0          0
129      9.262044e+03   5.333240e+03   3.930130e+03    0.2631   1.034380e+02   1.141000e+00      false       none        100         33          0          4    16025    16025          0          0          0
130      1.106925e+04   5.333240e+03   3.930224e+03    0.2631   1.045320e+02   1.094000e+00      false       none        100         33          0          4    16114    16114          0          0          0
131      7.705773e+03   5.333240e+03   3.930244e+03    0.2631   1.056880e+02   1.156000e+00      false       none        100         33          0          4    16146    16146          0          0          0
132      8.136880e+03   5.333240e+03   3.930325e+03    0.2631   1.068130e+02   1.125000e+00      false       none        100         33          0          4    16230    16230          0          0          0
133      1.031442e+04   5.333240e+03   3.930325e+03    0.2631   1.079070e+02   1.094000e+00      false       none        100         33          0          4    16260    16260          0          0          0
134      7.922841e+03   5.333240e+03   3.930366e+03    0.2630   1.092040e+02   1.297000e+00      false       none        100         33          0          4    16357    16357          0          0          0
135      8.091206e+03   5.333240e+03   3.930429e+03    0.2630   1.103750e+02   1.171000e+00      false       none        100         33          0          4    16418    16418          0          0          0
136      8.458899e+03   5.333240e+03   3.930429e+03    0.2630   1.115790e+02   1.204000e+00      false       none        100         33          0          4    16516    16516          0          0          0
137      1.092473e+04   5.333240e+03   3.930448e+03    0.2630   1.127970e+02   1.218000e+00      false       none        100         33          0          4    16600    16600          0          0          0
138      8.490983e+03   5.333240e+03   3.930736e+03    0.2630   1.140160e+02   1.219000e+00      false       none        100         33          0          4    16697    16697          0          0          0
139      8.117363e+03   5.333240e+03   3.930777e+03    0.2630   1.152190e+02   1.203000e+00      false       none        100         33          0          4    16766    16766          0          0          0
140      9.760065e+03   5.333240e+03   3.930868e+03    0.2629   1.164380e+02   1.219000e+00      false       none        100         33          0          4    16847    16847          0          0          0
141      1.069111e+04   5.333240e+03   3.930948e+03    0.2629   1.175940e+02   1.156000e+00      false       none        100         33          0          4    16891    16891          0          0          0
142      6.493229e+03   5.333240e+03   3.931041e+03    0.2629   1.188600e+02   1.266000e+00      false       none        100         33          0          4    17020    17020          0          0          0
143      7.968752e+03   5.333240e+03   3.931061e+03    0.2629   1.201100e+02   1.250000e+00      false       none        100         33          0          4    17108    17108          0          0          0
144      8.724057e+03   5.333240e+03   3.931222e+03    0.2629   1.213600e+02   1.250000e+00      false       none        100         33          0          4    17167    17167          0          0          0
145      7.925272e+03   5.333240e+03   3.931222e+03    0.2629   1.225940e+02   1.234000e+00      false       none        100         33          0          4    17219    17219          0          0          0
146      1.027057e+04   5.333240e+03   3.931339e+03    0.2629   1.237350e+02   1.141000e+00      false       none        100         33          0          4    17270    17270          0          0          0
147      6.747609e+03   5.333240e+03   3.931383e+03    0.2629   1.250470e+02   1.312000e+00      false       none        100         33          0          4    17343    17343          0          0          0
148      1.097497e+04   5.333240e+03   3.931383e+03    0.2629   1.262040e+02   1.157000e+00      false       none        100         33          0          4    17355    17355          0          0          0
149      6.966256e+03   5.333240e+03   3.931667e+03    0.2628   1.274380e+02   1.234000e+00      false       none        100         33          0          4    17457    17457          0          0          0
150      7.192968e+03   5.333240e+03   3.931686e+03    0.2628   1.287040e+02   1.266000e+00      false       none        100         33          0          4    17514    17514          0          0          0
151      7.254977e+03   5.333240e+03   3.931686e+03    0.2628   1.300000e+02   1.296000e+00      false       none        100         33          0          4    17586    17586          0          0          0
152      8.737696e+03   5.333240e+03   3.931802e+03    0.2628   1.312970e+02   1.297000e+00      false       none        100         33          0          4    17672    17672          0          0          0
153      6.279923e+03   5.333240e+03   3.931877e+03    0.2628   1.325940e+02   1.297000e+00      false       none        100         33          0          4    17781    17781          0          0          0
154      8.154448e+03   5.333240e+03   3.932037e+03    0.2627   1.339070e+02   1.313000e+00      false       none        100         33          0          4    17858    17858          0          0          0
155      1.083733e+04   5.333240e+03   3.932066e+03    0.2627   1.351720e+02   1.265000e+00      false       none        100         33          0          4    17902    17902          0          0          0
156      8.408363e+03   5.333240e+03   3.932109e+03    0.2627   1.364070e+02   1.235000e+00      false       none        100         33          0          4    17963    17963          0          0          0
157      1.019095e+04   5.333240e+03   3.932131e+03    0.2627   1.376720e+02   1.265000e+00      false       none        100         33          0          4    18030    18030          0          0          0
158      8.701952e+03   5.333240e+03   3.932210e+03    0.2627   1.389070e+02   1.235000e+00      false       none        100         33          0          4    18074    18074          0          0          0
159      7.555784e+03   5.333240e+03   3.932545e+03    0.2626   1.401880e+02   1.281000e+00      false       none        100         33          0          4    18131    18131          0          0          0
160      9.113789e+03   5.333240e+03   3.932563e+03    0.2626   1.414850e+02   1.297000e+00      false       none        100         33          0          4    18179    18179          0          0          0
161      7.774613e+03   5.333240e+03   3.932688e+03    0.2626   1.428130e+02   1.328000e+00      false       none        100         33          0          4    18264    18264          0          0          0
162      9.657783e+03   5.333240e+03   3.932688e+03    0.2626   1.440940e+02   1.281000e+00      false       none        100         33          0          4    18285    18285          0          0          0
163      9.027916e+03   5.333240e+03   3.932688e+03    0.2626   1.453600e+02   1.266000e+00      false       none        100         33          0          4    18324    18324          0          0          0
164      8.525659e+03   5.333240e+03   3.932769e+03    0.2626   1.466250e+02   1.265000e+00      false       none        100         33          0          4    18384    18384          0          0          0
165      9.640160e+03   5.333240e+03   3.932789e+03    0.2626   1.478910e+02   1.266000e+00      false       none        100         33          0          4    18454    18454          0          0          0
166      1.121008e+04   5.333240e+03   3.932929e+03    0.2626   1.492040e+02   1.313000e+00      false       none        100         33          0          4    18544    18544          0          0          0
167      8.807505e+03   5.333240e+03   3.932929e+03    0.2626   1.504380e+02   1.234000e+00      false       none        100         33          0          4    18581    18581          0          0          0
168      9.084415e+03   5.333240e+03   3.932929e+03    0.2626   1.516720e+02   1.234000e+00      false       none        100         33          0          4    18611    18611          0          0          0
169      1.033000e+04   5.333240e+03   3.932972e+03    0.2626   1.529690e+02   1.297000e+00      false       none        100         33          0          4    18666    18666          0          0          0
170      9.251507e+03   5.333240e+03   3.933032e+03    0.2625   1.543130e+02   1.344000e+00      false       none        100         33          0          4    18743    18743          0          0          0
171      8.230882e+03   5.333240e+03   3.936126e+03    0.2620   1.556570e+02   1.344000e+00      false       none        100         33          0          4    18818    18818          0          0          0
172      8.716199e+03   5.333240e+03   3.936126e+03    0.2620   1.569690e+02   1.312000e+00      false       none        100         33          0          4    18886    18886          0          0          0
173      9.432210e+03   5.333240e+03   3.936126e+03    0.2620   1.582660e+02   1.297000e+00      false       none        100         33          0          4    18943    18943          0          0          0
174      9.684822e+03   5.333240e+03   3.936168e+03    0.2620   1.596410e+02   1.375000e+00      false       none        100         33          0          4    18982    18982          0          0          0
175      9.894797e+03   5.333240e+03   3.936187e+03    0.2620   1.609380e+02   1.297000e+00      false       none        100         33          0          4    19028    19028          0          0          0
176      8.776131e+03   5.333240e+03   3.936187e+03    0.2620   1.622040e+02   1.266000e+00      false       none        100         33          0          4    19064    19064          0          0          0
177      1.080990e+04   5.333240e+03   3.936187e+03    0.2620   1.635160e+02   1.312000e+00      false       none        100         33          0          4    19093    19093          0          0          0
178      9.189962e+03   5.333240e+03   3.936187e+03    0.2620   1.648600e+02   1.344000e+00      false       none        100         33          0          4    19131    19131          0          0          0
179      7.316409e+03   5.333240e+03   3.936211e+03    0.2619   1.662820e+02   1.422000e+00      false       none        100         33          0          4    19173    19173          0          0          0
180      8.673424e+03   5.333240e+03   3.936230e+03    0.2619   1.676100e+02   1.328000e+00      false       none        100         33          0          4    19245    19245          0          0          0
181      6.070825e+03   5.333240e+03   3.936230e+03    0.2619   1.690160e+02   1.406000e+00      false       none        100         33          0          4    19363    19363          0          0          0
182      8.719271e+03   5.333240e+03   3.936230e+03    0.2619   1.704070e+02   1.391000e+00      false       none        100         33          0          4    19410    19410          0          0          0
183      8.467898e+03   5.333240e+03   3.936230e+03    0.2619   1.717820e+02   1.375000e+00      false       none        100         33          0          4    19455    19455          0          0          0
184      9.816061e+03   5.333240e+03   3.936230e+03    0.2619   1.731570e+02   1.375000e+00      false       none        100         33          0          4    19496    19496          0          0          0
185      7.515508e+03   5.333240e+03   3.936265e+03    0.2619   1.745470e+02   1.390000e+00      false       none        100         33          0          4    19590    19590          0          0          0
186      9.137090e+03   5.333240e+03   3.936265e+03    0.2619   1.759220e+02   1.375000e+00      false       none        100         33          0          4    19636    19636          0          0          0
187      7.527794e+03   5.333240e+03   3.936265e+03    0.2619   1.773290e+02   1.407000e+00      false       none        100         33          0          4    19675    19675          0          0          0
188      8.936420e+03   5.333240e+03   3.936265e+03    0.2619   1.787190e+02   1.390000e+00      false       none        100         33          0          4    19706    19706          0          0          0
189      9.449637e+03   5.333240e+03   3.936265e+03    0.2619   1.800940e+02   1.375000e+00      false       none        100         33          0          4    19745    19745          0          0          0
190      8.775623e+03   5.333240e+03   3.936265e+03    0.2619   1.814380e+02   1.344000e+00      false       none        100         33          0          4    19779    19779          0          0          0
191      7.795996e+03   5.333240e+03   3.936287e+03    0.2619   1.828290e+02   1.391000e+00      false       none        100         33          0          4    19832    19832          0          0          0
192      7.791384e+03   5.333240e+03   3.936337e+03    0.2619   1.842660e+02   1.437000e+00      false       none        100         33          0          4    19898    19898          0          0          0
193      8.379311e+03   5.333240e+03   3.936449e+03    0.2619   1.857190e+02   1.453000e+00      false       none        100         33          0          4    19941    19941          0          0          0
194      8.472365e+03   5.333240e+03   3.936468e+03    0.2619   1.870790e+02   1.360000e+00      false       none        100         33          0          4    19974    19974          0          0          0
195      8.425785e+03   5.333240e+03   3.936468e+03    0.2619   1.884380e+02   1.359000e+00      false       none        100         33          0          4    19996    19996          0          0          0
196      9.111673e+03   5.333240e+03   3.936468e+03    0.2619   1.897970e+02   1.359000e+00      false       none        100         33          0          4    20016    20016          0          0          0
197      9.418250e+03   5.333240e+03   3.936559e+03    0.2619   1.910630e+02   1.266000e+00      false       none        100         33          0          4    20044    20044          0          0          0
198      8.063098e+03   5.333240e+03   3.936559e+03    0.2619   1.925010e+02   1.438000e+00      false       none        100         33          0          4    20079    20079          0          0          0
199      9.174504e+03   5.333240e+03   3.936559e+03    0.2619   1.939380e+02   1.437000e+00      false       none        100         33          0          4    20127    20127          0          0          0
200      9.389929e+03   5.333240e+03   3.936844e+03    0.2618   1.953440e+02   1.406000e+00      false       none        100         33          0          4    20168    20168          0          0          0
201      8.449201e+03   5.333240e+03   3.936844e+03    0.2618   1.967190e+02   1.375000e+00      false       none        100         33          0          4    20204    20204          0          0          0
202      8.542743e+03   5.333240e+03   3.936844e+03    0.2618   1.980790e+02   1.360000e+00      false       none        100         33          0          4    20219    20219          0          0          0
203      8.335654e+03   5.333240e+03   3.936844e+03    0.2618   1.994540e+02   1.375000e+00      false       none        100         33          0          4    20246    20246          0          0          0
204      7.733388e+03   5.333240e+03   3.936844e+03    0.2618   2.009220e+02   1.468000e+00      false       none        100         33          0          4    20292    20292          0          0          0
205      7.138329e+03   5.333240e+03   3.936867e+03    0.2618   2.024070e+02   1.485000e+00      false       none        100         33          0          4    20426    20426          0          0          0
206      8.430288e+03   5.333240e+03   3.936887e+03    0.2618   2.038910e+02   1.484000e+00      false       none        100         33          0          4    20475    20475          0          0          0
207      8.776623e+03   5.333240e+03   3.936887e+03    0.2618   2.052350e+02   1.344000e+00      false       none        100         33          0          4    20498    20498          0          0          0
208      9.351483e+03   5.333240e+03   3.936887e+03    0.2618   2.065470e+02   1.312000e+00      false       none        100         33          0          4    20527    20527          0          0          0
209      7.741209e+03   5.333240e+03   3.936887e+03    0.2618   2.079220e+02   1.375000e+00      false       none        100         33          0          4    20560    20560          0          0          0
210      8.155060e+03   5.333240e+03   3.936887e+03    0.2618   2.093440e+02   1.422000e+00      false       none        100         33          0          4    20614    20614          0          0          0
211      9.331057e+03   5.333240e+03   3.936887e+03    0.2618   2.108130e+02   1.469000e+00      false       none        100         33          0          4    20693    20693          0          0          0
212      7.965063e+03   5.333240e+03   3.936887e+03    0.2618   2.122040e+02   1.391000e+00      false       none        100         33          0          4    20714    20714          0          0          0
213      8.704130e+03   5.333240e+03   3.936958e+03    0.2618   2.136720e+02   1.468000e+00      false       none        100         33          0          4    20766    20766          0          0          0
214      1.174660e+04   5.333240e+03   3.936982e+03    0.2618   2.150160e+02   1.344000e+00      false       none        100         33          0          4    20795    20795          0          0          0
215      9.910137e+03   5.333240e+03   3.936982e+03    0.2618   2.165160e+02   1.500000e+00      false       none        100         33          0          4    20866    20866          0          0          0
216      1.138047e+04   5.333240e+03   3.937037e+03    0.2618   2.179540e+02   1.438000e+00      false       none        100         33          0          4    20901    20901          0          0          0
217      8.010618e+03   5.333240e+03   3.937037e+03    0.2618   2.193600e+02   1.406000e+00      false       none        100         33          0          4    20940    20940          0          0          0
218      7.122542e+03   5.333240e+03   3.937116e+03    0.2618   2.208130e+02   1.453000e+00      false       none        100         33          0          4    20988    20988          0          0          0
219      8.474372e+03   5.333240e+03   3.937116e+03    0.2618   2.222190e+02   1.406000e+00      false       none        100         33          0          4    21030    21030          0          0          0
220      8.990286e+03   5.333240e+03   3.937116e+03    0.2618   2.235790e+02   1.360000e+00      false       none        100         33          0          4    21072    21072          0          0          0
221      9.381851e+03   5.333240e+03   3.937116e+03    0.2618   2.250940e+02   1.515000e+00      false       none        100         33          0          4    21114    21114          0          0          0
222      9.755791e+03   5.333240e+03   3.937116e+03    0.2618   2.264690e+02   1.375000e+00      false       none        100         33          0          4    21176    21176          0          0          0
223      8.585729e+03   5.333240e+03   3.937116e+03    0.2618   2.279070e+02   1.438000e+00      false       none        100         33          0          4    21243    21243          0          0          0
224      9.733388e+03   5.333240e+03   3.937116e+03    0.2618   2.292970e+02   1.390000e+00      false       none        100         33          0          4    21298    21298          0          0          0
225      1.178566e+04   5.333240e+03   3.937137e+03    0.2618   2.307350e+02   1.438000e+00      false       none        100         33          0          4    21330    21330          0          0          0
226      8.975199e+03   5.333240e+03   3.937137e+03    0.2618   2.321260e+02   1.391000e+00      false       none        100         33          0          4    21372    21372          0          0          0
227      8.481086e+03   5.333240e+03   3.937137e+03    0.2618   2.336410e+02   1.515000e+00      false       none        100         33          0          4    21434    21434          0          0          0
228      1.141235e+04   5.333240e+03   3.937156e+03    0.2618   2.350630e+02   1.422000e+00      false       none        100         33          0          4    21489    21489          0          0          0
229      8.921759e+03   5.333240e+03   3.937156e+03    0.2618   2.365160e+02   1.453000e+00      false       none        100         33          0          4    21497    21497          0          0          0
230      8.930803e+03   5.333240e+03   3.937190e+03    0.2618   2.379540e+02   1.438000e+00      false       none        100         33          0          4    21544    21544          0          0          0
231      7.676519e+03   5.333240e+03   3.937190e+03    0.2618   2.395160e+02   1.562000e+00      false       none        100         33          0          4    21621    21621          0          0          0
232      6.841107e+03   5.333240e+03   3.937190e+03    0.2618   2.410790e+02   1.563000e+00      false       none        100         33          0          4    21670    21670          0          0          0
233      1.011140e+04   5.333240e+03   3.937190e+03    0.2618   2.425470e+02   1.468000e+00      false       none        100         33          0          4    21722    21722          0          0          0
234      1.005028e+04   5.333240e+03   3.937219e+03    0.2618   2.439540e+02   1.407000e+00      false       none        100         33          0          4    21744    21744          0          0          0
235      8.034708e+03   5.333240e+03   3.937219e+03    0.2618   2.455010e+02   1.547000e+00      false       none        100         33          0          4    21787    21787          0          0          0
236      6.952517e+03   5.333240e+03   3.937219e+03    0.2618   2.470320e+02   1.531000e+00      false       none        100         33          0          4    21873    21873          0          0          0
237      9.673262e+03   5.333240e+03   3.937219e+03    0.2618   2.485470e+02   1.515000e+00      false       none        100         33          0          4    21913    21913          0          0          0
238      9.110618e+03   5.333240e+03   3.937219e+03    0.2618   2.500470e+02   1.500000e+00      false       none        100         33          0          4    21947    21947          0          0          0
239      1.218117e+04   5.333240e+03   3.937219e+03    0.2618   2.515010e+02   1.454000e+00      false       none        100         33          0          4    21996    21996          0          0          0
240      7.699351e+03   5.333240e+03   3.937219e+03    0.2618   2.530790e+02   1.578000e+00      false       none        100         33          0          4    22067    22067          0          0          0
241      6.341921e+03   5.333240e+03   3.937219e+03    0.2618   2.546260e+02   1.547000e+00      false       none        100         33          0          4    22135    22135          0          0          0
242      1.005115e+04   5.333240e+03   3.937219e+03    0.2618   2.561410e+02   1.515000e+00      false       none        100         33          0          4    22165    22165          0          0          0
243      1.086163e+04   5.333240e+03   3.937219e+03    0.2618   2.576260e+02   1.485000e+00      false       none        100         33          0          4    22189    22189          0          0          0
244      9.998661e+03   5.333240e+03   3.937219e+03    0.2618   2.590940e+02   1.468000e+00      false       none        100         33          0          4    22229    22229          0          0          0
245      8.467692e+03   5.333240e+03   3.937219e+03    0.2618   2.606100e+02   1.516000e+00      false       none        100         33          0          4    22269    22269          0          0          0
246      9.053036e+03   5.333240e+03   3.937219e+03    0.2618   2.621260e+02   1.516000e+00      false       none        100         33          0          4    22323    22323          0          0          0
247      9.375729e+03   5.333240e+03   3.937219e+03    0.2618   2.635790e+02   1.453000e+00      false       none        100         33          0          4    22332    22332          0          0          0
248      9.696050e+03   5.333240e+03   3.937219e+03    0.2618   2.650320e+02   1.453000e+00      false       none        100         33          0          4    22348    22348          0          0          0
249      1.084266e+04   5.333240e+03   3.937219e+03    0.2618   2.665160e+02   1.484000e+00      false       none        100         33          0          4    22359    22359          0          0          0
250      8.890093e+03   5.333240e+03   3.937219e+03    0.2618   2.679850e+02   1.469000e+00      false       none        100         33          0          4    22401    22401          0          0          0
251      9.089842e+03   5.333240e+03   3.937219e+03    0.2618   2.695010e+02   1.516000e+00      false       none        100         33          0          4    22420    22420          0          0          0
252      7.373184e+03   5.333240e+03   3.937219e+03    0.2618   2.710010e+02   1.500000e+00      false       none        100         33          0          4    22468    22468          0          0          0
253      1.001923e+04   5.333240e+03   3.937219e+03    0.2618   2.724380e+02   1.437000e+00      false       none        100         33          0          4    22501    22501          0          0          0
254      7.993468e+03   5.333240e+03   3.937219e+03    0.2618   2.739380e+02   1.500000e+00      false       none        100         33          0          4    22524    22524          0          0          0

Terminating DynamicSDDiP with status: bound_stalling
------------------------------------------------------------------------------
 ────────────────────────────────────────────────────────────────────────────────
                                        Time                    Allocations      
                               ───────────────────────   ────────────────────────
       Tot / % measured:             274s / 100.0%           13.7GiB / 100.0%    

 Section               ncalls     time    %tot     avg     alloc    %tot      avg
 ────────────────────────────────────────────────────────────────────────────────
 loop                       1     274s  100.0%    274s   13.7GiB  100.0%  13.7GiB
   iterations             254     273s   99.8%   1.08s   13.7GiB  100.0%  55.1MiB
     backward_pass        254     136s   49.7%   536ms   13.6GiB   99.1%  54.7MiB
       solve_BP         76.2k     135s   49.3%  1.77ms   13.3GiB   97.0%   183KiB
         solve_dual     76.2k     132s   48.1%  1.73ms   12.8GiB   93.5%   176KiB
           LP_relax...  76.2k     131s   48.0%  1.72ms   12.6GiB   91.9%   173KiB
             solver...  76.2k    71.7s   26.2%   941μs   79.9MiB    0.6%  1.07KiB
         space_change    152k   21.1ms    0.0%   139ns     0.00B    0.0%    0.00B
       update_bellman   3.81k    526ms    0.2%   138μs    213MiB    1.5%  57.1KiB
         cut_selection  22.5k   13.1ms    0.0%   583ns   1.72MiB    0.0%    79.9B
     forward_pass         254     132s   48.1%   519ms    113MiB    0.8%   454KiB
       solve_subpro...  4.06k     132s   48.1%  32.4ms    101MiB    0.7%  25.4KiB
         solver_cal...  4.06k     131s   47.8%  32.2ms   11.2MiB    0.1%  2.83KiB
     calculate_bound      254    5.23s    1.9%  20.6ms   6.47MiB    0.0%  26.1KiB
       solver_call_...    254    5.20s    1.9%  20.5ms    490KiB    0.0%  1.93KiB
 ────────────────────────────────────────────────────────────────────────────────

||||||||||||||||||||||||||||||||||||||||||||||||||||||||||||||||||||||||||||||||||||||||||||||||||||||||||||||||||||||||||||||||||||||||
LAGRANGIAN DUAL SOLUTION RESULTS
mn_opt: 0 times (NaN%)
conv: 0 times (NaN%)
unbounded: 0 times (NaN%)
bound_issues: 0 times (NaN%)
subgr_stalling: 0 times (NaN%)
opt: 0 times (NaN%)
feas_issues: 0 times (NaN%)
sub: 0 times (NaN%)
mn_iter: 0 times (NaN%)
iter: 0 times (NaN%)
mn_issue: 0 times (NaN%)

||||||||||||||||||||||||||||||||||||||||||||||||||||||||||||||||||||||||||||||||||||||||||||||||||||||||||||||||||||||||||||||||||||||||
SIMULATION RESULTS
DynamicSDDiP.Simulation(DynamicSDDiP.InSampleMonteCarlo(), 1000)
Lower bound: 3937.2187754956713
Statistical upper bound (confidence interval): 8925.586186040255 ± 82.5658768341852
Pessimistic upper bound: 9008.15206287444
