

#########################################################################################################################################
#########################################################################################################################################
#########################################################################################################################################
#########################################################################################################################################
#########################################################################################################################################
DynamicSDDiP.jl (c) Christian Füllner, 2021
re-uses code from SDDP.jl (c) Oscar Dowson, 2017-21
||||||||||||||||||||||||||||||||||||||||||||||||||||||||||||||||||||||||||||||||||||||||||||||||||||||||||||||||||||||||||||||||||||||||
MACHINE
ior-sop-ws03
PATH
calling 
C:\Users\cg4102\.julia\packages\DynamicSDDiP\QTt9N\src
nothing
DATETIME
2025-09-27T00:37:42.652
||||||||||||||||||||||||||||||||||||||||||||||||||||||||||||||||||||||||||||||||||||||||||||||||||||||||||||||||||||||||||||||||||||||||
STOPPING RULES
SDDP.TimeLimit(28800.0)
SDDP.BoundStalling(20, 0.0001)
||||||||||||||||||||||||||||||||||||||||||||||||||||||||||||||||||||||||||||||||||||||||||||||||||||||||||||||||||||||||||||||||||||||||
REGULARIZATION
DynamicSDDiP.NoRegularization()
||||||||||||||||||||||||||||||||||||||||||||||||||||||||||||||||||||||||||||||||||||||||||||||||||||||||||||||||||||||||||||||||||||||||
CUT GENERATION REGIMES
DynamicSDDiP.CutGenerationRegime(DynamicSDDiP.NoStateApproximation(), DynamicSDDiP.UnifiedLagrangianDuality(0.0001, 0.0001, 1000, DynamicSDDiP.ZeroDuals(), DynamicSDDiP.BothBounds(), DynamicSDDiP.LevelBundle(0.5, true, false), DynamicSDDiP.MinimalNormChoice(), DynamicSDDiP.Lax(), DynamicSDDiP.L∞_Deep(), DynamicSDDiP.NoDualSpaceRestriction(), DynamicSDDiP.ConvexHullCopy(), false, nothing, nothing), 1, Inf, true, 0.0001, false, 0.01, 1)

||||||||||||||||||||||||||||||||||||||||||||||||||||||||||||||||||||||||||||||||||||||||||||||||||||||||||||||||||||||||||||||||||||||||
CUT AGGREGATION
DynamicSDDiP.MultiCutRegime()
||||||||||||||||||||||||||||||||||||||||||||||||||||||||||||||||||||||||||||||||||||||||||||||||||||||||||||||||||||||||||||||||||||||||
CUT SELECTION
DynamicSDDiP.NoCutSelection()
||||||||||||||||||||||||||||||||||||||||||||||||||||||||||||||||||||||||||||||||||||||||||||||||||||||||||||||||||||||||||||||||||||||||
LATE BINARIZATION
DynamicSDDiP.NoLateBinarization()
||||||||||||||||||||||||||||||||||||||||||||||||||||||||||||||||||||||||||||||||||||||||||||||||||||||||||||||||||||||||||||||||||||||||
APPLIED SOLVERS (LP, MILP, MIQCP, MINLP, NLP, Lagrange)
DynamicSDDiP.AppliedSolvers(true, "Gurobi", "Gurobi", "Gurobi", "Gurobi", "Gurobi", "Gurobi", "Gurobi", "Gurobi", "Gurobi", 0.0001, 300)
DynamicSDDiP.Direct_Solver()
Numerical focus: false
Silent: true
||||||||||||||||||||||||||||||||||||||||||||||||||||||||||||||||||||||||||||||||||||||||||||||||||||||||||||||||||||||||||||||||||||||||
SAMPLING
Used seed for sampling scenarios: 
11111     
||||||||||||||||||||||||||||||||||||||||||||||||||||||||||||||||||||||||||||||||||||||||||||||||||||||||||||||||||||||||||||||||||||||||
RUN DESCRIPTION

||||||||||||||||||||||||||||||||||||||||||||||||||||||||||||||||||||||||||||||||||||||||||||||||||||||||||||||||||||||||||||||||||||||||
PROBLEM DESCRIPTION
Number of stages: 16
Number of realizations per stage: 20
Seed for scenario tree sampling: 12345
Solver: serial mode

────────────────────────────────────────────────────────────────────────────────────────────────────────────────────────────────────────────────────────────────────────────────────────────────────────
It.#               UB        Best UB             LB       Gap           Time        It_Time           Refinements                            #Var.   #Constr.             #Cuts       Lagrangian Dual                                               
                                                          [%]            [s]            [s]          σ       Bin.      Total      {0,1}          ℤ      Total    Total   Active      # It.    # C-It.  # C-Real.  
────────────────────────────────────────────────────────────────────────────────────────────────────────────────────────────────────────────────────────────────────────────────────────────────────────
1        1.093447e+04   1.093447e+04   1.851559e+02    0.9831   2.599900e+01   2.599900e+01      false       none        100         33          0          4      300      300      11311      11311        300
2        1.182248e+04   1.093447e+04   3.364239e+02    0.9692   4.619000e+01   2.019100e+01      false       none        100         33          0          4      600      600       9294       9294        300
3        1.094558e+04   1.093447e+04   3.676465e+02    0.9664   7.238000e+01   2.619000e+01      false       none        100         33          0          4      900      900      11068      11068        300
4        9.176645e+03   9.176645e+03   4.959523e+02    0.9460   1.084400e+02   3.606000e+01      false       none        100         33          0          4     1198     1198      12788      12788        300
5        1.028762e+04   9.176645e+03   6.166235e+02    0.9328   1.794360e+02   7.099600e+01      false       none        100         33          0          4     1498     1498      13505      13505        300
6        1.012934e+04   9.176645e+03   6.244706e+02    0.9320   2.628410e+02   8.340500e+01      false       none        100         33          0          4     1781     1781      19367      19230        298
7        1.092179e+04   9.176645e+03   6.443270e+02    0.9298   3.398440e+02   7.700300e+01      false       none        100         33          0          4     2060     2060      19510      19101        295
8        1.081930e+04   9.176645e+03   7.820758e+02    0.9148   4.790860e+02   1.392420e+02      false       none        100         33          0          4     2360     2360      14962      14874        299
9        1.050783e+04   9.176645e+03   9.294782e+02    0.8987   6.400210e+02   1.609350e+02      false       none        100         33          0          4     2660     2660      15443      15263        299
10       1.007580e+04   9.176645e+03   9.813488e+02    0.8931   8.716970e+02   2.316760e+02      false       none        100         33          0          4     2940     2940      23074      22288        293
11       9.548229e+03   9.176645e+03   1.108534e+03    0.8792   1.193032e+03   3.213350e+02      false       none        100         33          0          4     3220     3220      24852      24675        297
12       1.144409e+04   9.176645e+03   1.214634e+03    0.8676   1.512871e+03   3.198390e+02      false       none        100         33          0          4     3500     3500      25305      25128        297
13       8.372913e+03   8.372913e+03   1.325837e+03    0.8417   1.816549e+03   3.036780e+02      false       none        100         33          0          4     3800     3800      17968      17968        300
14       9.909833e+03   8.372913e+03   1.532753e+03    0.8169   2.244360e+03   4.278110e+02      false       none        100         33          0          4     4098     4098      22557      22463        299
15       1.216453e+04   8.372913e+03   1.603471e+03    0.8085   2.760591e+03   5.162310e+02      false       none        100         33          0          4     4386     4386      25726      24903        292
16       9.369246e+03   8.372913e+03   1.795618e+03    0.7855   3.475932e+03   7.153410e+02      false       none        100         33          0          4     4686     4686      29705      29019        296
17       9.149472e+03   8.372913e+03   1.943372e+03    0.7679   4.006762e+03   5.308300e+02      false       none        100         33          0          4     4986     4986      21272      21122        299
18       9.189004e+03   8.372913e+03   2.028700e+03    0.7577   4.664922e+03   6.581600e+02      false       none        100         33          0          4     5285     5285      25460      25253        298
19       8.745712e+03   8.372913e+03   2.186548e+03    0.7389   5.375305e+03   7.103830e+02      false       none        100         33          0          4     5585     5585      24140      23866        298
20       9.103352e+03   8.372913e+03   2.276410e+03    0.7281   6.388607e+03   1.013302e+03      false       none        100         33          0          4     5879     5879      30180      29632        294
21       1.082094e+04   8.372913e+03   2.278108e+03    0.7279   7.557459e+03   1.168852e+03      false       none        100         33          0          4     6179     6179      29708      29574        298
22       1.037469e+04   8.372913e+03   2.369988e+03    0.7169   8.777577e+03   1.220118e+03      false       none        100         33          0          4     6473     6473      29913      29124        293
23       8.686612e+03   8.372913e+03   2.642456e+03    0.6844   9.742016e+03   9.644390e+02      false       none        100         33          0          4     6770     6770      28322      28035        297
24       1.043707e+04   8.372913e+03   2.740125e+03    0.6727   1.113650e+04   1.394484e+03      false       none        100         33          0          4     7067     7067      32534      31965        296
25       9.030498e+03   8.372913e+03   2.895184e+03    0.6542   1.252351e+04   1.387008e+03      false       none        100         33          0          4     7367     7367      35474      35041        298
26       9.983030e+03   8.372913e+03   3.019692e+03    0.6393   1.372959e+04   1.206079e+03      false       none        100         33          0          4     7667     7667      28768      28279        296
27       9.419582e+03   8.372913e+03   3.089550e+03    0.6310   1.566865e+04   1.939059e+03      false       none        100         33          0          4     7967     7967      38103      37946        299
28       8.641966e+03   8.372913e+03   3.214364e+03    0.6161   1.749483e+04   1.826185e+03      false       none        100         33          0          4     8246     8246      40316      40046        296
29       9.384060e+03   8.372913e+03   3.328956e+03    0.6024   1.946163e+04   1.966803e+03      false       none        100         33          0          4     8545     8545      35814      35703        299
30       9.506036e+03   8.372913e+03   3.407513e+03    0.5930   2.135943e+04   1.897797e+03      false       none        100         33          0          4     8845     8845      33962      33962        300
31       8.932033e+03   8.372913e+03   3.570996e+03    0.5735   2.383440e+04   2.474972e+03      false       none        100         33          0          4     9145     9145      37462      36961        296
32       9.428628e+03   8.372913e+03   3.666810e+03    0.5621   2.635136e+04   2.516956e+03      false       none        100         33          0          4     9445     9445      40561      40561        300
33       1.148955e+04   8.372913e+03   3.707059e+03    0.5573   2.936185e+04   3.010488e+03      false       none        100         33          0          4     9745     9745      42934      42653        298

Terminating DynamicSDDiP with status: time_limit
------------------------------------------------------------------------------
────────────────────────────────────────────────────────────────────────────────
                                       Time                    Allocations      
                              ───────────────────────   ────────────────────────
      Tot / % measured:            8.16h / 100.0%           74.0GiB / 100.0%    

Section               ncalls     time    %tot     avg     alloc    %tot      avg
────────────────────────────────────────────────────────────────────────────────
loop                       1    8.16h  100.0%   8.16h   74.0GiB  100.0%  74.0GiB
  iterations              33    8.16h  100.0%    890s   74.0GiB  100.0%  2.24GiB
    backward_pass         33    8.15h  100.0%    889s   74.0GiB  100.0%  2.24GiB
      solve_BP         9.90k    8.15h  100.0%   2.96s   73.9GiB   99.9%  7.64MiB
        solve_dual     9.90k    8.15h  100.0%   2.96s   73.8GiB   99.8%  7.64MiB
          solve_la...  9.90k    8.10h   99.4%   2.95s   73.7GiB   99.7%  7.63MiB
            minima...  9.90k    6.66h   81.6%   2.42s   32.0GiB   43.3%  3.31MiB
              solv...   606k    6.57h   80.5%  39.0ms   1.91GiB    2.6%  3.31KiB
            inner_sol   245k    1.33h   16.3%  19.5ms   5.11GiB    6.9%  21.9KiB
              solv...   245k    1.32h   16.2%  19.4ms    594MiB    0.8%  2.48KiB
            bundle...   245k     270s    0.9%  1.10ms    529MiB    0.7%  2.21KiB
            outer_sol   245k    51.5s    0.2%   210μs   1.25GiB    1.7%  5.35KiB
            add_cut     245k    11.3s    0.0%  45.9μs   4.19GiB    5.7%  17.9KiB
            init_a...  9.90k    3.60s    0.0%   364μs   1.53GiB    2.1%   162KiB
            relax_...  9.90k    1.41s    0.0%   143μs    337MiB    0.4%  34.9KiB
            restor...  9.90k    981ms    0.0%  99.1μs    177MiB    0.2%  18.3KiB
            conver...  9.90k   29.1ms    0.0%  2.94μs   1.96MiB    0.0%     208B
          solve_pr...  9.90k     178s    0.6%  18.0ms   27.5MiB    0.0%  2.85KiB
          dual_ini...  9.90k   10.8ms    0.0%  1.09μs   3.17MiB    0.0%     336B
        space_change   19.8k   5.04ms    0.0%   255ns     0.00B    0.0%    0.00B
      update_bellman     495    150ms    0.0%   303μs   79.8MiB    0.1%   165KiB
        cut_selection  9.74k   5.63ms    0.0%   578ns    908KiB    0.0%    95.4B
    forward_pass          33    8.75s    0.0%   265ms   16.5MiB    0.0%   513KiB
      solve_subpro...    528    8.74s    0.0%  16.6ms   15.0MiB    0.0%  29.0KiB
        solver_cal...    528    8.66s    0.0%  16.4ms   3.36MiB    0.0%  6.52KiB
    calculate_bound       33   91.9ms    0.0%  2.78ms    856KiB    0.0%  25.9KiB
      solver_call_...     33   87.7ms    0.0%  2.66ms   58.5KiB    0.0%  1.77KiB
────────────────────────────────────────────────────────────────────────────────

||||||||||||||||||||||||||||||||||||||||||||||||||||||||||||||||||||||||||||||||||||||||||||||||||||||||||||||||||||||||||||||||||||||||
LAGRANGIAN DUAL SOLUTION RESULTS
mn_opt: 9679 times (97.8%)
conv: 0 times (0.0%)
unbounded: 0 times (0.0%)
bound_issues: 0 times (0.0%)
subgr_stalling: 0 times (0.0%)
opt: 0 times (0.0%)
feas_issues: 0 times (0.0%)
sub: 0 times (0.0%)
mn_iter: 141 times (1.4%)
iter: 0 times (0.0%)
mn_issue: 80 times (0.8%)

||||||||||||||||||||||||||||||||||||||||||||||||||||||||||||||||||||||||||||||||||||||||||||||||||||||||||||||||||||||||||||||||||||||||
SIMULATION RESULTS
DynamicSDDiP.Simulation(DynamicSDDiP.InSampleMonteCarlo(), 1000)
Lower bound: 3707.059155093267
Statistical upper bound (confidence interval): 9633.695439934974 ± 74.60410798277859
Pessimistic upper bound: 9708.299547917753
