

#########################################################################################################################################
#########################################################################################################################################
#########################################################################################################################################
#########################################################################################################################################
#########################################################################################################################################
DynamicSDDiP.jl (c) Christian Füllner, 2021
re-uses code from SDDP.jl (c) Oscar Dowson, 2017-21
||||||||||||||||||||||||||||||||||||||||||||||||||||||||||||||||||||||||||||||||||||||||||||||||||||||||||||||||||||||||||||||||||||||||
PATH
calling 
C:\Users\cg4102\.julia\packages\DynamicSDDiP\unjfA\src
nothing
DATETIME
2024-10-14T19:27:59.288
||||||||||||||||||||||||||||||||||||||||||||||||||||||||||||||||||||||||||||||||||||||||||||||||||||||||||||||||||||||||||||||||||||||||
STOPPING RULES
SDDP.TimeLimit(28800.0)
SDDP.BoundStalling(20, 0.0001)
||||||||||||||||||||||||||||||||||||||||||||||||||||||||||||||||||||||||||||||||||||||||||||||||||||||||||||||||||||||||||||||||||||||||
REGULARIZATION
DynamicSDDiP.NoRegularization()
||||||||||||||||||||||||||||||||||||||||||||||||||||||||||||||||||||||||||||||||||||||||||||||||||||||||||||||||||||||||||||||||||||||||
CUT GENERATION REGIMES
DynamicSDDiP.CutGenerationRegime(DynamicSDDiP.NoStateApproximation(), DynamicSDDiP.UnifiedLagrangianDuality(0.0001, 0.0001, 1000, DynamicSDDiP.ZeroDuals(), DynamicSDDiP.BothBounds(), DynamicSDDiP.LevelBundle(0.5, true, false), DynamicSDDiP.StandardChoice(), DynamicSDDiP.Lax(), DynamicSDDiP.Core_Epsilon(0.01, DynamicSDDiP.ConvexHullCopy(), DynamicSDDiP.NoIntegerRelax(), DynamicSDDiP.Unbounded_Opt_SB(true), DynamicSDDiP.NoImprovement(), false), DynamicSDDiP.NoDualSpaceRestriction(), DynamicSDDiP.ConvexHullCopy(), nothing, nothing), 1, Inf, Inf, 0.0, true, 0.0001)

||||||||||||||||||||||||||||||||||||||||||||||||||||||||||||||||||||||||||||||||||||||||||||||||||||||||||||||||||||||||||||||||||||||||
CUT AGGREGATION
DynamicSDDiP.MultiCutRegime()
||||||||||||||||||||||||||||||||||||||||||||||||||||||||||||||||||||||||||||||||||||||||||||||||||||||||||||||||||||||||||||||||||||||||
CUT SELECTION
DynamicSDDiP.NoCutSelection()
||||||||||||||||||||||||||||||||||||||||||||||||||||||||||||||||||||||||||||||||||||||||||||||||||||||||||||||||||||||||||||||||||||||||
LATE BINARIZATION
DynamicSDDiP.NoLateBinarization()
||||||||||||||||||||||||||||||||||||||||||||||||||||||||||||||||||||||||||||||||||||||||||||||||||||||||||||||||||||||||||||||||||||||||
APPLIED SOLVERS (LP, MILP, MIQCP, MINLP, NLP, Lagrange)
DynamicSDDiP.AppliedSolvers(true, "Gurobi", "Gurobi", "Gurobi", "Gurobi", "Gurobi", "Gurobi", "Gurobi", "Gurobi", "Gurobi", 0.0001, 300)
DynamicSDDiP.Direct_Solver()
Numerical focus: false
Silent: true
||||||||||||||||||||||||||||||||||||||||||||||||||||||||||||||||||||||||||||||||||||||||||||||||||||||||||||||||||||||||||||||||||||||||
SAMPLING
Used seed for sampling scenarios: 
11111     
||||||||||||||||||||||||||||||||||||||||||||||||||||||||||||||||||||||||||||||||||||||||||||||||||||||||||||||||||||||||||||||||||||||||
RUN DESCRIPTION

||||||||||||||||||||||||||||||||||||||||||||||||||||||||||||||||||||||||||||||||||||||||||||||||||||||||||||||||||||||||||||||||||||||||
PROBLEM DESCRIPTION
Number of stages: 16
Number of realizations per stage: 20
Seed for scenario tree sampling: 12345
Solver: serial mode

────────────────────────────────────────────────────────────────────────────────────────────────────────────────────────────────────────────────────────────────────────────────────────────────────────
It.#               UB        Best UB             LB       Gap           Time        It_Time           Refinements                            #Var.   #Constr.             #Cuts       Lagrangian Dual                                               
                                                          [%]            [s]            [s]          σ       Bin.      Total      {0,1}          ℤ      Total    Total   Active      # It.    # C-It.  # C-Real.  
────────────────────────────────────────────────────────────────────────────────────────────────────────────────────────────────────────────────────────────────────────────────────────────────────────
1        1.093447e+04   1.093447e+04   1.316781e+03    0.8796   8.949240e+02   8.949240e+02      false       none        100         33          0          4      300      300      52519      52519        300
2        1.291862e+04   1.093447e+04   1.737708e+03    0.8411   2.040816e+03   1.145892e+03      false       none        100         33          0          4      600      600      46162      46115        299
3        1.183251e+04   1.093447e+04   2.297394e+03    0.7899   3.416630e+03   1.375814e+03      false       none        100         33          0          4      899      899      44786      44588        296
4        9.783509e+03   9.783509e+03   2.474198e+03    0.7471   4.664444e+03   1.247814e+03      false       none        100         33          0          4     1199     1199      41702      41619        298
5        9.672504e+03   9.672504e+03   2.995856e+03    0.6903   5.947149e+03   1.282705e+03      false       none        100         33          0          4     1499     1499      39917      39917        300
6        8.922859e+03   8.922859e+03   4.399638e+03    0.5069   7.302509e+03   1.355360e+03      false       none        100         33          0          4     1799     1799      40520      40399        297
7        1.068891e+04   8.922859e+03   4.596020e+03    0.4849   9.066589e+03   1.764080e+03      false       none        100         33          0          4     2084     2084      40715      40615        298
8        9.375519e+03   8.922859e+03   4.774900e+03    0.4649   1.061456e+04   1.547970e+03      false       none        100         33          0          4     2378     2378      40120      40079        299
9        1.024200e+04   8.922859e+03   5.147446e+03    0.4231   1.279470e+04   2.180143e+03      false       none        100         33          0          4     2678     2678      43235      43137        298
10       9.034600e+03   8.922859e+03   5.210942e+03    0.4160   1.512147e+04   2.326768e+03      false       none        100         33          0          4     2956     2956      41148      41013        297
11       8.077034e+03   8.077034e+03   5.426968e+03    0.3281   1.779653e+04   2.675065e+03      false       none        100         33          0          4     3235     3235      41964      41921        299
12       9.122793e+03   8.077034e+03   5.590044e+03    0.3079   2.046135e+04   2.664815e+03      false       none        100         33          0          4     3514     3514      42316      42273        299
13       7.725224e+03   7.725224e+03   5.945163e+03    0.2304   2.340106e+04   2.939707e+03      false       none        100         33          0          4     3814     3814      42636      42407        296
14       9.447914e+03   7.725224e+03   6.035968e+03    0.2187   2.657245e+04   3.171393e+03      false       none        100         33          0          4     4106     4106      41602      41602        300
15       1.151360e+04   7.725224e+03   6.067567e+03    0.2146   2.937744e+04   2.804987e+03      false       none        100         33          0          4     4384     4384      39991      39892        298

Terminating DynamicSDDiP with status: time_limit
------------------------------------------------------------------------------
 ────────────────────────────────────────────────────────────────────────────────
                                        Time                    Allocations      
                               ───────────────────────   ────────────────────────
       Tot / % measured:            8.16h / 100.0%            109GiB / 100.0%    

 Section               ncalls     time    %tot     avg     alloc    %tot      avg
 ────────────────────────────────────────────────────────────────────────────────
 loop                       1    8.16h  100.0%   8.16h    109GiB  100.0%   109GiB
   iterations              15    8.16h  100.0%   1958s    109GiB  100.0%  7.29GiB
     backward_pass         15    8.16h  100.0%   1958s    109GiB  100.0%  7.29GiB
       solve_BP         4.50k    8.16h  100.0%   6.53s    109GiB  100.0%  24.9MiB
         solve_dual     4.50k    8.16h  100.0%   6.53s    109GiB   99.9%  24.9MiB
           solve_la...  4.50k    8.04h   98.5%   6.43s    105GiB   96.0%  23.9MiB
             inner_sol   639k    6.51h   79.8%  36.6ms   14.4GiB   13.2%  23.7KiB
               solv...   639k    6.48h   79.4%  36.5ms   2.13GiB    2.0%  3.50KiB
             bundle...   639k    1.27h   15.6%  7.17ms   1.72GiB    1.6%  2.82KiB
             outer_sol   639k     649s    2.2%  1.02ms   2.22GiB    2.0%  3.64KiB
             add_cut     639k    35.0s    0.1%  54.7μs   11.3GiB   10.4%  18.6KiB
             init_a...  4.50k    1.58s    0.0%   351μs    740MiB    0.7%   168KiB
             relax_...  4.50k    469ms    0.0%   104μs    155MiB    0.1%  35.2KiB
             restor...  4.50k    452ms    0.0%   100μs   80.4MiB    0.1%  18.3KiB
             conver...  4.50k   16.3ms    0.0%  3.61μs    920KiB    0.0%     209B
             minima...  4.47k   2.69ms    0.0%   600ns     0.00B    0.0%    0.00B
           solve_pr...  13.5k     281s    1.0%  20.8ms   42.4MiB    0.0%  3.22KiB
           solve_core   4.50k     141s    0.5%  31.4ms   17.7MiB    0.0%  4.03KiB
           dual_ini...  4.50k   4.67ms    0.0%  1.04μs   1.44MiB    0.0%     336B
         space_change   9.00k   2.36ms    0.0%   262ns     0.00B    0.0%    0.00B
       update_bellman     225   78.3ms    0.0%   348μs   36.8MiB    0.0%   167KiB
         cut_selection  4.38k   2.50ms    0.0%   571ns    296KiB    0.0%    69.0B
     forward_pass          15    5.88s    0.0%   392ms   9.11MiB    0.0%   622KiB
       solve_subpro...    240    5.87s    0.0%  24.4ms   8.41MiB    0.0%  35.9KiB
         solver_cal...    240    5.82s    0.0%  24.2ms   2.78MiB    0.0%  11.9KiB
     calculate_bound       15    274ms    0.0%  18.2ms    405KiB    0.0%  27.0KiB
       solver_call_...     15    271ms    0.0%  18.1ms   41.9KiB    0.0%  2.79KiB
 ────────────────────────────────────────────────────────────────────────────────

||||||||||||||||||||||||||||||||||||||||||||||||||||||||||||||||||||||||||||||||||||||||||||||||||||||||||||||||||||||||||||||||||||||||
LAGRANGIAN DUAL SOLUTION RESULTS
mn_opt: 0 times (0.0%)
conv: 0 times (0.0%)
unbounded: 0 times (0.0%)
bound_issues: 26 times (0.6%)
subgr_stalling: 0 times (0.0%)
opt: 4474 times (99.4%)
feas_issues: 0 times (0.0%)
sub: 0 times (0.0%)
mn_iter: 0 times (0.0%)
iter: 0 times (0.0%)
mn_issue: 0 times (0.0%)

||||||||||||||||||||||||||||||||||||||||||||||||||||||||||||||||||||||||||||||||||||||||||||||||||||||||||||||||||||||||||||||||||||||||
SIMULATION RESULTS
DynamicSDDiP.Simulation(DynamicSDDiP.InSampleMonteCarlo(), 1000)
Lower bound: 6067.567090956929
Statistical upper bound (confidence interval): 9094.463786758894 ± 70.14164147194334
Pessimistic upper bound: 9164.605428230838
