

#########################################################################################################################################
#########################################################################################################################################
#########################################################################################################################################
#########################################################################################################################################
#########################################################################################################################################
DynamicSDDiP.jl (c) Christian Füllner, 2021
re-uses code from SDDP.jl (c) Oscar Dowson, 2017-21
||||||||||||||||||||||||||||||||||||||||||||||||||||||||||||||||||||||||||||||||||||||||||||||||||||||||||||||||||||||||||||||||||||||||
PATH
calling 
C:\Users\cg4102\.julia\packages\DynamicSDDiP\Z7cZi\src
nothing
DATETIME
2023-03-30T09:50:33.545
||||||||||||||||||||||||||||||||||||||||||||||||||||||||||||||||||||||||||||||||||||||||||||||||||||||||||||||||||||||||||||||||||||||||
STOPPING RULES
SDDP.TimeLimit(28800.0)
SDDP.BoundStalling(20, 0.0001)
||||||||||||||||||||||||||||||||||||||||||||||||||||||||||||||||||||||||||||||||||||||||||||||||||||||||||||||||||||||||||||||||||||||||
REGULARIZATION
DynamicSDDiP.NoRegularization()
||||||||||||||||||||||||||||||||||||||||||||||||||||||||||||||||||||||||||||||||||||||||||||||||||||||||||||||||||||||||||||||||||||||||
CUT GENERATION REGIMES
DynamicSDDiP.CutGenerationRegime(DynamicSDDiP.NoStateApproximation(), DynamicSDDiP.LagrangianDuality(0.0001, 0.0001, 1000, DynamicSDDiP.ZeroDuals(), DynamicSDDiP.BothBounds(), DynamicSDDiP.LevelBundle(0.5, true, false), DynamicSDDiP.StandardChoice(), DynamicSDDiP.Lax(), DynamicSDDiP.ConvexHullCopy(), false), 1, Inf, Inf, 0.0, true, 0.0001)

||||||||||||||||||||||||||||||||||||||||||||||||||||||||||||||||||||||||||||||||||||||||||||||||||||||||||||||||||||||||||||||||||||||||
CUT AGGREGATION
DynamicSDDiP.MultiCutRegime()
||||||||||||||||||||||||||||||||||||||||||||||||||||||||||||||||||||||||||||||||||||||||||||||||||||||||||||||||||||||||||||||||||||||||
CUT SELECTION
DynamicSDDiP.NoCutSelection()
||||||||||||||||||||||||||||||||||||||||||||||||||||||||||||||||||||||||||||||||||||||||||||||||||||||||||||||||||||||||||||||||||||||||
LATE BINARIZATION
DynamicSDDiP.NoLateBinarization()
||||||||||||||||||||||||||||||||||||||||||||||||||||||||||||||||||||||||||||||||||||||||||||||||||||||||||||||||||||||||||||||||||||||||
APPLIED SOLVERS (LP, MILP, MIQCP, MINLP, NLP, Lagrange)
DynamicSDDiP.AppliedSolvers(true, "Gurobi", "Gurobi", "Gurobi", "Gurobi", "Gurobi", "Gurobi", "Gurobi", "Gurobi", "Gurobi", 0.0001, 300)
DynamicSDDiP.Direct_Solver()
Numerical focus: false
Silent: true
||||||||||||||||||||||||||||||||||||||||||||||||||||||||||||||||||||||||||||||||||||||||||||||||||||||||||||||||||||||||||||||||||||||||
SAMPLING
Used seed for sampling scenarios: 
11111     
||||||||||||||||||||||||||||||||||||||||||||||||||||||||||||||||||||||||||||||||||||||||||||||||||||||||||||||||||||||||||||||||||||||||
RUN DESCRIPTION

||||||||||||||||||||||||||||||||||||||||||||||||||||||||||||||||||||||||||||||||||||||||||||||||||||||||||||||||||||||||||||||||||||||||
PROBLEM DESCRIPTION
Number of stages: 16
Number of realizations per stage: 20
Seed for scenario tree sampling: 12345
Solver: serial mode

────────────────────────────────────────────────────────────────────────────────────────────────────────────────────────────────────────────────────────────────────────────────────────────────────────
It.#               UB        Best UB             LB       Gap           Time        It_Time           Refinements                            #Var.   #Constr.             #Cuts       Lagrangian Dual                                               
                                                          [%]            [s]            [s]          σ       Bin.      Total      {0,1}          ℤ      Total    Total   Active      # It.    # C-It.  # C-Real.  
────────────────────────────────────────────────────────────────────────────────────────────────────────────────────────────────────────────────────────────────────────────────────────────────────────
1        1.093447e+04   1.093447e+04   3.277421e+02    0.9700   1.167190e+02   1.167190e+02      false       none        100         33          0          4      300      300      16176      16176        300
2        1.185461e+04   1.093447e+04   3.875588e+02    0.9646   3.157660e+02   1.990470e+02      false       none        100         33          0          4      600      600      15492      15492        300
3        9.725862e+03   9.725862e+03   4.278115e+02    0.9560   6.254220e+02   3.096560e+02      false       none        100         33          0          4      900      900      16305      16305        300
4        9.430612e+03   9.430612e+03   4.401587e+02    0.9533   1.098533e+03   4.731110e+02      false       none        100         33          0          4     1200     1200      15798      15798        300
5        9.246342e+03   9.246342e+03   4.645682e+02    0.9498   1.701674e+03   6.031410e+02      false       none        100         33          0          4     1500     1500      16166      16166        300
6        9.267980e+03   9.246342e+03   4.771136e+02    0.9484   2.496629e+03   7.949550e+02      false       none        100         33          0          4     1800     1800      16704      16704        300
7        1.039153e+04   9.246342e+03   4.851454e+02    0.9475   3.533959e+03   1.037330e+03      false       none        100         33          0          4     2100     2100      16863      16863        300
8        1.003133e+04   9.246342e+03   5.079565e+02    0.9451   4.669539e+03   1.135580e+03      false       none        100         33          0          4     2400     2400      16478      16478        300
9        1.023502e+04   9.246342e+03   5.162149e+02    0.9442   6.033433e+03   1.363894e+03      false       none        100         33          0          4     2700     2700      16911      16911        300
10       8.757401e+03   8.757401e+03   5.218088e+02    0.9404   7.434779e+03   1.401346e+03      false       none        100         33          0          4     3000     3000      16526      16526        300
11       8.321395e+03   8.321395e+03   5.478064e+02    0.9342   9.043626e+03   1.608847e+03      false       none        100         33          0          4     3300     3300      16309      16234        299
12       9.995147e+03   8.321395e+03   5.501497e+02    0.9339   1.100936e+04   1.965738e+03      false       none        100         33          0          4     3600     3600      15875      15875        300
13       7.766856e+03   7.766856e+03   5.650920e+02    0.9272   1.308188e+04   2.072514e+03      false       none        100         33          0          4     3900     3900      16821      16821        300
14       9.217152e+03   7.766856e+03   5.878014e+02    0.9243   1.540959e+04   2.327707e+03      false       none        100         33          0          4     4200     4200      16458      16458        300
15       1.139366e+04   7.766856e+03   6.031816e+02    0.9223   1.812253e+04   2.712943e+03      false       none        100         33          0          4     4500     4500      16632      16632        300
16       8.231556e+03   7.766856e+03   6.092637e+02    0.9216   2.104199e+04   2.919458e+03      false       none        100         33          0          4     4800     4800      16140      16140        300
17       7.835481e+03   7.766856e+03   6.278676e+02    0.9192   2.423076e+04   3.188772e+03      false       none        100         33          0          4     5100     5100      16355      16355        300
18       8.637191e+03   7.766856e+03   6.345092e+02    0.9183   2.743958e+04   3.208818e+03      false       none        100         33          0          4     5400     5400      16826      16826        300
19       8.494478e+03   7.766856e+03   6.516481e+02    0.9161   3.116485e+04   3.725273e+03      false       none        100         33          0          4     5700     5700      15803      15803        300

Terminating DynamicSDDiP with status: time_limit
------------------------------------------------------------------------------
 ────────────────────────────────────────────────────────────────────────────────
                                        Time                    Allocations      
                               ───────────────────────   ────────────────────────
       Tot / % measured:            8.66h / 100.0%           50.1GiB / 100.0%    

 Section               ncalls     time    %tot     avg     alloc    %tot      avg
 ────────────────────────────────────────────────────────────────────────────────
 loop                       1    8.66h  100.0%   8.66h   50.1GiB  100.0%  50.1GiB
   iterations              19    8.66h  100.0%   1640s   50.1GiB  100.0%  2.64GiB
     backward_pass         19    8.65h   99.9%   1639s   50.1GiB  100.0%  2.64GiB
       solve_BP         5.70k    8.65h   99.9%   5.46s   50.1GiB   99.9%  8.99MiB
         solve_dual     5.70k    8.65h   99.9%   5.46s   50.0GiB   99.8%  8.99MiB
           solve_la...  5.70k    8.50h   98.2%   5.37s   50.0GiB   99.7%  8.98MiB
             inner_sol   311k    8.35h   96.4%  96.7ms   6.78GiB   13.5%  22.9KiB
               solv...   311k    8.33h   96.3%  96.6ms   1.33GiB    2.6%  4.48KiB
             bundle...   311k     362s    1.2%  1.16ms    604MiB    1.2%  1.99KiB
             outer_sol   311k    59.6s    0.2%   192μs    840MiB    1.6%  2.77KiB
             add_cut     311k    15.4s    0.0%  49.5μs   5.08GiB   10.1%  17.1KiB
             init_a...  5.70k    1.95s    0.0%   342μs    877MiB    1.7%   158KiB
             relax_...  5.70k    769ms    0.0%   135μs    194MiB    0.4%  34.9KiB
             restor...  5.70k    554ms    0.0%  97.2μs    102MiB    0.2%  18.3KiB
             conver...  5.70k   17.4ms    0.0%  3.05μs   1.04MiB    0.0%     192B
             minima...  5.70k   5.98ms    0.0%  1.05μs     0.00B    0.0%    0.00B
           solve_pr...  5.70k     536s    1.7%  94.0ms   25.9MiB    0.1%  4.66KiB
           dual_ini...  5.70k   7.09ms    0.0%  1.24μs   1.83MiB    0.0%     336B
         space_change   11.4k   3.08ms    0.0%   270ns     0.00B    0.0%    0.00B
       update_bellman     285   83.0ms    0.0%   291μs   46.3MiB    0.1%   167KiB
         cut_selection  5.70k   3.19ms    0.0%   559ns    497KiB    0.0%    89.3B
     forward_pass          19    26.3s    0.1%   1.39s   10.9MiB    0.0%   588KiB
       solve_subpro...    304    26.3s    0.1%  86.6ms   10.0MiB    0.0%  33.8KiB
         solver_cal...    304    26.3s    0.1%  86.5ms   3.34MiB    0.0%  11.3KiB
     calculate_bound       19    2.16s    0.0%   114ms    573KiB    0.0%  30.2KiB
       solver_call_...     19    2.15s    0.0%   113ms    114KiB    0.0%  5.98KiB
 ────────────────────────────────────────────────────────────────────────────────

||||||||||||||||||||||||||||||||||||||||||||||||||||||||||||||||||||||||||||||||||||||||||||||||||||||||||||||||||||||||||||||||||||||||
LAGRANGIAN DUAL SOLUTION RESULTS
mn_opt: 0 times (0.0%)
conv: 2 times (0.0%)
unbounded: 0 times (0.0%)
bound_issues: 1 times (0.0%)
subgr_stalling: 0 times (0.0%)
opt: 5697 times (99.9%)
feas_issues: 0 times (0.0%)
sub: 0 times (0.0%)
mn_iter: 0 times (0.0%)
iter: 0 times (0.0%)
mn_issue: 0 times (0.0%)

||||||||||||||||||||||||||||||||||||||||||||||||||||||||||||||||||||||||||||||||||||||||||||||||||||||||||||||||||||||||||||||||||||||||
SIMULATION RESULTS
DynamicSDDiP.Simulation(DynamicSDDiP.InSampleMonteCarlo(), 1000)
Lower bound: 651.6481311987965
Statistical upper bound (confidence interval): 9367.904118994731 ± 76.75729176417806
Pessimistic upper bound: 9444.661410758908
