

#########################################################################################################################################
#########################################################################################################################################
#########################################################################################################################################
#########################################################################################################################################
#########################################################################################################################################
DynamicSDDiP.jl (c) Christian Füllner, 2021
re-uses code from SDDP.jl (c) Oscar Dowson, 2017-21
||||||||||||||||||||||||||||||||||||||||||||||||||||||||||||||||||||||||||||||||||||||||||||||||||||||||||||||||||||||||||||||||||||||||
PATH
calling 
C:\Users\cg4102\.julia\packages\DynamicSDDiP\Z7cZi\src
nothing
DATETIME
2023-04-02T06:22:24.487
||||||||||||||||||||||||||||||||||||||||||||||||||||||||||||||||||||||||||||||||||||||||||||||||||||||||||||||||||||||||||||||||||||||||
STOPPING RULES
SDDP.TimeLimit(28800.0)
SDDP.BoundStalling(20, 0.0001)
||||||||||||||||||||||||||||||||||||||||||||||||||||||||||||||||||||||||||||||||||||||||||||||||||||||||||||||||||||||||||||||||||||||||
REGULARIZATION
DynamicSDDiP.NoRegularization()
||||||||||||||||||||||||||||||||||||||||||||||||||||||||||||||||||||||||||||||||||||||||||||||||||||||||||||||||||||||||||||||||||||||||
CUT GENERATION REGIMES
DynamicSDDiP.CutGenerationRegime(DynamicSDDiP.NoStateApproximation(), DynamicSDDiP.LinearDuality(), 1, Inf, Inf, 0.0, true, 0.0001)

||||||||||||||||||||||||||||||||||||||||||||||||||||||||||||||||||||||||||||||||||||||||||||||||||||||||||||||||||||||||||||||||||||||||
CUT AGGREGATION
DynamicSDDiP.SingleCutRegime()
||||||||||||||||||||||||||||||||||||||||||||||||||||||||||||||||||||||||||||||||||||||||||||||||||||||||||||||||||||||||||||||||||||||||
CUT SELECTION
DynamicSDDiP.NoCutSelection()
||||||||||||||||||||||||||||||||||||||||||||||||||||||||||||||||||||||||||||||||||||||||||||||||||||||||||||||||||||||||||||||||||||||||
LATE BINARIZATION
DynamicSDDiP.NoLateBinarization()
||||||||||||||||||||||||||||||||||||||||||||||||||||||||||||||||||||||||||||||||||||||||||||||||||||||||||||||||||||||||||||||||||||||||
APPLIED SOLVERS (LP, MILP, MIQCP, MINLP, NLP, Lagrange)
DynamicSDDiP.AppliedSolvers(true, "Gurobi", "Gurobi", "Gurobi", "Gurobi", "Gurobi", "Gurobi", "Gurobi", "Gurobi", "Gurobi", 0.0001, 300)
DynamicSDDiP.Direct_Solver()
Numerical focus: false
Silent: true
||||||||||||||||||||||||||||||||||||||||||||||||||||||||||||||||||||||||||||||||||||||||||||||||||||||||||||||||||||||||||||||||||||||||
SAMPLING
Used seed for sampling scenarios: 
11111     
||||||||||||||||||||||||||||||||||||||||||||||||||||||||||||||||||||||||||||||||||||||||||||||||||||||||||||||||||||||||||||||||||||||||
RUN DESCRIPTION

||||||||||||||||||||||||||||||||||||||||||||||||||||||||||||||||||||||||||||||||||||||||||||||||||||||||||||||||||||||||||||||||||||||||
PROBLEM DESCRIPTION
Number of stages: 16
Number of realizations per stage: 20
Seed for scenario tree sampling: 12345
Solver: serial mode

────────────────────────────────────────────────────────────────────────────────────────────────────────────────────────────────────────────────────────────────────────────────────────────────────────
It.#               UB        Best UB             LB       Gap           Time        It_Time           Refinements                            #Var.   #Constr.             #Cuts       Lagrangian Dual                                               
                                                          [%]            [s]            [s]          σ       Bin.      Total      {0,1}          ℤ      Total    Total   Active      # It.    # C-It.  # C-Real.  
────────────────────────────────────────────────────────────────────────────────────────────────────────────────────────────────────────────────────────────────────────────────────────────────────────
1        1.093447e+04   1.093447e+04   3.438701e+03    0.6855   2.660000e-01   2.660000e-01      false       none         80         33          0          4       15       15          0          0          0
2        1.148947e+04   1.093447e+04   3.485854e+03    0.6812   5.780001e-01   3.120000e-01      false       none         80         33          0          4       29       29          0          0          0
3        9.210398e+03   9.210398e+03   3.522698e+03    0.6175   8.599999e-01   2.819998e-01      false       none         80         33          0          4       43       43          0          0          0
4        8.519935e+03   8.519935e+03   3.552326e+03    0.5831   1.172000e+00   3.120000e-01      false       none         80         33          0          4       58       58          0          0          0
5        8.902603e+03   8.519935e+03   3.602543e+03    0.5772   1.453000e+00   2.810001e-01      false       none         80         33          0          4       73       73          0          0          0
6        7.769233e+03   7.769233e+03   3.622517e+03    0.5337   1.735000e+00   2.819998e-01      false       none         80         33          0          4       87       87          0          0          0
7        9.963791e+03   7.769233e+03   3.643512e+03    0.5310   2.031000e+00   2.960000e-01      false       none         80         33          0          4       99       99          0          0          0
8        9.557678e+03   7.769233e+03   3.643512e+03    0.5310   2.297000e+00   2.660000e-01      false       none         80         33          0          4      112      112          0          0          0
9        9.853357e+03   7.769233e+03   3.676059e+03    0.5268   2.594000e+00   2.970002e-01      false       none         80         33          0          4      127      127          0          0          0
10       8.692495e+03   7.769233e+03   3.711842e+03    0.5222   2.891000e+00   2.969999e-01      false       none         80         33          0          4      141      141          0          0          0
11       7.453001e+03   7.453001e+03   3.722096e+03    0.5006   3.172000e+00   2.809999e-01      false       none         80         33          0          4      155      155          0          0          0
12       9.544475e+03   7.453001e+03   3.731121e+03    0.4994   3.485000e+00   3.130000e-01      false       none         80         33          0          4      167      167          0          0          0
13       6.656366e+03   6.656366e+03   3.744561e+03    0.4374   3.766000e+00   2.810001e-01      false       none         80         33          0          4      182      182          0          0          0
14       8.369818e+03   6.656366e+03   3.751915e+03    0.4363   4.047000e+00   2.809999e-01      false       none         80         33          0          4      196      196          0          0          0
15       1.078798e+04   6.656366e+03   3.754728e+03    0.4359   4.344000e+00   2.970002e-01      false       none         80         33          0          4      210      210          0          0          0
16       7.366471e+03   6.656366e+03   3.754728e+03    0.4359   4.625000e+00   2.809999e-01      false       none         80         33          0          4      224      224          0          0          0
17       7.072007e+03   6.656366e+03   3.764677e+03    0.4344   4.922000e+00   2.969999e-01      false       none         80         33          0          4      239      239          0          0          0
18       7.708007e+03   6.656366e+03   3.769595e+03    0.4337   5.235000e+00   3.130000e-01      false       none         80         33          0          4      254      254          0          0          0
19       7.595359e+03   6.656366e+03   3.772253e+03    0.4333   5.516000e+00   2.810001e-01      false       none         80         33          0          4      268      268          0          0          0
20       7.573180e+03   6.656366e+03   3.786215e+03    0.4312   5.797000e+00   2.809999e-01      false       none         80         33          0          4      281      281          0          0          0
21       9.718318e+03   6.656366e+03   3.790189e+03    0.4306   6.094000e+00   2.970002e-01      false       none         80         33          0          4      294      294          0          0          0
22       9.807704e+03   6.656366e+03   3.796025e+03    0.4297   6.375000e+00   2.809999e-01      false       none         80         33          0          4      308      308          0          0          0
23       6.581484e+03   6.581484e+03   3.796025e+03    0.4232   6.688000e+00   3.130000e-01      false       none         80         33          0          4      322      322          0          0          0
24       7.609571e+03   6.581484e+03   3.809279e+03    0.4212   6.985000e+00   2.969999e-01      false       none         80         33          0          4      335      335          0          0          0
25       8.140598e+03   6.581484e+03   3.818196e+03    0.4199   7.266000e+00   2.810001e-01      false       none         80         33          0          4      348      348          0          0          0
26       9.308212e+03   6.581484e+03   3.818196e+03    0.4199   7.578000e+00   3.120000e-01      false       none         80         33          0          4      361      361          0          0          0
27       8.515304e+03   6.581484e+03   3.821100e+03    0.4194   7.860000e+00   2.819998e-01      false       none         80         33          0          4      371      371          0          0          0
28       8.103889e+03   6.581484e+03   3.823323e+03    0.4191   8.156000e+00   2.960000e-01      false       none         80         33          0          4      384      384          0          0          0
29       8.549969e+03   6.581484e+03   3.824134e+03    0.4190   8.469000e+00   3.130002e-01      false       none         80         33          0          4      394      394          0          0          0
30       8.301394e+03   6.581484e+03   3.825690e+03    0.4187   8.766000e+00   2.969999e-01      false       none         80         33          0          4      405      405          0          0          0
31       8.168752e+03   6.581484e+03   3.826729e+03    0.4186   9.047000e+00   2.809999e-01      false       none         80         33          0          4      416      416          0          0          0
32       8.726547e+03   6.581484e+03   3.826729e+03    0.4186   9.360000e+00   3.130000e-01      false       none         80         33          0          4      426      426          0          0          0
33       1.061683e+04   6.581484e+03   3.827985e+03    0.4184   9.641000e+00   2.810001e-01      false       none         80         33          0          4      439      439          0          0          0
34       1.075724e+04   6.581484e+03   3.831156e+03    0.4179   9.953000e+00   3.120000e-01      false       none         80         33          0          4      447      447          0          0          0
35       8.937790e+03   6.581484e+03   3.831914e+03    0.4178   1.025000e+01   2.969999e-01      false       none         80         33          0          4      460      460          0          0          0
36       7.865443e+03   6.581484e+03   3.832526e+03    0.4177   1.054700e+01   2.969999e-01      false       none         80         33          0          4      470      470          0          0          0
37       9.024447e+03   6.581484e+03   3.835990e+03    0.4172   1.086000e+01   3.130000e-01      false       none         80         33          0          4      481      481          0          0          0
38       8.567309e+03   6.581484e+03   3.837683e+03    0.4169   1.115600e+01   2.960000e-01      false       none         80         33          0          4      492      492          0          0          0
39       7.834553e+03   6.581484e+03   3.847172e+03    0.4155   1.145300e+01   2.970002e-01      false       none         80         33          0          4      503      503          0          0          0
40       9.928962e+03   6.581484e+03   3.852992e+03    0.4146   1.176600e+01   3.130000e-01      false       none         80         33          0          4      514      514          0          0          0
41       7.742928e+03   6.581484e+03   3.853585e+03    0.4145   1.206300e+01   2.969999e-01      false       none         80         33          0          4      526      526          0          0          0
42       7.453105e+03   6.581484e+03   3.853585e+03    0.4145   1.239100e+01   3.280001e-01      false       none         80         33          0          4      540      540          0          0          0
43       8.890098e+03   6.581484e+03   3.854051e+03    0.4144   1.268800e+01   2.969999e-01      false       none         80         33          0          4      552      552          0          0          0
44       8.689245e+03   6.581484e+03   3.859232e+03    0.4136   1.300000e+01   3.120000e-01      false       none         80         33          0          4      564      564          0          0          0
45       1.158248e+04   6.581484e+03   3.863314e+03    0.4130   1.331300e+01   3.130000e-01      false       none         80         33          0          4      577      577          0          0          0
46       9.786050e+03   6.581484e+03   3.863968e+03    0.4129   1.361000e+01   2.969999e-01      false       none         80         33          0          4      588      588          0          0          0
47       9.330082e+03   6.581484e+03   3.863968e+03    0.4129   1.392200e+01   3.120000e-01      false       none         80         33          0          4      598      598          0          0          0
48       7.592265e+03   6.581484e+03   3.863968e+03    0.4129   1.423500e+01   3.130000e-01      false       none         80         33          0          4      608      608          0          0          0
49       8.733316e+03   6.581484e+03   3.863968e+03    0.4129   1.453100e+01   2.960000e-01      false       none         80         33          0          4      619      619          0          0          0
50       8.666957e+03   6.581484e+03   3.863968e+03    0.4129   1.482800e+01   2.970002e-01      false       none         80         33          0          4      630      630          0          0          0
51       9.782639e+03   6.581484e+03   3.864566e+03    0.4128   1.515600e+01   3.279998e-01      false       none         80         33          0          4      639      639          0          0          0
52       9.757299e+03   6.581484e+03   3.864566e+03    0.4128   1.545300e+01   2.970002e-01      false       none         80         33          0          4      648      648          0          0          0
53       9.118306e+03   6.581484e+03   3.866522e+03    0.4125   1.578100e+01   3.279998e-01      false       none         80         33          0          4      658      658          0          0          0
54       1.138829e+04   6.581484e+03   3.866522e+03    0.4125   1.607800e+01   2.970002e-01      false       none         80         33          0          4      669      669          0          0          0
55       9.033302e+03   6.581484e+03   3.866522e+03    0.4125   1.639100e+01   3.130000e-01      false       none         80         33          0          4      679      679          0          0          0
56       8.340899e+03   6.581484e+03   3.868081e+03    0.4123   1.671900e+01   3.280001e-01      false       none         80         33          0          4      691      691          0          0          0
57       1.046071e+04   6.581484e+03   3.868081e+03    0.4123   1.701600e+01   2.969999e-01      false       none         80         33          0          4      700      700          0          0          0
58       7.911382e+03   6.581484e+03   3.868081e+03    0.4123   1.732800e+01   3.120000e-01      false       none         80         33          0          4      709      709          0          0          0
59       9.997639e+03   6.581484e+03   3.869084e+03    0.4121   1.764100e+01   3.130000e-01      false       none         80         33          0          4      720      720          0          0          0
60       8.905577e+03   6.581484e+03   3.870020e+03    0.4120   1.795300e+01   3.120000e-01      false       none         80         33          0          4      732      732          0          0          0
61       7.821021e+03   6.581484e+03   3.870559e+03    0.4119   1.826600e+01   3.130000e-01      false       none         80         33          0          4      744      744          0          0          0
62       9.342765e+03   6.581484e+03   3.870559e+03    0.4119   1.859400e+01   3.280001e-01      false       none         80         33          0          4      752      752          0          0          0
63       1.202171e+04   6.581484e+03   3.876191e+03    0.4110   1.890600e+01   3.119998e-01      false       none         80         33          0          4      761      761          0          0          0
64       9.296104e+03   6.581484e+03   3.876191e+03    0.4110   1.923500e+01   3.290000e-01      false       none         80         33          0          4      770      770          0          0          0
65       7.198448e+03   6.581484e+03   3.876191e+03    0.4110   1.954700e+01   3.120000e-01      false       none         80         33          0          4      778      778          0          0          0
66       9.059442e+03   6.581484e+03   3.878528e+03    0.4107   1.986000e+01   3.130000e-01      false       none         80         33          0          4      786      786          0          0          0
67       1.031126e+04   6.581484e+03   3.878528e+03    0.4107   2.017200e+01   3.120000e-01      false       none         80         33          0          4      793      793          0          0          0
68       1.146488e+04   6.581484e+03   3.878914e+03    0.4106   2.048500e+01   3.130000e-01      false       none         80         33          0          4      800      800          0          0          0
69       8.129460e+03   6.581484e+03   3.878914e+03    0.4106   2.079700e+01   3.120000e-01      false       none         80         33          0          4      812      812          0          0          0
70       9.812767e+03   6.581484e+03   3.878914e+03    0.4106   2.112500e+01   3.280001e-01      false       none         80         33          0          4      819      819          0          0          0
71       1.188462e+04   6.581484e+03   3.878914e+03    0.4106   2.143800e+01   3.130000e-01      false       none         80         33          0          4      827      827          0          0          0
72       6.992239e+03   6.581484e+03   3.880034e+03    0.4105   2.176600e+01   3.280001e-01      false       none         80         33          0          4      839      839          0          0          0
73       7.549450e+03   6.581484e+03   3.880034e+03    0.4105   2.209400e+01   3.280001e-01      false       none         80         33          0          4      850      850          0          0          0
74       7.767071e+03   6.581484e+03   3.880034e+03    0.4105   2.240600e+01   3.119998e-01      false       none         80         33          0          4      859      859          0          0          0
75       9.350819e+03   6.581484e+03   3.880034e+03    0.4105   2.275000e+01   3.440001e-01      false       none         80         33          0          4      869      869          0          0          0
76       9.755021e+03   6.581484e+03   3.880034e+03    0.4105   2.306300e+01   3.130000e-01      false       none         80         33          0          4      879      879          0          0          0
77       1.014674e+04   6.581484e+03   3.880034e+03    0.4105   2.337500e+01   3.120000e-01      false       none         80         33          0          4      888      888          0          0          0
78       6.819982e+03   6.581484e+03   3.880034e+03    0.4105   2.370300e+01   3.280001e-01      false       none         80         33          0          4      898      898          0          0          0
79       7.187206e+03   6.581484e+03   3.880034e+03    0.4105   2.403100e+01   3.279998e-01      false       none         80         33          0          4      905      905          0          0          0
80       9.879063e+03   6.581484e+03   3.880034e+03    0.4105   2.434400e+01   3.130002e-01      false       none         80         33          0          4      914      914          0          0          0
81       8.909064e+03   6.581484e+03   3.880034e+03    0.4105   2.467200e+01   3.279998e-01      false       none         80         33          0          4      924      924          0          0          0
82       1.190857e+04   6.581484e+03   3.880034e+03    0.4105   2.498500e+01   3.130000e-01      false       none         80         33          0          4      932      932          0          0          0
83       1.223171e+04   6.581484e+03   3.880034e+03    0.4105   2.529700e+01   3.120000e-01      false       none         80         33          0          4      941      941          0          0          0
84       9.371576e+03   6.581484e+03   3.880429e+03    0.4104   2.564100e+01   3.440001e-01      false       none         80         33          0          4      951      951          0          0          0
85       9.931212e+03   6.581484e+03   3.880429e+03    0.4104   2.595300e+01   3.120000e-01      false       none         80         33          0          4      961      961          0          0          0
86       1.040822e+04   6.581484e+03   3.880429e+03    0.4104   2.628100e+01   3.279998e-01      false       none         80         33          0          4      967      967          0          0          0
87       8.949957e+03   6.581484e+03   3.881198e+03    0.4103   2.662500e+01   3.440001e-01      false       none         80         33          0          4      974      974          0          0          0
88       7.731727e+03   6.581484e+03   3.882161e+03    0.4101   2.693800e+01   3.130000e-01      false       none         80         33          0          4      984      984          0          0          0
89       7.265418e+03   6.581484e+03   3.882161e+03    0.4101   2.728100e+01   3.429999e-01      false       none         80         33          0          4      991      991          0          0          0
90       9.135858e+03   6.581484e+03   3.887716e+03    0.4093   2.761000e+01   3.290000e-01      false       none         80         33          0          4     1000     1000          0          0          0
91       8.708021e+03   6.581484e+03   3.887716e+03    0.4093   2.792200e+01   3.120000e-01      false       none         80         33          0          4     1008     1008          0          0          0
92       9.072946e+03   6.581484e+03   3.887716e+03    0.4093   2.825000e+01   3.280001e-01      false       none         80         33          0          4     1011     1011          0          0          0
93       1.076796e+04   6.581484e+03   3.887716e+03    0.4093   2.857800e+01   3.280001e-01      false       none         80         33          0          4     1018     1018          0          0          0
94       9.130387e+03   6.581484e+03   3.887716e+03    0.4093   2.890600e+01   3.279998e-01      false       none         80         33          0          4     1031     1031          0          0          0
95       7.313758e+03   6.581484e+03   3.887716e+03    0.4093   2.926600e+01   3.600001e-01      false       none         80         33          0          4     1040     1040          0          0          0
96       8.497609e+03   6.581484e+03   3.887716e+03    0.4093   2.957800e+01   3.120000e-01      false       none         80         33          0          4     1047     1047          0          0          0
97       9.234993e+03   6.581484e+03   3.887716e+03    0.4093   2.992200e+01   3.439999e-01      false       none         80         33          0          4     1054     1054          0          0          0
98       8.078451e+03   6.581484e+03   3.887716e+03    0.4093   3.023500e+01   3.130000e-01      false       none         80         33          0          4     1065     1065          0          0          0
99       8.235119e+03   6.581484e+03   3.887716e+03    0.4093   3.056300e+01   3.280001e-01      false       none         80         33          0          4     1074     1074          0          0          0
100      8.136531e+03   6.581484e+03   3.887716e+03    0.4093   3.090600e+01   3.429999e-01      false       none         80         33          0          4     1085     1085          0          0          0
101      9.623400e+03   6.581484e+03   3.887716e+03    0.4093   3.123500e+01   3.290000e-01      false       none         80         33          0          4     1094     1094          0          0          0
102      5.568195e+03   5.568195e+03   3.887716e+03    0.3018   3.159400e+01   3.590002e-01      false       none         80         33          0          4     1107     1107          0          0          0
103      9.522040e+03   5.568195e+03   3.887716e+03    0.3018   3.195300e+01   3.590000e-01      false       none         80         33          0          4     1115     1115          0          0          0
104      8.907889e+03   5.568195e+03   3.888847e+03    0.3016   3.228100e+01   3.279998e-01      false       none         80         33          0          4     1126     1126          0          0          0
105      9.708120e+03   5.568195e+03   3.888847e+03    0.3016   3.259400e+01   3.130002e-01      false       none         80         33          0          4     1132     1132          0          0          0
106      6.808209e+03   5.568195e+03   3.888847e+03    0.3016   3.295300e+01   3.590000e-01      false       none         80         33          0          4     1140     1140          0          0          0
107      8.614529e+03   5.568195e+03   3.888847e+03    0.3016   3.329700e+01   3.439999e-01      false       none         80         33          0          4     1148     1148          0          0          0
108      8.288480e+03   5.568195e+03   3.888847e+03    0.3016   3.362500e+01   3.280001e-01      false       none         80         33          0          4     1154     1154          0          0          0
109      7.522654e+03   5.568195e+03   3.888847e+03    0.3016   3.396900e+01   3.440001e-01      false       none         80         33          0          4     1160     1160          0          0          0
110      9.165795e+03   5.568195e+03   3.888847e+03    0.3016   3.429700e+01   3.279998e-01      false       none         80         33          0          4     1166     1166          0          0          0
111      6.726984e+03   5.568195e+03   3.888847e+03    0.3016   3.464100e+01   3.440001e-01      false       none         80         33          0          4     1178     1178          0          0          0
112      9.068798e+03   5.568195e+03   3.889252e+03    0.3015   3.498500e+01   3.439999e-01      false       none         80         33          0          4     1189     1189          0          0          0
113      9.004082e+03   5.568195e+03   3.889252e+03    0.3015   3.529700e+01   3.120000e-01      false       none         80         33          0          4     1196     1196          0          0          0
114      8.241993e+03   5.568195e+03   3.889252e+03    0.3015   3.564100e+01   3.440001e-01      false       none         80         33          0          4     1204     1204          0          0          0
115      1.102080e+04   5.568195e+03   3.890689e+03    0.3013   3.596900e+01   3.280001e-01      false       none         80         33          0          4     1215     1215          0          0          0
116      9.055227e+03   5.568195e+03   3.893482e+03    0.3008   3.629700e+01   3.279998e-01      false       none         80         33          0          4     1223     1223          0          0          0
117      7.143294e+03   5.568195e+03   3.897283e+03    0.3001   3.664100e+01   3.440001e-01      false       none         80         33          0          4     1231     1231          0          0          0
118      9.515821e+03   5.568195e+03   3.897283e+03    0.3001   3.695300e+01   3.120000e-01      false       none         80         33          0          4     1237     1237          0          0          0
119      1.041477e+04   5.568195e+03   3.897796e+03    0.3000   3.728100e+01   3.279998e-01      false       none         80         33          0          4     1243     1243          0          0          0
120      1.114716e+04   5.568195e+03   3.898725e+03    0.2998   3.761000e+01   3.290000e-01      false       none         80         33          0          4     1250     1250          0          0          0
121      9.277036e+03   5.568195e+03   3.898725e+03    0.2998   3.793800e+01   3.280001e-01      false       none         80         33          0          4     1256     1256          0          0          0
122      8.119584e+03   5.568195e+03   3.898725e+03    0.2998   3.828100e+01   3.429999e-01      false       none         80         33          0          4     1262     1262          0          0          0
123      1.204214e+04   5.568195e+03   3.898725e+03    0.2998   3.862500e+01   3.440001e-01      false       none         80         33          0          4     1268     1268          0          0          0
124      6.003131e+03   5.568195e+03   3.898725e+03    0.2998   3.896900e+01   3.440001e-01      false       none         80         33          0          4     1279     1279          0          0          0
125      9.995081e+03   5.568195e+03   3.899596e+03    0.2997   3.932800e+01   3.590000e-01      false       none         80         33          0          4     1284     1284          0          0          0
126      5.850680e+03   5.568195e+03   3.899596e+03    0.2997   3.968800e+01   3.599999e-01      false       none         80         33          0          4     1292     1292          0          0          0
127      8.982364e+03   5.568195e+03   3.899596e+03    0.2997   4.003100e+01   3.429999e-01      false       none         80         33          0          4     1300     1300          0          0          0
128      8.304929e+03   5.568195e+03   3.901161e+03    0.2994   4.037500e+01   3.440001e-01      false       none         80         33          0          4     1307     1307          0          0          0
129      9.207044e+03   5.568195e+03   3.904070e+03    0.2989   4.071900e+01   3.440001e-01      false       none         80         33          0          4     1314     1314          0          0          0
130      1.105325e+04   5.568195e+03   3.904070e+03    0.2989   4.104700e+01   3.279998e-01      false       none         80         33          0          4     1318     1318          0          0          0
131      7.712226e+03   5.568195e+03   3.904070e+03    0.2989   4.140600e+01   3.590000e-01      false       none         80         33          0          4     1321     1321          0          0          0
132      8.136880e+03   5.568195e+03   3.904435e+03    0.2988   4.173500e+01   3.290000e-01      false       none         80         33          0          4     1328     1328          0          0          0
133      1.031442e+04   5.568195e+03   3.904435e+03    0.2988   4.206300e+01   3.280001e-01      false       none         80         33          0          4     1331     1331          0          0          0
134      7.920841e+03   5.568195e+03   3.905403e+03    0.2986   4.242200e+01   3.590000e-01      false       none         80         33          0          4     1340     1340          0          0          0
135      8.091206e+03   5.568195e+03   3.905403e+03    0.2986   4.275000e+01   3.280001e-01      false       none         80         33          0          4     1346     1346          0          0          0
136      8.484899e+03   5.568195e+03   3.905403e+03    0.2986   4.311000e+01   3.599999e-01      false       none         80         33          0          4     1356     1356          0          0          0
137      1.089573e+04   5.568195e+03   3.905403e+03    0.2986   4.345300e+01   3.430002e-01      false       none         80         33          0          4     1362     1362          0          0          0
138      8.513983e+03   5.568195e+03   3.905403e+03    0.2986   4.379700e+01   3.439999e-01      false       none         80         33          0          4     1368     1368          0          0          0
139      8.085272e+03   5.568195e+03   3.905791e+03    0.2986   4.415600e+01   3.590000e-01      false       none         80         33          0          4     1378     1378          0          0          0
140      9.729725e+03   5.568195e+03   3.905791e+03    0.2986   4.448500e+01   3.290000e-01      false       none         80         33          0          4     1384     1384          0          0          0
141      1.071511e+04   5.568195e+03   3.905791e+03    0.2986   4.482800e+01   3.430002e-01      false       none         80         33          0          4     1390     1390          0          0          0
142      6.487339e+03   5.568195e+03   3.906187e+03    0.2985   4.520300e+01   3.750000e-01      false       none         80         33          0          4     1400     1400          0          0          0
143      8.003822e+03   5.568195e+03   3.906187e+03    0.2985   4.553100e+01   3.279998e-01      false       none         80         33          0          4     1408     1408          0          0          0
144      8.704057e+03   5.568195e+03   3.906187e+03    0.2985   4.587500e+01   3.440001e-01      false       none         80         33          0          4     1413     1413          0          0          0
145      7.958915e+03   5.568195e+03   3.906187e+03    0.2985   4.625000e+01   3.750000e-01      false       none         80         33          0          4     1417     1417          0          0          0
146      1.027057e+04   5.568195e+03   3.906187e+03    0.2985   4.657800e+01   3.280001e-01      false       none         80         33          0          4     1419     1419          0          0          0
147      6.755609e+03   5.568195e+03   3.906187e+03    0.2985   4.693800e+01   3.599999e-01      false       none         80         33          0          4     1427     1427          0          0          0
148      1.097297e+04   5.568195e+03   3.906187e+03    0.2985   4.726600e+01   3.280001e-01      false       none         80         33          0          4     1429     1429          0          0          0
149      6.885750e+03   5.568195e+03   3.906187e+03    0.2985   4.761000e+01   3.439999e-01      false       none         80         33          0          4     1436     1436          0          0          0
150      7.216968e+03   5.568195e+03   3.906187e+03    0.2985   4.796900e+01   3.590002e-01      false       none         80         33          0          4     1441     1441          0          0          0
151      7.240977e+03   5.568195e+03   3.906711e+03    0.2984   4.831300e+01   3.439999e-01      false       none         80         33          0          4     1450     1450          0          0          0
152      8.731696e+03   5.568195e+03   3.906711e+03    0.2984   4.865600e+01   3.429999e-01      false       none         80         33          0          4     1456     1456          0          0          0
153      6.279923e+03   5.568195e+03   3.906711e+03    0.2984   4.901600e+01   3.600001e-01      false       none         80         33          0          4     1466     1466          0          0          0
154      8.243774e+03   5.568195e+03   3.907225e+03    0.2983   4.937500e+01   3.590000e-01      false       none         80         33          0          4     1474     1474          0          0          0
155      1.083933e+04   5.568195e+03   3.907225e+03    0.2983   4.970300e+01   3.280001e-01      false       none         80         33          0          4     1478     1478          0          0          0
156      8.406838e+03   5.568195e+03   3.907225e+03    0.2983   5.006300e+01   3.599999e-01      false       none         80         33          0          4     1486     1486          0          0          0
157      1.002639e+04   5.568195e+03   3.907225e+03    0.2983   5.040700e+01   3.440001e-01      false       none         80         33          0          4     1492     1492          0          0          0
158      8.300554e+03   5.568195e+03   3.907225e+03    0.2983   5.075000e+01   3.429999e-01      false       none         80         33          0          4     1499     1499          0          0          0
159      7.553911e+03   5.568195e+03   3.907225e+03    0.2983   5.112500e+01   3.750000e-01      false       none         80         33          0          4     1503     1503          0          0          0
160      9.311024e+03   5.568195e+03   3.910794e+03    0.2977   5.145300e+01   3.280001e-01      false       none         80         33          0          4     1511     1511          0          0          0
161      7.766613e+03   5.568195e+03   3.910794e+03    0.2977   5.181300e+01   3.599999e-01      false       none         80         33          0          4     1521     1521          0          0          0
162      9.921750e+03   5.568195e+03   3.910794e+03    0.2977   5.214100e+01   3.280001e-01      false       none         80         33          0          4     1524     1524          0          0          0
163      9.045916e+03   5.568195e+03   3.910794e+03    0.2977   5.248500e+01   3.439999e-01      false       none         80         33          0          4     1530     1530          0          0          0
164      8.537659e+03   5.568195e+03   3.910794e+03    0.2977   5.284400e+01   3.590002e-01      false       none         80         33          0          4     1534     1534          0          0          0
165      9.636160e+03   5.568195e+03   3.910794e+03    0.2977   5.318800e+01   3.439999e-01      false       none         80         33          0          4     1539     1539          0          0          0
166      1.160820e+04   5.568195e+03   3.911461e+03    0.2975   5.353100e+01   3.429999e-01      false       none         80         33          0          4     1547     1547          0          0          0
167      8.546574e+03   5.568195e+03   3.911461e+03    0.2975   5.389100e+01   3.600001e-01      false       none         80         33          0          4     1555     1555          0          0          0
168      9.080415e+03   5.568195e+03   3.911461e+03    0.2975   5.421900e+01   3.280001e-01      false       none         80         33          0          4     1559     1559          0          0          0
169      1.052701e+04   5.568195e+03   3.911461e+03    0.2975   5.456300e+01   3.439999e-01      false       none         80         33          0          4     1566     1566          0          0          0
170      9.294507e+03   5.568195e+03   3.911461e+03    0.2975   5.493800e+01   3.750000e-01      false       none         80         33          0          4     1574     1574          0          0          0
171      8.239882e+03   5.568195e+03   3.914444e+03    0.2970   5.529700e+01   3.590000e-01      false       none         80         33          0          4     1583     1583          0          0          0
172      8.716199e+03   5.568195e+03   3.914444e+03    0.2970   5.564100e+01   3.440001e-01      false       none         80         33          0          4     1589     1589          0          0          0
173      9.432210e+03   5.568195e+03   3.914444e+03    0.2970   5.600000e+01   3.590000e-01      false       none         80         33          0          4     1593     1593          0          0          0
174      9.684822e+03   5.568195e+03   3.914444e+03    0.2970   5.634400e+01   3.440001e-01      false       none         80         33          0          4     1597     1597          0          0          0
175      9.894797e+03   5.568195e+03   3.914444e+03    0.2970   5.671900e+01   3.750000e-01      false       none         80         33          0          4     1600     1600          0          0          0
176      8.776131e+03   5.568195e+03   3.914444e+03    0.2970   5.704700e+01   3.279998e-01      false       none         80         33          0          4     1603     1603          0          0          0
177      1.081090e+04   5.568195e+03   3.914444e+03    0.2970   5.739100e+01   3.440001e-01      false       none         80         33          0          4     1607     1607          0          0          0
178      9.198962e+03   5.568195e+03   3.914836e+03    0.2969   5.775000e+01   3.590000e-01      false       none         80         33          0          4     1615     1615          0          0          0
179      7.230409e+03   5.568195e+03   3.914836e+03    0.2969   5.811000e+01   3.599999e-01      false       none         80         33          0          4     1622     1622          0          0          0
180      8.653424e+03   5.568195e+03   3.914836e+03    0.2969   5.846900e+01   3.590002e-01      false       none         80         33          0          4     1631     1631          0          0          0
181      5.951594e+03   5.568195e+03   3.915497e+03    0.2968   5.886000e+01   3.909998e-01      false       none         80         33          0          4     1644     1644          0          0          0
182      8.734271e+03   5.568195e+03   3.915497e+03    0.2968   5.921900e+01   3.590002e-01      false       none         80         33          0          4     1653     1653          0          0          0
183      8.461615e+03   5.568195e+03   3.915497e+03    0.2968   5.956300e+01   3.439999e-01      false       none         80         33          0          4     1658     1658          0          0          0
184      9.826061e+03   5.568195e+03   3.915497e+03    0.2968   5.993800e+01   3.750000e-01      false       none         80         33          0          4     1665     1665          0          0          0
185      7.528508e+03   5.568195e+03   3.915497e+03    0.2968   6.028200e+01   3.440001e-01      false       none         80         33          0          4     1675     1675          0          0          0
186      9.167090e+03   5.568195e+03   3.915497e+03    0.2968   6.062500e+01   3.429999e-01      false       none         80         33          0          4     1682     1682          0          0          0
187      7.538794e+03   5.568195e+03   3.915497e+03    0.2968   6.098500e+01   3.599999e-01      false       none         80         33          0          4     1689     1689          0          0          0
188      8.920420e+03   5.568195e+03   3.915497e+03    0.2968   6.136000e+01   3.750000e-01      false       none         80         33          0          4     1694     1694          0          0          0
189      9.456254e+03   5.568195e+03   3.915497e+03    0.2968   6.171900e+01   3.590002e-01      false       none         80         33          0          4     1700     1700          0          0          0
190      8.773623e+03   5.568195e+03   3.915497e+03    0.2968   6.207800e+01   3.590000e-01      false       none         80         33          0          4     1705     1705          0          0          0
191      7.789996e+03   5.568195e+03   3.915497e+03    0.2968   6.243800e+01   3.599999e-01      false       none         80         33          0          4     1713     1713          0          0          0
192      7.743384e+03   5.568195e+03   3.915497e+03    0.2968   6.281300e+01   3.750000e-01      false       none         80         33          0          4     1721     1721          0          0          0
193      8.383311e+03   5.568195e+03   3.915927e+03    0.2967   6.317200e+01   3.590000e-01      false       none         80         33          0          4     1728     1728          0          0          0
194      8.476365e+03   5.568195e+03   3.915927e+03    0.2967   6.351600e+01   3.440001e-01      false       none         80         33          0          4     1733     1733          0          0          0
195      8.292541e+03   5.568195e+03   3.915927e+03    0.2967   6.387500e+01   3.590000e-01      false       none         80         33          0          4     1741     1741          0          0          0
196      9.105673e+03   5.568195e+03   3.915927e+03    0.2967   6.421900e+01   3.440001e-01      false       none         80         33          0          4     1744     1744          0          0          0
197      9.398250e+03   5.568195e+03   3.915927e+03    0.2967   6.456300e+01   3.439999e-01      false       none         80         33          0          4     1748     1748          0          0          0
198      8.085098e+03   5.568195e+03   3.915927e+03    0.2967   6.492200e+01   3.590000e-01      false       none         80         33          0          4     1757     1757          0          0          0
199      9.201504e+03   5.568195e+03   3.915927e+03    0.2967   6.528100e+01   3.590000e-01      false       none         80         33          0          4     1765     1765          0          0          0
200      9.377929e+03   5.568195e+03   3.917073e+03    0.2965   6.562500e+01   3.440001e-01      false       none         80         33          0          4     1771     1771          0          0          0
201      8.449201e+03   5.568195e+03   3.917073e+03    0.2965   6.598500e+01   3.599999e-01      false       none         80         33          0          4     1773     1773          0          0          0
202      8.335513e+03   5.568195e+03   3.917073e+03    0.2965   6.632800e+01   3.430002e-01      false       none         80         33          0          4     1776     1776          0          0          0
203      8.341654e+03   5.568195e+03   3.917073e+03    0.2965   6.670300e+01   3.750000e-01      false       none         80         33          0          4     1780     1780          0          0          0
204      7.715388e+03   5.568195e+03   3.917474e+03    0.2965   6.704700e+01   3.439999e-01      false       none         80         33          0          4     1786     1786          0          0          0
205      7.233218e+03   5.568195e+03   3.917474e+03    0.2965   6.742200e+01   3.750000e-01      false       none         80         33          0          4     1794     1794          0          0          0
206      8.471288e+03   5.568195e+03   3.917474e+03    0.2965   6.781300e+01   3.910000e-01      false       none         80         33          0          4     1800     1800          0          0          0
207      8.764623e+03   5.568195e+03   3.917474e+03    0.2965   6.814100e+01   3.280001e-01      false       none         80         33          0          4     1804     1804          0          0          0
208      9.351483e+03   5.568195e+03   3.917474e+03    0.2965   6.848500e+01   3.439999e-01      false       none         80         33          0          4     1808     1808          0          0          0
209      7.745364e+03   5.568195e+03   3.917474e+03    0.2965   6.884400e+01   3.590002e-01      false       none         80         33          0          4     1815     1815          0          0          0
210      8.155060e+03   5.568195e+03   3.917474e+03    0.2965   6.920300e+01   3.590000e-01      false       none         80         33          0          4     1818     1818          0          0          0
211      9.303057e+03   5.568195e+03   3.917474e+03    0.2965   6.954700e+01   3.439999e-01      false       none         80         33          0          4     1825     1825          0          0          0
212      7.965063e+03   5.568195e+03   3.917474e+03    0.2965   6.990700e+01   3.600001e-01      false       none         80         33          0          4     1828     1828          0          0          0
213      8.680130e+03   5.568195e+03   3.917474e+03    0.2965   7.028200e+01   3.750000e-01      false       none         80         33          0          4     1833     1833          0          0          0
214      1.101290e+04   5.568195e+03   3.917474e+03    0.2965   7.062500e+01   3.429999e-01      false       none         80         33          0          4     1837     1837          0          0          0
215      9.898137e+03   5.568195e+03   3.917474e+03    0.2965   7.101600e+01   3.910000e-01      false       none         80         33          0          4     1844     1844          0          0          0
216      1.138247e+04   5.568195e+03   3.917474e+03    0.2965   7.136000e+01   3.439999e-01      false       none         80         33          0          4     1848     1848          0          0          0
217      8.010618e+03   5.568195e+03   3.917474e+03    0.2965   7.171900e+01   3.590002e-01      false       none         80         33          0          4     1852     1852          0          0          0
218      7.122542e+03   5.568195e+03   3.917474e+03    0.2965   7.207800e+01   3.590000e-01      false       none         80         33          0          4     1857     1857          0          0          0
219      8.473372e+03   5.568195e+03   3.917474e+03    0.2965   7.243800e+01   3.599999e-01      false       none         80         33          0          4     1862     1862          0          0          0
220      8.998286e+03   5.568195e+03   3.917474e+03    0.2965   7.279700e+01   3.590000e-01      false       none         80         33          0          4     1869     1869          0          0          0
221      9.381851e+03   5.568195e+03   3.917474e+03    0.2965   7.315700e+01   3.600001e-01      false       none         80         33          0          4     1874     1874          0          0          0
222      9.758773e+03   5.568195e+03   3.917474e+03    0.2965   7.351600e+01   3.590000e-01      false       none         80         33          0          4     1880     1880          0          0          0
223      8.593729e+03   5.568195e+03   3.917474e+03    0.2965   7.390700e+01   3.910000e-01      false       none         80         33          0          4     1887     1887          0          0          0
224      9.733388e+03   5.568195e+03   3.917474e+03    0.2965   7.425000e+01   3.429999e-01      false       none         80         33          0          4     1893     1893          0          0          0

Terminating DynamicSDDiP with status: bound_stalling
------------------------------------------------------------------------------
 ────────────────────────────────────────────────────────────────────────────────
                                        Time                    Allocations      
                               ───────────────────────   ────────────────────────
       Tot / % measured:            74.3s / 100.0%           10.4GiB /  99.9%    

 Section               ncalls     time    %tot     avg     alloc    %tot      avg
 ────────────────────────────────────────────────────────────────────────────────
 loop                       1    74.2s  100.0%   74.2s   10.4GiB  100.0%  10.4GiB
   iterations             224    73.8s   99.4%   329ms   10.3GiB  100.0%  47.3MiB
     backward_pass        224    56.0s   75.4%   250ms   10.3GiB   99.2%  46.9MiB
       solve_BP         67.2k    55.4s   74.6%   825μs   10.2GiB   98.4%   159KiB
         solve_dual     67.2k    52.9s   71.3%   787μs   9.76GiB   94.3%   152KiB
           LP_relax...  67.2k    52.6s   70.9%   783μs   9.56GiB   92.4%   149KiB
             solver...  67.2k    8.15s   11.0%   121μs   43.0MiB    0.4%     671B
         space_change    134k   17.6ms    0.0%   131ns     0.00B    0.0%    0.00B
       update_bellman   3.36k    123ms    0.2%  36.6μs   23.3MiB    0.2%  7.10KiB
         cut_selection  1.89k   1.88ms    0.0%   993ns    151KiB    0.0%    81.5B
     forward_pass         224    17.1s   23.1%  76.4ms   79.7MiB    0.8%   364KiB
       solve_subpro...  3.58k    17.0s   22.9%  4.73ms   69.2MiB    0.7%  19.8KiB
         solver_cal...  3.58k    16.5s   22.3%  4.62ms   9.73MiB    0.1%  2.78KiB
     calculate_bound      224    699ms    0.9%  3.12ms   5.57MiB    0.1%  25.5KiB
       solver_call_...    224    670ms    0.9%  2.99ms    436KiB    0.0%  1.95KiB
 ────────────────────────────────────────────────────────────────────────────────

||||||||||||||||||||||||||||||||||||||||||||||||||||||||||||||||||||||||||||||||||||||||||||||||||||||||||||||||||||||||||||||||||||||||
LAGRANGIAN DUAL SOLUTION RESULTS
mn_opt: 0 times (NaN%)
conv: 0 times (NaN%)
unbounded: 0 times (NaN%)
bound_issues: 0 times (NaN%)
subgr_stalling: 0 times (NaN%)
opt: 0 times (NaN%)
feas_issues: 0 times (NaN%)
sub: 0 times (NaN%)
mn_iter: 0 times (NaN%)
iter: 0 times (NaN%)
mn_issue: 0 times (NaN%)

||||||||||||||||||||||||||||||||||||||||||||||||||||||||||||||||||||||||||||||||||||||||||||||||||||||||||||||||||||||||||||||||||||||||
SIMULATION RESULTS
DynamicSDDiP.Simulation(DynamicSDDiP.InSampleMonteCarlo(), 1000)
Lower bound: 3917.473758580819
Statistical upper bound (confidence interval): 8929.615838950007 ± 82.98912249758068
Pessimistic upper bound: 9012.604961447587
