

#########################################################################################################################################
#########################################################################################################################################
#########################################################################################################################################
#########################################################################################################################################
#########################################################################################################################################
DynamicSDDiP.jl (c) Christian Füllner, 2021
re-uses code from SDDP.jl (c) Oscar Dowson, 2017-21
||||||||||||||||||||||||||||||||||||||||||||||||||||||||||||||||||||||||||||||||||||||||||||||||||||||||||||||||||||||||||||||||||||||||
PATH
calling 
C:\Users\cg4102\.julia\packages\DynamicSDDiP\unjfA\src
nothing
DATETIME
2024-10-15T12:13:14.289
||||||||||||||||||||||||||||||||||||||||||||||||||||||||||||||||||||||||||||||||||||||||||||||||||||||||||||||||||||||||||||||||||||||||
STOPPING RULES
SDDP.TimeLimit(28800.0)
SDDP.BoundStalling(20, 0.0001)
||||||||||||||||||||||||||||||||||||||||||||||||||||||||||||||||||||||||||||||||||||||||||||||||||||||||||||||||||||||||||||||||||||||||
REGULARIZATION
DynamicSDDiP.NoRegularization()
||||||||||||||||||||||||||||||||||||||||||||||||||||||||||||||||||||||||||||||||||||||||||||||||||||||||||||||||||||||||||||||||||||||||
CUT GENERATION REGIMES
DynamicSDDiP.CutGenerationRegime(DynamicSDDiP.NoStateApproximation(), DynamicSDDiP.UnifiedLagrangianDuality(0.0001, 0.0001, 1000, DynamicSDDiP.ZeroDuals(), DynamicSDDiP.BothBounds(), DynamicSDDiP.LevelBundle(0.5, true, false), DynamicSDDiP.StandardChoice(), DynamicSDDiP.Lax(), DynamicSDDiP.Core_Midpoint(DynamicSDDiP.ConvexHullCopy(), DynamicSDDiP.NoIntegerRelax(), DynamicSDDiP.Unbounded_Opt_SB(true), DynamicSDDiP.NoImprovement(), false), DynamicSDDiP.NoDualSpaceRestriction(), DynamicSDDiP.ConvexHullCopy(), nothing, nothing), 1, Inf, Inf, 0.0, true, 0.0001)

||||||||||||||||||||||||||||||||||||||||||||||||||||||||||||||||||||||||||||||||||||||||||||||||||||||||||||||||||||||||||||||||||||||||
CUT AGGREGATION
DynamicSDDiP.MultiCutRegime()
||||||||||||||||||||||||||||||||||||||||||||||||||||||||||||||||||||||||||||||||||||||||||||||||||||||||||||||||||||||||||||||||||||||||
CUT SELECTION
DynamicSDDiP.NoCutSelection()
||||||||||||||||||||||||||||||||||||||||||||||||||||||||||||||||||||||||||||||||||||||||||||||||||||||||||||||||||||||||||||||||||||||||
LATE BINARIZATION
DynamicSDDiP.NoLateBinarization()
||||||||||||||||||||||||||||||||||||||||||||||||||||||||||||||||||||||||||||||||||||||||||||||||||||||||||||||||||||||||||||||||||||||||
APPLIED SOLVERS (LP, MILP, MIQCP, MINLP, NLP, Lagrange)
DynamicSDDiP.AppliedSolvers(true, "Gurobi", "Gurobi", "Gurobi", "Gurobi", "Gurobi", "Gurobi", "Gurobi", "Gurobi", "Gurobi", 0.0001, 300)
DynamicSDDiP.Direct_Solver()
Numerical focus: false
Silent: true
||||||||||||||||||||||||||||||||||||||||||||||||||||||||||||||||||||||||||||||||||||||||||||||||||||||||||||||||||||||||||||||||||||||||
SAMPLING
Used seed for sampling scenarios: 
11111     
||||||||||||||||||||||||||||||||||||||||||||||||||||||||||||||||||||||||||||||||||||||||||||||||||||||||||||||||||||||||||||||||||||||||
RUN DESCRIPTION

||||||||||||||||||||||||||||||||||||||||||||||||||||||||||||||||||||||||||||||||||||||||||||||||||||||||||||||||||||||||||||||||||||||||
PROBLEM DESCRIPTION
Number of stages: 16
Number of realizations per stage: 20
Seed for scenario tree sampling: 12345
Solver: serial mode

────────────────────────────────────────────────────────────────────────────────────────────────────────────────────────────────────────────────────────────────────────────────────────────────────────
It.#               UB        Best UB             LB       Gap           Time        It_Time           Refinements                            #Var.   #Constr.             #Cuts       Lagrangian Dual                                               
                                                          [%]            [s]            [s]          σ       Bin.      Total      {0,1}          ℤ      Total    Total   Active      # It.    # C-It.  # C-Real.  
────────────────────────────────────────────────────────────────────────────────────────────────────────────────────────────────────────────────────────────────────────────────────────────────────────
1        1.093447e+04   1.093447e+04   5.315474e+02    0.9514   4.977050e+02   4.977050e+02      false       none        100         33          0          4      300      300      32070      32070        300
2        1.171248e+04   1.093447e+04   1.051480e+03    0.9038   1.267721e+03   7.700160e+02      false       none        100         33          0          4      600      600      35988      35988        300
3        1.030083e+04   1.030083e+04   1.334371e+03    0.8705   2.080487e+03   8.127660e+02      false       none        100         33          0          4      894      894      35497      35497        300
4        9.036090e+03   9.036090e+03   1.674653e+03    0.8147   2.863457e+03   7.829700e+02      false       none        100         33          0          4     1191     1191      33643      33643        300
5        1.001360e+04   9.036090e+03   2.352029e+03    0.7397   3.661941e+03   7.984840e+02      false       none        100         33          0          4     1486     1486      32122      32122        300
6        9.142580e+03   9.036090e+03   3.535433e+03    0.6087   4.808223e+03   1.146282e+03      false       none        100         33          0          4     1786     1786      37598      37598        300
7        1.036510e+04   9.036090e+03   3.790245e+03    0.5805   5.910021e+03   1.101798e+03      false       none        100         33          0          4     2072     2072      34820      34820        300
8        9.709786e+03   9.036090e+03   3.921628e+03    0.5660   7.023897e+03   1.113876e+03      false       none        100         33          0          4     2371     2371      34048      34048        300
9        1.013008e+04   9.036090e+03   3.953506e+03    0.5625   8.297914e+03   1.274017e+03      false       none        100         33          0          4     2667     2667      35121      35121        300
10       8.751895e+03   8.751895e+03   4.157364e+03    0.5250   9.857897e+03   1.559983e+03      false       none        100         33          0          4     2949     2949      36524      36524        300
11       8.601650e+03   8.601650e+03   5.014762e+03    0.4170   1.178465e+04   1.926752e+03      false       none        100         33          0          4     3226     3226      37175      37175        300
12       9.674993e+03   8.601650e+03   6.309706e+03    0.2665   1.399361e+04   2.208957e+03      false       none        100         33          0          4     3504     3504      35271      35271        300
13       6.680533e+03   6.680533e+03   6.620499e+03    0.0090   1.618761e+04   2.194002e+03      false       none        100         33          0          4     3800     3800      34844      34844        300
14       9.362824e+03   6.680533e+03   6.750848e+03    0.0104   1.906652e+04   2.878909e+03      false       none        100         33          0          4     4090     4090      37311      37311        300
15       1.135171e+04   6.680533e+03   6.757594e+03    0.0114   2.144532e+04   2.378800e+03      false       none        100         33          0          4     4378     4378      32155      32155        300
16       7.565565e+03   6.680533e+03   6.806521e+03    0.0185   2.431273e+04   2.867410e+03      false       none        100         33          0          4     4678     4678      34934      34869        299
17       7.546256e+03   6.680533e+03   6.820317e+03    0.0205   2.746300e+04   3.150269e+03      false       none        100         33          0          4     4978     4978      34628      34572        299
18       8.018605e+03   6.680533e+03   6.842672e+03    0.0237   3.172122e+04   4.258224e+03      false       none        100         33          0          4     5277     5277      36800      36800        300

Terminating DynamicSDDiP with status: time_limit
------------------------------------------------------------------------------
 ────────────────────────────────────────────────────────────────────────────────
                                        Time                    Allocations      
                               ───────────────────────   ────────────────────────
       Tot / % measured:            8.81h / 100.0%            109GiB / 100.0%    

 Section               ncalls     time    %tot     avg     alloc    %tot      avg
 ────────────────────────────────────────────────────────────────────────────────
 loop                       1    8.81h  100.0%   8.81h    109GiB  100.0%   109GiB
   iterations              18    8.81h  100.0%   1762s    109GiB  100.0%  6.05GiB
     backward_pass         18    8.81h  100.0%   1762s    109GiB  100.0%  6.05GiB
       solve_BP         5.40k    8.81h  100.0%   5.87s    109GiB   99.9%  20.6MiB
         solve_dual     5.40k    8.81h  100.0%   5.87s    109GiB   99.9%  20.6MiB
           solve_la...  5.40k    8.68h   98.5%   5.78s    103GiB   94.9%  19.6MiB
             inner_sol   631k    7.01h   79.6%  40.0ms   13.9GiB   12.8%  23.1KiB
               solv...   631k    6.98h   79.2%  39.9ms   1.81GiB    1.7%  3.01KiB
             bundle...   631k    1.42h   16.1%  8.12ms   2.03GiB    1.9%  3.37KiB
             outer_sol   631k     617s    1.9%   978μs   2.25GiB    2.1%  3.75KiB
             add_cut     631k    35.3s    0.1%  56.0μs   11.6GiB   10.7%  19.4KiB
             init_a...  5.40k    1.83s    0.0%   338μs    887MiB    0.8%   168KiB
             relax_...  5.40k    551ms    0.0%   102μs    187MiB    0.2%  35.4KiB
             restor...  5.40k    539ms    0.0%   100μs   96.5MiB    0.1%  18.3KiB
             conver...  5.40k   17.6ms    0.0%  3.25μs   1.07MiB    0.0%     208B
             minima...  5.40k   3.27ms    0.0%   605ns     0.00B    0.0%    0.00B
           solve_pr...  16.2k     417s    1.3%  25.7ms   52.5MiB    0.0%  3.32KiB
           solve_core   5.40k    40.5s    0.1%  7.49ms   12.2MiB    0.0%  2.32KiB
           dual_ini...  5.40k   5.61ms    0.0%  1.04μs   1.73MiB    0.0%     336B
         space_change   10.8k   2.91ms    0.0%   270ns     0.00B    0.0%    0.00B
       update_bellman     270    105ms    0.0%   389μs   45.0MiB    0.0%   171KiB
         cut_selection  5.28k   3.05ms    0.0%   578ns    470KiB    0.0%    91.3B
     forward_pass          18    7.73s    0.0%   429ms   10.0MiB    0.0%   570KiB
       solve_subpro...    288    7.72s    0.0%  26.8ms   9.17MiB    0.0%  32.6KiB
         solver_cal...    288    7.67s    0.0%  26.6ms   2.84MiB    0.0%  10.1KiB
     calculate_bound       18    304ms    0.0%  16.9ms    492KiB    0.0%  27.3KiB
       solver_call_...     18    302ms    0.0%  16.8ms   57.2KiB    0.0%  3.18KiB
 ────────────────────────────────────────────────────────────────────────────────

||||||||||||||||||||||||||||||||||||||||||||||||||||||||||||||||||||||||||||||||||||||||||||||||||||||||||||||||||||||||||||||||||||||||
LAGRANGIAN DUAL SOLUTION RESULTS
mn_opt: 0 times (0.0%)
conv: 0 times (0.0%)
unbounded: 0 times (0.0%)
bound_issues: 2 times (0.0%)
subgr_stalling: 0 times (0.0%)
opt: 5398 times (100.0%)
feas_issues: 0 times (0.0%)
sub: 0 times (0.0%)
mn_iter: 0 times (0.0%)
iter: 0 times (0.0%)
mn_issue: 0 times (0.0%)
