

#########################################################################################################################################
#########################################################################################################################################
#########################################################################################################################################
#########################################################################################################################################
#########################################################################################################################################
DynamicSDDiP.jl (c) Christian Füllner, 2021
re-uses code from SDDP.jl (c) Oscar Dowson, 2017-21
||||||||||||||||||||||||||||||||||||||||||||||||||||||||||||||||||||||||||||||||||||||||||||||||||||||||||||||||||||||||||||||||||||||||
PATH
calling 
C:\Users\cg4102\.julia\packages\DynamicSDDiP\Z7cZi\src
nothing
DATETIME
2023-04-02T06:25:17.894
||||||||||||||||||||||||||||||||||||||||||||||||||||||||||||||||||||||||||||||||||||||||||||||||||||||||||||||||||||||||||||||||||||||||
STOPPING RULES
SDDP.TimeLimit(28800.0)
SDDP.BoundStalling(20, 0.0001)
||||||||||||||||||||||||||||||||||||||||||||||||||||||||||||||||||||||||||||||||||||||||||||||||||||||||||||||||||||||||||||||||||||||||
REGULARIZATION
DynamicSDDiP.NoRegularization()
||||||||||||||||||||||||||||||||||||||||||||||||||||||||||||||||||||||||||||||||||||||||||||||||||||||||||||||||||||||||||||||||||||||||
CUT GENERATION REGIMES
DynamicSDDiP.CutGenerationRegime(DynamicSDDiP.NoStateApproximation(), DynamicSDDiP.StrengthenedDuality(), 1, Inf, Inf, 0.0, true, 0.0001)

||||||||||||||||||||||||||||||||||||||||||||||||||||||||||||||||||||||||||||||||||||||||||||||||||||||||||||||||||||||||||||||||||||||||
CUT AGGREGATION
DynamicSDDiP.SingleCutRegime()
||||||||||||||||||||||||||||||||||||||||||||||||||||||||||||||||||||||||||||||||||||||||||||||||||||||||||||||||||||||||||||||||||||||||
CUT SELECTION
DynamicSDDiP.NoCutSelection()
||||||||||||||||||||||||||||||||||||||||||||||||||||||||||||||||||||||||||||||||||||||||||||||||||||||||||||||||||||||||||||||||||||||||
LATE BINARIZATION
DynamicSDDiP.NoLateBinarization()
||||||||||||||||||||||||||||||||||||||||||||||||||||||||||||||||||||||||||||||||||||||||||||||||||||||||||||||||||||||||||||||||||||||||
APPLIED SOLVERS (LP, MILP, MIQCP, MINLP, NLP, Lagrange)
DynamicSDDiP.AppliedSolvers(true, "Gurobi", "Gurobi", "Gurobi", "Gurobi", "Gurobi", "Gurobi", "Gurobi", "Gurobi", "Gurobi", 0.0001, 300)
DynamicSDDiP.Direct_Solver()
Numerical focus: false
Silent: true
||||||||||||||||||||||||||||||||||||||||||||||||||||||||||||||||||||||||||||||||||||||||||||||||||||||||||||||||||||||||||||||||||||||||
SAMPLING
Used seed for sampling scenarios: 
11111     
||||||||||||||||||||||||||||||||||||||||||||||||||||||||||||||||||||||||||||||||||||||||||||||||||||||||||||||||||||||||||||||||||||||||
RUN DESCRIPTION

||||||||||||||||||||||||||||||||||||||||||||||||||||||||||||||||||||||||||||||||||||||||||||||||||||||||||||||||||||||||||||||||||||||||
PROBLEM DESCRIPTION
Number of stages: 16
Number of realizations per stage: 20
Seed for scenario tree sampling: 12345
Solver: serial mode

────────────────────────────────────────────────────────────────────────────────────────────────────────────────────────────────────────────────────────────────────────────────────────────────────────
It.#               UB        Best UB             LB       Gap           Time        It_Time           Refinements                            #Var.   #Constr.             #Cuts       Lagrangian Dual                                               
                                                          [%]            [s]            [s]          σ       Bin.      Total      {0,1}          ℤ      Total    Total   Active      # It.    # C-It.  # C-Real.  
────────────────────────────────────────────────────────────────────────────────────────────────────────────────────────────────────────────────────────────────────────────────────────────────────────
1        1.093447e+04   1.093447e+04   5.124300e+03    0.5314   1.515000e+00   1.515000e+00      false       none         80         33          0          4       15       15          0          0          0
2        1.173338e+04   1.093447e+04   5.124300e+03    0.5314   3.328000e+00   1.813000e+00      false       none         80         33          0          4       26       26          0          0          0
3        9.229414e+03   9.229414e+03   5.124300e+03    0.4448   5.328000e+00   2.000000e+00      false       none         80         33          0          4       39       39          0          0          0
4        8.161046e+03   8.161046e+03   5.178235e+03    0.3655   7.375000e+00   2.047000e+00      false       none         80         33          0          4       52       52          0          0          0
5        8.950070e+03   8.161046e+03   5.375997e+03    0.3413   9.468000e+00   2.093000e+00      false       none         80         33          0          4       66       66          0          0          0
6        7.813370e+03   7.813370e+03   5.375997e+03    0.3119   1.165600e+01   2.188000e+00      false       none         80         33          0          4       70       70          0          0          0
7        9.371026e+03   7.813370e+03   5.382695e+03    0.3111   1.351500e+01   1.859000e+00      false       none         80         33          0          4       76       76          0          0          0
8        9.175890e+03   7.813370e+03   5.382695e+03    0.3111   1.531200e+01   1.797000e+00      false       none         80         33          0          4       86       86          0          0          0
9        9.764523e+03   7.813370e+03   5.382695e+03    0.3111   1.712500e+01   1.813000e+00      false       none         80         33          0          4       95       95          0          0          0
10       8.740869e+03   7.813370e+03   5.382695e+03    0.3111   1.907800e+01   1.953000e+00      false       none         80         33          0          4      102      102          0          0          0
11       7.635703e+03   7.635703e+03   5.450699e+03    0.2862   2.103100e+01   1.953000e+00      false       none         80         33          0          4      109      109          0          0          0
12       9.369279e+03   7.635703e+03   5.503367e+03    0.2793   2.304700e+01   2.016000e+00      false       none         80         33          0          4      116      116          0          0          0
13       6.429402e+03   6.429402e+03   5.503367e+03    0.1440   2.512500e+01   2.078000e+00      false       none         80         33          0          4      122      122          0          0          0
14       8.937602e+03   6.429402e+03   5.503367e+03    0.1440   2.709300e+01   1.968000e+00      false       none         80         33          0          4      130      130          0          0          0
15       1.098923e+04   6.429402e+03   5.503367e+03    0.1440   2.903100e+01   1.938000e+00      false       none         80         33          0          4      133      133          0          0          0
16       7.814275e+03   6.429402e+03   5.503367e+03    0.1440   3.090600e+01   1.875000e+00      false       none         80         33          0          4      141      141          0          0          0
17       7.290117e+03   6.429402e+03   5.503367e+03    0.1440   3.300000e+01   2.094000e+00      false       none         80         33          0          4      144      144          0          0          0
18       8.062024e+03   6.429402e+03   5.503367e+03    0.1440   3.518700e+01   2.187000e+00      false       none         80         33          0          4      148      148          0          0          0
19       7.773604e+03   6.429402e+03   5.503367e+03    0.1440   3.726500e+01   2.078000e+00      false       none         80         33          0          4      152      152          0          0          0
20       7.984191e+03   6.429402e+03   5.503367e+03    0.1440   3.943700e+01   2.172000e+00      false       none         80         33          0          4      158      158          0          0          0
21       9.776094e+03   6.429402e+03   5.558606e+03    0.1354   4.160900e+01   2.172000e+00      false       none         80         33          0          4      166      166          0          0          0
22       8.731277e+03   6.429402e+03   5.575535e+03    0.1328   4.373400e+01   2.125000e+00      false       none         80         33          0          4      172      172          0          0          0
23       7.191464e+03   6.429402e+03   5.575535e+03    0.1328   4.562500e+01   1.891000e+00      false       none         80         33          0          4      183      183          0          0          0
24       8.083489e+03   6.429402e+03   5.575535e+03    0.1328   4.757800e+01   1.953000e+00      false       none         80         33          0          4      192      192          0          0          0
25       7.681938e+03   6.429402e+03   5.618838e+03    0.1261   4.965600e+01   2.078000e+00      false       none         80         33          0          4      199      199          0          0          0
26       8.798742e+03   6.429402e+03   5.618838e+03    0.1261   5.184400e+01   2.188000e+00      false       none         80         33          0          4      203      203          0          0          0
27       7.838578e+03   6.429402e+03   5.618838e+03    0.1261   5.409400e+01   2.250000e+00      false       none         80         33          0          4      207      207          0          0          0
28       6.923789e+03   6.429402e+03   5.620532e+03    0.1258   5.628100e+01   2.187000e+00      false       none         80         33          0          4      213      213          0          0          0
29       8.425909e+03   6.429402e+03   5.620532e+03    0.1258   5.851500e+01   2.234000e+00      false       none         80         33          0          4      220      220          0          0          0
30       8.556219e+03   6.429402e+03   5.620532e+03    0.1258   6.057800e+01   2.063000e+00      false       none         80         33          0          4      224      224          0          0          0
31       8.449513e+03   6.429402e+03   5.663145e+03    0.1192   6.279700e+01   2.219000e+00      false       none         80         33          0          4      234      234          0          0          0
32       8.189737e+03   6.429402e+03   5.687507e+03    0.1154   6.512500e+01   2.328000e+00      false       none         80         33          0          4      244      244          0          0          0
33       1.097050e+04   6.429402e+03   5.687507e+03    0.1154   6.751500e+01   2.390000e+00      false       none         80         33          0          4      253      253          0          0          0
34       1.053422e+04   6.429402e+03   5.687507e+03    0.1154   6.990600e+01   2.391000e+00      false       none         80         33          0          4      258      258          0          0          0
35       8.394561e+03   6.429402e+03   5.687507e+03    0.1154   7.228100e+01   2.375000e+00      false       none         80         33          0          4      262      262          0          0          0
36       7.551248e+03   6.429402e+03   5.687507e+03    0.1154   7.453100e+01   2.250000e+00      false       none         80         33          0          4      266      266          0          0          0
37       9.080389e+03   6.429402e+03   5.687507e+03    0.1154   7.678100e+01   2.250000e+00      false       none         80         33          0          4      269      269          0          0          0
38       8.520903e+03   6.429402e+03   5.714357e+03    0.1112   7.904700e+01   2.266000e+00      false       none         80         33          0          4      276      276          0          0          0
39       7.057728e+03   6.429402e+03   5.714357e+03    0.1112   8.137500e+01   2.328000e+00      false       none         80         33          0          4      278      278          0          0          0
40       9.055301e+03   6.429402e+03   5.714357e+03    0.1112   8.362500e+01   2.250000e+00      false       none         80         33          0          4      280      280          0          0          0
41       7.291913e+03   6.429402e+03   5.714357e+03    0.1112   8.601500e+01   2.390000e+00      false       none         80         33          0          4      284      284          0          0          0
42       6.976467e+03   6.429402e+03   5.714357e+03    0.1112   8.829700e+01   2.282000e+00      false       none         80         33          0          4      287      287          0          0          0
43       8.398631e+03   6.429402e+03   5.714357e+03    0.1112   9.050000e+01   2.203000e+00      false       none         80         33          0          4      293      293          0          0          0
44       8.273154e+03   6.429402e+03   5.714357e+03    0.1112   9.285900e+01   2.359000e+00      false       none         80         33          0          4      295      295          0          0          0
45       1.122919e+04   6.429402e+03   5.714357e+03    0.1112   9.507800e+01   2.219000e+00      false       none         80         33          0          4      304      304          0          0          0
46       9.715476e+03   6.429402e+03   5.714357e+03    0.1112   9.725000e+01   2.172000e+00      false       none         80         33          0          4      308      308          0          0          0
47       8.986848e+03   6.429402e+03   5.714357e+03    0.1112   9.957800e+01   2.328000e+00      false       none         80         33          0          4      311      311          0          0          0
48       7.570678e+03   6.429402e+03   5.714357e+03    0.1112   1.018750e+02   2.297000e+00      false       none         80         33          0          4      313      313          0          0          0
49       8.821314e+03   6.429402e+03   5.714357e+03    0.1112   1.041250e+02   2.250000e+00      false       none         80         33          0          4      320      320          0          0          0
50       8.450136e+03   6.429402e+03   5.757403e+03    0.1045   1.065310e+02   2.406000e+00      false       none         80         33          0          4      326      326          0          0          0
51       9.540252e+03   6.429402e+03   5.757403e+03    0.1045   1.087810e+02   2.250000e+00      false       none         80         33          0          4      330      330          0          0          0
52       9.488386e+03   6.429402e+03   5.757403e+03    0.1045   1.111250e+02   2.344000e+00      false       none         80         33          0          4      335      335          0          0          0
53       8.434502e+03   6.429402e+03   5.757403e+03    0.1045   1.135310e+02   2.406000e+00      false       none         80         33          0          4      343      343          0          0          0
54       1.069613e+04   6.429402e+03   5.757403e+03    0.1045   1.158280e+02   2.297000e+00      false       none         80         33          0          4      343      343          0          0          0
55       8.495306e+03   6.429402e+03   5.757403e+03    0.1045   1.180470e+02   2.219000e+00      false       none         80         33          0          4      343      343          0          0          0
56       7.538955e+03   6.429402e+03   5.757403e+03    0.1045   1.203910e+02   2.344000e+00      false       none         80         33          0          4      345      345          0          0          0
57       9.526152e+03   6.429402e+03   5.757403e+03    0.1045   1.226870e+02   2.296000e+00      false       none         80         33          0          4      349      349          0          0          0
58       7.496654e+03   6.429402e+03   5.757403e+03    0.1045   1.249220e+02   2.235000e+00      false       none         80         33          0          4      351      351          0          0          0
59       9.334856e+03   6.429402e+03   5.757403e+03    0.1045   1.271250e+02   2.203000e+00      false       none         80         33          0          4      352      352          0          0          0
60       8.792971e+03   6.429402e+03   5.757403e+03    0.1045   1.293910e+02   2.266000e+00      false       none         80         33          0          4      354      354          0          0          0
61       7.769443e+03   6.429402e+03   5.757403e+03    0.1045   1.316870e+02   2.296000e+00      false       none         80         33          0          4      359      359          0          0          0
62       9.583435e+03   6.429402e+03   5.757403e+03    0.1045   1.340310e+02   2.344000e+00      false       none         80         33          0          4      363      363          0          0          0
63       1.176130e+04   6.429402e+03   5.757403e+03    0.1045   1.363590e+02   2.328000e+00      false       none         80         33          0          4      364      364          0          0          0
64       8.472141e+03   6.429402e+03   5.757403e+03    0.1045   1.386870e+02   2.328000e+00      false       none         80         33          0          4      366      366          0          0          0
65       7.019072e+03   6.429402e+03   5.757403e+03    0.1045   1.411090e+02   2.422000e+00      false       none         80         33          0          4      370      370          0          0          0
66       8.681404e+03   6.429402e+03   5.757403e+03    0.1045   1.435470e+02   2.438000e+00      false       none         80         33          0          4      372      372          0          0          0
67       9.424618e+03   6.429402e+03   5.757403e+03    0.1045   1.459370e+02   2.390000e+00      false       none         80         33          0          4      373      373          0          0          0
68       1.024477e+04   6.429402e+03   5.757403e+03    0.1045   1.483440e+02   2.407000e+00      false       none         80         33          0          4      377      377          0          0          0
69       7.838615e+03   6.429402e+03   5.781575e+03    0.1008   1.508440e+02   2.500000e+00      false       none         80         33          0          4      382      382          0          0          0
70       9.122785e+03   6.429402e+03   5.781575e+03    0.1008   1.535310e+02   2.687000e+00      false       none         80         33          0          4      385      385          0          0          0
71       1.162803e+04   6.429402e+03   5.781575e+03    0.1008   1.563120e+02   2.781000e+00      false       none         80         33          0          4      387      387          0          0          0
72       7.161786e+03   6.429402e+03   5.782756e+03    0.1006   1.589220e+02   2.610000e+00      false       none         80         33          0          4      391      391          0          0          0
73       7.035310e+03   6.429402e+03   5.782756e+03    0.1006   1.614220e+02   2.500000e+00      false       none         80         33          0          4      397      397          0          0          0
74       7.509729e+03   6.429402e+03   5.782756e+03    0.1006   1.640320e+02   2.610000e+00      false       none         80         33          0          4      399      399          0          0          0
75       9.209208e+03   6.429402e+03   5.782756e+03    0.1006   1.665630e+02   2.531000e+00      false       none         80         33          0          4      400      400          0          0          0
76       9.233546e+03   6.429402e+03   5.782756e+03    0.1006   1.691720e+02   2.609000e+00      false       none         80         33          0          4      401      401          0          0          0
77       1.014467e+04   6.429402e+03   5.782756e+03    0.1006   1.716720e+02   2.500000e+00      false       none         80         33          0          4      403      403          0          0          0
78       6.729280e+03   6.429402e+03   5.782756e+03    0.1006   1.742500e+02   2.578000e+00      false       none         80         33          0          4      410      410          0          0          0
79       6.776369e+03   6.429402e+03   5.782756e+03    0.1006   1.767970e+02   2.547000e+00      false       none         80         33          0          4      414      414          0          0          0
80       9.073918e+03   6.429402e+03   5.782756e+03    0.1006   1.793440e+02   2.547000e+00      false       none         80         33          0          4      418      418          0          0          0
81       8.353671e+03   6.429402e+03   5.813603e+03    0.0958   1.820940e+02   2.750000e+00      false       none         80         33          0          4      423      423          0          0          0
82       1.152464e+04   6.429402e+03   5.814617e+03    0.0956   1.846250e+02   2.531000e+00      false       none         80         33          0          4      427      427          0          0          0
83       1.211850e+04   6.429402e+03   5.821966e+03    0.0945   1.873750e+02   2.750000e+00      false       none         80         33          0          4      433      433          0          0          0
84       9.404855e+03   6.429402e+03   5.821966e+03    0.0945   1.899690e+02   2.594000e+00      false       none         80         33          0          4      434      434          0          0          0
85       9.747972e+03   6.429402e+03   5.821966e+03    0.0945   1.925630e+02   2.594000e+00      false       none         80         33          0          4      440      440          0          0          0
86       1.059565e+04   6.429402e+03   5.821966e+03    0.0945   1.950940e+02   2.531000e+00      false       none         80         33          0          4      441      441          0          0          0
87       8.425831e+03   6.429402e+03   5.821966e+03    0.0945   1.976720e+02   2.578000e+00      false       none         80         33          0          4      444      444          0          0          0
88       7.374890e+03   6.429402e+03   5.821966e+03    0.0945   2.002660e+02   2.594000e+00      false       none         80         33          0          4      445      445          0          0          0
89       6.794726e+03   6.429402e+03   5.821966e+03    0.0945   2.028600e+02   2.594000e+00      false       none         80         33          0          4      446      446          0          0          0
90       8.999750e+03   6.429402e+03   5.821966e+03    0.0945   2.055160e+02   2.656000e+00      false       none         80         33          0          4      447      447          0          0          0
91       8.488448e+03   6.429402e+03   5.821966e+03    0.0945   2.079850e+02   2.469000e+00      false       none         80         33          0          4      448      448          0          0          0
92       8.278610e+03   6.429402e+03   5.821966e+03    0.0945   2.105000e+02   2.515000e+00      false       none         80         33          0          4      449      449          0          0          0
93       1.079209e+04   6.429402e+03   5.821966e+03    0.0945   2.131410e+02   2.641000e+00      false       none         80         33          0          4      450      450          0          0          0
94       8.650974e+03   6.429402e+03   5.821966e+03    0.0945   2.159070e+02   2.766000e+00      false       none         80         33          0          4      451      451          0          0          0
95       7.178718e+03   6.429402e+03   5.821966e+03    0.0945   2.184540e+02   2.547000e+00      false       none         80         33          0          4      453      453          0          0          0
96       7.652072e+03   6.429402e+03   5.821966e+03    0.0945   2.210630e+02   2.609000e+00      false       none         80         33          0          4      456      456          0          0          0
97       8.807239e+03   6.429402e+03   5.821966e+03    0.0945   2.236570e+02   2.594000e+00      false       none         80         33          0          4      457      457          0          0          0
98       8.367421e+03   6.429402e+03   5.821966e+03    0.0945   2.261250e+02   2.468000e+00      false       none         80         33          0          4      460      460          0          0          0
99       8.173163e+03   6.429402e+03   5.821966e+03    0.0945   2.288910e+02   2.766000e+00      false       none         80         33          0          4      461      461          0          0          0
100      7.495434e+03   6.429402e+03   5.827368e+03    0.0936   2.315940e+02   2.703000e+00      false       none         80         33          0          4      463      463          0          0          0
101      9.603453e+03   6.429402e+03   5.827368e+03    0.0936   2.341880e+02   2.594000e+00      false       none         80         33          0          4      463      463          0          0          0
102      5.462506e+03   5.462506e+03   5.827368e+03    0.0626   2.368130e+02   2.625000e+00      false       none         80         33          0          4      472      472          0          0          0
103      9.726868e+03   5.462506e+03   5.827368e+03    0.0626   2.395000e+02   2.687000e+00      false       none         80         33          0          4      475      475          0          0          0
104      7.994349e+03   5.462506e+03   5.827368e+03    0.0626   2.423130e+02   2.813000e+00      false       none         80         33          0          4      477      477          0          0          0
105      9.449241e+03   5.462506e+03   5.827368e+03    0.0626   2.450000e+02   2.687000e+00      false       none         80         33          0          4      480      480          0          0          0
106      6.053980e+03   5.462506e+03   5.827368e+03    0.0626   2.477350e+02   2.735000e+00      false       none         80         33          0          4      481      481          0          0          0
107      8.652769e+03   5.462506e+03   5.827368e+03    0.0626   2.503750e+02   2.640000e+00      false       none         80         33          0          4      483      483          0          0          0
108      8.037908e+03   5.462506e+03   5.827368e+03    0.0626   2.529540e+02   2.579000e+00      false       none         80         33          0          4      484      484          0          0          0
109      7.506001e+03   5.462506e+03   5.827368e+03    0.0626   2.555940e+02   2.640000e+00      false       none         80         33          0          4      485      485          0          0          0
110      8.845553e+03   5.462506e+03   5.827368e+03    0.0626   2.583600e+02   2.766000e+00      false       none         80         33          0          4      486      486          0          0          0
111      6.627088e+03   5.462506e+03   5.827368e+03    0.0626   2.609380e+02   2.578000e+00      false       none         80         33          0          4      492      492          0          0          0
112      9.215653e+03   5.462506e+03   5.827368e+03    0.0626   2.636260e+02   2.688000e+00      false       none         80         33          0          4      495      495          0          0          0
113      8.935662e+03   5.462506e+03   5.827368e+03    0.0626   2.662190e+02   2.593000e+00      false       none         80         33          0          4      498      498          0          0          0
114      7.879389e+03   5.462506e+03   5.827368e+03    0.0626   2.689220e+02   2.703000e+00      false       none         80         33          0          4      499      499          0          0          0
115      1.064109e+04   5.462506e+03   5.827368e+03    0.0626   2.715940e+02   2.672000e+00      false       none         80         33          0          4      502      502          0          0          0
116      8.486885e+03   5.462506e+03   5.827368e+03    0.0626   2.743290e+02   2.735000e+00      false       none         80         33          0          4      508      508          0          0          0
117      6.392586e+03   5.462506e+03   5.827368e+03    0.0626   2.771100e+02   2.781000e+00      false       none         80         33          0          4      510      510          0          0          0
118      8.991067e+03   5.462506e+03   5.840721e+03    0.0648   2.797190e+02   2.609000e+00      false       none         80         33          0          4      513      513          0          0          0
119      9.635564e+03   5.462506e+03   5.840721e+03    0.0648   2.823760e+02   2.657000e+00      false       none         80         33          0          4      516      516          0          0          0
120      9.177749e+03   5.462506e+03   5.840721e+03    0.0648   2.850630e+02   2.687000e+00      false       none         80         33          0          4      520      520          0          0          0
121      8.957062e+03   5.462506e+03   5.840721e+03    0.0648   2.877350e+02   2.672000e+00      false       none         80         33          0          4      521      521          0          0          0
122      7.632932e+03   5.462506e+03   5.840721e+03    0.0648   2.904220e+02   2.687000e+00      false       none         80         33          0          4      522      522          0          0          0
123      1.131780e+04   5.462506e+03   5.840721e+03    0.0648   2.930320e+02   2.610000e+00      false       none         80         33          0          4      524      524          0          0          0
124      6.098822e+03   5.462506e+03   5.840721e+03    0.0648   2.960470e+02   3.015000e+00      false       none         80         33          0          4      531      531          0          0          0
125      9.800606e+03   5.462506e+03   5.840721e+03    0.0648   2.987970e+02   2.750000e+00      false       none         80         33          0          4      533      533          0          0          0
126      6.112655e+03   5.462506e+03   5.840721e+03    0.0648   3.015790e+02   2.782000e+00      false       none         80         33          0          4      536      536          0          0          0
127      8.864718e+03   5.462506e+03   5.840721e+03    0.0648   3.043910e+02   2.812000e+00      false       none         80         33          0          4      537      537          0          0          0
128      8.218121e+03   5.462506e+03   5.840721e+03    0.0648   3.070010e+02   2.610000e+00      false       none         80         33          0          4      538      538          0          0          0
129      9.741502e+03   5.462506e+03   5.840721e+03    0.0648   3.097820e+02   2.781000e+00      false       none         80         33          0          4      543      543          0          0          0
130      1.056008e+04   5.462506e+03   5.869667e+03    0.0694   3.124380e+02   2.656000e+00      false       none         80         33          0          4      547      547          0          0          0
131      7.417227e+03   5.462506e+03   5.869667e+03    0.0694   3.151100e+02   2.672000e+00      false       none         80         33          0          4      548      548          0          0          0
132      6.902942e+03   5.462506e+03   5.869667e+03    0.0694   3.177190e+02   2.609000e+00      false       none         80         33          0          4      550      550          0          0          0
133      9.514820e+03   5.462506e+03   5.869667e+03    0.0694   3.205010e+02   2.782000e+00      false       none         80         33          0          4      550      550          0          0          0
134      7.634747e+03   5.462506e+03   5.869667e+03    0.0694   3.232190e+02   2.718000e+00      false       none         80         33          0          4      551      551          0          0          0
135      7.737118e+03   5.462506e+03   5.869667e+03    0.0694   3.261410e+02   2.922000e+00      false       none         80         33          0          4      553      553          0          0          0
136      8.062313e+03   5.462506e+03   5.869667e+03    0.0694   3.289070e+02   2.766000e+00      false       none         80         33          0          4      555      555          0          0          0
137      9.819737e+03   5.462506e+03   5.869667e+03    0.0694   3.315940e+02   2.687000e+00      false       none         80         33          0          4      556      556          0          0          0
138      8.637083e+03   5.462506e+03   5.869667e+03    0.0694   3.342980e+02   2.704000e+00      false       none         80         33          0          4      557      557          0          0          0
139      8.075776e+03   5.462506e+03   5.869667e+03    0.0694   3.372820e+02   2.984000e+00      false       none         80         33          0          4      558      558          0          0          0
140      9.031269e+03   5.462506e+03   5.869667e+03    0.0694   3.400010e+02   2.719000e+00      false       none         80         33          0          4      559      559          0          0          0
141      1.039974e+04   5.462506e+03   5.869667e+03    0.0694   3.427980e+02   2.797000e+00      false       none         80         33          0          4      563      563          0          0          0
142      6.610597e+03   5.462506e+03   5.869667e+03    0.0694   3.455160e+02   2.718000e+00      false       none         80         33          0          4      564      564          0          0          0
143      7.828415e+03   5.462506e+03   5.869667e+03    0.0694   3.482660e+02   2.750000e+00      false       none         80         33          0          4      565      565          0          0          0
144      8.182798e+03   5.462506e+03   5.869667e+03    0.0694   3.510480e+02   2.782000e+00      false       none         80         33          0          4      566      566          0          0          0
145      7.566839e+03   5.462506e+03   5.869667e+03    0.0694   3.536570e+02   2.609000e+00      false       none         80         33          0          4      567      567          0          0          0
146      9.224013e+03   5.462506e+03   5.871620e+03    0.0697   3.565010e+02   2.844000e+00      false       none         80         33          0          4      569      569          0          0          0
147      6.696544e+03   5.462506e+03   5.871620e+03    0.0697   3.591730e+02   2.672000e+00      false       none         80         33          0          4      570      570          0          0          0
148      9.443654e+03   5.462506e+03   5.871620e+03    0.0697   3.619070e+02   2.734000e+00      false       none         80         33          0          4      571      571          0          0          0
149      6.944512e+03   5.462506e+03   5.871620e+03    0.0697   3.646730e+02   2.766000e+00      false       none         80         33          0          4      572      572          0          0          0
150      7.123434e+03   5.462506e+03   5.871620e+03    0.0697   3.675160e+02   2.843000e+00      false       none         80         33          0          4      572      572          0          0          0
151      7.575221e+03   5.462506e+03   5.871620e+03    0.0697   3.704230e+02   2.907000e+00      false       none         80         33          0          4      575      575          0          0          0
152      8.255193e+03   5.462506e+03   5.871620e+03    0.0697   3.733440e+02   2.921000e+00      false       none         80         33          0          4      578      578          0          0          0
153      5.835070e+03   5.462506e+03   5.871620e+03    0.0697   3.761880e+02   2.844000e+00      false       none         80         33          0          4      579      579          0          0          0
154      8.120408e+03   5.462506e+03   5.873177e+03    0.0699   3.789690e+02   2.781000e+00      false       none         80         33          0          4      585      585          0          0          0
155      1.055554e+04   5.462506e+03   5.873177e+03    0.0699   3.817190e+02   2.750000e+00      false       none         80         33          0          4      586      586          0          0          0
156      8.381506e+03   5.462506e+03   5.895945e+03    0.0735   3.845630e+02   2.844000e+00      false       none         80         33          0          4      593      593          0          0          0
157      9.348178e+03   5.462506e+03   5.895945e+03    0.0735   3.873600e+02   2.797000e+00      false       none         80         33          0          4      593      593          0          0          0
158      7.991566e+03   5.462506e+03   5.895945e+03    0.0735   3.901570e+02   2.797000e+00      false       none         80         33          0          4      594      594          0          0          0
159      7.307909e+03   5.462506e+03   5.895945e+03    0.0735   3.929230e+02   2.766000e+00      false       none         80         33          0          4      599      599          0          0          0
160      8.855596e+03   5.462506e+03   5.895945e+03    0.0735   3.956570e+02   2.734000e+00      false       none         80         33          0          4      601      601          0          0          0
161      7.551423e+03   5.462506e+03   5.895945e+03    0.0735   3.983600e+02   2.703000e+00      false       none         80         33          0          4      605      605          0          0          0
162      9.097434e+03   5.462506e+03   5.895945e+03    0.0735   4.012040e+02   2.844000e+00      false       none         80         33          0          4      607      607          0          0          0
163      8.880018e+03   5.462506e+03   5.895945e+03    0.0735   4.041410e+02   2.937000e+00      false       none         80         33          0          4      609      609          0          0          0
164      7.731357e+03   5.462506e+03   5.895945e+03    0.0735   4.070160e+02   2.875000e+00      false       none         80         33          0          4      611      611          0          0          0
165      8.782499e+03   5.462506e+03   5.895945e+03    0.0735   4.099380e+02   2.922000e+00      false       none         80         33          0          4      613      613          0          0          0
166      1.137946e+04   5.462506e+03   5.895945e+03    0.0735   4.127200e+02   2.782000e+00      false       none         80         33          0          4      616      616          0          0          0
167      8.405917e+03   5.462506e+03   5.895945e+03    0.0735   4.155480e+02   2.828000e+00      false       none         80         33          0          4      616      616          0          0          0
168      9.500257e+03   5.462506e+03   5.895945e+03    0.0735   4.183760e+02   2.828000e+00      false       none         80         33          0          4      617      617          0          0          0
169      9.694914e+03   5.462506e+03   5.895945e+03    0.0735   4.212200e+02   2.844000e+00      false       none         80         33          0          4      619      619          0          0          0
170      8.881460e+03   5.462506e+03   5.895945e+03    0.0735   4.240630e+02   2.843000e+00      false       none         80         33          0          4      620      620          0          0          0
171      7.407930e+03   5.462506e+03   5.895945e+03    0.0735   4.269230e+02   2.860000e+00      false       none         80         33          0          4      623      623          0          0          0
172      8.764257e+03   5.462506e+03   5.895945e+03    0.0735   4.297820e+02   2.859000e+00      false       none         80         33          0          4      624      624          0          0          0
173      9.060429e+03   5.462506e+03   5.895945e+03    0.0735   4.325480e+02   2.766000e+00      false       none         80         33          0          4      624      624          0          0          0
174      9.416110e+03   5.462506e+03   5.913744e+03    0.0763   4.353290e+02   2.781000e+00      false       none         80         33          0          4      627      627          0          0          0
175      8.702368e+03   5.462506e+03   5.913744e+03    0.0763   4.382350e+02   2.906000e+00      false       none         80         33          0          4      628      628          0          0          0
176      8.468375e+03   5.462506e+03   5.913744e+03    0.0763   4.410480e+02   2.813000e+00      false       none         80         33          0          4      630      630          0          0          0
177      1.045216e+04   5.462506e+03   5.913744e+03    0.0763   4.437820e+02   2.734000e+00      false       none         80         33          0          4      630      630          0          0          0
178      9.443434e+03   5.462506e+03   5.913744e+03    0.0763   4.466880e+02   2.906000e+00      false       none         80         33          0          4      632      632          0          0          0
179      6.861777e+03   5.462506e+03   5.913744e+03    0.0763   4.494540e+02   2.766000e+00      false       none         80         33          0          4      634      634          0          0          0
180      8.607004e+03   5.462506e+03   5.913744e+03    0.0763   4.522980e+02   2.844000e+00      false       none         80         33          0          4      635      635          0          0          0
181      5.947328e+03   5.462506e+03   5.913744e+03    0.0763   4.554230e+02   3.125000e+00      false       none         80         33          0          4      642      642          0          0          0
182      8.981335e+03   5.462506e+03   5.913744e+03    0.0763   4.582670e+02   2.844000e+00      false       none         80         33          0          4      642      642          0          0          0
183      7.851903e+03   5.462506e+03   5.913744e+03    0.0763   4.610790e+02   2.812000e+00      false       none         80         33          0          4      643      643          0          0          0
184      9.392209e+03   5.462506e+03   5.913744e+03    0.0763   4.639540e+02   2.875000e+00      false       none         80         33          0          4      645      645          0          0          0
185      7.443602e+03   5.462506e+03   5.913744e+03    0.0763   4.669230e+02   2.969000e+00      false       none         80         33          0          4      647      647          0          0          0
186      8.387247e+03   5.462506e+03   5.913744e+03    0.0763   4.698130e+02   2.890000e+00      false       none         80         33          0          4      648      648          0          0          0
187      7.259197e+03   5.462506e+03   5.913744e+03    0.0763   4.727820e+02   2.969000e+00      false       none         80         33          0          4      650      650          0          0          0
188      8.094122e+03   5.462506e+03   5.913744e+03    0.0763   4.755950e+02   2.813000e+00      false       none         80         33          0          4      650      650          0          0          0
189      8.905456e+03   5.462506e+03   5.913744e+03    0.0763   4.784230e+02   2.828000e+00      false       none         80         33          0          4      650      650          0          0          0
190      7.803890e+03   5.462506e+03   5.913744e+03    0.0763   4.813600e+02   2.937000e+00      false       none         80         33          0          4      650      650          0          0          0
191      7.445063e+03   5.462506e+03   5.913744e+03    0.0763   4.841730e+02   2.813000e+00      false       none         80         33          0          4      651      651          0          0          0
192      7.567815e+03   5.462506e+03   5.913744e+03    0.0763   4.870950e+02   2.922000e+00      false       none         80         33          0          4      651      651          0          0          0
193      7.959142e+03   5.462506e+03   5.913744e+03    0.0763   4.898600e+02   2.765000e+00      false       none         80         33          0          4      654      654          0          0          0
194      8.095779e+03   5.462506e+03   5.913744e+03    0.0763   4.927820e+02   2.922000e+00      false       none         80         33          0          4      655      655          0          0          0

Terminating DynamicSDDiP with status: bound_stalling
------------------------------------------------------------------------------
 ────────────────────────────────────────────────────────────────────────────────
                                        Time                    Allocations      
                               ───────────────────────   ────────────────────────
       Tot / % measured:             493s / 100.0%           13.3GiB / 100.0%    

 Section               ncalls     time    %tot     avg     alloc    %tot      avg
 ────────────────────────────────────────────────────────────────────────────────
 loop                       1     493s  100.0%    493s   13.2GiB  100.0%  13.2GiB
   iterations             194     492s   99.9%   2.54s   13.2GiB  100.0%  69.9MiB
     backward_pass        194     481s   97.5%   2.48s   13.2GiB   99.4%  69.5MiB
       solve_BP         58.2k     479s   97.3%  8.24ms   13.1GiB   99.0%   236KiB
         solve_dual     58.2k     476s   96.5%  8.17ms   12.7GiB   96.2%   230KiB
           solver_c...  58.2k     390s   79.2%  6.70ms    260MiB    1.9%  4.57KiB
           LP_relax...  58.2k    66.1s   13.4%  1.14ms   8.14GiB   61.5%   147KiB
             solver...  58.2k    23.7s    4.8%   407μs   76.8MiB    0.6%  1.35KiB
         space_change    116k   32.6ms    0.0%   280ns     0.00B    0.0%    0.00B
       update_bellman   2.91k    122ms    0.0%  42.0μs   12.6MiB    0.1%  4.45KiB
         cut_selection    655    820μs    0.0%  1.25μs   51.8KiB    0.0%    81.0B
     forward_pass         194    11.3s    2.3%  58.1ms   69.7MiB    0.5%   368KiB
       solve_subpro...  3.10k    11.2s    2.3%  3.59ms   60.6MiB    0.4%  20.0KiB
         solver_cal...  3.10k    10.8s    2.2%  3.48ms   9.12MiB    0.1%  3.01KiB
     calculate_bound      194    409ms    0.1%  2.11ms   4.84MiB    0.0%  25.6KiB
       solver_call_...    194    382ms    0.1%  1.97ms    393KiB    0.0%  2.03KiB
 ────────────────────────────────────────────────────────────────────────────────

||||||||||||||||||||||||||||||||||||||||||||||||||||||||||||||||||||||||||||||||||||||||||||||||||||||||||||||||||||||||||||||||||||||||
LAGRANGIAN DUAL SOLUTION RESULTS
mn_opt: 0 times (NaN%)
conv: 0 times (NaN%)
unbounded: 0 times (NaN%)
bound_issues: 0 times (NaN%)
subgr_stalling: 0 times (NaN%)
opt: 0 times (NaN%)
feas_issues: 0 times (NaN%)
sub: 0 times (NaN%)
mn_iter: 0 times (NaN%)
iter: 0 times (NaN%)
mn_issue: 0 times (NaN%)

||||||||||||||||||||||||||||||||||||||||||||||||||||||||||||||||||||||||||||||||||||||||||||||||||||||||||||||||||||||||||||||||||||||||
SIMULATION RESULTS
DynamicSDDiP.Simulation(DynamicSDDiP.InSampleMonteCarlo(), 1000)
Lower bound: 5913.744152808213
Statistical upper bound (confidence interval): 8596.658246160236 ± 76.91926588198325
Pessimistic upper bound: 8673.577512042219
