

#########################################################################################################################################
#########################################################################################################################################
#########################################################################################################################################
#########################################################################################################################################
#########################################################################################################################################
DynamicSDDiP.jl (c) Christian Füllner, 2021
re-uses code from SDDP.jl (c) Oscar Dowson, 2017-21
||||||||||||||||||||||||||||||||||||||||||||||||||||||||||||||||||||||||||||||||||||||||||||||||||||||||||||||||||||||||||||||||||||||||
PATH
calling 
C:\Users\cg4102\.julia\packages\DynamicSDDiP\jRtdG\src
nothing
DATETIME
2024-11-11T15:30:37.049
||||||||||||||||||||||||||||||||||||||||||||||||||||||||||||||||||||||||||||||||||||||||||||||||||||||||||||||||||||||||||||||||||||||||
STOPPING RULES
SDDP.TimeLimit(10800.0)
SDDP.BoundStalling(20, 0.0001)
||||||||||||||||||||||||||||||||||||||||||||||||||||||||||||||||||||||||||||||||||||||||||||||||||||||||||||||||||||||||||||||||||||||||
REGULARIZATION
DynamicSDDiP.NoRegularization()
||||||||||||||||||||||||||||||||||||||||||||||||||||||||||||||||||||||||||||||||||||||||||||||||||||||||||||||||||||||||||||||||||||||||
CUT GENERATION REGIMES
DynamicSDDiP.CutGenerationRegime(DynamicSDDiP.NoStateApproximation(), DynamicSDDiP.LagrangianDuality(0.0001, 0.0001, 1000, DynamicSDDiP.ZeroDuals(), DynamicSDDiP.BothBounds(), DynamicSDDiP.LevelBundle(0.5, true, false), DynamicSDDiP.StandardChoice(), DynamicSDDiP.Lax(), DynamicSDDiP.ConvexHullCopy(), false), 1, Inf, Inf, 0.0, true, 0.0001)

||||||||||||||||||||||||||||||||||||||||||||||||||||||||||||||||||||||||||||||||||||||||||||||||||||||||||||||||||||||||||||||||||||||||
CUT AGGREGATION
DynamicSDDiP.MultiCutRegime()
||||||||||||||||||||||||||||||||||||||||||||||||||||||||||||||||||||||||||||||||||||||||||||||||||||||||||||||||||||||||||||||||||||||||
CUT SELECTION
DynamicSDDiP.NoCutSelection()
||||||||||||||||||||||||||||||||||||||||||||||||||||||||||||||||||||||||||||||||||||||||||||||||||||||||||||||||||||||||||||||||||||||||
LATE BINARIZATION
DynamicSDDiP.NoLateBinarization()
||||||||||||||||||||||||||||||||||||||||||||||||||||||||||||||||||||||||||||||||||||||||||||||||||||||||||||||||||||||||||||||||||||||||
APPLIED SOLVERS (LP, MILP, MIQCP, MINLP, NLP, Lagrange)
DynamicSDDiP.AppliedSolvers(true, "Gurobi", "Gurobi", "Gurobi", "Gurobi", "Gurobi", "Gurobi", "Gurobi", "Gurobi", "Gurobi", 0.0001, 300)
DynamicSDDiP.Direct_Solver()
Numerical focus: false
Silent: true
||||||||||||||||||||||||||||||||||||||||||||||||||||||||||||||||||||||||||||||||||||||||||||||||||||||||||||||||||||||||||||||||||||||||
SAMPLING
Used seed for sampling scenarios: 
11111     
||||||||||||||||||||||||||||||||||||||||||||||||||||||||||||||||||||||||||||||||||||||||||||||||||||||||||||||||||||||||||||||||||||||||
RUN DESCRIPTION

||||||||||||||||||||||||||||||||||||||||||||||||||||||||||||||||||||||||||||||||||||||||||||||||||||||||||||||||||||||||||||||||||||||||
PROBLEM DESCRIPTION
Number of stages: 16
Number of realizations per stage: 20
Seed for scenario tree sampling: 12345
Solver: serial mode

────────────────────────────────────────────────────────────────────────────────────────────────────────────────────────────────────────────────────────────────────────────────────────────────────────
It.#               UB        Best UB             LB       Gap           Time        It_Time           Refinements                            #Var.   #Constr.             #Cuts       Lagrangian Dual                                               
                                                          [%]            [s]            [s]          σ       Bin.      Total      {0,1}          ℤ      Total    Total   Active      # It.    # C-It.  # C-Real.  
────────────────────────────────────────────────────────────────────────────────────────────────────────────────────────────────────────────────────────────────────────────────────────────────────────
1        3.022289e+04   3.022289e+04   3.273803e+03    0.8917   4.985900e+01   4.985900e+01      false       none         82         10          0         11      300      300       7666       7666        300
2        3.734489e+04   3.022289e+04   4.403449e+03    0.8543   1.325780e+02   8.271900e+01      false       none         82         10          0         11      600      600      11067      11067        300
3        3.545965e+04   3.022289e+04   5.838050e+03    0.8068   2.402180e+02   1.076400e+02      false       none         82         10          0         11      900      900      11947      11947        300
4        3.479191e+04   3.022289e+04   6.419152e+03    0.7876   3.746720e+02   1.344540e+02      false       none         82         10          0         11     1200     1200      13035      13035        300
5        3.449076e+04   3.022289e+04   7.048916e+03    0.7668   5.356410e+02   1.609690e+02      false       none         82         10          0         11     1500     1500      13663      13663        300
6        3.218282e+04   3.022289e+04   8.081304e+03    0.7326   7.006870e+02   1.650460e+02      false       none         82         10          0         11     1800     1800      13234      13234        300
7        3.204839e+04   3.022289e+04   8.769584e+03    0.7098   8.948440e+02   1.941570e+02      false       none         82         10          0         11     2100     2100      13844      13844        300
8        3.492833e+04   3.022289e+04   9.638773e+03    0.6811   1.087812e+03   1.929680e+02      false       none         82         10          0         11     2400     2400      13306      13306        300
9        3.523635e+04   3.022289e+04   9.958815e+03    0.6705   1.305985e+03   2.181730e+02      false       none         82         10          0         11     2700     2700      15025      15025        300
10       3.390536e+04   3.022289e+04   1.115810e+04    0.6308   1.533923e+03   2.279380e+02      false       none         82         10          0         11     3000     3000      12720      12720        300
11       3.080828e+04   3.022289e+04   1.273974e+04    0.5785   1.825079e+03   2.911560e+02      false       none         82         10          0         11     3299     3299      14030      14030        300
12       3.139214e+04   3.022289e+04   1.377313e+04    0.5443   2.121532e+03   2.964530e+02      false       none         82         10          0         11     3599     3599      12781      12781        300
13       3.266155e+04   3.022289e+04   1.412768e+04    0.5326   2.482518e+03   3.609860e+02      false       none         82         10          0         11     3899     3899      14816      14816        300
14       3.221688e+04   3.022289e+04   1.479657e+04    0.5104   2.801049e+03   3.185310e+02      false       none         82         10          0         11     4199     4199      13801      13801        300
15       2.975549e+04   2.975549e+04   1.519849e+04    0.4892   3.157627e+03   3.565780e+02      false       none         82         10          0         11     4498     4498      14038      14038        300
16       3.364475e+04   2.975549e+04   1.564455e+04    0.4742   3.547294e+03   3.896670e+02      false       none         82         10          0         11     4798     4798      13226      13226        300
17       3.295054e+04   2.975549e+04   1.597415e+04    0.4632   3.950670e+03   4.033760e+02      false       none         82         10          0         11     5097     5097      13283      13283        300
18       3.097389e+04   2.975549e+04   1.658709e+04    0.4426   4.379594e+03   4.289240e+02      false       none         82         10          0         11     5396     5396      14517      14517        300
19       3.184590e+04   2.975549e+04   1.684877e+04    0.4338   4.844345e+03   4.647510e+02      false       none         82         10          0         11     5696     5696      14219      14219        300
20       3.035528e+04   2.975549e+04   1.714583e+04    0.4238   5.301668e+03   4.573230e+02      false       none         82         10          0         11     5995     5995      14569      14569        300
21       3.299016e+04   2.975549e+04   1.768308e+04    0.4057   5.804798e+03   5.031300e+02      false       none         82         10          0         11     6295     6295      14211      14211        300
22       3.237439e+04   2.975549e+04   1.786154e+04    0.3997   6.336253e+03   5.314550e+02      false       none         82         10          0         11     6584     6584      13272      13272        300
23       3.101102e+04   2.975549e+04   1.808855e+04    0.3921   6.725832e+03   3.895790e+02      false       none         82         10          0         11     6884     6884      15075      15075        300
24       2.725619e+04   2.725619e+04   1.837156e+04    0.3260   7.325240e+03   5.994080e+02      false       none         82         10          0         11     7182     7182      14026      14026        300
25       3.077288e+04   2.725619e+04   1.867849e+04    0.3147   7.937164e+03   6.119240e+02      false       none         82         10          0         11     7482     7482      14573      14573        300
26       3.383854e+04   2.725619e+04   1.900454e+04    0.3027   8.518182e+03   5.810180e+02      false       none         82         10          0         11     7782     7782      13448      13448        300
27       3.290686e+04   2.725619e+04   1.919903e+04    0.2956   9.152419e+03   6.342370e+02      false       none         82         10          0         11     8080     8080      13747      13747        300
28       3.679359e+04   2.725619e+04   1.934830e+04    0.2901   9.794047e+03   6.416280e+02      false       none         82         10          0         11     8374     8374      13178      13178        300
29       3.234379e+04   2.725619e+04   1.959296e+04    0.2812   1.052461e+04   7.305650e+02      false       none         82         10          0         11     8673     8673      14492      14492        300
30       3.111918e+04   2.725619e+04   1.968868e+04    0.2776   1.127321e+04   7.485960e+02      false       none         82         10          0         11     8973     8973      14923      14923        300

Terminating DynamicSDDiP with status: time_limit
------------------------------------------------------------------------------
 ────────────────────────────────────────────────────────────────────────────────
                                        Time                    Allocations      
                               ───────────────────────   ────────────────────────
       Tot / % measured:            3.13h / 100.0%           30.8GiB / 100.0%    

 Section               ncalls     time    %tot     avg     alloc    %tot      avg
 ────────────────────────────────────────────────────────────────────────────────
 loop                       1    3.13h  100.0%   3.13h   30.8GiB  100.0%  30.8GiB
   iterations              30    3.13h  100.0%    376s   30.8GiB  100.0%  1.03GiB
     backward_pass         30    3.13h   99.9%    376s   30.8GiB  100.0%  1.03GiB
       solve_BP         9.00k    3.13h   99.9%   1.25s   30.7GiB   99.8%  3.50MiB
         solve_dual     9.00k    3.13h   99.9%   1.25s   30.7GiB   99.7%  3.49MiB
           solve_la...  9.00k    3.10h   99.0%   1.24s   30.7GiB   99.5%  3.49MiB
             inner_sol   406k    2.91h   92.9%  25.8ms   7.27GiB   23.6%  18.8KiB
               solv...   406k    2.90h   92.5%  25.7ms   1.21GiB    3.9%  3.14KiB
             bundle...   406k     458s    4.1%  1.13ms    787MiB    2.5%  1.99KiB
             outer_sol   406k     114s    1.0%   281μs   1.07GiB    3.5%  2.76KiB
             add_cut     406k    19.8s    0.2%  48.8μs   4.35GiB   14.1%  11.3KiB
             init_a...  9.00k    2.97s    0.0%   331μs   1.06GiB    3.4%   124KiB
             relax_...  9.00k    629ms    0.0%  69.9μs    104MiB    0.3%  11.8KiB
             restor...  9.00k    398ms    0.0%  44.3μs   52.9MiB    0.2%  6.02KiB
             conver...  9.00k   26.1ms    0.0%  2.90μs   1.65MiB    0.0%     192B
             minima...    424    467μs    0.0%  1.10μs     0.00B    0.0%    0.00B
           solve_pr...  9.00k     104s    0.9%  11.6ms   16.2MiB    0.1%  1.84KiB
           dual_ini...  9.00k   12.3ms    0.0%  1.36μs   1.37MiB    0.0%     160B
         space_change   18.0k   5.17ms    0.0%   287ns     0.00B    0.0%    0.00B
       update_bellman     450   88.0ms    0.0%   196μs   45.4MiB    0.1%   103KiB
         cut_selection  8.97k   3.14ms    0.0%   350ns    599KiB    0.0%    68.4B
     forward_pass          30    5.40s    0.0%   180ms   11.0MiB    0.0%   377KiB
       solve_subpro...    480    5.38s    0.0%  11.2ms   9.74MiB    0.0%  20.8KiB
         solver_cal...    480    5.32s    0.0%  11.1ms   2.90MiB    0.0%  6.19KiB
     calculate_bound       30    342ms    0.0%  11.4ms    654KiB    0.0%  21.8KiB
       solver_call_...     30    338ms    0.0%  11.3ms   50.0KiB    0.0%  1.67KiB
 ────────────────────────────────────────────────────────────────────────────────

||||||||||||||||||||||||||||||||||||||||||||||||||||||||||||||||||||||||||||||||||||||||||||||||||||||||||||||||||||||||||||||||||||||||
LAGRANGIAN DUAL SOLUTION RESULTS
mn_opt: 0 times (0.0%)
conv: 8576 times (95.3%)
unbounded: 0 times (0.0%)
bound_issues: 0 times (0.0%)
subgr_stalling: 0 times (0.0%)
opt: 424 times (4.7%)
feas_issues: 0 times (0.0%)
sub: 0 times (0.0%)
mn_iter: 0 times (0.0%)
iter: 0 times (0.0%)
mn_issue: 0 times (0.0%)

||||||||||||||||||||||||||||||||||||||||||||||||||||||||||||||||||||||||||||||||||||||||||||||||||||||||||||||||||||||||||||||||||||||||
SIMULATION RESULTS
DynamicSDDiP.Simulation(DynamicSDDiP.InSampleMonteCarlo(), 1000)
Lower bound: 19688.678777543202
Statistical upper bound (confidence interval): 31351.0293702722 ± 116.7327808428256
Pessimistic upper bound: 31467.76215111503
