

#########################################################################################################################################
#########################################################################################################################################
#########################################################################################################################################
#########################################################################################################################################
#########################################################################################################################################
DynamicSDDiP.jl (c) Christian Füllner, 2021
re-uses code from SDDP.jl (c) Oscar Dowson, 2017-21
||||||||||||||||||||||||||||||||||||||||||||||||||||||||||||||||||||||||||||||||||||||||||||||||||||||||||||||||||||||||||||||||||||||||
PATH
calling 
C:\Users\cg4102\.julia\packages\DynamicSDDiP\jRtdG\src
nothing
DATETIME
2024-11-12T17:29:03.057
||||||||||||||||||||||||||||||||||||||||||||||||||||||||||||||||||||||||||||||||||||||||||||||||||||||||||||||||||||||||||||||||||||||||
STOPPING RULES
SDDP.TimeLimit(10800.0)
SDDP.BoundStalling(20, 0.0001)
||||||||||||||||||||||||||||||||||||||||||||||||||||||||||||||||||||||||||||||||||||||||||||||||||||||||||||||||||||||||||||||||||||||||
REGULARIZATION
DynamicSDDiP.NoRegularization()
||||||||||||||||||||||||||||||||||||||||||||||||||||||||||||||||||||||||||||||||||||||||||||||||||||||||||||||||||||||||||||||||||||||||
CUT GENERATION REGIMES
DynamicSDDiP.CutGenerationRegime(DynamicSDDiP.NoStateApproximation(), DynamicSDDiP.LinearDuality(), 1, Inf, Inf, 0.0, true, 0.0001)

||||||||||||||||||||||||||||||||||||||||||||||||||||||||||||||||||||||||||||||||||||||||||||||||||||||||||||||||||||||||||||||||||||||||
CUT AGGREGATION
DynamicSDDiP.MultiCutRegime()
||||||||||||||||||||||||||||||||||||||||||||||||||||||||||||||||||||||||||||||||||||||||||||||||||||||||||||||||||||||||||||||||||||||||
CUT SELECTION
DynamicSDDiP.NoCutSelection()
||||||||||||||||||||||||||||||||||||||||||||||||||||||||||||||||||||||||||||||||||||||||||||||||||||||||||||||||||||||||||||||||||||||||
LATE BINARIZATION
DynamicSDDiP.NoLateBinarization()
||||||||||||||||||||||||||||||||||||||||||||||||||||||||||||||||||||||||||||||||||||||||||||||||||||||||||||||||||||||||||||||||||||||||
APPLIED SOLVERS (LP, MILP, MIQCP, MINLP, NLP, Lagrange)
DynamicSDDiP.AppliedSolvers(true, "Gurobi", "Gurobi", "Gurobi", "Gurobi", "Gurobi", "Gurobi", "Gurobi", "Gurobi", "Gurobi", 0.0001, 300)
DynamicSDDiP.Direct_Solver()
Numerical focus: false
Silent: true
||||||||||||||||||||||||||||||||||||||||||||||||||||||||||||||||||||||||||||||||||||||||||||||||||||||||||||||||||||||||||||||||||||||||
SAMPLING
Used seed for sampling scenarios: 
11111     
||||||||||||||||||||||||||||||||||||||||||||||||||||||||||||||||||||||||||||||||||||||||||||||||||||||||||||||||||||||||||||||||||||||||
RUN DESCRIPTION

||||||||||||||||||||||||||||||||||||||||||||||||||||||||||||||||||||||||||||||||||||||||||||||||||||||||||||||||||||||||||||||||||||||||
PROBLEM DESCRIPTION
Number of stages: 16
Number of realizations per stage: 20
Seed for scenario tree sampling: 12345
Solver: serial mode

────────────────────────────────────────────────────────────────────────────────────────────────────────────────────────────────────────────────────────────────────────────────────────────────────────
It.#               UB        Best UB             LB       Gap           Time        It_Time           Refinements                            #Var.   #Constr.             #Cuts       Lagrangian Dual                                               
                                                          [%]            [s]            [s]          σ       Bin.      Total      {0,1}          ℤ      Total    Total   Active      # It.    # C-It.  # C-Real.  
────────────────────────────────────────────────────────────────────────────────────────────────────────────────────────────────────────────────────────────────────────────────────────────────────────
1        3.022289e+04   3.022289e+04   1.469204e+04    0.5139   2.500000e-01   2.500000e-01      false       none         82         10          0         11      300      300          0          0          0
2        3.304593e+04   3.022289e+04   1.485042e+04    0.5086   4.690001e-01   2.190001e-01      false       none         82         10          0         11      590      590          0          0          0
3        3.137704e+04   3.022289e+04   1.497430e+04    0.5045   7.030001e-01   2.340000e-01      false       none         82         10          0         11      863      863          0          0          0
4        3.325464e+04   3.022289e+04   1.505133e+04    0.5020   9.690001e-01   2.660000e-01      false       none         82         10          0         11     1127     1127          0          0          0
5        3.003077e+04   3.003077e+04   1.506612e+04    0.4983   1.219000e+00   2.500000e-01      false       none         82         10          0         11     1407     1407          0          0          0
6        2.520450e+04   2.520450e+04   1.508384e+04    0.4015   1.485000e+00   2.660000e-01      false       none         82         10          0         11     1683     1683          0          0          0
7        2.946497e+04   2.520450e+04   1.509227e+04    0.4012   1.782000e+00   2.969999e-01      false       none         82         10          0         11     1933     1933          0          0          0
8        3.061618e+04   2.520450e+04   1.510094e+04    0.4009   2.047000e+00   2.650001e-01      false       none         82         10          0         11     2136     2136          0          0          0
9        2.563256e+04   2.520450e+04   1.510328e+04    0.4008   2.328000e+00   2.809999e-01      false       none         82         10          0         11     2404     2404          0          0          0
10       3.097822e+04   2.520450e+04   1.510781e+04    0.4006   2.625000e+00   2.969999e-01      false       none         82         10          0         11     2634     2634          0          0          0
11       2.802541e+04   2.520450e+04   1.511241e+04    0.4004   2.953000e+00   3.280001e-01      false       none         82         10          0         11     2877     2877          0          0          0
12       2.943698e+04   2.520450e+04   1.512525e+04    0.3999   3.235000e+00   2.820001e-01      false       none         82         10          0         11     3115     3115          0          0          0
13       2.896458e+04   2.520450e+04   1.512690e+04    0.3998   3.547000e+00   3.120000e-01      false       none         82         10          0         11     3360     3360          0          0          0
14       2.953565e+04   2.520450e+04   1.513175e+04    0.3996   3.907000e+00   3.599999e-01      false       none         82         10          0         11     3587     3587          0          0          0
15       2.724887e+04   2.520450e+04   1.513442e+04    0.3995   4.235000e+00   3.280001e-01      false       none         82         10          0         11     3825     3825          0          0          0
16       3.051950e+04   2.520450e+04   1.513628e+04    0.3995   4.578000e+00   3.429999e-01      false       none         82         10          0         11     4050     4050          0          0          0
17       3.176156e+04   2.520450e+04   1.513696e+04    0.3994   4.953000e+00   3.750000e-01      false       none         82         10          0         11     4246     4246          0          0          0
18       2.873215e+04   2.520450e+04   1.513906e+04    0.3994   5.297000e+00   3.440001e-01      false       none         82         10          0         11     4450     4450          0          0          0
19       2.880905e+04   2.520450e+04   1.514035e+04    0.3993   5.672000e+00   3.750000e-01      false       none         82         10          0         11     4679     4679          0          0          0
20       2.658271e+04   2.520450e+04   1.514059e+04    0.3993   6.032000e+00   3.599999e-01      false       none         82         10          0         11     4873     4873          0          0          0
21       3.108647e+04   2.520450e+04   1.514103e+04    0.3993   6.422000e+00   3.900001e-01      false       none         82         10          0         11     5070     5070          0          0          0
22       3.186454e+04   2.520450e+04   1.514110e+04    0.3993   6.782000e+00   3.599999e-01      false       none         82         10          0         11     5252     5252          0          0          0
23       2.176337e+04   2.176337e+04   1.514117e+04    0.3043   7.188000e+00   4.059999e-01      false       none         82         10          0         11     5461     5461          0          0          0
24       2.638923e+04   2.176337e+04   1.514117e+04    0.3043   7.610000e+00   4.220002e-01      false       none         82         10          0         11     5669     5669          0          0          0
25       2.835758e+04   2.176337e+04   1.514187e+04    0.3042   8.000000e+00   3.899999e-01      false       none         82         10          0         11     5846     5846          0          0          0
26       3.119177e+04   2.176337e+04   1.515120e+04    0.3038   8.407000e+00   4.070001e-01      false       none         82         10          0         11     6053     6053          0          0          0
27       3.101720e+04   2.176337e+04   1.515215e+04    0.3038   8.828000e+00   4.210000e-01      false       none         82         10          0         11     6192     6192          0          0          0
28       3.561561e+04   2.176337e+04   1.515398e+04    0.3037   9.235000e+00   4.070001e-01      false       none         82         10          0         11     6349     6349          0          0          0
29       3.100704e+04   2.176337e+04   1.515398e+04    0.3037   9.625000e+00   3.899999e-01      false       none         82         10          0         11     6500     6500          0          0          0
30       3.040813e+04   2.176337e+04   1.515728e+04    0.3035   1.003200e+01   4.070001e-01      false       none         82         10          0         11     6712     6712          0          0          0
31       2.741610e+04   2.176337e+04   1.515905e+04    0.3035   1.046900e+01   4.370000e-01      false       none         82         10          0         11     6884     6884          0          0          0
32       2.676808e+04   2.176337e+04   1.516150e+04    0.3033   1.090700e+01   4.380000e-01      false       none         82         10          0         11     7076     7076          0          0          0
33       3.138321e+04   2.176337e+04   1.516369e+04    0.3032   1.134400e+01   4.370000e-01      false       none         82         10          0         11     7233     7233          0          0          0
34       2.756126e+04   2.176337e+04   1.516453e+04    0.3032   1.179700e+01   4.530001e-01      false       none         82         10          0         11     7411     7411          0          0          0
35       2.965634e+04   2.176337e+04   1.516483e+04    0.3032   1.223500e+01   4.380000e-01      false       none         82         10          0         11     7545     7545          0          0          0
36       2.564016e+04   2.176337e+04   1.516515e+04    0.3032   1.270300e+01   4.679999e-01      false       none         82         10          0         11     7747     7747          0          0          0
37       2.942255e+04   2.176337e+04   1.516535e+04    0.3032   1.317200e+01   4.690001e-01      false       none         82         10          0         11     7911     7911          0          0          0
38       2.940512e+04   2.176337e+04   1.516535e+04    0.3032   1.365700e+01   4.849999e-01      false       none         82         10          0         11     8010     8010          0          0          0
39       2.577134e+04   2.176337e+04   1.516559e+04    0.3032   1.409400e+01   4.370000e-01      false       none         82         10          0         11     8168     8168          0          0          0
40       3.170631e+04   2.176337e+04   1.516772e+04    0.3031   1.457800e+01   4.840000e-01      false       none         82         10          0         11     8271     8271          0          0          0
41       2.684147e+04   2.176337e+04   1.516793e+04    0.3031   1.507800e+01   5.000000e-01      false       none         82         10          0         11     8437     8437          0          0          0
42       3.046967e+04   2.176337e+04   1.516804e+04    0.3030   1.554700e+01   4.690001e-01      false       none         82         10          0         11     8541     8541          0          0          0
43       3.201005e+04   2.176337e+04   1.516820e+04    0.3030   1.601600e+01   4.689999e-01      false       none         82         10          0         11     8689     8689          0          0          0
44       2.772004e+04   2.176337e+04   1.516820e+04    0.3030   1.651600e+01   5.000000e-01      false       none         82         10          0         11     8849     8849          0          0          0
45       3.027502e+04   2.176337e+04   1.517085e+04    0.3029   1.698500e+01   4.690001e-01      false       none         82         10          0         11     9036     9036          0          0          0
46       2.940358e+04   2.176337e+04   1.517118e+04    0.3029   1.748500e+01   5.000000e-01      false       none         82         10          0         11     9191     9191          0          0          0
47       3.358570e+04   2.176337e+04   1.517293e+04    0.3028   1.795300e+01   4.679999e-01      false       none         82         10          0         11     9307     9307          0          0          0
48       3.270460e+04   2.176337e+04   1.517331e+04    0.3028   1.845300e+01   5.000000e-01      false       none         82         10          0         11     9439     9439          0          0          0
49       3.316171e+04   2.176337e+04   1.517339e+04    0.3028   1.896900e+01   5.160000e-01      false       none         82         10          0         11     9577     9577          0          0          0
50       2.816274e+04   2.176337e+04   1.517382e+04    0.3028   1.948500e+01   5.160000e-01      false       none         82         10          0         11     9682     9682          0          0          0
51       3.036523e+04   2.176337e+04   1.517395e+04    0.3028   2.001600e+01   5.309999e-01      false       none         82         10          0         11     9848     9848          0          0          0
52       3.040503e+04   2.176337e+04   1.517395e+04    0.3028   2.054700e+01   5.310001e-01      false       none         82         10          0         11     9929     9929          0          0          0
53       3.188947e+04   2.176337e+04   1.517433e+04    0.3028   2.107800e+01   5.309999e-01      false       none         82         10          0         11    10024    10024          0          0          0
54       3.209302e+04   2.176337e+04   1.517462e+04    0.3027   2.162500e+01   5.469999e-01      false       none         82         10          0         11    10161    10161          0          0          0
55       3.103426e+04   2.176337e+04   1.517478e+04    0.3027   2.215700e+01   5.320001e-01      false       none         82         10          0         11    10292    10292          0          0          0
56       2.902383e+04   2.176337e+04   1.517492e+04    0.3027   2.271900e+01   5.620000e-01      false       none         82         10          0         11    10402    10402          0          0          0
57       2.844413e+04   2.176337e+04   1.517506e+04    0.3027   2.326600e+01   5.469999e-01      false       none         82         10          0         11    10606    10606          0          0          0
58       2.675121e+04   2.176337e+04   1.517506e+04    0.3027   2.381300e+01   5.469999e-01      false       none         82         10          0         11    10717    10717          0          0          0
59       2.952418e+04   2.176337e+04   1.517555e+04    0.3027   2.440700e+01   5.940001e-01      false       none         82         10          0         11    10828    10828          0          0          0
60       2.981065e+04   2.176337e+04   1.517581e+04    0.3027   2.495300e+01   5.460000e-01      false       none         82         10          0         11    10931    10931          0          0          0
61       2.594933e+04   2.176337e+04   1.517612e+04    0.3027   2.551600e+01   5.630000e-01      false       none         82         10          0         11    11044    11044          0          0          0
62       2.678518e+04   2.176337e+04   1.517626e+04    0.3027   2.612500e+01   6.090000e-01      false       none         82         10          0         11    11161    11161          0          0          0
63       2.976676e+04   2.176337e+04   1.517812e+04    0.3026   2.668800e+01   5.630000e-01      false       none         82         10          0         11    11288    11288          0          0          0
64       3.070983e+04   2.176337e+04   1.517868e+04    0.3026   2.726600e+01   5.780001e-01      false       none         82         10          0         11    11390    11390          0          0          0
65       2.869004e+04   2.176337e+04   1.517893e+04    0.3025   2.784400e+01   5.780001e-01      false       none         82         10          0         11    11514    11514          0          0          0
66       3.180347e+04   2.176337e+04   1.517893e+04    0.3025   2.845300e+01   6.090000e-01      false       none         82         10          0         11    11631    11631          0          0          0
67       2.828228e+04   2.176337e+04   1.517893e+04    0.3025   2.901600e+01   5.630000e-01      false       none         82         10          0         11    11740    11740          0          0          0
68       2.822946e+04   2.176337e+04   1.517893e+04    0.3025   2.961000e+01   5.940001e-01      false       none         82         10          0         11    11811    11811          0          0          0
69       2.919393e+04   2.176337e+04   1.517931e+04    0.3025   3.021900e+01   6.090000e-01      false       none         82         10          0         11    11958    11958          0          0          0
70       3.258428e+04   2.176337e+04   1.517931e+04    0.3025   3.079700e+01   5.780001e-01      false       none         82         10          0         11    12048    12048          0          0          0
71       3.058132e+04   2.176337e+04   1.517947e+04    0.3025   3.139100e+01   5.939999e-01      false       none         82         10          0         11    12141    12141          0          0          0
72       3.004779e+04   2.176337e+04   1.517950e+04    0.3025   3.198500e+01   5.940001e-01      false       none         82         10          0         11    12268    12268          0          0          0
73       2.965777e+04   2.176337e+04   1.517950e+04    0.3025   3.264100e+01   6.559999e-01      false       none         82         10          0         11    12346    12346          0          0          0
74       2.726000e+04   2.176337e+04   1.517959e+04    0.3025   3.321900e+01   5.780001e-01      false       none         82         10          0         11    12460    12460          0          0          0
75       3.197619e+04   2.176337e+04   1.517959e+04    0.3025   3.384400e+01   6.250000e-01      false       none         82         10          0         11    12548    12548          0          0          0
76       2.745331e+04   2.176337e+04   1.517967e+04    0.3025   3.445300e+01   6.090000e-01      false       none         82         10          0         11    12658    12658          0          0          0
77       2.809774e+04   2.176337e+04   1.517994e+04    0.3025   3.509400e+01   6.410000e-01      false       none         82         10          0         11    12756    12756          0          0          0
78       2.696165e+04   2.176337e+04   1.517994e+04    0.3025   3.570300e+01   6.090000e-01      false       none         82         10          0         11    12909    12909          0          0          0
79       2.678093e+04   2.176337e+04   1.518010e+04    0.3025   3.636000e+01   6.570001e-01      false       none         82         10          0         11    13011    13011          0          0          0
80       3.148470e+04   2.176337e+04   1.518024e+04    0.3025   3.703200e+01   6.719999e-01      false       none         82         10          0         11    13096    13096          0          0          0
81       2.833487e+04   2.176337e+04   1.518176e+04    0.3024   3.765700e+01   6.250000e-01      false       none         82         10          0         11    13225    13225          0          0          0
82       2.995344e+04   2.176337e+04   1.518243e+04    0.3024   3.831300e+01   6.559999e-01      false       none         82         10          0         11    13275    13275          0          0          0
83       2.775745e+04   2.176337e+04   1.518249e+04    0.3024   3.898500e+01   6.720002e-01      false       none         82         10          0         11    13395    13395          0          0          0
84       2.779970e+04   2.176337e+04   1.518252e+04    0.3024   3.965700e+01   6.719999e-01      false       none         82         10          0         11    13489    13489          0          0          0
85       3.199961e+04   2.176337e+04   1.518401e+04    0.3023   4.029700e+01   6.400001e-01      false       none         82         10          0         11    13567    13567          0          0          0
86       2.920327e+04   2.176337e+04   1.518405e+04    0.3023   4.096900e+01   6.719999e-01      false       none         82         10          0         11    13656    13656          0          0          0
87       3.141840e+04   2.176337e+04   1.518493e+04    0.3023   4.161000e+01   6.410000e-01      false       none         82         10          0         11    13703    13703          0          0          0
88       2.830069e+04   2.176337e+04   1.518525e+04    0.3023   4.226600e+01   6.559999e-01      false       none         82         10          0         11    13777    13777          0          0          0
89       3.279677e+04   2.176337e+04   1.518540e+04    0.3022   4.289100e+01   6.250000e-01      false       none         82         10          0         11    13827    13827          0          0          0
90       2.843967e+04   2.176337e+04   1.518540e+04    0.3022   4.353200e+01   6.410000e-01      false       none         82         10          0         11    13894    13894          0          0          0
91       2.771221e+04   2.176337e+04   1.518547e+04    0.3022   4.421900e+01   6.870000e-01      false       none         82         10          0         11    13977    13977          0          0          0
92       3.294392e+04   2.176337e+04   1.518547e+04    0.3022   4.487500e+01   6.559999e-01      false       none         82         10          0         11    14029    14029          0          0          0
93       3.189081e+04   2.176337e+04   1.518567e+04    0.3022   4.556300e+01   6.880000e-01      false       none         82         10          0         11    14110    14110          0          0          0
94       2.873135e+04   2.176337e+04   1.518577e+04    0.3022   4.621900e+01   6.560001e-01      false       none         82         10          0         11    14184    14184          0          0          0
95       2.953197e+04   2.176337e+04   1.518577e+04    0.3022   4.693800e+01   7.189999e-01      false       none         82         10          0         11    14280    14280          0          0          0
96       3.035360e+04   2.176337e+04   1.518584e+04    0.3022   4.761000e+01   6.720002e-01      false       none         82         10          0         11    14349    14349          0          0          0
97       2.604617e+04   2.176337e+04   1.518591e+04    0.3022   4.829700e+01   6.870000e-01      false       none         82         10          0         11    14473    14473          0          0          0
98       3.266672e+04   2.176337e+04   1.518591e+04    0.3022   4.896900e+01   6.719999e-01      false       none         82         10          0         11    14541    14541          0          0          0
99       3.136808e+04   2.176337e+04   1.518598e+04    0.3022   4.965700e+01   6.880000e-01      false       none         82         10          0         11    14642    14642          0          0          0
100      3.120739e+04   2.176337e+04   1.518598e+04    0.3022   5.037500e+01   7.179999e-01      false       none         82         10          0         11    14735    14735          0          0          0
101      2.680225e+04   2.176337e+04   1.518598e+04    0.3022   5.109400e+01   7.190001e-01      false       none         82         10          0         11    14859    14859          0          0          0
102      2.939320e+04   2.176337e+04   1.518598e+04    0.3022   5.181300e+01   7.189999e-01      false       none         82         10          0         11    14911    14911          0          0          0
103      3.374010e+04   2.176337e+04   1.518598e+04    0.3022   5.251600e+01   7.030001e-01      false       none         82         10          0         11    14976    14976          0          0          0
104      2.931608e+04   2.176337e+04   1.518598e+04    0.3022   5.321900e+01   7.030001e-01      false       none         82         10          0         11    15040    15040          0          0          0
105      3.337265e+04   2.176337e+04   1.518598e+04    0.3022   5.390700e+01   6.880000e-01      false       none         82         10          0         11    15066    15066          0          0          0
106      2.763153e+04   2.176337e+04   1.518598e+04    0.3022   5.462500e+01   7.179999e-01      false       none         82         10          0         11    15138    15138          0          0          0
107      3.156890e+04   2.176337e+04   1.518609e+04    0.3022   5.531300e+01   6.880000e-01      false       none         82         10          0         11    15227    15227          0          0          0
108      2.874214e+04   2.176337e+04   1.518609e+04    0.3022   5.600000e+01   6.870000e-01      false       none         82         10          0         11    15308    15308          0          0          0
109      3.192723e+04   2.176337e+04   1.518609e+04    0.3022   5.671900e+01   7.190001e-01      false       none         82         10          0         11    15371    15371          0          0          0
110      2.864687e+04   2.176337e+04   1.518609e+04    0.3022   5.743800e+01   7.189999e-01      false       none         82         10          0         11    15525    15525          0          0          0
111      2.650509e+04   2.176337e+04   1.518609e+04    0.3022   5.812500e+01   6.870000e-01      false       none         82         10          0         11    15592    15592          0          0          0
112      3.100863e+04   2.176337e+04   1.518609e+04    0.3022   5.879700e+01   6.720002e-01      false       none         82         10          0         11    15647    15647          0          0          0
113      2.636576e+04   2.176337e+04   1.518609e+04    0.3022   5.954700e+01   7.500000e-01      false       none         82         10          0         11    15793    15793          0          0          0
114      3.191625e+04   2.176337e+04   1.518609e+04    0.3022   6.026600e+01   7.189999e-01      false       none         82         10          0         11    15882    15882          0          0          0
115      3.199764e+04   2.176337e+04   1.518609e+04    0.3022   6.096900e+01   7.030001e-01      false       none         82         10          0         11    15987    15987          0          0          0
116      2.863175e+04   2.176337e+04   1.518627e+04    0.3022   6.170300e+01   7.340000e-01      false       none         82         10          0         11    16097    16097          0          0          0
117      2.944523e+04   2.176337e+04   1.518627e+04    0.3022   6.245300e+01   7.500000e-01      false       none         82         10          0         11    16183    16183          0          0          0
118      3.092915e+04   2.176337e+04   1.518912e+04    0.3021   6.315700e+01   7.040000e-01      false       none         82         10          0         11    16345    16345          0          0          0
119      3.410684e+04   2.176337e+04   1.518972e+04    0.3021   6.390700e+01   7.500000e-01      false       none         82         10          0         11    16478    16478          0          0          0
120      3.380290e+04   2.176337e+04   1.519051e+04    0.3020   6.465700e+01   7.500000e-01      false       none         82         10          0         11    16585    16585          0          0          0
121      3.183719e+04   2.176337e+04   1.519067e+04    0.3020   6.543800e+01   7.809999e-01      false       none         82         10          0         11    16689    16689          0          0          0
122      2.996401e+04   2.176337e+04   1.519067e+04    0.3020   6.615700e+01   7.190001e-01      false       none         82         10          0         11    16787    16787          0          0          0
123      3.450879e+04   2.176337e+04   1.519090e+04    0.3020   6.689100e+01   7.340000e-01      false       none         82         10          0         11    16875    16875          0          0          0
124      3.056639e+04   2.176337e+04   1.519165e+04    0.3020   6.770300e+01   8.120000e-01      false       none         82         10          0         11    16994    16994          0          0          0
125      2.953861e+04   2.176337e+04   1.519274e+04    0.3019   6.845300e+01   7.500000e-01      false       none         82         10          0         11    17098    17098          0          0          0
126      2.696687e+04   2.176337e+04   1.519274e+04    0.3019   6.925000e+01   7.969999e-01      false       none         82         10          0         11    17277    17277          0          0          0
127      3.282438e+04   2.176337e+04   1.519274e+04    0.3019   7.001600e+01   7.660000e-01      false       none         82         10          0         11    17331    17331          0          0          0
128      3.143132e+04   2.176337e+04   1.519403e+04    0.3019   7.084400e+01   8.280001e-01      false       none         82         10          0         11    17484    17484          0          0          0
129      2.950237e+04   2.176337e+04   1.519437e+04    0.3018   7.161000e+01   7.660000e-01      false       none         82         10          0         11    17591    17591          0          0          0
130      3.044276e+04   2.176337e+04   1.519479e+04    0.3018   7.242200e+01   8.120000e-01      false       none         82         10          0         11    17696    17696          0          0          0
131      3.003965e+04   2.176337e+04   1.519497e+04    0.3018   7.325000e+01   8.279998e-01      false       none         82         10          0         11    17823    17823          0          0          0
132      2.648287e+04   2.176337e+04   1.519504e+04    0.3018   7.411000e+01   8.600001e-01      false       none         82         10          0         11    17958    17958          0          0          0
133      2.781125e+04   2.176337e+04   1.519515e+04    0.3018   7.490700e+01   7.969999e-01      false       none         82         10          0         11    18067    18067          0          0          0
134      2.656233e+04   2.176337e+04   1.519548e+04    0.3018   7.576600e+01   8.590000e-01      false       none         82         10          0         11    18187    18187          0          0          0
135      3.010584e+04   2.176337e+04   1.519608e+04    0.3018   7.662500e+01   8.590000e-01      false       none         82         10          0         11    18306    18306          0          0          0
136      2.847965e+04   2.176337e+04   1.519611e+04    0.3018   7.737500e+01   7.500000e-01      false       none         82         10          0         11    18363    18363          0          0          0
137      3.397508e+04   2.176337e+04   1.519611e+04    0.3018   7.809400e+01   7.190001e-01      false       none         82         10          0         11    18428    18428          0          0          0
138      2.825868e+04   2.176337e+04   1.519619e+04    0.3018   7.890700e+01   8.130000e-01      false       none         82         10          0         11    18492    18492          0          0          0
139      2.920123e+04   2.176337e+04   1.519619e+04    0.3018   7.981300e+01   9.059999e-01      false       none         82         10          0         11    18580    18580          0          0          0
140      2.685057e+04   2.176337e+04   1.519619e+04    0.3018   8.065700e+01   8.440001e-01      false       none         82         10          0         11    18656    18656          0          0          0
141      2.574461e+04   2.176337e+04   1.519619e+04    0.3018   8.150000e+01   8.429999e-01      false       none         82         10          0         11    18783    18783          0          0          0
142      3.339088e+04   2.176337e+04   1.519629e+04    0.3017   8.229700e+01   7.970002e-01      false       none         82         10          0         11    18834    18834          0          0          0
143      2.974437e+04   2.176337e+04   1.519676e+04    0.3017   8.317200e+01   8.750000e-01      false       none         82         10          0         11    18911    18911          0          0          0
144      2.994902e+04   2.176337e+04   1.519678e+04    0.3017   8.401600e+01   8.439999e-01      false       none         82         10          0         11    18967    18967          0          0          0
145      2.691594e+04   2.176337e+04   1.519744e+04    0.3017   8.487500e+01   8.590000e-01      false       none         82         10          0         11    19070    19070          0          0          0
146      2.938061e+04   2.176337e+04   1.519744e+04    0.3017   8.578200e+01   9.070001e-01      false       none         82         10          0         11    19146    19146          0          0          0
147      3.083733e+04   2.176337e+04   1.519744e+04    0.3017   8.657800e+01   7.960000e-01      false       none         82         10          0         11    19178    19178          0          0          0
148      2.848154e+04   2.176337e+04   1.519744e+04    0.3017   8.740700e+01   8.290000e-01      false       none         82         10          0         11    19267    19267          0          0          0
149      3.104738e+04   2.176337e+04   1.519744e+04    0.3017   8.826600e+01   8.590000e-01      false       none         82         10          0         11    19318    19318          0          0          0
150      2.663975e+04   2.176337e+04   1.519752e+04    0.3017   8.914100e+01   8.750000e-01      false       none         82         10          0         11    19380    19380          0          0          0
151      3.089861e+04   2.176337e+04   1.519762e+04    0.3017   9.001600e+01   8.750000e-01      false       none         82         10          0         11    19445    19445          0          0          0
152      3.237644e+04   2.176337e+04   1.519763e+04    0.3017   9.079700e+01   7.810001e-01      false       none         82         10          0         11    19474    19474          0          0          0
153      2.867743e+04   2.176337e+04   1.519763e+04    0.3017   9.165700e+01   8.599999e-01      false       none         82         10          0         11    19508    19508          0          0          0
154      3.068782e+04   2.176337e+04   1.519777e+04    0.3017   9.250000e+01   8.429999e-01      false       none         82         10          0         11    19535    19535          0          0          0
155      2.900133e+04   2.176337e+04   1.519777e+04    0.3017   9.336000e+01   8.600001e-01      false       none         82         10          0         11    19595    19595          0          0          0
156      2.912997e+04   2.176337e+04   1.519796e+04    0.3017   9.421900e+01   8.590000e-01      false       none         82         10          0         11    19635    19635          0          0          0
157      3.265405e+04   2.176337e+04   1.519796e+04    0.3017   9.504700e+01   8.280001e-01      false       none         82         10          0         11    19655    19655          0          0          0
158      2.830147e+04   2.176337e+04   1.519796e+04    0.3017   9.590700e+01   8.599999e-01      false       none         82         10          0         11    19753    19753          0          0          0
159      3.033704e+04   2.176337e+04   1.519796e+04    0.3017   9.668800e+01   7.809999e-01      false       none         82         10          0         11    19782    19782          0          0          0
160      2.814231e+04   2.176337e+04   1.519830e+04    0.3017   9.754700e+01   8.590002e-01      false       none         82         10          0         11    19853    19853          0          0          0
161      3.022367e+04   2.176337e+04   1.519830e+04    0.3017   9.842200e+01   8.750000e-01      false       none         82         10          0         11    19904    19904          0          0          0
162      2.995839e+04   2.176337e+04   1.519859e+04    0.3016   9.923500e+01   8.130000e-01      false       none         82         10          0         11    19938    19938          0          0          0
163      3.165458e+04   2.176337e+04   1.519862e+04    0.3016   1.000780e+02   8.429999e-01      false       none         82         10          0         11    19956    19956          0          0          0
164      3.167884e+04   2.176337e+04   1.519862e+04    0.3016   1.009380e+02   8.599999e-01      false       none         82         10          0         11    19985    19985          0          0          0
165      2.962720e+04   2.176337e+04   1.519862e+04    0.3016   1.018130e+02   8.750000e-01      false       none         82         10          0         11    20064    20064          0          0          0
166      2.846858e+04   2.176337e+04   1.519862e+04    0.3016   1.026880e+02   8.750000e-01      false       none         82         10          0         11    20120    20120          0          0          0
167      2.971922e+04   2.176337e+04   1.519871e+04    0.3016   1.035320e+02   8.440001e-01      false       none         82         10          0         11    20172    20172          0          0          0
168      2.826554e+04   2.176337e+04   1.519871e+04    0.3016   1.045010e+02   9.690001e-01      false       none         82         10          0         11    20224    20224          0          0          0
169      3.069067e+04   2.176337e+04   1.519871e+04    0.3016   1.054070e+02   9.059999e-01      false       none         82         10          0         11    20249    20249          0          0          0
170      2.494460e+04   2.176337e+04   1.519887e+04    0.3016   1.062510e+02   8.440001e-01      false       none         82         10          0         11    20304    20304          0          0          0
171      2.840218e+04   2.176337e+04   1.519887e+04    0.3016   1.071570e+02   9.059999e-01      false       none         82         10          0         11    20343    20343          0          0          0
172      2.735950e+04   2.176337e+04   1.519887e+04    0.3016   1.080470e+02   8.900001e-01      false       none         82         10          0         11    20389    20389          0          0          0
173      3.318246e+04   2.176337e+04   1.519887e+04    0.3016   1.089220e+02   8.750000e-01      false       none         82         10          0         11    20448    20448          0          0          0
174      3.150016e+04   2.176337e+04   1.519887e+04    0.3016   1.097350e+02   8.130000e-01      false       none         82         10          0         11    20469    20469          0          0          0
175      3.378971e+04   2.176337e+04   1.519887e+04    0.3016   1.106260e+02   8.910000e-01      false       none         82         10          0         11    20489    20489          0          0          0
176      2.786130e+04   2.176337e+04   1.519887e+04    0.3016   1.115010e+02   8.750000e-01      false       none         82         10          0         11    20542    20542          0          0          0
177      2.881079e+04   2.176337e+04   1.519887e+04    0.3016   1.123760e+02   8.750000e-01      false       none         82         10          0         11    20562    20562          0          0          0
178      2.858349e+04   2.176337e+04   1.519887e+04    0.3016   1.132350e+02   8.590000e-01      false       none         82         10          0         11    20586    20586          0          0          0
179      2.487562e+04   2.176337e+04   1.519887e+04    0.3016   1.141260e+02   8.910000e-01      false       none         82         10          0         11    20623    20623          0          0          0
180      3.264329e+04   2.176337e+04   1.519887e+04    0.3016   1.150630e+02   9.369998e-01      false       none         82         10          0         11    20665    20665          0          0          0
181      3.056216e+04   2.176337e+04   1.519887e+04    0.3016   1.159850e+02   9.220002e-01      false       none         82         10          0         11    20698    20698          0          0          0
182      2.724981e+04   2.176337e+04   1.519887e+04    0.3016   1.168910e+02   9.059999e-01      false       none         82         10          0         11    20820    20820          0          0          0
183      2.768321e+04   2.176337e+04   1.519887e+04    0.3016   1.177820e+02   8.910000e-01      false       none         82         10          0         11    20868    20868          0          0          0
184      3.346824e+04   2.176337e+04   1.519893e+04    0.3016   1.187190e+02   9.370000e-01      false       none         82         10          0         11    20898    20898          0          0          0
185      2.792823e+04   2.176337e+04   1.519893e+04    0.3016   1.196260e+02   9.070001e-01      false       none         82         10          0         11    20954    20954          0          0          0
186      2.806156e+04   2.176337e+04   1.519893e+04    0.3016   1.205160e+02   8.899999e-01      false       none         82         10          0         11    20979    20979          0          0          0
187      2.612627e+04   2.176337e+04   1.519900e+04    0.3016   1.214070e+02   8.910000e-01      false       none         82         10          0         11    21033    21033          0          0          0
188      2.703035e+04   2.176337e+04   1.519900e+04    0.3016   1.223600e+02   9.530001e-01      false       none         82         10          0         11    21103    21103          0          0          0
189      2.771583e+04   2.176337e+04   1.519900e+04    0.3016   1.232510e+02   8.910000e-01      false       none         82         10          0         11    21144    21144          0          0          0
190      3.338050e+04   2.176337e+04   1.519900e+04    0.3016   1.240940e+02   8.429999e-01      false       none         82         10          0         11    21161    21161          0          0          0
191      3.402600e+04   2.176337e+04   1.519900e+04    0.3016   1.249690e+02   8.750000e-01      false       none         82         10          0         11    21190    21190          0          0          0
192      2.838663e+04   2.176337e+04   1.519900e+04    0.3016   1.258760e+02   9.070001e-01      false       none         82         10          0         11    21211    21211          0          0          0
193      2.557480e+04   2.176337e+04   1.519900e+04    0.3016   1.268130e+02   9.369998e-01      false       none         82         10          0         11    21327    21327          0          0          0
194      3.018626e+04   2.176337e+04   1.519900e+04    0.3016   1.277510e+02   9.380002e-01      false       none         82         10          0         11    21344    21344          0          0          0
195      2.825146e+04   2.176337e+04   1.519900e+04    0.3016   1.286880e+02   9.369998e-01      false       none         82         10          0         11    21381    21381          0          0          0
196      2.893524e+04   2.176337e+04   1.519900e+04    0.3016   1.296410e+02   9.530001e-01      false       none         82         10          0         11    21437    21437          0          0          0
197      2.896443e+04   2.176337e+04   1.519900e+04    0.3016   1.305320e+02   8.910000e-01      false       none         82         10          0         11    21465    21465          0          0          0
198      3.331209e+04   2.176337e+04   1.519900e+04    0.3016   1.314380e+02   9.059999e-01      false       none         82         10          0         11    21496    21496          0          0          0
199      2.881324e+04   2.176337e+04   1.519900e+04    0.3016   1.323760e+02   9.380002e-01      false       none         82         10          0         11    21540    21540          0          0          0
200      3.225688e+04   2.176337e+04   1.519900e+04    0.3016   1.332980e+02   9.219999e-01      false       none         82         10          0         11    21588    21588          0          0          0
201      3.026137e+04   2.176337e+04   1.519900e+04    0.3016   1.342190e+02   9.210000e-01      false       none         82         10          0         11    21636    21636          0          0          0
202      3.221430e+04   2.176337e+04   1.519900e+04    0.3016   1.351100e+02   8.910000e-01      false       none         82         10          0         11    21644    21644          0          0          0
203      2.752875e+04   2.176337e+04   1.519900e+04    0.3016   1.360480e+02   9.380000e-01      false       none         82         10          0         11    21662    21662          0          0          0
204      3.389130e+04   2.176337e+04   1.519900e+04    0.3016   1.369540e+02   9.059999e-01      false       none         82         10          0         11    21675    21675          0          0          0
205      3.138124e+04   2.176337e+04   1.519900e+04    0.3016   1.379230e+02   9.690001e-01      false       none         82         10          0         11    21729    21729          0          0          0
206      3.197586e+04   2.176337e+04   1.519900e+04    0.3016   1.388290e+02   9.059999e-01      false       none         82         10          0         11    21786    21786          0          0          0
207      2.480399e+04   2.176337e+04   1.519900e+04    0.3016   1.397510e+02   9.220002e-01      false       none         82         10          0         11    21879    21879          0          0          0

Terminating DynamicSDDiP with status: bound_stalling
------------------------------------------------------------------------------
 ────────────────────────────────────────────────────────────────────────────────
                                        Time                    Allocations      
                               ───────────────────────   ────────────────────────
       Tot / % measured:             140s / 100.0%           7.62GiB / 100.0%    

 Section               ncalls     time    %tot     avg     alloc    %tot      avg
 ────────────────────────────────────────────────────────────────────────────────
 loop                       1     140s  100.0%    140s   7.62GiB  100.0%  7.62GiB
   iterations             207     139s   99.6%   673ms   7.62GiB  100.0%  37.7MiB
     forward_pass         207    70.9s   50.7%   342ms   63.6MiB    0.8%   315KiB
       solve_subpro...  3.31k    70.7s   50.6%  21.4ms   54.7MiB    0.7%  16.9KiB
         solver_cal...  3.31k    70.3s   50.3%  21.2ms   7.79MiB    0.1%  2.41KiB
     backward_pass        207    65.2s   46.7%   315ms   7.55GiB   99.1%  37.4MiB
       solve_BP         62.1k    64.3s   46.0%  1.04ms   7.33GiB   96.2%   124KiB
         solve_dual     62.1k    62.6s   44.8%  1.01ms   7.09GiB   93.0%   120KiB
           LP_relax...  62.1k    62.3s   44.6%  1.00ms   6.99GiB   91.7%   118KiB
             solver...  62.1k    34.3s   24.6%   553μs   66.0MiB    0.8%  1.09KiB
         space_change    124k   18.3ms    0.0%   147ns     0.00B    0.0%    0.00B
       update_bellman   3.10k    333ms    0.2%   107μs    134MiB    1.7%  44.3KiB
         cut_selection  21.9k   8.95ms    0.0%   409ns   1.63MiB    0.0%    78.0B
     calculate_bound      207    3.13s    2.2%  15.1ms   4.39MiB    0.1%  21.7KiB
       solver_call_...    207    3.10s    2.2%  15.0ms    335KiB    0.0%  1.62KiB
 ────────────────────────────────────────────────────────────────────────────────

||||||||||||||||||||||||||||||||||||||||||||||||||||||||||||||||||||||||||||||||||||||||||||||||||||||||||||||||||||||||||||||||||||||||
LAGRANGIAN DUAL SOLUTION RESULTS
mn_opt: 0 times (NaN%)
conv: 0 times (NaN%)
unbounded: 0 times (NaN%)
bound_issues: 0 times (NaN%)
subgr_stalling: 0 times (NaN%)
opt: 0 times (NaN%)
feas_issues: 0 times (NaN%)
sub: 0 times (NaN%)
mn_iter: 0 times (NaN%)
iter: 0 times (NaN%)
mn_issue: 0 times (NaN%)

||||||||||||||||||||||||||||||||||||||||||||||||||||||||||||||||||||||||||||||||||||||||||||||||||||||||||||||||||||||||||||||||||||||||
SIMULATION RESULTS
DynamicSDDiP.Simulation(DynamicSDDiP.InSampleMonteCarlo(), 1000)
Lower bound: 15198.99925356701
Statistical upper bound (confidence interval): 29602.78857793522 ± 143.9965211290122
Pessimistic upper bound: 29746.78509906423
