

#########################################################################################################################################
#########################################################################################################################################
#########################################################################################################################################
#########################################################################################################################################
#########################################################################################################################################
DynamicSDDiP.jl (c) Christian Füllner, 2021
re-uses code from SDDP.jl (c) Oscar Dowson, 2017-21
||||||||||||||||||||||||||||||||||||||||||||||||||||||||||||||||||||||||||||||||||||||||||||||||||||||||||||||||||||||||||||||||||||||||
PATH
calling 
C:\Users\cg4102\.julia\packages\DynamicSDDiP\jRtdG\src
nothing
DATETIME
2024-11-12T17:39:55.573
||||||||||||||||||||||||||||||||||||||||||||||||||||||||||||||||||||||||||||||||||||||||||||||||||||||||||||||||||||||||||||||||||||||||
STOPPING RULES
SDDP.TimeLimit(10800.0)
SDDP.BoundStalling(20, 0.0001)
||||||||||||||||||||||||||||||||||||||||||||||||||||||||||||||||||||||||||||||||||||||||||||||||||||||||||||||||||||||||||||||||||||||||
REGULARIZATION
DynamicSDDiP.NoRegularization()
||||||||||||||||||||||||||||||||||||||||||||||||||||||||||||||||||||||||||||||||||||||||||||||||||||||||||||||||||||||||||||||||||||||||
CUT GENERATION REGIMES
DynamicSDDiP.CutGenerationRegime(DynamicSDDiP.NoStateApproximation(), DynamicSDDiP.StrengthenedDuality(), 1, Inf, Inf, 0.0, true, 0.0001)

||||||||||||||||||||||||||||||||||||||||||||||||||||||||||||||||||||||||||||||||||||||||||||||||||||||||||||||||||||||||||||||||||||||||
CUT AGGREGATION
DynamicSDDiP.MultiCutRegime()
||||||||||||||||||||||||||||||||||||||||||||||||||||||||||||||||||||||||||||||||||||||||||||||||||||||||||||||||||||||||||||||||||||||||
CUT SELECTION
DynamicSDDiP.NoCutSelection()
||||||||||||||||||||||||||||||||||||||||||||||||||||||||||||||||||||||||||||||||||||||||||||||||||||||||||||||||||||||||||||||||||||||||
LATE BINARIZATION
DynamicSDDiP.NoLateBinarization()
||||||||||||||||||||||||||||||||||||||||||||||||||||||||||||||||||||||||||||||||||||||||||||||||||||||||||||||||||||||||||||||||||||||||
APPLIED SOLVERS (LP, MILP, MIQCP, MINLP, NLP, Lagrange)
DynamicSDDiP.AppliedSolvers(true, "Gurobi", "Gurobi", "Gurobi", "Gurobi", "Gurobi", "Gurobi", "Gurobi", "Gurobi", "Gurobi", 0.0001, 300)
DynamicSDDiP.Direct_Solver()
Numerical focus: false
Silent: true
||||||||||||||||||||||||||||||||||||||||||||||||||||||||||||||||||||||||||||||||||||||||||||||||||||||||||||||||||||||||||||||||||||||||
SAMPLING
Used seed for sampling scenarios: 
11111     
||||||||||||||||||||||||||||||||||||||||||||||||||||||||||||||||||||||||||||||||||||||||||||||||||||||||||||||||||||||||||||||||||||||||
RUN DESCRIPTION

||||||||||||||||||||||||||||||||||||||||||||||||||||||||||||||||||||||||||||||||||||||||||||||||||||||||||||||||||||||||||||||||||||||||
PROBLEM DESCRIPTION
Number of stages: 16
Number of realizations per stage: 20
Seed for scenario tree sampling: 12345
Solver: serial mode

────────────────────────────────────────────────────────────────────────────────────────────────────────────────────────────────────────────────────────────────────────────────────────────────────────
It.#               UB        Best UB             LB       Gap           Time        It_Time           Refinements                            #Var.   #Constr.             #Cuts       Lagrangian Dual                                               
                                                          [%]            [s]            [s]          σ       Bin.      Total      {0,1}          ℤ      Total    Total   Active      # It.    # C-It.  # C-Real.  
────────────────────────────────────────────────────────────────────────────────────────────────────────────────────────────────────────────────────────────────────────────────────────────────────────
1        3.022289e+04   3.022289e+04   1.928461e+04    0.3619   1.828000e+00   1.828000e+00      false       none         82         10          0         11      300      300          0          0          0
2        3.365966e+04   3.022289e+04   1.934587e+04    0.3599   3.547000e+00   1.719000e+00      false       none         82         10          0         11      535      535          0          0          0
3        3.221590e+04   3.022289e+04   1.943004e+04    0.3571   5.719000e+00   2.172000e+00      false       none         82         10          0         11      785      785          0          0          0
4        3.219986e+04   3.022289e+04   1.945587e+04    0.3563   8.078000e+00   2.359000e+00      false       none         82         10          0         11     1003     1003          0          0          0
5        2.949945e+04   2.949945e+04   1.947136e+04    0.3399   1.071900e+01   2.641000e+00      false       none         82         10          0         11     1249     1249          0          0          0
6        2.584157e+04   2.584157e+04   1.950872e+04    0.2451   1.348400e+01   2.765000e+00      false       none         82         10          0         11     1436     1436          0          0          0
7        2.832766e+04   2.584157e+04   1.955535e+04    0.2433   1.639100e+01   2.907000e+00      false       none         82         10          0         11     1685     1685          0          0          0
8        3.006839e+04   2.584157e+04   1.967152e+04    0.2388   1.945400e+01   3.063000e+00      false       none         82         10          0         11     1944     1944          0          0          0
9        2.646985e+04   2.584157e+04   1.972975e+04    0.2365   2.264100e+01   3.187000e+00      false       none         82         10          0         11     2096     2096          0          0          0
10       3.069303e+04   2.584157e+04   1.982323e+04    0.2329   2.595400e+01   3.313000e+00      false       none         82         10          0         11     2306     2306          0          0          0
11       2.896298e+04   2.584157e+04   1.985080e+04    0.2318   2.943800e+01   3.484000e+00      false       none         82         10          0         11     2496     2496          0          0          0
12       2.950524e+04   2.584157e+04   1.999626e+04    0.2262   3.279700e+01   3.359000e+00      false       none         82         10          0         11     2675     2675          0          0          0
13       2.936989e+04   2.584157e+04   2.023244e+04    0.2171   3.618800e+01   3.391000e+00      false       none         82         10          0         11     2825     2825          0          0          0
14       2.945027e+04   2.584157e+04   2.028961e+04    0.2148   3.995400e+01   3.766000e+00      false       none         82         10          0         11     2957     2957          0          0          0
15       2.744476e+04   2.584157e+04   2.030346e+04    0.2143   4.350000e+01   3.546000e+00      false       none         82         10          0         11     3094     3094          0          0          0
16       3.039153e+04   2.584157e+04   2.031607e+04    0.2138   4.751600e+01   4.016000e+00      false       none         82         10          0         11     3284     3284          0          0          0
17       3.100681e+04   2.584157e+04   2.034162e+04    0.2128   5.161000e+01   4.094000e+00      false       none         82         10          0         11     3408     3408          0          0          0
18       2.880907e+04   2.584157e+04   2.035580e+04    0.2123   5.570400e+01   4.094000e+00      false       none         82         10          0         11     3496     3496          0          0          0
19       2.953092e+04   2.584157e+04   2.038068e+04    0.2113   6.001600e+01   4.312000e+00      false       none         82         10          0         11     3626     3626          0          0          0
20       2.638923e+04   2.584157e+04   2.039244e+04    0.2109   6.445400e+01   4.438000e+00      false       none         82         10          0         11     3720     3720          0          0          0
21       3.134509e+04   2.584157e+04   2.040252e+04    0.2105   6.876600e+01   4.312000e+00      false       none         82         10          0         11     3838     3838          0          0          0
22       3.097915e+04   2.584157e+04   2.040494e+04    0.2104   7.323500e+01   4.469000e+00      false       none         82         10          0         11     3907     3907          0          0          0
23       2.314166e+04   2.314166e+04   2.040703e+04    0.1182   7.732900e+01   4.094000e+00      false       none         82         10          0         11     4080     4080          0          0          0
24       2.673108e+04   2.314166e+04   2.040765e+04    0.1181   8.195400e+01   4.625000e+00      false       none         82         10          0         11     4158     4158          0          0          0
25       2.805491e+04   2.314166e+04   2.041184e+04    0.1180   8.634400e+01   4.390000e+00      false       none         82         10          0         11     4261     4261          0          0          0
26       3.114316e+04   2.314166e+04   2.049368e+04    0.1144   9.121900e+01   4.875000e+00      false       none         82         10          0         11     4394     4394          0          0          0
27       3.050140e+04   2.314166e+04   2.050473e+04    0.1139   9.595400e+01   4.735000e+00      false       none         82         10          0         11     4496     4496          0          0          0
28       3.502770e+04   2.314166e+04   2.051353e+04    0.1136   1.008440e+02   4.890000e+00      false       none         82         10          0         11     4573     4573          0          0          0
29       3.104319e+04   2.314166e+04   2.051773e+04    0.1134   1.060000e+02   5.156000e+00      false       none         82         10          0         11     4658     4658          0          0          0
30       2.993011e+04   2.314166e+04   2.052887e+04    0.1129   1.111570e+02   5.157000e+00      false       none         82         10          0         11     4763     4763          0          0          0
31       2.731062e+04   2.314166e+04   2.054778e+04    0.1121   1.161720e+02   5.015000e+00      false       none         82         10          0         11     4880     4880          0          0          0
32       2.720021e+04   2.314166e+04   2.055850e+04    0.1116   1.213440e+02   5.172000e+00      false       none         82         10          0         11     4941     4941          0          0          0
33       3.132838e+04   2.314166e+04   2.059911e+04    0.1099   1.271260e+02   5.782000e+00      false       none         82         10          0         11     5080     5080          0          0          0
34       2.750555e+04   2.314166e+04   2.061621e+04    0.1091   1.322350e+02   5.109000e+00      false       none         82         10          0         11     5177     5177          0          0          0
35       2.962533e+04   2.314166e+04   2.062033e+04    0.1090   1.377670e+02   5.532000e+00      false       none         82         10          0         11     5251     5251          0          0          0
36       2.657128e+04   2.314166e+04   2.063720e+04    0.1082   1.430630e+02   5.296000e+00      false       none         82         10          0         11     5345     5345          0          0          0
37       2.938422e+04   2.314166e+04   2.066136e+04    0.1072   1.487510e+02   5.688000e+00      false       none         82         10          0         11     5413     5413          0          0          0
38       2.962538e+04   2.314166e+04   2.066292e+04    0.1071   1.547200e+02   5.969000e+00      false       none         82         10          0         11     5487     5487          0          0          0
39       2.678225e+04   2.314166e+04   2.067384e+04    0.1066   1.608920e+02   6.172000e+00      false       none         82         10          0         11     5577     5577          0          0          0
40       3.112968e+04   2.314166e+04   2.068344e+04    0.1062   1.667820e+02   5.890000e+00      false       none         82         10          0         11     5674     5674          0          0          0
41       2.703726e+04   2.314166e+04   2.069871e+04    0.1056   1.721420e+02   5.360000e+00      false       none         82         10          0         11     5773     5773          0          0          0
42       3.029274e+04   2.314166e+04   2.070348e+04    0.1054   1.782510e+02   6.109000e+00      false       none         82         10          0         11     5841     5841          0          0          0
43       3.210552e+04   2.314166e+04   2.070663e+04    0.1052   1.844540e+02   6.203000e+00      false       none         82         10          0         11     5897     5897          0          0          0
44       2.842051e+04   2.314166e+04   2.070829e+04    0.1052   1.905010e+02   6.047000e+00      false       none         82         10          0         11     5950     5950          0          0          0
45       3.088675e+04   2.314166e+04   2.070926e+04    0.1051   1.965950e+02   6.094000e+00      false       none         82         10          0         11     6007     6007          0          0          0
46       2.899221e+04   2.314166e+04   2.070935e+04    0.1051   2.027820e+02   6.187000e+00      false       none         82         10          0         11     6083     6083          0          0          0
47       3.280579e+04   2.314166e+04   2.070935e+04    0.1051   2.090950e+02   6.313000e+00      false       none         82         10          0         11     6184     6184          0          0          0
48       3.198109e+04   2.314166e+04   2.070935e+04    0.1051   2.150790e+02   5.984000e+00      false       none         82         10          0         11     6218     6218          0          0          0
49       3.289319e+04   2.314166e+04   2.070935e+04    0.1051   2.211420e+02   6.063000e+00      false       none         82         10          0         11     6284     6284          0          0          0
50       2.769112e+04   2.314166e+04   2.070935e+04    0.1051   2.274390e+02   6.297000e+00      false       none         82         10          0         11     6327     6327          0          0          0
51       3.015160e+04   2.314166e+04   2.070951e+04    0.1051   2.336260e+02   6.187000e+00      false       none         82         10          0         11     6377     6377          0          0          0
52       2.928298e+04   2.314166e+04   2.070969e+04    0.1051   2.399390e+02   6.313000e+00      false       none         82         10          0         11     6400     6400          0          0          0
53       3.152920e+04   2.314166e+04   2.070969e+04    0.1051   2.463920e+02   6.453000e+00      false       none         82         10          0         11     6419     6419          0          0          0
54       3.180486e+04   2.314166e+04   2.071089e+04    0.1050   2.529850e+02   6.593000e+00      false       none         82         10          0         11     6476     6476          0          0          0
55       3.078904e+04   2.314166e+04   2.071014e+04    0.1051   2.594380e+02   6.453000e+00      false       none         82         10          0         11     6561     6561          0          0          0
56       2.821354e+04   2.314166e+04   2.071235e+04    0.1050   2.655950e+02   6.157000e+00      false       none         82         10          0         11     6626     6626          0          0          0
57       2.807446e+04   2.314166e+04   2.071275e+04    0.1050   2.719230e+02   6.328000e+00      false       none         82         10          0         11     6681     6681          0          0          0
58       2.626491e+04   2.314166e+04   2.071317e+04    0.1049   2.782510e+02   6.328000e+00      false       none         82         10          0         11     6738     6738          0          0          0
59       2.911612e+04   2.314166e+04   2.071381e+04    0.1049   2.848760e+02   6.625000e+00      false       none         82         10          0         11     6795     6795          0          0          0
60       2.932375e+04   2.314166e+04   2.071464e+04    0.1049   2.913920e+02   6.516000e+00      false       none         82         10          0         11     6864     6864          0          0          0
61       2.631724e+04   2.314166e+04   2.071537e+04    0.1048   2.982200e+02   6.828000e+00      false       none         82         10          0         11     6933     6933          0          0          0
62       2.660328e+04   2.314166e+04   2.071542e+04    0.1048   3.044540e+02   6.234000e+00      false       none         82         10          0         11     6993     6993          0          0          0
63       2.939693e+04   2.314166e+04   2.071582e+04    0.1048   3.112040e+02   6.750000e+00      false       none         82         10          0         11     7042     7042          0          0          0
64       3.007247e+04   2.314166e+04   2.071834e+04    0.1047   3.180790e+02   6.875000e+00      false       none         82         10          0         11     7076     7076          0          0          0
65       2.897589e+04   2.314166e+04   2.071948e+04    0.1047   3.251100e+02   7.031000e+00      false       none         82         10          0         11     7152     7152          0          0          0
66       3.072439e+04   2.314166e+04   2.071948e+04    0.1047   3.319850e+02   6.875000e+00      false       none         82         10          0         11     7198     7198          0          0          0
67       2.860583e+04   2.314166e+04   2.071948e+04    0.1047   3.385170e+02   6.532000e+00      false       none         82         10          0         11     7245     7245          0          0          0
68       2.810956e+04   2.314166e+04   2.071949e+04    0.1047   3.455320e+02   7.015000e+00      false       none         82         10          0         11     7314     7314          0          0          0
69       2.939294e+04   2.314166e+04   2.072012e+04    0.1046   3.526100e+02   7.078000e+00      false       none         82         10          0         11     7362     7362          0          0          0
70       3.245110e+04   2.314166e+04   2.072040e+04    0.1046   3.594700e+02   6.860000e+00      false       none         82         10          0         11     7430     7430          0          0          0
71       3.004217e+04   2.314166e+04   2.072058e+04    0.1046   3.663600e+02   6.890000e+00      false       none         82         10          0         11     7500     7500          0          0          0
72       2.957203e+04   2.314166e+04   2.072255e+04    0.1045   3.735950e+02   7.235000e+00      false       none         82         10          0         11     7593     7593          0          0          0
73       2.964039e+04   2.314166e+04   2.072306e+04    0.1045   3.805790e+02   6.984000e+00      false       none         82         10          0         11     7619     7619          0          0          0
74       2.634980e+04   2.314166e+04   2.072357e+04    0.1045   3.875640e+02   6.985000e+00      false       none         82         10          0         11     7662     7662          0          0          0
75       3.071842e+04   2.314166e+04   2.072439e+04    0.1045   3.944700e+02   6.906000e+00      false       none         82         10          0         11     7704     7704          0          0          0
76       2.731685e+04   2.314166e+04   2.072473e+04    0.1044   4.013290e+02   6.859000e+00      false       none         82         10          0         11     7788     7788          0          0          0
77       2.845753e+04   2.314166e+04   2.072477e+04    0.1044   4.084860e+02   7.157000e+00      false       none         82         10          0         11     7821     7821          0          0          0
78       2.665373e+04   2.314166e+04   2.072483e+04    0.1044   4.156570e+02   7.171000e+00      false       none         82         10          0         11     7869     7869          0          0          0
79       2.644535e+04   2.314166e+04   2.072483e+04    0.1044   4.227820e+02   7.125000e+00      false       none         82         10          0         11     7893     7893          0          0          0
80       2.957061e+04   2.314166e+04   2.072510e+04    0.1044   4.302360e+02   7.454000e+00      false       none         82         10          0         11     7936     7936          0          0          0
81       2.824478e+04   2.314166e+04   2.072615e+04    0.1044   4.374860e+02   7.250000e+00      false       none         82         10          0         11     7980     7980          0          0          0
82       2.990149e+04   2.314166e+04   2.072690e+04    0.1043   4.449860e+02   7.500000e+00      false       none         82         10          0         11     8056     8056          0          0          0
83       2.802043e+04   2.314166e+04   2.072751e+04    0.1043   4.523450e+02   7.359000e+00      false       none         82         10          0         11     8093     8093          0          0          0
84       2.698016e+04   2.314166e+04   2.072788e+04    0.1043   4.597670e+02   7.422000e+00      false       none         82         10          0         11     8129     8129          0          0          0
85       3.178782e+04   2.314166e+04   2.074173e+04    0.1037   4.674390e+02   7.672000e+00      false       none         82         10          0         11     8211     8211          0          0          0
86       2.989312e+04   2.314166e+04   2.077560e+04    0.1022   4.749700e+02   7.531000e+00      false       none         82         10          0         11     8280     8280          0          0          0
87       3.066706e+04   2.314166e+04   2.078198e+04    0.1020   4.826260e+02   7.656000e+00      false       none         82         10          0         11     8342     8342          0          0          0
88       2.809716e+04   2.314166e+04   2.079925e+04    0.1012   4.907360e+02   8.110000e+00      false       none         82         10          0         11     8400     8400          0          0          0
89       3.298882e+04   2.314166e+04   2.080418e+04    0.1010   4.984080e+02   7.672000e+00      false       none         82         10          0         11     8459     8459          0          0          0
90       2.817336e+04   2.314166e+04   2.081733e+04    0.1004   5.063440e+02   7.936000e+00      false       none         82         10          0         11     8515     8515          0          0          0
91       2.774672e+04   2.314166e+04   2.083436e+04    0.0997   5.143750e+02   8.031000e+00      false       none         82         10          0         11     8559     8559          0          0          0
92       3.334609e+04   2.314166e+04   2.083521e+04    0.0997   5.222970e+02   7.922000e+00      false       none         82         10          0         11     8611     8611          0          0          0
93       3.216480e+04   2.314166e+04   2.083558e+04    0.0997   5.302030e+02   7.906000e+00      false       none         82         10          0         11     8635     8635          0          0          0
94       2.826436e+04   2.314166e+04   2.083576e+04    0.0996   5.376720e+02   7.469000e+00      false       none         82         10          0         11     8687     8687          0          0          0
95       2.878330e+04   2.314166e+04   2.083576e+04    0.0996   5.450160e+02   7.344000e+00      false       none         82         10          0         11     8762     8762          0          0          0
96       3.009518e+04   2.314166e+04   2.084134e+04    0.0994   5.531720e+02   8.156000e+00      false       none         82         10          0         11     8811     8811          0          0          0
97       2.561249e+04   2.314166e+04   2.084320e+04    0.0993   5.610320e+02   7.860000e+00      false       none         82         10          0         11     8861     8861          0          0          0
98       3.297075e+04   2.314166e+04   2.084355e+04    0.0993   5.690780e+02   8.046000e+00      false       none         82         10          0         11     8965     8965          0          0          0
99       3.127130e+04   2.314166e+04   2.084462e+04    0.0993   5.772350e+02   8.157000e+00      false       none         82         10          0         11     9018     9018          0          0          0
100      3.102934e+04   2.314166e+04   2.084559e+04    0.0992   5.850320e+02   7.797000e+00      false       none         82         10          0         11     9079     9079          0          0          0
101      2.629908e+04   2.314166e+04   2.084559e+04    0.0992   5.928750e+02   7.843000e+00      false       none         82         10          0         11     9142     9142          0          0          0
102      2.928421e+04   2.314166e+04   2.084585e+04    0.0992   6.011410e+02   8.266000e+00      false       none         82         10          0         11     9188     9188          0          0          0
103      3.355885e+04   2.314166e+04   2.084619e+04    0.0992   6.089380e+02   7.797000e+00      false       none         82         10          0         11     9259     9259          0          0          0
104      2.900563e+04   2.314166e+04   2.084619e+04    0.0992   6.175320e+02   8.594000e+00      false       none         82         10          0         11     9291     9291          0          0          0
105      3.244072e+04   2.314166e+04   2.084636e+04    0.0992   6.257980e+02   8.266000e+00      false       none         82         10          0         11     9323     9323          0          0          0
106      2.741661e+04   2.314166e+04   2.084682e+04    0.0992   6.340170e+02   8.219000e+00      false       none         82         10          0         11     9340     9340          0          0          0
107      3.101821e+04   2.314166e+04   2.084729e+04    0.0991   6.421880e+02   8.171000e+00      false       none         82         10          0         11     9396     9396          0          0          0
108      2.869570e+04   2.314166e+04   2.084847e+04    0.0991   6.503910e+02   8.203000e+00      false       none         82         10          0         11     9432     9432          0          0          0
109      3.163205e+04   2.314166e+04   2.084867e+04    0.0991   6.586570e+02   8.266000e+00      false       none         82         10          0         11     9493     9493          0          0          0
110      2.880020e+04   2.314166e+04   2.084867e+04    0.0991   6.671570e+02   8.500000e+00      false       none         82         10          0         11     9515     9515          0          0          0
111      2.592533e+04   2.314166e+04   2.084867e+04    0.0991   6.753290e+02   8.172000e+00      false       none         82         10          0         11     9556     9556          0          0          0
112      3.057924e+04   2.314166e+04   2.084922e+04    0.0991   6.838290e+02   8.500000e+00      false       none         82         10          0         11     9594     9594          0          0          0
113      2.612012e+04   2.314166e+04   2.084922e+04    0.0991   6.919850e+02   8.156000e+00      false       none         82         10          0         11     9622     9622          0          0          0
114      3.046979e+04   2.314166e+04   2.084981e+04    0.0990   7.002980e+02   8.313000e+00      false       none         82         10          0         11     9641     9641          0          0          0
115      3.110364e+04   2.314166e+04   2.084981e+04    0.0990   7.087980e+02   8.500000e+00      false       none         82         10          0         11     9665     9665          0          0          0
116      2.854337e+04   2.314166e+04   2.085038e+04    0.0990   7.172980e+02   8.500000e+00      false       none         82         10          0         11     9682     9682          0          0          0
117      2.995269e+04   2.314166e+04   2.085156e+04    0.0990   7.254380e+02   8.140000e+00      false       none         82         10          0         11     9721     9721          0          0          0
118      3.121706e+04   2.314166e+04   2.085166e+04    0.0990   7.341100e+02   8.672000e+00      false       none         82         10          0         11     9827     9827          0          0          0
119      3.326790e+04   2.314166e+04   2.085339e+04    0.0989   7.421420e+02   8.032000e+00      false       none         82         10          0         11     9883     9883          0          0          0
120      3.319506e+04   2.314166e+04   2.085396e+04    0.0989   7.508920e+02   8.750000e+00      false       none         82         10          0         11     9920     9920          0          0          0
121      3.139050e+04   2.314166e+04   2.085409e+04    0.0989   7.596570e+02   8.765000e+00      false       none         82         10          0         11     9969     9969          0          0          0
122      2.933748e+04   2.314166e+04   2.085409e+04    0.0989   7.683600e+02   8.703000e+00      false       none         82         10          0         11    10019    10019          0          0          0
123      3.441047e+04   2.314166e+04   2.085441e+04    0.0988   7.772980e+02   8.938000e+00      false       none         82         10          0         11    10066    10066          0          0          0
124      2.992668e+04   2.314166e+04   2.085518e+04    0.0988   7.860630e+02   8.765000e+00      false       none         82         10          0         11    10103    10103          0          0          0
125      2.917407e+04   2.314166e+04   2.085549e+04    0.0988   7.948290e+02   8.766000e+00      false       none         82         10          0         11    10138    10138          0          0          0
126      2.696780e+04   2.314166e+04   2.085627e+04    0.0988   8.035320e+02   8.703000e+00      false       none         82         10          0         11    10184    10184          0          0          0
127      3.318004e+04   2.314166e+04   2.085872e+04    0.0987   8.126730e+02   9.141000e+00      false       none         82         10          0         11    10276    10276          0          0          0
128      3.162113e+04   2.314166e+04   2.085910e+04    0.0986   8.216880e+02   9.015000e+00      false       none         82         10          0         11    10318    10318          0          0          0
129      2.890443e+04   2.314166e+04   2.085983e+04    0.0986   8.306570e+02   8.969000e+00      false       none         82         10          0         11    10366    10366          0          0          0
130      3.048143e+04   2.314166e+04   2.086135e+04    0.0985   8.398290e+02   9.172000e+00      false       none         82         10          0         11    10391    10391          0          0          0
131      2.920059e+04   2.314166e+04   2.086247e+04    0.0985   8.480790e+02   8.250000e+00      false       none         82         10          0         11    10443    10443          0          0          0
132      2.680958e+04   2.314166e+04   2.086381e+04    0.0984   8.572510e+02   9.172000e+00      false       none         82         10          0         11    10463    10463          0          0          0
133      2.815813e+04   2.314166e+04   2.086381e+04    0.0984   8.661880e+02   8.937000e+00      false       none         82         10          0         11    10470    10470          0          0          0
134      2.699882e+04   2.314166e+04   2.086789e+04    0.0983   8.746570e+02   8.469000e+00      false       none         82         10          0         11    10572    10572          0          0          0
135      2.982854e+04   2.314166e+04   2.087877e+04    0.0978   8.836730e+02   9.016000e+00      false       none         82         10          0         11    10609    10609          0          0          0
136      2.864769e+04   2.314166e+04   2.088730e+04    0.0974   8.928290e+02   9.156000e+00      false       none         82         10          0         11    10668    10668          0          0          0
137      3.380955e+04   2.314166e+04   2.093741e+04    0.0953   9.020170e+02   9.188000e+00      false       none         82         10          0         11    10793    10793          0          0          0
138      2.773381e+04   2.314166e+04   2.094503e+04    0.0949   9.112040e+02   9.187000e+00      false       none         82         10          0         11    10820    10820          0          0          0
139      3.025950e+04   2.314166e+04   2.095455e+04    0.0945   9.206260e+02   9.422000e+00      false       none         82         10          0         11    10883    10883          0          0          0
140      2.698665e+04   2.314166e+04   2.095886e+04    0.0943   9.298140e+02   9.188000e+00      false       none         82         10          0         11    10914    10914          0          0          0
141      2.546579e+04   2.314166e+04   2.095907e+04    0.0943   9.387360e+02   8.922000e+00      false       none         82         10          0         11    10990    10990          0          0          0
142      3.233052e+04   2.314166e+04   2.095920e+04    0.0943   9.483610e+02   9.625000e+00      false       none         82         10          0         11    11062    11062          0          0          0
143      2.960622e+04   2.314166e+04   2.095928e+04    0.0943   9.581110e+02   9.750000e+00      false       none         82         10          0         11    11120    11120          0          0          0
144      2.970106e+04   2.314166e+04   2.096004e+04    0.0943   9.675950e+02   9.484000e+00      false       none         82         10          0         11    11151    11151          0          0          0
145      2.668359e+04   2.314166e+04   2.096004e+04    0.0943   9.766260e+02   9.031000e+00      false       none         82         10          0         11    11193    11193          0          0          0
146      2.921582e+04   2.314166e+04   2.096004e+04    0.0943   9.859070e+02   9.281000e+00      false       none         82         10          0         11    11223    11223          0          0          0
147      3.027155e+04   2.314166e+04   2.096004e+04    0.0943   9.953920e+02   9.485000e+00      false       none         82         10          0         11    11245    11245          0          0          0
148      2.821005e+04   2.314166e+04   2.096004e+04    0.0943   1.004642e+03   9.250000e+00      false       none         82         10          0         11    11289    11289          0          0          0
149      3.026781e+04   2.314166e+04   2.096004e+04    0.0943   1.014439e+03   9.797000e+00      false       none         82         10          0         11    11296    11296          0          0          0
150      2.666787e+04   2.314166e+04   2.096083e+04    0.0942   1.024157e+03   9.718000e+00      false       none         82         10          0         11    11319    11319          0          0          0
151      3.033992e+04   2.314166e+04   2.096297e+04    0.0941   1.033611e+03   9.454000e+00      false       none         82         10          0         11    11364    11364          0          0          0
152      3.155490e+04   2.314166e+04   2.096411e+04    0.0941   1.043423e+03   9.812000e+00      false       none         82         10          0         11    11376    11376          0          0          0
153      2.829175e+04   2.314166e+04   2.096437e+04    0.0941   1.053064e+03   9.641000e+00      false       none         82         10          0         11    11399    11399          0          0          0
154      3.045210e+04   2.314166e+04   2.096710e+04    0.0940   1.062986e+03   9.922000e+00      false       none         82         10          0         11    11469    11469          0          0          0
155      2.900424e+04   2.314166e+04   2.097148e+04    0.0938   1.072517e+03   9.531000e+00      false       none         82         10          0         11    11492    11492          0          0          0
156      2.889923e+04   2.314166e+04   2.097424e+04    0.0937   1.082736e+03   1.021900e+01      false       none         82         10          0         11    11532    11532          0          0          0
157      3.171100e+04   2.314166e+04   2.097643e+04    0.0936   1.092907e+03   1.017100e+01      false       none         82         10          0         11    11556    11556          0          0          0
158      2.824494e+04   2.314166e+04   2.098805e+04    0.0931   1.102251e+03   9.344000e+00      false       none         82         10          0         11    11611    11611          0          0          0
159      3.017492e+04   2.314166e+04   2.098818e+04    0.0931   1.112220e+03   9.969000e+00      false       none         82         10          0         11    11635    11635          0          0          0
160      2.822738e+04   2.314166e+04   2.098818e+04    0.0931   1.122017e+03   9.797000e+00      false       none         82         10          0         11    11652    11652          0          0          0
161      2.850322e+04   2.314166e+04   2.098818e+04    0.0931   1.132079e+03   1.006200e+01      false       none         82         10          0         11    11667    11667          0          0          0
162      2.965558e+04   2.314166e+04   2.098818e+04    0.0931   1.142283e+03   1.020400e+01      false       none         82         10          0         11    11696    11696          0          0          0
163      3.136242e+04   2.314166e+04   2.098818e+04    0.0931   1.152408e+03   1.012500e+01      false       none         82         10          0         11    11709    11709          0          0          0
164      3.041595e+04   2.314166e+04   2.098818e+04    0.0931   1.162517e+03   1.010900e+01      false       none         82         10          0         11    11736    11736          0          0          0
165      2.929214e+04   2.314166e+04   2.098818e+04    0.0931   1.172564e+03   1.004700e+01      false       none         82         10          0         11    11761    11761          0          0          0
166      2.818780e+04   2.314166e+04   2.098818e+04    0.0931   1.182772e+03   1.020800e+01      false       none         82         10          0         11    11796    11796          0          0          0
167      2.994868e+04   2.314166e+04   2.098818e+04    0.0931   1.192658e+03   9.886000e+00      false       none         82         10          0         11    11832    11832          0          0          0
168      2.893000e+04   2.314166e+04   2.098871e+04    0.0930   1.203321e+03   1.066300e+01      false       none         82         10          0         11    11864    11864          0          0          0
169      3.093614e+04   2.314166e+04   2.099057e+04    0.0930   1.213407e+03   1.008600e+01      false       none         82         10          0         11    11906    11906          0          0          0
170      2.466044e+04   2.314166e+04   2.099082e+04    0.0929   1.222954e+03   9.547000e+00      false       none         82         10          0         11    11956    11956          0          0          0
171      2.817938e+04   2.314166e+04   2.099094e+04    0.0929   1.233251e+03   1.029700e+01      false       none         82         10          0         11    11977    11977          0          0          0
172      2.674092e+04   2.314166e+04   2.099170e+04    0.0929   1.243017e+03   9.766000e+00      false       none         82         10          0         11    11996    11996          0          0          0
173      3.287228e+04   2.314166e+04   2.099191e+04    0.0929   1.252908e+03   9.891000e+00      false       none         82         10          0         11    12020    12020          0          0          0
174      3.069231e+04   2.314166e+04   2.099191e+04    0.0929   1.262986e+03   1.007800e+01      false       none         82         10          0         11    12056    12056          0          0          0
175      3.374537e+04   2.314166e+04   2.099204e+04    0.0929   1.273361e+03   1.037500e+01      false       none         82         10          0         11    12096    12096          0          0          0
176      2.785301e+04   2.314166e+04   2.099204e+04    0.0929   1.283658e+03   1.029700e+01      false       none         82         10          0         11    12121    12121          0          0          0
177      2.817321e+04   2.314166e+04   2.099204e+04    0.0929   1.293314e+03   9.656000e+00      false       none         82         10          0         11    12145    12145          0          0          0
178      2.836030e+04   2.314166e+04   2.099204e+04    0.0929   1.303923e+03   1.060900e+01      false       none         82         10          0         11    12184    12184          0          0          0
179      2.429581e+04   2.314166e+04   2.099204e+04    0.0929   1.313798e+03   9.875000e+00      false       none         82         10          0         11    12199    12199          0          0          0
180      3.246870e+04   2.314166e+04   2.099204e+04    0.0929   1.324033e+03   1.023500e+01      false       none         82         10          0         11    12221    12221          0          0          0
181      2.966111e+04   2.314166e+04   2.099204e+04    0.0929   1.334439e+03   1.040600e+01      false       none         82         10          0         11    12250    12250          0          0          0
182      2.745970e+04   2.314166e+04   2.099227e+04    0.0929   1.343548e+03   9.109000e+00      false       none         82         10          0         11    12298    12298          0          0          0
183      2.688382e+04   2.314166e+04   2.099227e+04    0.0929   1.353423e+03   9.875000e+00      false       none         82         10          0         11    12318    12318          0          0          0
184      3.291926e+04   2.314166e+04   2.099227e+04    0.0929   1.364048e+03   1.062500e+01      false       none         82         10          0         11    12341    12341          0          0          0
185      2.669681e+04   2.314166e+04   2.099227e+04    0.0929   1.373626e+03   9.578000e+00      false       none         82         10          0         11    12359    12359          0          0          0
186      2.805096e+04   2.314166e+04   2.099243e+04    0.0929   1.384157e+03   1.053100e+01      false       none         82         10          0         11    12378    12378          0          0          0
187      2.616540e+04   2.314166e+04   2.099243e+04    0.0929   1.394533e+03   1.037600e+01      false       none         82         10          0         11    12390    12390          0          0          0
188      2.725010e+04   2.314166e+04   2.099243e+04    0.0929   1.403829e+03   9.296000e+00      false       none         82         10          0         11    12450    12450          0          0          0
189      2.755318e+04   2.314166e+04   2.099243e+04    0.0929   1.414611e+03   1.078200e+01      false       none         82         10          0         11    12484    12484          0          0          0
190      3.363706e+04   2.314166e+04   2.099329e+04    0.0928   1.425361e+03   1.075000e+01      false       none         82         10          0         11    12552    12552          0          0          0
191      3.234742e+04   2.314166e+04   2.099345e+04    0.0928   1.435626e+03   1.026500e+01      false       none         82         10          0         11    12588    12588          0          0          0
192      2.787465e+04   2.314166e+04   2.099345e+04    0.0928   1.446064e+03   1.043800e+01      false       none         82         10          0         11    12618    12618          0          0          0
193      2.500720e+04   2.314166e+04   2.099345e+04    0.0928   1.455486e+03   9.422000e+00      false       none         82         10          0         11    12693    12693          0          0          0
194      2.934898e+04   2.314166e+04   2.099345e+04    0.0928   1.465783e+03   1.029700e+01      false       none         82         10          0         11    12702    12702          0          0          0
195      2.744749e+04   2.314166e+04   2.099382e+04    0.0928   1.476673e+03   1.089000e+01      false       none         82         10          0         11    12716    12716          0          0          0
196      2.832093e+04   2.314166e+04   2.099382e+04    0.0928   1.486517e+03   9.844000e+00      false       none         82         10          0         11    12730    12730          0          0          0
197      2.928415e+04   2.314166e+04   2.099420e+04    0.0928   1.496986e+03   1.046900e+01      false       none         82         10          0         11    12757    12757          0          0          0
198      3.266166e+04   2.314166e+04   2.099420e+04    0.0928   1.507533e+03   1.054700e+01      false       none         82         10          0         11    12768    12768          0          0          0
199      2.871564e+04   2.314166e+04   2.099511e+04    0.0928   1.518626e+03   1.109300e+01      false       none         82         10          0         11    12814    12814          0          0          0
200      3.176610e+04   2.314166e+04   2.099523e+04    0.0928   1.529454e+03   1.082800e+01      false       none         82         10          0         11    12876    12876          0          0          0
201      3.073180e+04   2.314166e+04   2.099523e+04    0.0928   1.540454e+03   1.100000e+01      false       none         82         10          0         11    12896    12896          0          0          0
202      3.231790e+04   2.314166e+04   2.099593e+04    0.0927   1.551579e+03   1.112500e+01      false       none         82         10          0         11    12943    12943          0          0          0
203      2.744175e+04   2.314166e+04   2.099593e+04    0.0927   1.561908e+03   1.032900e+01      false       none         82         10          0         11    12956    12956          0          0          0
204      3.331851e+04   2.314166e+04   2.099593e+04    0.0927   1.572876e+03   1.096800e+01      false       none         82         10          0         11    12994    12994          0          0          0
205      3.051964e+04   2.314166e+04   2.099593e+04    0.0927   1.584001e+03   1.112500e+01      false       none         82         10          0         11    13012    13012          0          0          0
206      3.161869e+04   2.314166e+04   2.099593e+04    0.0927   1.595017e+03   1.101600e+01      false       none         82         10          0         11    13039    13039          0          0          0
207      2.500708e+04   2.314166e+04   2.099593e+04    0.0927   1.604908e+03   9.891000e+00      false       none         82         10          0         11    13067    13067          0          0          0
208      3.475018e+04   2.314166e+04   2.099593e+04    0.0927   1.616001e+03   1.109300e+01      false       none         82         10          0         11    13091    13091          0          0          0
209      2.721116e+04   2.314166e+04   2.099593e+04    0.0927   1.626736e+03   1.073500e+01      false       none         82         10          0         11    13116    13116          0          0          0
210      3.013390e+04   2.314166e+04   2.099593e+04    0.0927   1.637455e+03   1.071900e+01      false       none         82         10          0         11    13130    13130          0          0          0
211      2.858076e+04   2.314166e+04   2.099593e+04    0.0927   1.648283e+03   1.082800e+01      false       none         82         10          0         11    13137    13137          0          0          0
212      3.201273e+04   2.314166e+04   2.099593e+04    0.0927   1.659345e+03   1.106200e+01      false       none         82         10          0         11    13157    13157          0          0          0
213      2.787115e+04   2.314166e+04   2.099593e+04    0.0927   1.670251e+03   1.090600e+01      false       none         82         10          0         11    13166    13166          0          0          0
214      3.002889e+04   2.314166e+04   2.099642e+04    0.0927   1.681486e+03   1.123500e+01      false       none         82         10          0         11    13191    13191          0          0          0
215      3.242390e+04   2.314166e+04   2.099914e+04    0.0926   1.691861e+03   1.037500e+01      false       none         82         10          0         11    13247    13247          0          0          0
216      2.945245e+04   2.314166e+04   2.099917e+04    0.0926   1.702751e+03   1.089000e+01      false       none         82         10          0         11    13281    13281          0          0          0
217      2.833312e+04   2.314166e+04   2.099928e+04    0.0926   1.713501e+03   1.075000e+01      false       none         82         10          0         11    13307    13307          0          0          0
218      2.677045e+04   2.314166e+04   2.099969e+04    0.0926   1.724580e+03   1.107900e+01      false       none         82         10          0         11    13349    13349          0          0          0
219      2.755219e+04   2.314166e+04   2.100001e+04    0.0925   1.734783e+03   1.020300e+01      false       none         82         10          0         11    13389    13389          0          0          0
220      2.989298e+04   2.314166e+04   2.099922e+04    0.0926   1.746298e+03   1.151500e+01      false       none         82         10          0         11    13415    13415          0          0          0
221      2.697797e+04   2.314166e+04   2.099934e+04    0.0926   1.756814e+03   1.051600e+01      false       none         82         10          0         11    13469    13469          0          0          0
222      3.070338e+04   2.314166e+04   2.100138e+04    0.0925   1.768377e+03   1.156300e+01      false       none         82         10          0         11    13490    13490          0          0          0
223      2.690822e+04   2.314166e+04   2.100233e+04    0.0924   1.779377e+03   1.100000e+01      false       none         82         10          0         11    13522    13522          0          0          0
224      3.038258e+04   2.314166e+04   2.100259e+04    0.0924   1.790361e+03   1.098400e+01      false       none         82         10          0         11    13542    13542          0          0          0
225      3.110518e+04   2.314166e+04   2.100393e+04    0.0924   1.801845e+03   1.148400e+01      false       none         82         10          0         11    13582    13582          0          0          0
226      3.225743e+04   2.314166e+04   2.101033e+04    0.0921   1.813108e+03   1.126300e+01      false       none         82         10          0         11    13639    13639          0          0          0
227      2.740661e+04   2.314166e+04   2.100967e+04    0.0921   1.824298e+03   1.119000e+01      false       none         82         10          0         11    13654    13654          0          0          0
228      3.338602e+04   2.314166e+04   2.101093e+04    0.0921   1.835876e+03   1.157800e+01      false       none         82         10          0         11    13719    13719          0          0          0
229      2.591726e+04   2.314166e+04   2.101107e+04    0.0921   1.847454e+03   1.157800e+01      false       none         82         10          0         11    13726    13726          0          0          0
230      3.093669e+04   2.314166e+04   2.101173e+04    0.0920   1.858923e+03   1.146900e+01      false       none         82         10          0         11    13746    13746          0          0          0
231      2.822947e+04   2.314166e+04   2.101173e+04    0.0920   1.870189e+03   1.126600e+01      false       none         82         10          0         11    13768    13768          0          0          0
232      2.960769e+04   2.314166e+04   2.101179e+04    0.0920   1.881455e+03   1.126600e+01      false       none         82         10          0         11    13802    13802          0          0          0
233      2.986634e+04   2.314166e+04   2.101191e+04    0.0920   1.893111e+03   1.165600e+01      false       none         82         10          0         11    13827    13827          0          0          0
234      2.719942e+04   2.314166e+04   2.101191e+04    0.0920   1.904611e+03   1.150000e+01      false       none         82         10          0         11    13834    13834          0          0          0
235      3.221134e+04   2.314166e+04   2.101191e+04    0.0920   1.916205e+03   1.159400e+01      false       none         82         10          0         11    13865    13865          0          0          0
236      3.004971e+04   2.314166e+04   2.101191e+04    0.0920   1.927455e+03   1.125000e+01      false       none         82         10          0         11    13887    13887          0          0          0
237      2.810669e+04   2.314166e+04   2.101191e+04    0.0920   1.938486e+03   1.103100e+01      false       none         82         10          0         11    13923    13923          0          0          0
238      3.153935e+04   2.314166e+04   2.101191e+04    0.0920   1.950095e+03   1.160900e+01      false       none         82         10          0         11    13959    13959          0          0          0
239      2.703093e+04   2.314166e+04   2.101191e+04    0.0920   1.961158e+03   1.106300e+01      false       none         82         10          0         11    13995    13995          0          0          0
240      3.140131e+04   2.314166e+04   2.102044e+04    0.0917   1.972970e+03   1.181200e+01      false       none         82         10          0         11    14027    14027          0          0          0
241      3.132738e+04   2.314166e+04   2.104094e+04    0.0908   1.984861e+03   1.189100e+01      false       none         82         10          0         11    14078    14078          0          0          0
242      2.900771e+04   2.314166e+04   2.104170e+04    0.0907   1.995892e+03   1.103100e+01      false       none         82         10          0         11    14098    14098          0          0          0
243      2.635499e+04   2.314166e+04   2.104291e+04    0.0907   2.006986e+03   1.109400e+01      false       none         82         10          0         11    14120    14120          0          0          0
244      3.260918e+04   2.314166e+04   2.104437e+04    0.0906   2.018814e+03   1.182800e+01      false       none         82         10          0         11    14146    14146          0          0          0
245      2.793002e+04   2.314166e+04   2.104454e+04    0.0906   2.030439e+03   1.162500e+01      false       none         82         10          0         11    14160    14160          0          0          0
246      2.830405e+04   2.314166e+04   2.104454e+04    0.0906   2.042189e+03   1.175000e+01      false       none         82         10          0         11    14168    14168          0          0          0
247      2.701747e+04   2.314166e+04   2.104454e+04    0.0906   2.053423e+03   1.123400e+01      false       none         82         10          0         11    14188    14188          0          0          0
248      3.189399e+04   2.314166e+04   2.104454e+04    0.0906   2.065205e+03   1.178200e+01      false       none         82         10          0         11    14216    14216          0          0          0
249      2.827390e+04   2.314166e+04   2.104454e+04    0.0906   2.076649e+03   1.144400e+01      false       none         82         10          0         11    14243    14243          0          0          0
250      3.130827e+04   2.314166e+04   2.104454e+04    0.0906   2.088595e+03   1.194600e+01      false       none         82         10          0         11    14255    14255          0          0          0
251      2.415021e+04   2.314166e+04   2.104454e+04    0.0906   2.099392e+03   1.079700e+01      false       none         82         10          0         11    14323    14323          0          0          0
252      3.048038e+04   2.314166e+04   2.104454e+04    0.0906   2.111876e+03   1.248400e+01      false       none         82         10          0         11    14333    14333          0          0          0
253      2.801626e+04   2.314166e+04   2.104454e+04    0.0906   2.123501e+03   1.162500e+01      false       none         82         10          0         11    14344    14344          0          0          0
254      2.822039e+04   2.314166e+04   2.104454e+04    0.0906   2.135173e+03   1.167200e+01      false       none         82         10          0         11    14356    14356          0          0          0
255      2.880706e+04   2.314166e+04   2.104454e+04    0.0906   2.147204e+03   1.203100e+01      false       none         82         10          0         11    14379    14379          0          0          0
256      2.806605e+04   2.314166e+04   2.104454e+04    0.0906   2.159298e+03   1.209400e+01      false       none         82         10          0         11    14391    14391          0          0          0
257      2.996069e+04   2.314166e+04   2.104454e+04    0.0906   2.171298e+03   1.200000e+01      false       none         82         10          0         11    14402    14402          0          0          0
258      2.928964e+04   2.314166e+04   2.104454e+04    0.0906   2.183407e+03   1.210900e+01      false       none         82         10          0         11    14418    14418          0          0          0
259      2.813327e+04   2.314166e+04   2.104454e+04    0.0906   2.195220e+03   1.181300e+01      false       none         82         10          0         11    14429    14429          0          0          0
260      2.803688e+04   2.314166e+04   2.104462e+04    0.0906   2.206501e+03   1.128100e+01      false       none         82         10          0         11    14443    14443          0          0          0
261      2.864749e+04   2.314166e+04   2.104473e+04    0.0906   2.218517e+03   1.201600e+01      false       none         82         10          0         11    14467    14467          0          0          0
262      2.854420e+04   2.314166e+04   2.104473e+04    0.0906   2.231064e+03   1.254700e+01      false       none         82         10          0         11    14490    14490          0          0          0
263      3.141456e+04   2.314166e+04   2.104473e+04    0.0906   2.243079e+03   1.201500e+01      false       none         82         10          0         11    14502    14502          0          0          0
264      2.797118e+04   2.314166e+04   2.104473e+04    0.0906   2.254517e+03   1.143800e+01      false       none         82         10          0         11    14508    14508          0          0          0
265      2.797778e+04   2.314166e+04   2.104473e+04    0.0906   2.266579e+03   1.206200e+01      false       none         82         10          0         11    14516    14516          0          0          0
266      2.946945e+04   2.314166e+04   2.104473e+04    0.0906   2.278751e+03   1.217200e+01      false       none         82         10          0         11    14527    14527          0          0          0
267      2.689469e+04   2.314166e+04   2.104473e+04    0.0906   2.291079e+03   1.232800e+01      false       none         82         10          0         11    14534    14534          0          0          0
268      2.918718e+04   2.314166e+04   2.104473e+04    0.0906   2.302392e+03   1.131300e+01      false       none         82         10          0         11    14572    14572          0          0          0
269      2.919467e+04   2.314166e+04   2.104473e+04    0.0906   2.314095e+03   1.170300e+01      false       none         82         10          0         11    14590    14590          0          0          0
270      2.684304e+04   2.314166e+04   2.104473e+04    0.0906   2.326111e+03   1.201600e+01      false       none         82         10          0         11    14600    14600          0          0          0
271      3.057134e+04   2.314166e+04   2.104473e+04    0.0906   2.337704e+03   1.159300e+01      false       none         82         10          0         11    14638    14638          0          0          0
272      3.076980e+04   2.314166e+04   2.104473e+04    0.0906   2.349626e+03   1.192200e+01      false       none         82         10          0         11    14652    14652          0          0          0
273      2.911299e+04   2.314166e+04   2.104473e+04    0.0906   2.361470e+03   1.184400e+01      false       none         82         10          0         11    14660    14660          0          0          0
274      3.075295e+04   2.314166e+04   2.104473e+04    0.0906   2.373954e+03   1.248400e+01      false       none         82         10          0         11    14672    14672          0          0          0
275      2.784584e+04   2.314166e+04   2.104473e+04    0.0906   2.386346e+03   1.239200e+01      false       none         82         10          0         11    14684    14684          0          0          0
276      2.822376e+04   2.314166e+04   2.104473e+04    0.0906   2.398002e+03   1.165600e+01      false       none         82         10          0         11    14693    14693          0          0          0
277      3.618464e+04   2.314166e+04   2.104473e+04    0.0906   2.410392e+03   1.239000e+01      false       none         82         10          0         11    14755    14755          0          0          0
278      2.868126e+04   2.314166e+04   2.104473e+04    0.0906   2.422767e+03   1.237500e+01      false       none         82         10          0         11    14765    14765          0          0          0
279      3.100437e+04   2.314166e+04   2.104473e+04    0.0906   2.435064e+03   1.229700e+01      false       none         82         10          0         11    14775    14775          0          0          0
280      2.684821e+04   2.314166e+04   2.104473e+04    0.0906   2.446877e+03   1.181300e+01      false       none         82         10          0         11    14788    14788          0          0          0
281      3.313971e+04   2.314166e+04   2.104473e+04    0.0906   2.459174e+03   1.229700e+01      false       none         82         10          0         11    14800    14800          0          0          0

Terminating DynamicSDDiP with status: bound_stalling
------------------------------------------------------------------------------
 ────────────────────────────────────────────────────────────────────────────────
                                        Time                    Allocations      
                               ───────────────────────   ────────────────────────
       Tot / % measured:            2459s / 100.0%           13.3GiB / 100.0%    

 Section               ncalls     time    %tot     avg     alloc    %tot      avg
 ────────────────────────────────────────────────────────────────────────────────
 loop                       1    2459s  100.0%   2459s   13.3GiB  100.0%  13.3GiB
   iterations             281    2458s  100.0%   8.75s   13.3GiB  100.0%  48.3MiB
     backward_pass        281    2378s   96.7%   8.46s   13.2GiB   99.3%  48.0MiB
       solve_BP         84.3k    2376s   96.6%  28.2ms   12.9GiB   97.5%   161KiB
         solve_dual     84.3k    2371s   96.4%  28.1ms   12.6GiB   95.1%   157KiB
           solver_c...  84.3k    2099s   85.4%  24.9ms    230MiB    1.7%  2.79KiB
           LP_relax...  84.3k     256s   10.4%  3.03ms   9.71GiB   73.2%   121KiB
             solver...  84.3k     211s    8.6%  2.51ms    291MiB    2.1%  3.53KiB
         space_change    169k   70.6ms    0.0%   419ns     0.00B    0.0%    0.00B
       update_bellman   4.21k    391ms    0.0%  92.7μs    116MiB    0.9%  28.1KiB
         cut_selection  14.8k   8.22ms    0.0%   555ns   1.14MiB    0.0%    81.0B
     forward_pass         281    71.1s    2.9%   253ms   85.8MiB    0.6%   313KiB
       solve_subpro...  4.50k    71.0s    2.9%  15.8ms   73.7MiB    0.5%  16.8KiB
         solver_cal...  4.50k    70.4s    2.9%  15.7ms   10.0MiB    0.1%  2.28KiB
     calculate_bound      281    9.09s    0.4%  32.4ms   6.06MiB    0.0%  22.1KiB
       solver_call_...    281    9.05s    0.4%  32.2ms    545KiB    0.0%  1.94KiB
 ────────────────────────────────────────────────────────────────────────────────

||||||||||||||||||||||||||||||||||||||||||||||||||||||||||||||||||||||||||||||||||||||||||||||||||||||||||||||||||||||||||||||||||||||||
LAGRANGIAN DUAL SOLUTION RESULTS
mn_opt: 0 times (NaN%)
conv: 0 times (NaN%)
unbounded: 0 times (NaN%)
bound_issues: 0 times (NaN%)
subgr_stalling: 0 times (NaN%)
opt: 0 times (NaN%)
feas_issues: 0 times (NaN%)
sub: 0 times (NaN%)
mn_iter: 0 times (NaN%)
iter: 0 times (NaN%)
mn_issue: 0 times (NaN%)

||||||||||||||||||||||||||||||||||||||||||||||||||||||||||||||||||||||||||||||||||||||||||||||||||||||||||||||||||||||||||||||||||||||||
SIMULATION RESULTS
DynamicSDDiP.Simulation(DynamicSDDiP.InSampleMonteCarlo(), 1000)
Lower bound: 21044.726895595533
Statistical upper bound (confidence interval): 29209.52068373098 ± 133.2186619740709
Pessimistic upper bound: 29342.739345705053
