

#########################################################################################################################################
#########################################################################################################################################
#########################################################################################################################################
#########################################################################################################################################
#########################################################################################################################################
DynamicSDDiP.jl (c) Christian Füllner, 2021
re-uses code from SDDP.jl (c) Oscar Dowson, 2017-21
||||||||||||||||||||||||||||||||||||||||||||||||||||||||||||||||||||||||||||||||||||||||||||||||||||||||||||||||||||||||||||||||||||||||
PATH
calling 
C:\Users\cg4102\.julia\packages\DynamicSDDiP\5cxZB\src
nothing
DATETIME
2024-11-05T18:30:26.555
||||||||||||||||||||||||||||||||||||||||||||||||||||||||||||||||||||||||||||||||||||||||||||||||||||||||||||||||||||||||||||||||||||||||
STOPPING RULES
SDDP.TimeLimit(10800.0)
SDDP.BoundStalling(20, 0.0001)
||||||||||||||||||||||||||||||||||||||||||||||||||||||||||||||||||||||||||||||||||||||||||||||||||||||||||||||||||||||||||||||||||||||||
REGULARIZATION
DynamicSDDiP.NoRegularization()
||||||||||||||||||||||||||||||||||||||||||||||||||||||||||||||||||||||||||||||||||||||||||||||||||||||||||||||||||||||||||||||||||||||||
CUT GENERATION REGIMES
DynamicSDDiP.CutGenerationRegime(DynamicSDDiP.NoStateApproximation(), DynamicSDDiP.UnifiedLagrangianDuality(0.0001, 0.0001, 1000, DynamicSDDiP.ZeroDuals(), DynamicSDDiP.BothBounds(), DynamicSDDiP.LevelBundle(0.5, true, false), DynamicSDDiP.StandardChoice(), DynamicSDDiP.Lax(), DynamicSDDiP.Core_Epsilon(0.01, DynamicSDDiP.ConvexHullCopy(), DynamicSDDiP.NoIntegerRelax(), DynamicSDDiP.Unbounded_Opt_SB(true), DynamicSDDiP.NoImprovement(), false), DynamicSDDiP.NoDualSpaceRestriction(), DynamicSDDiP.ConvexHullCopy(), nothing, nothing), 1, Inf, Inf, 0.0, true, 0.0001)

||||||||||||||||||||||||||||||||||||||||||||||||||||||||||||||||||||||||||||||||||||||||||||||||||||||||||||||||||||||||||||||||||||||||
CUT AGGREGATION
DynamicSDDiP.MultiCutRegime()
||||||||||||||||||||||||||||||||||||||||||||||||||||||||||||||||||||||||||||||||||||||||||||||||||||||||||||||||||||||||||||||||||||||||
CUT SELECTION
DynamicSDDiP.NoCutSelection()
||||||||||||||||||||||||||||||||||||||||||||||||||||||||||||||||||||||||||||||||||||||||||||||||||||||||||||||||||||||||||||||||||||||||
LATE BINARIZATION
DynamicSDDiP.NoLateBinarization()
||||||||||||||||||||||||||||||||||||||||||||||||||||||||||||||||||||||||||||||||||||||||||||||||||||||||||||||||||||||||||||||||||||||||
APPLIED SOLVERS (LP, MILP, MIQCP, MINLP, NLP, Lagrange)
DynamicSDDiP.AppliedSolvers(true, "Gurobi", "Gurobi", "Gurobi", "Gurobi", "Gurobi", "Gurobi", "Gurobi", "Gurobi", "Gurobi", 0.0001, 300)
DynamicSDDiP.Direct_Solver()
Numerical focus: false
Silent: true
||||||||||||||||||||||||||||||||||||||||||||||||||||||||||||||||||||||||||||||||||||||||||||||||||||||||||||||||||||||||||||||||||||||||
SAMPLING
Used seed for sampling scenarios: 
11111     
||||||||||||||||||||||||||||||||||||||||||||||||||||||||||||||||||||||||||||||||||||||||||||||||||||||||||||||||||||||||||||||||||||||||
RUN DESCRIPTION

||||||||||||||||||||||||||||||||||||||||||||||||||||||||||||||||||||||||||||||||||||||||||||||||||||||||||||||||||||||||||||||||||||||||
PROBLEM DESCRIPTION
Number of stages: 16
Number of realizations per stage: 20
Seed for scenario tree sampling: 12345
Solver: serial mode

────────────────────────────────────────────────────────────────────────────────────────────────────────────────────────────────────────────────────────────────────────────────────────────────────────
It.#               UB        Best UB             LB       Gap           Time        It_Time           Refinements                            #Var.   #Constr.             #Cuts       Lagrangian Dual                                               
                                                          [%]            [s]            [s]          σ       Bin.      Total      {0,1}          ℤ      Total    Total   Active      # It.    # C-It.  # C-Real.  
────────────────────────────────────────────────────────────────────────────────────────────────────────────────────────────────────────────────────────────────────────────────────────────────────────
1        3.022289e+04   3.022289e+04   1.479650e+03    0.9510   1.660160e+02   1.660160e+02      false       none         82         10          0         11      300      300      23685      23685        300
2        3.725934e+04   3.022289e+04   4.210337e+03    0.8607   3.016100e+02   1.355940e+02      false       none         82         10          0         11      600      600      15175      15145        299
3        3.600403e+04   3.022289e+04   9.472594e+03    0.6866   4.500480e+02   1.484380e+02      false       none         82         10          0         11      900      900      15200      15200        300
4        4.195370e+04   3.022289e+04   1.177496e+04    0.6104   6.332980e+02   1.832500e+02      false       none         82         10          0         11     1198     1198      18050      18050        300
5        3.489367e+04   3.022289e+04   1.280899e+04    0.5762   8.537050e+02   2.204070e+02      false       none         82         10          0         11     1498     1498      17726      17726        300
6        2.906264e+04   2.906264e+04   1.375944e+04    0.5266   1.120629e+03   2.669240e+02      false       none         82         10          0         11     1798     1798      18105      18105        300
7        3.326907e+04   2.906264e+04   1.441073e+04    0.5041   1.405568e+03   2.849390e+02      false       none         82         10          0         11     2098     2098      19470      19470        300
8        3.362280e+04   2.906264e+04   1.536915e+04    0.4712   1.693724e+03   2.881560e+02      false       none         82         10          0         11     2398     2398      18287      18261        299
9        3.110665e+04   2.906264e+04   1.579328e+04    0.4566   2.034163e+03   3.404390e+02      false       none         82         10          0         11     2698     2698      19423      19423        300
10       3.284698e+04   2.906264e+04   1.643977e+04    0.4343   2.372335e+03   3.381720e+02      false       none         82         10          0         11     2997     2997      19206      19206        300
11       3.118796e+04   2.906264e+04   1.715967e+04    0.4096   2.744819e+03   3.724840e+02      false       none         82         10          0         11     3294     3294      18980      18980        300
12       3.399379e+04   2.906264e+04   1.747985e+04    0.3985   3.133788e+03   3.889690e+02      false       none         82         10          0         11     3594     3594      19516      19516        300
13       3.184052e+04   2.906264e+04   1.870877e+04    0.3563   3.550511e+03   4.167230e+02      false       none         82         10          0         11     3890     3890      19807      19807        300
14       3.212334e+04   2.906264e+04   1.902416e+04    0.3454   4.042246e+03   4.917350e+02      false       none         82         10          0         11     4190     4190      19800      19800        300
15       2.861301e+04   2.861301e+04   1.962513e+04    0.3141   4.537873e+03   4.956270e+02      false       none         82         10          0         11     4484     4484      19460      19460        300
16       3.120612e+04   2.861301e+04   2.017939e+04    0.2947   5.063655e+03   5.257820e+02      false       none         82         10          0         11     4780     4780      19022      19022        300
17       3.257856e+04   2.861301e+04   2.044094e+04    0.2856   5.603609e+03   5.399540e+02      false       none         82         10          0         11     5067     5067      19512      19512        300
18       3.132614e+04   2.861301e+04   2.081323e+04    0.2726   6.241188e+03   6.375790e+02      false       none         82         10          0         11     5364     5364      20667      20667        300
19       2.900030e+04   2.861301e+04   2.103978e+04    0.2647   6.847209e+03   6.060210e+02      false       none         82         10          0         11     5658     5658      19836      19836        300
20       2.792005e+04   2.792005e+04   2.114707e+04    0.2426   7.497805e+03   6.505960e+02      false       none         82         10          0         11     5945     5945      19939      19939        300
21       3.236834e+04   2.792005e+04   2.157094e+04    0.2274   8.194830e+03   6.970250e+02      false       none         82         10          0         11     6240     6240      20578      20578        300
22       3.183855e+04   2.792005e+04   2.168477e+04    0.2233   8.795205e+03   6.003750e+02      false       none         82         10          0         11     6533     6533      18342      18342        300
23       2.460684e+04   2.460684e+04   2.185739e+04    0.1117   9.614534e+03   8.193290e+02      false       none         82         10          0         11     6817     6817      21837      21837        300
24       2.730313e+04   2.460684e+04   2.212481e+04    0.1009   1.040282e+04   7.882850e+02      false       none         82         10          0         11     7109     7109      19802      19802        300
25       2.894969e+04   2.460684e+04   2.229587e+04    0.0939   1.128698e+04   8.841580e+02      false       none         82         10          0         11     7398     7398      21320      21320        300

Terminating DynamicSDDiP with status: time_limit
------------------------------------------------------------------------------
 ────────────────────────────────────────────────────────────────────────────────
                                        Time                    Allocations      
                               ───────────────────────   ────────────────────────
       Tot / % measured:            3.14h / 100.0%           47.2GiB /  99.4%    

 Section               ncalls     time    %tot     avg     alloc    %tot      avg
 ────────────────────────────────────────────────────────────────────────────────
 loop                       1    3.13h  100.0%   3.13h   46.9GiB  100.0%  46.9GiB
   iterations              25    3.13h  100.0%    451s   46.8GiB   99.9%  1.87GiB
     backward_pass         25    3.13h   99.9%    451s   45.7GiB   97.4%  1.83GiB
       solve_BP         7.50k    3.13h   99.9%   1.50s   45.5GiB   97.0%  6.21MiB
         solve_dual     7.50k    3.13h   99.9%   1.50s   45.4GiB   96.9%  6.20MiB
           solve_la...  7.50k    3.06h   97.5%   1.47s   40.2GiB   85.8%  5.49MiB
             inner_sol   483k    2.46h   78.3%  18.3ms   11.3GiB   24.0%  24.5KiB
               solv...   483k    2.43h   77.6%  18.1ms   1.23GiB    2.6%  2.67KiB
             bundle...   483k    1822s   16.1%  3.78ms   1.79GiB    3.8%  3.89KiB
             outer_sol   483k     215s    1.9%   446μs   1.29GiB    2.8%  2.80KiB
             add_cut     483k    22.6s    0.2%  46.9μs   4.92GiB   10.5%  10.7KiB
             init_a...  7.50k    2.54s    0.0%   339μs   0.95GiB    2.0%   133KiB
             relax_...  7.50k    355ms    0.0%  47.3μs   96.1MiB    0.2%  13.1KiB
             restor...  7.50k    331ms    0.0%  44.1μs   44.1MiB    0.1%  6.02KiB
             conver...  7.50k    110ms    0.0%  14.7μs   17.8MiB    0.0%  2.43KiB
             minima...  7.50k   4.83ms    0.0%   644ns     0.00B    0.0%    0.00B
           solve_pr...  22.5k     190s    1.7%  8.46ms   52.0MiB    0.1%  2.37KiB
           solve_core   7.50k    52.9s    0.5%  7.06ms   11.7MiB    0.0%  1.60KiB
           dual_ini...  7.50k   13.0ms    0.0%  1.74μs   1.15MiB    0.0%     161B
         space_change   15.0k   4.39ms    0.0%   293ns     0.00B    0.0%    0.00B
       update_bellman     375    625ms    0.0%  1.67ms   49.7MiB    0.1%   136KiB
         cut_selection  7.40k   2.61ms    0.0%   353ns    549KiB    0.0%    76.0B
     forward_pass          25    9.64s    0.1%   386ms   1.15GiB    2.4%  47.0MiB
       solve_subpro...    400    9.60s    0.1%  24.0ms   1.15GiB    2.4%  2.94MiB
         solver_cal...    400    8.94s    0.1%  22.3ms   1.08GiB    2.3%  2.77MiB
     calculate_bound       25    295ms    0.0%  11.8ms   10.2MiB    0.0%   417KiB
       solver_call_...     25    199ms    0.0%  7.96ms   39.3KiB    0.0%  1.57KiB
 ────────────────────────────────────────────────────────────────────────────────

||||||||||||||||||||||||||||||||||||||||||||||||||||||||||||||||||||||||||||||||||||||||||||||||||||||||||||||||||||||||||||||||||||||||
LAGRANGIAN DUAL SOLUTION RESULTS
mn_opt: 0 times (0.0%)
conv: 0 times (0.0%)
unbounded: 0 times (0.0%)
bound_issues: 2 times (0.0%)
subgr_stalling: 0 times (0.0%)
opt: 7498 times (100.0%)
feas_issues: 0 times (0.0%)
sub: 0 times (0.0%)
mn_iter: 0 times (0.0%)
iter: 0 times (0.0%)
mn_issue: 0 times (0.0%)

||||||||||||||||||||||||||||||||||||||||||||||||||||||||||||||||||||||||||||||||||||||||||||||||||||||||||||||||||||||||||||||||||||||||
SIMULATION RESULTS
DynamicSDDiP.Simulation(DynamicSDDiP.InSampleMonteCarlo(), 1000)
Lower bound: 22295.868271194053
Statistical upper bound (confidence interval): 30210.35588489854 ± 129.60961340929484
Pessimistic upper bound: 30339.965498307836
