

#########################################################################################################################################
#########################################################################################################################################
#########################################################################################################################################
#########################################################################################################################################
#########################################################################################################################################
DynamicSDDiP.jl (c) Christian Füllner, 2021
re-uses code from SDDP.jl (c) Oscar Dowson, 2017-21
||||||||||||||||||||||||||||||||||||||||||||||||||||||||||||||||||||||||||||||||||||||||||||||||||||||||||||||||||||||||||||||||||||||||
PATH
calling 
C:\Users\cg4102\.julia\packages\DynamicSDDiP\jRtdG\src
nothing
DATETIME
2024-11-11T12:27:33.105
||||||||||||||||||||||||||||||||||||||||||||||||||||||||||||||||||||||||||||||||||||||||||||||||||||||||||||||||||||||||||||||||||||||||
STOPPING RULES
SDDP.TimeLimit(10800.0)
SDDP.BoundStalling(20, 0.0001)
||||||||||||||||||||||||||||||||||||||||||||||||||||||||||||||||||||||||||||||||||||||||||||||||||||||||||||||||||||||||||||||||||||||||
REGULARIZATION
DynamicSDDiP.NoRegularization()
||||||||||||||||||||||||||||||||||||||||||||||||||||||||||||||||||||||||||||||||||||||||||||||||||||||||||||||||||||||||||||||||||||||||
CUT GENERATION REGIMES
DynamicSDDiP.CutGenerationRegime(DynamicSDDiP.NoStateApproximation(), DynamicSDDiP.LagrangianDuality(0.0001, 0.0001, 1000, DynamicSDDiP.ZeroDuals(), DynamicSDDiP.BothBounds(), DynamicSDDiP.LevelBundle(0.5, true, false), DynamicSDDiP.StandardChoice(), DynamicSDDiP.Lax(), DynamicSDDiP.ConvexHullCopy(), false), 1, Inf, Inf, 0.0, true, 0.0001)

||||||||||||||||||||||||||||||||||||||||||||||||||||||||||||||||||||||||||||||||||||||||||||||||||||||||||||||||||||||||||||||||||||||||
CUT AGGREGATION
DynamicSDDiP.SingleCutRegime()
||||||||||||||||||||||||||||||||||||||||||||||||||||||||||||||||||||||||||||||||||||||||||||||||||||||||||||||||||||||||||||||||||||||||
CUT SELECTION
DynamicSDDiP.NoCutSelection()
||||||||||||||||||||||||||||||||||||||||||||||||||||||||||||||||||||||||||||||||||||||||||||||||||||||||||||||||||||||||||||||||||||||||
LATE BINARIZATION
DynamicSDDiP.NoLateBinarization()
||||||||||||||||||||||||||||||||||||||||||||||||||||||||||||||||||||||||||||||||||||||||||||||||||||||||||||||||||||||||||||||||||||||||
APPLIED SOLVERS (LP, MILP, MIQCP, MINLP, NLP, Lagrange)
DynamicSDDiP.AppliedSolvers(true, "Gurobi", "Gurobi", "Gurobi", "Gurobi", "Gurobi", "Gurobi", "Gurobi", "Gurobi", "Gurobi", 0.0001, 300)
DynamicSDDiP.Direct_Solver()
Numerical focus: false
Silent: true
||||||||||||||||||||||||||||||||||||||||||||||||||||||||||||||||||||||||||||||||||||||||||||||||||||||||||||||||||||||||||||||||||||||||
SAMPLING
Used seed for sampling scenarios: 
11111     
||||||||||||||||||||||||||||||||||||||||||||||||||||||||||||||||||||||||||||||||||||||||||||||||||||||||||||||||||||||||||||||||||||||||
RUN DESCRIPTION

||||||||||||||||||||||||||||||||||||||||||||||||||||||||||||||||||||||||||||||||||||||||||||||||||||||||||||||||||||||||||||||||||||||||
PROBLEM DESCRIPTION
Number of stages: 16
Number of realizations per stage: 20
Seed for scenario tree sampling: 12345
Solver: serial mode

────────────────────────────────────────────────────────────────────────────────────────────────────────────────────────────────────────────────────────────────────────────────────────────────────────
It.#               UB        Best UB             LB       Gap           Time        It_Time           Refinements                            #Var.   #Constr.             #Cuts       Lagrangian Dual                                               
                                                          [%]            [s]            [s]          σ       Bin.      Total      {0,1}          ℤ      Total    Total   Active      # It.    # C-It.  # C-Real.  
────────────────────────────────────────────────────────────────────────────────────────────────────────────────────────────────────────────────────────────────────────────────────────────────────────
1        3.022289e+04   3.022289e+04   2.084082e+03    0.9310   3.906300e+01   3.906300e+01      false       none         62         10          0         11       15       15       7334       7334        300
2        3.680103e+04   3.022289e+04   2.093716e+03    0.9307   9.701800e+01   5.795500e+01      false       none         62         10          0         11       30       30       9935       9935        300
3        3.395274e+04   3.022289e+04   2.188222e+03    0.9276   1.573460e+02   6.032800e+01      false       none         62         10          0         11       45       45      10282      10282        300
4        3.596310e+04   3.022289e+04   3.647995e+03    0.8793   2.269240e+02   6.957800e+01      false       none         62         10          0         11       60       60      11600      11600        300
5        3.339582e+04   3.022289e+04   4.076919e+03    0.8651   2.919400e+02   6.501600e+01      false       none         62         10          0         11       75       75      10611      10611        300
6        2.977406e+04   2.977406e+04   4.092746e+03    0.8625   3.588460e+02   6.690600e+01      false       none         62         10          0         11       90       90      10688      10688        300
7        3.281648e+04   2.977406e+04   4.213086e+03    0.8585   4.334720e+02   7.462600e+01      false       none         62         10          0         11      105      105      11214      11214        300
8        3.381339e+04   2.977406e+04   4.231418e+03    0.8579   5.100500e+02   7.657800e+01      false       none         62         10          0         11      120      120      11380      11380        300
9        2.905572e+04   2.905572e+04   4.231419e+03    0.8544   5.919100e+02   8.186000e+01      false       none         62         10          0         11      135      135      11559      11559        300
10       3.378222e+04   2.905572e+04   4.231419e+03    0.8544   6.794260e+02   8.751600e+01      false       none         62         10          0         11      150      150      11652      11652        300
11       3.276522e+04   2.905572e+04   4.231424e+03    0.8544   7.668330e+02   8.740700e+01      false       none         62         10          0         11      165      165      11906      11906        300
12       3.319570e+04   2.905572e+04   4.231534e+03    0.8544   8.632550e+02   9.642200e+01      false       none         62         10          0         11      180      180      12187      12187        300
13       3.421743e+04   2.905572e+04   4.231841e+03    0.8544   9.613810e+02   9.812600e+01      false       none         62         10          0         11      195      195      12176      12176        300
14       3.346797e+04   2.905572e+04   4.236719e+03    0.8542   1.067444e+03   1.060630e+02      false       none         62         10          0         11      210      210      12228      12228        300
15       3.089530e+04   2.905572e+04   4.236720e+03    0.8542   1.171194e+03   1.037500e+02      false       none         62         10          0         11      225      225      12280      12280        300
16       3.499448e+04   2.905572e+04   4.238631e+03    0.8541   1.275960e+03   1.047660e+02      false       none         62         10          0         11      240      240      12300      12300        300
17       3.463653e+04   2.905572e+04   4.240005e+03    0.8541   1.381820e+03   1.058600e+02      false       none         62         10          0         11      255      255      12225      12225        300
18       3.246746e+04   2.905572e+04   4.322062e+03    0.8512   1.479867e+03   9.804700e+01      false       none         62         10          0         11      270      270      12451      12451        300
19       3.313542e+04   2.905572e+04   4.322062e+03    0.8512   1.574165e+03   9.429800e+01      false       none         62         10          0         11      285      285      12618      12618        300
20       3.145295e+04   2.905572e+04   4.322063e+03    0.8512   1.675832e+03   1.016670e+02      false       none         62         10          0         11      300      300      12825      12825        300
21       3.582241e+04   2.905572e+04   4.322077e+03    0.8512   1.775723e+03   9.989100e+01      false       none         62         10          0         11      315      315      13103      13103        300
22       4.068223e+04   2.905572e+04   4.327636e+03    0.8511   1.877754e+03   1.020310e+02      false       none         62         10          0         11      330      330      12836      12836        300
23       3.280395e+04   2.905572e+04   4.412770e+03    0.8481   1.970674e+03   9.292000e+01      false       none         62         10          0         11      345      345      12643      12643        300
24       3.332206e+04   2.905572e+04   4.420492e+03    0.8479   2.066705e+03   9.603100e+01      false       none         62         10          0         11      360      360      12750      12750        300
25       3.595426e+04   2.905572e+04   4.840278e+03    0.8334   2.159440e+03   9.273500e+01      false       none         62         10          0         11      375      375      12767      12767        300
26       3.683419e+04   2.905572e+04   4.840309e+03    0.8334   2.247440e+03   8.800000e+01      false       none         62         10          0         11      390      390      12084      12084        300
27       3.725369e+04   2.905572e+04   4.934503e+03    0.8302   2.348643e+03   1.012030e+02      false       none         62         10          0         11      405      405      12639      12639        300
28       4.081474e+04   2.905572e+04   4.934760e+03    0.8302   2.453144e+03   1.045010e+02      false       none         62         10          0         11      420      420      12675      12675        300
29       4.024643e+04   2.905572e+04   5.025019e+03    0.8271   2.559269e+03   1.061250e+02      false       none         62         10          0         11      435      435      12948      12948        300
30       3.562067e+04   2.905572e+04   5.144849e+03    0.8229   2.664878e+03   1.056090e+02      false       none         62         10          0         11      450      450      12790      12790        300
31       3.353679e+04   2.905572e+04   5.156149e+03    0.8225   2.778519e+03   1.136410e+02      false       none         62         10          0         11      465      465      12851      12851        300
32       3.216569e+04   2.905572e+04   5.167546e+03    0.8222   2.897988e+03   1.194690e+02      false       none         62         10          0         11      480      480      13441      13441        300
33       3.821866e+04   2.905572e+04   5.251019e+03    0.8193   3.009425e+03   1.114370e+02      false       none         62         10          0         11      495      495      13453      13453        300
34       3.607812e+04   2.905572e+04   5.380586e+03    0.8148   3.107957e+03   9.853200e+01      false       none         62         10          0         11      510      510      13064      13064        300
35       3.757105e+04   2.905572e+04   5.422697e+03    0.8134   3.220097e+03   1.121400e+02      false       none         62         10          0         11      525      525      12978      12978        300
36       3.496325e+04   2.905572e+04   5.463926e+03    0.8120   3.329316e+03   1.092190e+02      false       none         62         10          0         11      540      540      13240      13240        300
37       3.753497e+04   2.905572e+04   5.660406e+03    0.8052   3.439535e+03   1.102190e+02      false       none         62         10          0         11      555      555      13350      13350        300
38       3.648222e+04   2.905572e+04   8.706700e+03    0.7003   3.560454e+03   1.209190e+02      false       none         62         10          0         11      570      570      13706      13706        300
39       3.267101e+04   2.905572e+04   8.758210e+03    0.6986   3.677582e+03   1.171280e+02      false       none         62         10          0         11      585      585      12976      12976        300
40       3.768042e+04   2.905572e+04   8.764733e+03    0.6983   3.790566e+03   1.129840e+02      false       none         62         10          0         11      600      600      13018      13018        300
41       3.491666e+04   2.905572e+04   8.765957e+03    0.6983   3.911831e+03   1.212650e+02      false       none         62         10          0         11      615      615      13491      13491        300
42       3.495232e+04   2.905572e+04   8.788924e+03    0.6975   4.017628e+03   1.057970e+02      false       none         62         10          0         11      630      630      12895      12895        300
43       3.453704e+04   2.905572e+04   8.807268e+03    0.6969   4.126706e+03   1.090780e+02      false       none         62         10          0         11      645      645      12275      12275        300
44       3.155963e+04   2.905572e+04   8.807836e+03    0.6969   4.239503e+03   1.127970e+02      false       none         62         10          0         11      660      660      13089      13089        300
45       3.360166e+04   2.905572e+04   8.820359e+03    0.6964   4.352113e+03   1.126100e+02      false       none         62         10          0         11      675      675      12682      12682        300
46       3.195826e+04   2.905572e+04   8.820406e+03    0.6964   4.472254e+03   1.201410e+02      false       none         62         10          0         11      690      690      13201      13201        300
47       3.492281e+04   2.905572e+04   8.820554e+03    0.6964   4.587238e+03   1.149840e+02      false       none         62         10          0         11      705      705      12550      12550        300
48       3.563858e+04   2.905572e+04   9.006726e+03    0.6900   4.698785e+03   1.115470e+02      false       none         62         10          0         11      720      720      12831      12794        299
49       3.757123e+04   2.905572e+04   9.006731e+03    0.6900   4.813441e+03   1.146560e+02      false       none         62         10          0         11      735      735      12888      12888        300
50       3.079681e+04   2.905572e+04   9.008517e+03    0.6900   4.929442e+03   1.160010e+02      false       none         62         10          0         11      750      750      13198      13198        300
51       3.314486e+04   2.905572e+04   9.008563e+03    0.6900   5.041410e+03   1.119680e+02      false       none         62         10          0         11      765      765      12932      12932        300
52       3.402037e+04   2.905572e+04   9.040922e+03    0.6888   5.155082e+03   1.136720e+02      false       none         62         10          0         11      780      780      12395      12395        300
53       3.448431e+04   2.905572e+04   9.044585e+03    0.6887   5.274644e+03   1.195620e+02      false       none         62         10          0         11      795      795      12723      12723        300
54       3.525803e+04   2.905572e+04   9.044826e+03    0.6887   5.397379e+03   1.227350e+02      false       none         62         10          0         11      810      810      13046      13046        300
55       3.284930e+04   2.905572e+04   9.046442e+03    0.6887   5.517332e+03   1.199530e+02      false       none         62         10          0         11      825      825      12656      12656        300
56       3.016529e+04   2.905572e+04   9.047812e+03    0.6886   5.643254e+03   1.259220e+02      false       none         62         10          0         11      840      840      13045      13045        300
57       3.065823e+04   2.905572e+04   9.321235e+03    0.6792   5.770332e+03   1.270780e+02      false       none         62         10          0         11      855      855      13290      13290        300
58       3.025761e+04   2.905572e+04   9.321338e+03    0.6792   5.904551e+03   1.342190e+02      false       none         62         10          0         11      870      870      13492      13492        300
59       3.154071e+04   2.905572e+04   9.329174e+03    0.6789   6.032832e+03   1.282810e+02      false       none         62         10          0         11      885      885      13323      13323        300
60       3.265463e+04   2.905572e+04   9.329175e+03    0.6789   6.160629e+03   1.277970e+02      false       none         62         10          0         11      900      900      13392      13392        300
61       3.005344e+04   2.905572e+04   9.331857e+03    0.6788   6.285098e+03   1.244690e+02      false       none         62         10          0         11      915      915      13226      13226        300
62       3.126004e+04   2.905572e+04   9.352682e+03    0.6781   6.413582e+03   1.284840e+02      false       none         62         10          0         11      930      930      12841      12841        300
63       3.196588e+04   2.905572e+04   9.357336e+03    0.6780   6.544832e+03   1.312500e+02      false       none         62         10          0         11      945      945      13499      13499        300
64       3.462150e+04   2.905572e+04   9.667191e+03    0.6673   6.676458e+03   1.316260e+02      false       none         62         10          0         11      960      960      13422      13422        300
65       3.149021e+04   2.905572e+04   9.697419e+03    0.6662   6.816114e+03   1.396560e+02      false       none         62         10          0         11      975      975      13803      13803        300
66       3.457434e+04   2.905572e+04   9.716146e+03    0.6656   6.946129e+03   1.300150e+02      false       none         62         10          0         11      990      990      12699      12699        300
67       3.002700e+04   2.905572e+04   9.724761e+03    0.6653   7.077286e+03   1.311570e+02      false       none         62         10          0         11     1005     1005      13625      13625        300
68       3.362908e+04   2.905572e+04   9.726540e+03    0.6652   7.196801e+03   1.195150e+02      false       none         62         10          0         11     1020     1020      13035      13035        300
69       3.279591e+04   2.905572e+04   9.727583e+03    0.6652   7.328301e+03   1.315000e+02      false       none         62         10          0         11     1035     1035      13411      13411        300
70       3.548602e+04   2.905572e+04   1.000379e+04    0.6557   7.453614e+03   1.253130e+02      false       none         62         10          0         11     1050     1050      11997      11997        300
71       3.789425e+04   2.905572e+04   1.003720e+04    0.6546   7.577551e+03   1.239370e+02      false       none         62         10          0         11     1065     1065      13638      13638        300
72       3.611261e+04   2.905572e+04   1.003754e+04    0.6545   7.716020e+03   1.384690e+02      false       none         62         10          0         11     1080     1080      13378      13378        300
73       3.683165e+04   2.905572e+04   1.124649e+04    0.6129   7.857036e+03   1.410160e+02      false       none         62         10          0         11     1095     1095      14348      14348        300
74       3.548318e+04   2.905572e+04   1.169884e+04    0.5974   7.992130e+03   1.350940e+02      false       none         62         10          0         11     1110     1110      13466      13466        300
75       4.183133e+04   2.905572e+04   1.256445e+04    0.5676   8.126927e+03   1.347970e+02      false       none         62         10          0         11     1125     1125      14195      14195        300
76       3.805801e+04   2.905572e+04   1.263044e+04    0.5653   8.253255e+03   1.263280e+02      false       none         62         10          0         11     1140     1140      13955      13955        300
77       3.118476e+04   2.905572e+04   1.296349e+04    0.5538   8.400317e+03   1.470620e+02      false       none         62         10          0         11     1155     1155      13510      13510        300
78       3.093748e+04   2.905572e+04   1.296392e+04    0.5538   8.558161e+03   1.578440e+02      false       none         62         10          0         11     1170     1170      14103      14103        300
79       2.978261e+04   2.905572e+04   1.318840e+04    0.5461   8.718349e+03   1.601880e+02      false       none         62         10          0         11     1185     1185      13424      13424        300
80       3.200384e+04   2.905572e+04   1.326877e+04    0.5433   8.875599e+03   1.572500e+02      false       none         62         10          0         11     1200     1200      13052      13052        300
81       3.223430e+04   2.905572e+04   1.331903e+04    0.5416   9.028989e+03   1.533900e+02      false       none         62         10          0         11     1215     1215      13347      13347        300
82       3.359274e+04   2.905572e+04   1.332518e+04    0.5414   9.180239e+03   1.512500e+02      false       none         62         10          0         11     1230     1230      13596      13596        300
83       3.060917e+04   2.905572e+04   1.362022e+04    0.5312   9.327490e+03   1.472510e+02      false       none         62         10          0         11     1245     1245      13202      13202        300
84       3.101984e+04   2.905572e+04   1.367612e+04    0.5293   9.474021e+03   1.465310e+02      false       none         62         10          0         11     1260     1260      12799      12799        300
85       3.438795e+04   2.905572e+04   1.369605e+04    0.5286   9.627411e+03   1.533900e+02      false       none         62         10          0         11     1275     1275      13067      13067        300
86       3.330776e+04   2.905572e+04   1.369605e+04    0.5286   9.782334e+03   1.549230e+02      false       none         62         10          0         11     1290     1290      13073      13073        300
87       3.339042e+04   2.905572e+04   1.370125e+04    0.5284   9.936396e+03   1.540620e+02      false       none         62         10          0         11     1305     1305      12917      12917        300
88       3.364445e+04   2.905572e+04   1.370142e+04    0.5284   1.011121e+04   1.748130e+02      false       none         62         10          0         11     1320     1320      14201      14201        300
89       3.545979e+04   2.905572e+04   1.372392e+04    0.5277   1.027979e+04   1.685780e+02      false       none         62         10          0         11     1335     1335      13726      13726        300
90       3.051578e+04   2.905572e+04   1.374581e+04    0.5269   1.043791e+04   1.581250e+02      false       none         62         10          0         11     1350     1350      13600      13600        300
91       3.079216e+04   2.905572e+04   1.443023e+04    0.5034   1.060593e+04   1.680160e+02      false       none         62         10          0         11     1365     1365      13714      13714        300
92       3.585739e+04   2.905572e+04   1.443957e+04    0.5030   1.075929e+04   1.533590e+02      false       none         62         10          0         11     1380     1380      13296      13296        300
93       3.409927e+04   2.905572e+04   1.443957e+04    0.5030   1.091622e+04   1.569380e+02      false       none         62         10          0         11     1395     1395      13107      13107        300

Terminating DynamicSDDiP with status: time_limit
------------------------------------------------------------------------------
 ────────────────────────────────────────────────────────────────────────────────
                                        Time                    Allocations      
                               ───────────────────────   ────────────────────────
       Tot / % measured:            3.03h / 100.0%           89.6GiB / 100.0%    

 Section               ncalls     time    %tot     avg     alloc    %tot      avg
 ────────────────────────────────────────────────────────────────────────────────
 loop                       1    3.03h  100.0%   3.03h   89.6GiB  100.0%  89.6GiB
   iterations              93    3.03h  100.0%    117s   89.6GiB  100.0%  0.96GiB
     backward_pass         93    3.03h   99.9%    117s   89.6GiB  100.0%  0.96GiB
       solve_BP         27.9k    3.03h   99.9%   391ms   89.5GiB   99.9%  3.29MiB
         solve_dual     27.9k    3.03h   99.9%   391ms   89.4GiB   99.8%  3.28MiB
           solve_la...  27.9k    3.00h   99.1%   388ms   89.3GiB   99.7%  3.28MiB
             inner_sol  1.19M    2.45h   80.9%  7.42ms   20.2GiB   22.6%  17.8KiB
               solv...  1.19M    2.42h   79.7%  7.31ms   2.92GiB    3.3%  2.57KiB
             bundle...  1.19M    1344s   12.3%  1.13ms   2.28GiB    2.5%  2.01KiB
             outer_sol  1.19M     322s    3.0%   271μs   3.24GiB    3.6%  2.86KiB
             add_cut    1.19M    55.5s    0.5%  46.6μs   12.9GiB   14.4%  11.3KiB
             init_a...  27.9k    9.03s    0.1%   323μs   3.30GiB    3.7%   124KiB
             relax_...  27.9k    1.82s    0.0%  65.4μs    321MiB    0.4%  11.8KiB
             restor...  27.9k    1.24s    0.0%  44.5μs    164MiB    0.2%  6.02KiB
             conver...  27.9k   78.1ms    0.0%  2.80μs   5.11MiB    0.0%     192B
             minima...    600    665μs    0.0%  1.11μs     0.00B    0.0%    0.00B
           solve_pr...  27.9k    91.8s    0.8%  3.29ms   49.0MiB    0.1%  1.80KiB
           dual_ini...  27.9k   35.1ms    0.0%  1.26μs   4.26MiB    0.0%     160B
         space_change   55.8k   16.3ms    0.0%   292ns     0.00B    0.0%    0.00B
       update_bellman   1.40k   61.4ms    0.0%  44.0μs   8.15MiB    0.0%  5.98KiB
         cut_selection  1.40k   1.39ms    0.0%   995ns    107KiB    0.0%    78.8B
     forward_pass          93    5.12s    0.0%  55.0ms   21.5MiB    0.0%   236KiB
       solve_subpro...  1.49k    5.07s    0.0%  3.40ms   17.5MiB    0.0%  12.0KiB
         solver_cal...  1.49k    4.94s    0.0%  3.32ms   4.42MiB    0.0%  3.04KiB
     calculate_bound       93    336ms    0.0%  3.61ms   1.92MiB    0.0%  21.1KiB
       solver_call_...     93    324ms    0.0%  3.49ms    146KiB    0.0%  1.57KiB
 ────────────────────────────────────────────────────────────────────────────────

||||||||||||||||||||||||||||||||||||||||||||||||||||||||||||||||||||||||||||||||||||||||||||||||||||||||||||||||||||||||||||||||||||||||
LAGRANGIAN DUAL SOLUTION RESULTS
mn_opt: 0 times (0.0%)
conv: 27298 times (97.8%)
unbounded: 0 times (0.0%)
bound_issues: 0 times (0.0%)
subgr_stalling: 0 times (0.0%)
opt: 600 times (2.2%)
feas_issues: 1 times (0.0%)
sub: 0 times (0.0%)
mn_iter: 0 times (0.0%)
iter: 1 times (0.0%)
mn_issue: 0 times (0.0%)

||||||||||||||||||||||||||||||||||||||||||||||||||||||||||||||||||||||||||||||||||||||||||||||||||||||||||||||||||||||||||||||||||||||||
SIMULATION RESULTS
DynamicSDDiP.Simulation(DynamicSDDiP.InSampleMonteCarlo(), 1000)
Lower bound: 14439.569082135942
Statistical upper bound (confidence interval): 32309.195306192494 ± 119.95881356445648
Pessimistic upper bound: 32429.15411975695
