

#########################################################################################################################################
#########################################################################################################################################
#########################################################################################################################################
#########################################################################################################################################
#########################################################################################################################################
DynamicSDDiP.jl (c) Christian Füllner, 2021
re-uses code from SDDP.jl (c) Oscar Dowson, 2017-21
||||||||||||||||||||||||||||||||||||||||||||||||||||||||||||||||||||||||||||||||||||||||||||||||||||||||||||||||||||||||||||||||||||||||
PATH
calling 
C:\Users\cg4102\.julia\packages\DynamicSDDiP\jRtdG\src
nothing
DATETIME
2024-11-11T18:44:29.821
||||||||||||||||||||||||||||||||||||||||||||||||||||||||||||||||||||||||||||||||||||||||||||||||||||||||||||||||||||||||||||||||||||||||
STOPPING RULES
SDDP.TimeLimit(10800.0)
SDDP.BoundStalling(20, 0.0001)
||||||||||||||||||||||||||||||||||||||||||||||||||||||||||||||||||||||||||||||||||||||||||||||||||||||||||||||||||||||||||||||||||||||||
REGULARIZATION
DynamicSDDiP.NoRegularization()
||||||||||||||||||||||||||||||||||||||||||||||||||||||||||||||||||||||||||||||||||||||||||||||||||||||||||||||||||||||||||||||||||||||||
CUT GENERATION REGIMES
DynamicSDDiP.CutGenerationRegime(DynamicSDDiP.NoStateApproximation(), DynamicSDDiP.UnifiedLagrangianDuality(0.0001, 0.0001, 1000, DynamicSDDiP.ZeroDuals(), DynamicSDDiP.BothBounds(), DynamicSDDiP.LevelBundle(0.5, true, false), DynamicSDDiP.StandardChoice(), DynamicSDDiP.Lax(), DynamicSDDiP.L₁_Deep(), DynamicSDDiP.NoDualSpaceRestriction(), DynamicSDDiP.ConvexHullCopy(), nothing, nothing), 1, Inf, Inf, 0.0, true, 0.0001)

||||||||||||||||||||||||||||||||||||||||||||||||||||||||||||||||||||||||||||||||||||||||||||||||||||||||||||||||||||||||||||||||||||||||
CUT AGGREGATION
DynamicSDDiP.MultiCutRegime()
||||||||||||||||||||||||||||||||||||||||||||||||||||||||||||||||||||||||||||||||||||||||||||||||||||||||||||||||||||||||||||||||||||||||
CUT SELECTION
DynamicSDDiP.NoCutSelection()
||||||||||||||||||||||||||||||||||||||||||||||||||||||||||||||||||||||||||||||||||||||||||||||||||||||||||||||||||||||||||||||||||||||||
LATE BINARIZATION
DynamicSDDiP.NoLateBinarization()
||||||||||||||||||||||||||||||||||||||||||||||||||||||||||||||||||||||||||||||||||||||||||||||||||||||||||||||||||||||||||||||||||||||||
APPLIED SOLVERS (LP, MILP, MIQCP, MINLP, NLP, Lagrange)
DynamicSDDiP.AppliedSolvers(true, "Gurobi", "Gurobi", "Gurobi", "Gurobi", "Gurobi", "Gurobi", "Gurobi", "Gurobi", "Gurobi", 0.0001, 300)
DynamicSDDiP.Direct_Solver()
Numerical focus: false
Silent: true
||||||||||||||||||||||||||||||||||||||||||||||||||||||||||||||||||||||||||||||||||||||||||||||||||||||||||||||||||||||||||||||||||||||||
SAMPLING
Used seed for sampling scenarios: 
11111     
||||||||||||||||||||||||||||||||||||||||||||||||||||||||||||||||||||||||||||||||||||||||||||||||||||||||||||||||||||||||||||||||||||||||
RUN DESCRIPTION

||||||||||||||||||||||||||||||||||||||||||||||||||||||||||||||||||||||||||||||||||||||||||||||||||||||||||||||||||||||||||||||||||||||||
PROBLEM DESCRIPTION
Number of stages: 16
Number of realizations per stage: 20
Seed for scenario tree sampling: 12345
Solver: serial mode

────────────────────────────────────────────────────────────────────────────────────────────────────────────────────────────────────────────────────────────────────────────────────────────────────────
It.#               UB        Best UB             LB       Gap           Time        It_Time           Refinements                            #Var.   #Constr.             #Cuts       Lagrangian Dual                                               
                                                          [%]            [s]            [s]          σ       Bin.      Total      {0,1}          ℤ      Total    Total   Active      # It.    # C-It.  # C-Real.  
────────────────────────────────────────────────────────────────────────────────────────────────────────────────────────────────────────────────────────────────────────────────────────────────────────
1        3.022289e+04   3.022289e+04   9.840794e+02    0.9674   4.766000e+00   4.766000e+00      false       none         82         10          0         11      300      300        873        873        300
2        3.745126e+04   3.022289e+04   1.336536e+03    0.9558   9.000000e+00   4.234000e+00      false       none         82         10          0         11      600      600       1083       1083        300
3        3.610370e+04   3.022289e+04   1.569577e+03    0.9481   1.796900e+01   8.969000e+00      false       none         82         10          0         11      900      900       1518       1518        300
4        3.724295e+04   3.022289e+04   2.029706e+03    0.9328   3.042200e+01   1.245300e+01      false       none         82         10          0         11     1199     1199       1780       1780        300
5        3.348590e+04   3.022289e+04   2.391190e+03    0.9209   5.264100e+01   2.221900e+01      false       none         82         10          0         11     1488     1488       2096       2096        300
6        2.879298e+04   2.879298e+04   2.728853e+03    0.9052   7.331300e+01   2.067200e+01      false       none         82         10          0         11     1788     1788       2399       2399        300
7        3.333770e+04   2.879298e+04   3.208116e+03    0.8886   1.060630e+02   3.275000e+01      false       none         82         10          0         11     2084     2084       3079       3079        300
8        3.453427e+04   2.879298e+04   3.637702e+03    0.8737   1.466410e+02   4.057800e+01      false       none         82         10          0         11     2384     2384       3677       3677        300
9        2.877383e+04   2.877383e+04   4.020995e+03    0.8603   1.935160e+02   4.687500e+01      false       none         82         10          0         11     2684     2684       4009       4009        300
10       3.385370e+04   2.877383e+04   4.615478e+03    0.8396   2.612670e+02   6.775100e+01      false       none         82         10          0         11     2982     2982       4739       4739        300
11       3.120527e+04   2.877383e+04   5.132242e+03    0.8216   3.315640e+02   7.029700e+01      false       none         82         10          0         11     3276     3276       5179       5179        300
12       3.357728e+04   2.877383e+04   5.706515e+03    0.8017   4.227360e+02   9.117200e+01      false       none         82         10          0         11     3576     3576       5932       5932        300
13       3.359279e+04   2.877383e+04   6.110092e+03    0.7877   5.345480e+02   1.118120e+02      false       none         82         10          0         11     3874     3874       6656       6656        300
14       3.288313e+04   2.877383e+04   6.664216e+03    0.7684   6.559560e+02   1.214080e+02      false       none         82         10          0         11     4173     4173       6810       6810        300
15       3.072782e+04   2.877383e+04   7.162498e+03    0.7511   8.114560e+02   1.555000e+02      false       none         82         10          0         11     4472     4472       7723       7723        300
16       3.384347e+04   2.877383e+04   7.835373e+03    0.7277   9.792690e+02   1.678130e+02      false       none         82         10          0         11     4767     4767       7879       7879        300
17       3.511694e+04   2.877383e+04   8.492456e+03    0.7049   1.175645e+03   1.963760e+02      false       none         82         10          0         11     5058     5058       8757       8757        300
18       3.117394e+04   2.877383e+04   9.071176e+03    0.6847   1.402786e+03   2.271410e+02      false       none         82         10          0         11     5350     5350       9564       9564        300
19       3.301799e+04   2.877383e+04   9.693859e+03    0.6631   1.691443e+03   2.886570e+02      false       none         82         10          0         11     5641     5641      10288      10288        300
20       2.924995e+04   2.877383e+04   1.032448e+04    0.6412   1.974882e+03   2.834390e+02      false       none         82         10          0         11     5935     5935      11063      11063        300
21       3.408471e+04   2.877383e+04   1.093590e+04    0.6199   2.263086e+03   2.882040e+02      false       none         82         10          0         11     6229     6229      10979      10979        300
22       3.383320e+04   2.877383e+04   1.160424e+04    0.5967   2.588942e+03   3.258560e+02      false       none         82         10          0         11     6523     6523      12280      12280        300
23       2.631983e+04   2.631983e+04   1.224658e+04    0.5347   2.917005e+03   3.280630e+02      false       none         82         10          0         11     6813     6813      12863      12863        300
24       2.942259e+04   2.631983e+04   1.290262e+04    0.5098   3.313382e+03   3.963770e+02      false       none         82         10          0         11     7105     7105      13553      13553        300
25       3.047531e+04   2.631983e+04   1.363356e+04    0.4820   3.749555e+03   4.361730e+02      false       none         82         10          0         11     7403     7403      14451      14451        300
26       3.335495e+04   2.631983e+04   1.514443e+04    0.4246   4.218104e+03   4.685490e+02      false       none         82         10          0         11     7700     7700      13992      13992        300
27       3.202821e+04   2.631983e+04   2.176242e+04    0.1732   4.683214e+03   4.651100e+02      false       none         82         10          0         11     7992     7992      15297      15297        300
28       3.548847e+04   2.631983e+04   2.264439e+04    0.1396   5.195454e+03   5.122400e+02      false       none         82         10          0         11     8272     8272      15135      15135        300
29       3.228648e+04   2.631983e+04   2.276649e+04    0.1350   5.816785e+03   6.213310e+02      false       none         82         10          0         11     8561     8561      16209      16209        300
30       3.077795e+04   2.631983e+04   2.318560e+04    0.1191   6.427189e+03   6.104040e+02      false       none         82         10          0         11     8846     8846      15784      15784        300
31       2.788851e+04   2.631983e+04   2.319797e+04    0.1186   7.035893e+03   6.087040e+02      false       none         82         10          0         11     9140     9140      15697      15697        300
32       2.823138e+04   2.631983e+04   2.326232e+04    0.1162   7.781674e+03   7.457810e+02      false       none         82         10          0         11     9429     9429      16247      16247        300
33       3.121520e+04   2.631983e+04   2.339976e+04    0.1109   8.470519e+03   6.888450e+02      false       none         82         10          0         11     9726     9726      15929      15929        300
34       2.848205e+04   2.631983e+04   2.348631e+04    0.1077   9.233021e+03   7.625020e+02      false       none         82         10          0         11    10020    10020      16384      16384        300
35       3.093689e+04   2.631983e+04   2.355548e+04    0.1050   9.981945e+03   7.489240e+02      false       none         82         10          0         11    10313    10313      15828      15828        300
36       2.666202e+04   2.631983e+04   2.367803e+04    0.1004   1.083151e+04   8.495670e+02      false       none         82         10          0         11    10605    10605      16810      16810        300

Terminating DynamicSDDiP with status: time_limit
------------------------------------------------------------------------------
 ────────────────────────────────────────────────────────────────────────────────
                                        Time                    Allocations      
                               ───────────────────────   ────────────────────────
       Tot / % measured:            3.01h / 100.0%           30.4GiB / 100.0%    

 Section               ncalls     time    %tot     avg     alloc    %tot      avg
 ────────────────────────────────────────────────────────────────────────────────
 loop                       1    3.01h  100.0%   3.01h   30.4GiB  100.0%  30.4GiB
   iterations              36    3.01h  100.0%    301s   30.4GiB  100.0%   866MiB
     backward_pass         36    3.01h  100.0%    301s   30.4GiB  100.0%   865MiB
       solve_BP         10.8k    3.01h  100.0%   1.00s   30.3GiB   99.7%  2.88MiB
         solve_dual     10.8k    3.01h  100.0%   1.00s   30.3GiB   99.6%  2.87MiB
           solve_la...  10.8k    2.99h   99.2%   995ms   30.3GiB   99.4%  2.87MiB
             inner_sol   343k    2.80h   93.1%  29.4ms   8.56GiB   28.1%  26.2KiB
               solv...   343k    2.79h   92.6%  29.3ms   1.48GiB    4.9%  4.54KiB
             bundle...   343k     421s    3.9%  1.23ms    720MiB    2.3%  2.15KiB
             outer_sol   343k     142s    1.3%   414μs   1.26GiB    4.1%  3.87KiB
             add_cut     343k    16.4s    0.2%  47.9μs   3.54GiB   11.6%  10.8KiB
             init_a...  10.8k    3.63s    0.0%   337μs   1.33GiB    4.4%   129KiB
             relax_...  10.8k    746ms    0.0%  69.1μs    124MiB    0.4%  11.8KiB
             restor...  10.8k    458ms    0.0%  42.4μs   63.5MiB    0.2%  6.02KiB
             conver...  10.8k   38.0ms    0.0%  3.52μs   2.14MiB    0.0%     208B
             minima...  10.8k   5.55ms    0.0%   514ns     0.00B    0.0%    0.00B
           solve_pr...  10.8k    79.4s    0.7%  7.35ms   21.0MiB    0.1%  1.99KiB
           dual_ini...  10.8k   15.1ms    0.0%  1.40μs   1.65MiB    0.0%     160B
         space_change   21.6k   6.61ms    0.0%   306ns     0.00B    0.0%    0.00B
       update_bellman     540    108ms    0.0%   200μs   56.8MiB    0.2%   108KiB
         cut_selection  10.6k   3.86ms    0.0%   364ns    949KiB    0.0%    91.6B
     forward_pass          36    3.90s    0.0%   108ms   12.9MiB    0.0%   366KiB
       solve_subpro...    576    3.88s    0.0%  6.74ms   11.3MiB    0.0%  20.1KiB
         solver_cal...    576    3.81s    0.0%  6.62ms   3.12MiB    0.0%  5.54KiB
     calculate_bound       36    109ms    0.0%  3.03ms    790KiB    0.0%  21.9KiB
       solver_call_...     36    105ms    0.0%  2.92ms   65.2KiB    0.0%  1.81KiB
 ────────────────────────────────────────────────────────────────────────────────

||||||||||||||||||||||||||||||||||||||||||||||||||||||||||||||||||||||||||||||||||||||||||||||||||||||||||||||||||||||||||||||||||||||||
LAGRANGIAN DUAL SOLUTION RESULTS
mn_opt: 0 times (0.0%)
conv: 0 times (0.0%)
unbounded: 0 times (0.0%)
bound_issues: 0 times (0.0%)
subgr_stalling: 0 times (0.0%)
opt: 10800 times (100.0%)
feas_issues: 0 times (0.0%)
sub: 0 times (0.0%)
mn_iter: 0 times (0.0%)
iter: 0 times (0.0%)
mn_issue: 0 times (0.0%)

||||||||||||||||||||||||||||||||||||||||||||||||||||||||||||||||||||||||||||||||||||||||||||||||||||||||||||||||||||||||||||||||||||||||
SIMULATION RESULTS
DynamicSDDiP.Simulation(DynamicSDDiP.InSampleMonteCarlo(), 1000)
Lower bound: 23678.034832631412
Statistical upper bound (confidence interval): 29925.98318965335 ± 137.77229703796382
Pessimistic upper bound: 30063.755486691316
