

#########################################################################################################################################
#########################################################################################################################################
#########################################################################################################################################
#########################################################################################################################################
#########################################################################################################################################
DynamicSDDiP.jl (c) Christian Füllner, 2021
re-uses code from SDDP.jl (c) Oscar Dowson, 2017-21
||||||||||||||||||||||||||||||||||||||||||||||||||||||||||||||||||||||||||||||||||||||||||||||||||||||||||||||||||||||||||||||||||||||||
PATH
calling 
C:\Users\cg4102\.julia\packages\DynamicSDDiP\5cxZB\src
nothing
DATETIME
2024-11-05T21:42:08.22
||||||||||||||||||||||||||||||||||||||||||||||||||||||||||||||||||||||||||||||||||||||||||||||||||||||||||||||||||||||||||||||||||||||||
STOPPING RULES
SDDP.TimeLimit(10800.0)
SDDP.BoundStalling(20, 0.0001)
||||||||||||||||||||||||||||||||||||||||||||||||||||||||||||||||||||||||||||||||||||||||||||||||||||||||||||||||||||||||||||||||||||||||
REGULARIZATION
DynamicSDDiP.NoRegularization()
||||||||||||||||||||||||||||||||||||||||||||||||||||||||||||||||||||||||||||||||||||||||||||||||||||||||||||||||||||||||||||||||||||||||
CUT GENERATION REGIMES
DynamicSDDiP.CutGenerationRegime(DynamicSDDiP.NoStateApproximation(), DynamicSDDiP.UnifiedLagrangianDuality(0.0001, 0.0001, 1000, DynamicSDDiP.ZeroDuals(), DynamicSDDiP.BothBounds(), DynamicSDDiP.LevelBundle(0.5, true, false), DynamicSDDiP.StandardChoice(), DynamicSDDiP.Lax(), DynamicSDDiP.Core_Relint(DynamicSDDiP.ConvexHullCopy(), DynamicSDDiP.NoIntegerRelax(), DynamicSDDiP.Unbounded_Opt_SB(true), DynamicSDDiP.NoImprovement(), false), DynamicSDDiP.NoDualSpaceRestriction(), DynamicSDDiP.ConvexHullCopy(), nothing, nothing), 1, Inf, Inf, 0.0, true, 0.0001)

||||||||||||||||||||||||||||||||||||||||||||||||||||||||||||||||||||||||||||||||||||||||||||||||||||||||||||||||||||||||||||||||||||||||
CUT AGGREGATION
DynamicSDDiP.MultiCutRegime()
||||||||||||||||||||||||||||||||||||||||||||||||||||||||||||||||||||||||||||||||||||||||||||||||||||||||||||||||||||||||||||||||||||||||
CUT SELECTION
DynamicSDDiP.NoCutSelection()
||||||||||||||||||||||||||||||||||||||||||||||||||||||||||||||||||||||||||||||||||||||||||||||||||||||||||||||||||||||||||||||||||||||||
LATE BINARIZATION
DynamicSDDiP.NoLateBinarization()
||||||||||||||||||||||||||||||||||||||||||||||||||||||||||||||||||||||||||||||||||||||||||||||||||||||||||||||||||||||||||||||||||||||||
APPLIED SOLVERS (LP, MILP, MIQCP, MINLP, NLP, Lagrange)
DynamicSDDiP.AppliedSolvers(true, "Gurobi", "Gurobi", "Gurobi", "Gurobi", "Gurobi", "Gurobi", "Gurobi", "Gurobi", "Gurobi", 0.0001, 300)
DynamicSDDiP.Direct_Solver()
Numerical focus: false
Silent: true
||||||||||||||||||||||||||||||||||||||||||||||||||||||||||||||||||||||||||||||||||||||||||||||||||||||||||||||||||||||||||||||||||||||||
SAMPLING
Used seed for sampling scenarios: 
11111     
||||||||||||||||||||||||||||||||||||||||||||||||||||||||||||||||||||||||||||||||||||||||||||||||||||||||||||||||||||||||||||||||||||||||
RUN DESCRIPTION

||||||||||||||||||||||||||||||||||||||||||||||||||||||||||||||||||||||||||||||||||||||||||||||||||||||||||||||||||||||||||||||||||||||||
PROBLEM DESCRIPTION
Number of stages: 16
Number of realizations per stage: 20
Seed for scenario tree sampling: 12345
Solver: serial mode

────────────────────────────────────────────────────────────────────────────────────────────────────────────────────────────────────────────────────────────────────────────────────────────────────────
It.#               UB        Best UB             LB       Gap           Time        It_Time           Refinements                            #Var.   #Constr.             #Cuts       Lagrangian Dual                                               
                                                          [%]            [s]            [s]          σ       Bin.      Total      {0,1}          ℤ      Total    Total   Active      # It.    # C-It.  # C-Real.  
────────────────────────────────────────────────────────────────────────────────────────────────────────────────────────────────────────────────────────────────────────────────────────────────────────
1        3.022289e+04   3.022289e+04   1.368265e+03    0.9547   7.559500e+01   7.559500e+01      false       none         82         10          0         11      300      300      11878      11878        300
2        3.741050e+04   3.022289e+04   4.029365e+03    0.8667   2.332350e+02   1.576400e+02      false       none         82         10          0         11      600      600      17409      17409        282
3        3.387390e+04   3.022289e+04   9.136444e+03    0.6977   4.392190e+02   2.059840e+02      false       none         82         10          0         11      899      899      19274      19274        258
4        3.402640e+04   3.022289e+04   1.103648e+04    0.6348   7.037820e+02   2.645630e+02      false       none         82         10          0         11     1193     1193      23103      23103        284
5        3.151865e+04   3.022289e+04   1.141921e+04    0.6222   9.655790e+02   2.617970e+02      false       none         82         10          0         11     1490     1490      20007      20007        239
6        2.879220e+04   2.879220e+04   1.400119e+04    0.5137   1.315643e+03   3.500640e+02      false       none         82         10          0         11     1790     1790      24643      24643        263
7        3.097305e+04   2.879220e+04   1.685190e+04    0.4147   1.763252e+03   4.476090e+02      false       none         82         10          0         11     2090     2090      27878      27878        279
8        3.171150e+04   2.879220e+04   1.973074e+04    0.3147   2.338284e+03   5.750320e+02      false       none         82         10          0         11     2385     2385      32066      32066        300
9        2.711979e+04   2.711979e+04   2.114399e+04    0.2203   2.906339e+03   5.680550e+02      false       none         82         10          0         11     2682     2682      30615      30615        300
10       3.216740e+04   2.711979e+04   2.121175e+04    0.2178   3.552732e+03   6.463930e+02      false       none         82         10          0         11     2974     2974      32745      32745        300
11       2.939586e+04   2.711979e+04   2.140907e+04    0.2106   4.237235e+03   6.845030e+02      false       none         82         10          0         11     3274     3274      32680      32680        300
12       3.009067e+04   2.711979e+04   2.144634e+04    0.2092   4.946363e+03   7.091280e+02      false       none         82         10          0         11     3570     3570      33104      33104        300
13       2.993091e+04   2.711979e+04   2.162674e+04    0.2025   5.725085e+03   7.787220e+02      false       none         82         10          0         11     3866     3866      33372      33372        300
14       3.087826e+04   2.711979e+04   2.177758e+04    0.1970   6.514535e+03   7.894500e+02      false       none         82         10          0         11     4161     4161      33020      33020        300
15       2.865069e+04   2.711979e+04   2.193431e+04    0.1912   7.393269e+03   8.787340e+02      false       none         82         10          0         11     4455     4455      34017      34017        300
16       3.113925e+04   2.711979e+04   2.197935e+04    0.1895   8.346254e+03   9.529850e+02      false       none         82         10          0         11     4747     4747      34830      34830        300
17       3.141853e+04   2.711979e+04   2.212175e+04    0.1843   9.327286e+03   9.810320e+02      false       none         82         10          0         11     5044     5044      34910      34910        300
18       2.940388e+04   2.711979e+04   2.242910e+04    0.1730   1.031871e+04   9.914260e+02      false       none         82         10          0         11     5337     5337      33730      33730        300
19       2.890658e+04   2.711979e+04   2.275287e+04    0.1610   1.130650e+04   9.877850e+02      false       none         82         10          0         11     5627     5627      34359      34359        300

Terminating DynamicSDDiP with status: time_limit
------------------------------------------------------------------------------
 ────────────────────────────────────────────────────────────────────────────────
                                        Time                    Allocations      
                               ───────────────────────   ────────────────────────
       Tot / % measured:            3.14h / 100.0%           69.4GiB / 100.0%    

 Section               ncalls     time    %tot     avg     alloc    %tot      avg
 ────────────────────────────────────────────────────────────────────────────────
 loop                       1    3.14h  100.0%   3.14h   69.4GiB  100.0%  69.4GiB
   iterations              19    3.14h  100.0%    595s   69.4GiB  100.0%  3.65GiB
     backward_pass         19    3.14h  100.0%    595s   69.4GiB  100.0%  3.65GiB
       solve_BP         5.70k    3.14h  100.0%   1.98s   69.4GiB   99.9%  12.5MiB
         solve_dual     5.70k    3.14h  100.0%   1.98s   69.4GiB   99.9%  12.5MiB
           solve_la...  5.50k    3.08h   98.2%   2.02s   44.2GiB   63.6%  8.21MiB
             inner_sol   544k    1.86h   59.2%  12.3ms   12.3GiB   17.7%  23.8KiB
               solv...   544k    1.84h   58.5%  12.2ms   1.17GiB    1.7%  2.25KiB
             bundle...   544k    1.10h   35.1%  7.31ms   2.21GiB    3.2%  4.27KiB
             outer_sol   544k     292s    2.6%   538μs   1.26GiB    1.8%  2.44KiB
             add_cut     544k    23.4s    0.2%  43.1μs   5.61GiB    8.1%  10.8KiB
             init_a...  5.50k    1.72s    0.0%   312μs    697MiB    1.0%   130KiB
             restor...  5.50k    278ms    0.0%  50.5μs   32.4MiB    0.0%  6.02KiB
             relax_...  5.50k    258ms    0.0%  46.8μs   58.0MiB    0.1%  10.8KiB
             conver...  5.50k   20.8ms    0.0%  3.77μs   1.09MiB    0.0%     208B
             minima...  5.50k   3.21ms    0.0%   582ns     0.00B    0.0%    0.00B
           solve_pr...  17.1k     161s    1.4%  9.40ms   40.0MiB    0.1%  2.40KiB
           solve_core   5.70k    2.48s    0.0%   435μs   4.44MiB    0.0%     817B
           solver_c...    195    1.07s    0.0%  5.50ms    408KiB    0.0%  2.09KiB
           LP_relax...    195    372ms    0.0%  1.91ms   39.5MiB    0.1%   208KiB
             solver...    195    131ms    0.0%   671μs    476KiB    0.0%  2.44KiB
           dual_ini...  5.70k   6.90ms    0.0%  1.21μs    891KiB    0.0%     160B
         space_change   11.4k   3.13ms    0.0%   275ns     0.00B    0.0%    0.00B
       update_bellman     285   87.8ms    0.0%   308μs   31.7MiB    0.0%   114KiB
         cut_selection  5.63k   2.04ms    0.0%   363ns    487KiB    0.0%    88.6B
     forward_pass          19    2.04s    0.0%   108ms   7.70MiB    0.0%   415KiB
       solve_subpro...    304    2.03s    0.0%  6.68ms   6.89MiB    0.0%  23.2KiB
         solver_cal...    304    2.00s    0.0%  6.56ms   2.54MiB    0.0%  8.54KiB
     calculate_bound       19    142ms    0.0%  7.47ms    415KiB    0.0%  21.9KiB
       solver_call_...     19    139ms    0.0%  7.34ms   32.5KiB    0.0%  1.71KiB
 ────────────────────────────────────────────────────────────────────────────────

||||||||||||||||||||||||||||||||||||||||||||||||||||||||||||||||||||||||||||||||||||||||||||||||||||||||||||||||||||||||||||||||||||||||
LAGRANGIAN DUAL SOLUTION RESULTS
mn_opt: 0 times (0.0%)
conv: 0 times (0.0%)
unbounded: 195 times (3.4%)
bound_issues: 0 times (0.0%)
subgr_stalling: 0 times (0.0%)
opt: 5505 times (96.6%)
feas_issues: 0 times (0.0%)
sub: 0 times (0.0%)
mn_iter: 0 times (0.0%)
iter: 0 times (0.0%)
mn_issue: 0 times (0.0%)

||||||||||||||||||||||||||||||||||||||||||||||||||||||||||||||||||||||||||||||||||||||||||||||||||||||||||||||||||||||||||||||||||||||||
SIMULATION RESULTS
DynamicSDDiP.Simulation(DynamicSDDiP.InSampleMonteCarlo(), 1000)
Lower bound: 22752.86612339488
Statistical upper bound (confidence interval): 30264.36178852533 ± 128.6500525671965
Pessimistic upper bound: 30393.011841092528
