

#########################################################################################################################################
#########################################################################################################################################
#########################################################################################################################################
#########################################################################################################################################
#########################################################################################################################################
DynamicSDDiP.jl (c) Christian Füllner, 2021
re-uses code from SDDP.jl (c) Oscar Dowson, 2017-21
||||||||||||||||||||||||||||||||||||||||||||||||||||||||||||||||||||||||||||||||||||||||||||||||||||||||||||||||||||||||||||||||||||||||
PATH
calling 
C:\Users\cg4102\.julia\packages\DynamicSDDiP\jRtdG\src
nothing
DATETIME
2024-11-12T17:25:12.09
||||||||||||||||||||||||||||||||||||||||||||||||||||||||||||||||||||||||||||||||||||||||||||||||||||||||||||||||||||||||||||||||||||||||
STOPPING RULES
SDDP.TimeLimit(10800.0)
SDDP.BoundStalling(20, 0.0001)
||||||||||||||||||||||||||||||||||||||||||||||||||||||||||||||||||||||||||||||||||||||||||||||||||||||||||||||||||||||||||||||||||||||||
REGULARIZATION
DynamicSDDiP.NoRegularization()
||||||||||||||||||||||||||||||||||||||||||||||||||||||||||||||||||||||||||||||||||||||||||||||||||||||||||||||||||||||||||||||||||||||||
CUT GENERATION REGIMES
DynamicSDDiP.CutGenerationRegime(DynamicSDDiP.NoStateApproximation(), DynamicSDDiP.StrengthenedDuality(), 1, Inf, Inf, 0.0, true, 0.0001)

||||||||||||||||||||||||||||||||||||||||||||||||||||||||||||||||||||||||||||||||||||||||||||||||||||||||||||||||||||||||||||||||||||||||
CUT AGGREGATION
DynamicSDDiP.SingleCutRegime()
||||||||||||||||||||||||||||||||||||||||||||||||||||||||||||||||||||||||||||||||||||||||||||||||||||||||||||||||||||||||||||||||||||||||
CUT SELECTION
DynamicSDDiP.NoCutSelection()
||||||||||||||||||||||||||||||||||||||||||||||||||||||||||||||||||||||||||||||||||||||||||||||||||||||||||||||||||||||||||||||||||||||||
LATE BINARIZATION
DynamicSDDiP.NoLateBinarization()
||||||||||||||||||||||||||||||||||||||||||||||||||||||||||||||||||||||||||||||||||||||||||||||||||||||||||||||||||||||||||||||||||||||||
APPLIED SOLVERS (LP, MILP, MIQCP, MINLP, NLP, Lagrange)
DynamicSDDiP.AppliedSolvers(true, "Gurobi", "Gurobi", "Gurobi", "Gurobi", "Gurobi", "Gurobi", "Gurobi", "Gurobi", "Gurobi", 0.0001, 300)
DynamicSDDiP.Direct_Solver()
Numerical focus: false
Silent: true
||||||||||||||||||||||||||||||||||||||||||||||||||||||||||||||||||||||||||||||||||||||||||||||||||||||||||||||||||||||||||||||||||||||||
SAMPLING
Used seed for sampling scenarios: 
11111     
||||||||||||||||||||||||||||||||||||||||||||||||||||||||||||||||||||||||||||||||||||||||||||||||||||||||||||||||||||||||||||||||||||||||
RUN DESCRIPTION

||||||||||||||||||||||||||||||||||||||||||||||||||||||||||||||||||||||||||||||||||||||||||||||||||||||||||||||||||||||||||||||||||||||||
PROBLEM DESCRIPTION
Number of stages: 16
Number of realizations per stage: 20
Seed for scenario tree sampling: 12345
Solver: serial mode

────────────────────────────────────────────────────────────────────────────────────────────────────────────────────────────────────────────────────────────────────────────────────────────────────────
It.#               UB        Best UB             LB       Gap           Time        It_Time           Refinements                            #Var.   #Constr.             #Cuts       Lagrangian Dual                                               
                                                          [%]            [s]            [s]          σ       Bin.      Total      {0,1}          ℤ      Total    Total   Active      # It.    # C-It.  # C-Real.  
────────────────────────────────────────────────────────────────────────────────────────────────────────────────────────────────────────────────────────────────────────────────────────────────────────
1        3.022289e+04   3.022289e+04   1.919912e+04    0.3647   1.357000e+00   1.357000e+00      false       none         62         10          0         11       15       15          0          0          0
2        3.384485e+04   3.022289e+04   1.920354e+04    0.3646   2.576000e+00   1.219000e+00      false       none         62         10          0         11       28       28          0          0          0
3        3.265991e+04   3.022289e+04   1.928691e+04    0.3618   3.998000e+00   1.422000e+00      false       none         62         10          0         11       41       41          0          0          0
4        3.191428e+04   3.022289e+04   1.929104e+04    0.3617   5.420000e+00   1.422000e+00      false       none         62         10          0         11       53       53          0          0          0
5        2.984935e+04   2.984935e+04   1.929625e+04    0.3535   6.826000e+00   1.406000e+00      false       none         62         10          0         11       65       65          0          0          0
6        2.619306e+04   2.619306e+04   1.931160e+04    0.2627   8.279000e+00   1.453000e+00      false       none         62         10          0         11       78       78          0          0          0
7        2.889377e+04   2.619306e+04   1.932196e+04    0.2623   9.795000e+00   1.516000e+00      false       none         62         10          0         11       89       89          0          0          0
8        3.098390e+04   2.619306e+04   1.934730e+04    0.2614   1.126400e+01   1.469000e+00      false       none         62         10          0         11      103      103          0          0          0
9        2.664685e+04   2.619306e+04   1.935565e+04    0.2610   1.257600e+01   1.312000e+00      false       none         62         10          0         11      113      113          0          0          0
10       3.059602e+04   2.619306e+04   1.936546e+04    0.2607   1.399800e+01   1.422000e+00      false       none         62         10          0         11      123      123          0          0          0
11       2.834060e+04   2.619306e+04   1.942079e+04    0.2586   1.542000e+01   1.422000e+00      false       none         62         10          0         11      131      131          0          0          0
12       2.969368e+04   2.619306e+04   1.952881e+04    0.2544   1.690400e+01   1.484000e+00      false       none         62         10          0         11      145      145          0          0          0
13       2.935706e+04   2.619306e+04   1.955155e+04    0.2536   1.831100e+01   1.407000e+00      false       none         62         10          0         11      155      155          0          0          0
14       2.964624e+04   2.619306e+04   1.958053e+04    0.2525   1.981100e+01   1.500000e+00      false       none         62         10          0         11      165      165          0          0          0
15       2.841488e+04   2.619306e+04   1.959504e+04    0.2519   2.124800e+01   1.437000e+00      false       none         62         10          0         11      177      177          0          0          0
16       3.107758e+04   2.619306e+04   1.960607e+04    0.2515   2.278000e+01   1.532000e+00      false       none         62         10          0         11      188      188          0          0          0
17       3.161962e+04   2.619306e+04   1.963803e+04    0.2503   2.429500e+01   1.515000e+00      false       none         62         10          0         11      195      195          0          0          0
18       2.814156e+04   2.619306e+04   1.964427e+04    0.2500   2.571700e+01   1.422000e+00      false       none         62         10          0         11      202      202          0          0          0
19       2.958696e+04   2.619306e+04   1.965685e+04    0.2495   2.720100e+01   1.484000e+00      false       none         62         10          0         11      209      209          0          0          0
20       2.754454e+04   2.619306e+04   1.966801e+04    0.2491   2.870100e+01   1.500000e+00      false       none         62         10          0         11      218      218          0          0          0
21       3.144610e+04   2.619306e+04   1.977189e+04    0.2451   3.018600e+01   1.485000e+00      false       none         62         10          0         11      228      228          0          0          0
22       3.152980e+04   2.619306e+04   1.989836e+04    0.2403   3.174800e+01   1.562000e+00      false       none         62         10          0         11      236      236          0          0          0
23       2.369851e+04   2.369851e+04   1.989935e+04    0.1603   3.310800e+01   1.360000e+00      false       none         62         10          0         11      248      248          0          0          0
24       2.678867e+04   2.369851e+04   1.989935e+04    0.1603   3.463900e+01   1.531000e+00      false       none         62         10          0         11      255      255          0          0          0
25       2.861684e+04   2.369851e+04   1.989935e+04    0.1603   3.615500e+01   1.516000e+00      false       none         62         10          0         11      264      264          0          0          0
26       3.141821e+04   2.369851e+04   1.991404e+04    0.1597   3.776400e+01   1.609000e+00      false       none         62         10          0         11      275      275          0          0          0
27       3.054226e+04   2.369851e+04   1.992578e+04    0.1592   3.935800e+01   1.594000e+00      false       none         62         10          0         11      281      281          0          0          0
28       3.540541e+04   2.369851e+04   1.996184e+04    0.1577   4.103000e+01   1.672000e+00      false       none         62         10          0         11      286      286          0          0          0
29       3.109235e+04   2.369851e+04   1.997062e+04    0.1573   4.262300e+01   1.593000e+00      false       none         62         10          0         11      294      294          0          0          0
30       2.990809e+04   2.369851e+04   1.997361e+04    0.1572   4.421700e+01   1.594000e+00      false       none         62         10          0         11      303      303          0          0          0
31       2.739378e+04   2.369851e+04   1.997361e+04    0.1572   4.588900e+01   1.672000e+00      false       none         62         10          0         11      306      306          0          0          0
32       2.675094e+04   2.369851e+04   1.997361e+04    0.1572   4.753000e+01   1.641000e+00      false       none         62         10          0         11      308      308          0          0          0
33       3.086774e+04   2.369851e+04   1.997361e+04    0.1572   4.917000e+01   1.640000e+00      false       none         62         10          0         11      310      310          0          0          0
34       2.784977e+04   2.369851e+04   1.997361e+04    0.1572   5.073300e+01   1.563000e+00      false       none         62         10          0         11      315      315          0          0          0
35       2.911119e+04   2.369851e+04   1.997361e+04    0.1572   5.229500e+01   1.562000e+00      false       none         62         10          0         11      320      320          0          0          0
36       2.661120e+04   2.369851e+04   1.997361e+04    0.1572   5.395100e+01   1.656000e+00      false       none         62         10          0         11      328      328          0          0          0
37       2.857319e+04   2.369851e+04   1.997361e+04    0.1572   5.563900e+01   1.688000e+00      false       none         62         10          0         11      333      333          0          0          0
38       2.980169e+04   2.369851e+04   1.997361e+04    0.1572   5.728000e+01   1.641000e+00      false       none         62         10          0         11      337      337          0          0          0
39       2.691845e+04   2.369851e+04   1.997361e+04    0.1572   5.898300e+01   1.703000e+00      false       none         62         10          0         11      342      342          0          0          0
40       3.088880e+04   2.369851e+04   1.997361e+04    0.1572   6.071700e+01   1.734000e+00      false       none         62         10          0         11      347      347          0          0          0
41       2.756853e+04   2.369851e+04   1.997361e+04    0.1572   6.226400e+01   1.547000e+00      false       none         62         10          0         11      358      358          0          0          0
42       3.021678e+04   2.369851e+04   1.997361e+04    0.1572   6.409200e+01   1.828000e+00      false       none         62         10          0         11      366      366          0          0          0
43       3.180277e+04   2.369851e+04   1.997361e+04    0.1572   6.584200e+01   1.750000e+00      false       none         62         10          0         11      373      373          0          0          0
44       2.765690e+04   2.369851e+04   1.997428e+04    0.1572   6.760800e+01   1.766000e+00      false       none         62         10          0         11      379      379          0          0          0
45       3.084526e+04   2.369851e+04   1.997428e+04    0.1572   6.937300e+01   1.765000e+00      false       none         62         10          0         11      384      384          0          0          0
46       2.870576e+04   2.369851e+04   1.997428e+04    0.1572   7.113900e+01   1.766000e+00      false       none         62         10          0         11      389      389          0          0          0
47       3.260390e+04   2.369851e+04   1.997428e+04    0.1572   7.293600e+01   1.797000e+00      false       none         62         10          0         11      395      395          0          0          0
48       3.148201e+04   2.369851e+04   1.997428e+04    0.1572   7.470100e+01   1.765000e+00      false       none         62         10          0         11      398      398          0          0          0
49       3.274195e+04   2.369851e+04   1.997428e+04    0.1572   7.646700e+01   1.766000e+00      false       none         62         10          0         11      403      403          0          0          0
50       2.817613e+04   2.369851e+04   1.997428e+04    0.1572   7.826400e+01   1.797000e+00      false       none         62         10          0         11      408      408          0          0          0
51       2.989818e+04   2.369851e+04   1.997428e+04    0.1572   8.010800e+01   1.844000e+00      false       none         62         10          0         11      409      409          0          0          0
52       2.948496e+04   2.369851e+04   1.997428e+04    0.1572   8.193600e+01   1.828000e+00      false       none         62         10          0         11      413      413          0          0          0
53       3.137188e+04   2.369851e+04   1.997428e+04    0.1572   8.374800e+01   1.812000e+00      false       none         62         10          0         11      417      417          0          0          0
54       3.207108e+04   2.369851e+04   1.997563e+04    0.1571   8.556100e+01   1.813000e+00      false       none         62         10          0         11      426      426          0          0          0
55       3.131368e+04   2.369851e+04   1.997818e+04    0.1570   8.738900e+01   1.828000e+00      false       none         62         10          0         11      434      434          0          0          0
56       2.867069e+04   2.369851e+04   1.997829e+04    0.1570   8.903000e+01   1.641000e+00      false       none         62         10          0         11      441      441          0          0          0
57       2.800715e+04   2.369851e+04   1.997829e+04    0.1570   9.072000e+01   1.690000e+00      false       none         62         10          0         11      446      446          0          0          0
58       2.699578e+04   2.369851e+04   1.997829e+04    0.1570   9.249800e+01   1.778000e+00      false       none         62         10          0         11      453      453          0          0          0
59       2.944850e+04   2.369851e+04   1.997840e+04    0.1570   9.426400e+01   1.766000e+00      false       none         62         10          0         11      459      459          0          0          0
60       2.948377e+04   2.369851e+04   1.997858e+04    0.1570   9.601400e+01   1.750000e+00      false       none         62         10          0         11      466      466          0          0          0
61       2.614979e+04   2.369851e+04   1.998150e+04    0.1568   9.774800e+01   1.734000e+00      false       none         62         10          0         11      470      470          0          0          0
62       2.746924e+04   2.369851e+04   1.998579e+04    0.1567   9.937300e+01   1.625000e+00      false       none         62         10          0         11      478      478          0          0          0
63       2.996739e+04   2.369851e+04   1.998629e+04    0.1566   1.010770e+02   1.704000e+00      false       none         62         10          0         11      484      484          0          0          0
64       2.992685e+04   2.369851e+04   1.998876e+04    0.1565   1.028890e+02   1.812000e+00      false       none         62         10          0         11      490      490          0          0          0
65       2.854908e+04   2.369851e+04   1.999099e+04    0.1564   1.046550e+02   1.766000e+00      false       none         62         10          0         11      496      496          0          0          0
66       3.176979e+04   2.369851e+04   1.999485e+04    0.1563   1.064670e+02   1.812000e+00      false       none         62         10          0         11      502      502          0          0          0
67       2.878299e+04   2.369851e+04   1.999485e+04    0.1563   1.082330e+02   1.766000e+00      false       none         62         10          0         11      506      506          0          0          0
68       2.796649e+04   2.369851e+04   2.000871e+04    0.1557   1.100920e+02   1.859000e+00      false       none         62         10          0         11      510      510          0          0          0
69       2.944316e+04   2.369851e+04   2.009077e+04    0.1522   1.119200e+02   1.828000e+00      false       none         62         10          0         11      516      516          0          0          0
70       3.316597e+04   2.369851e+04   2.012843e+04    0.1506   1.138580e+02   1.938000e+00      false       none         62         10          0         11      523      523          0          0          0
71       3.059433e+04   2.369851e+04   2.012843e+04    0.1506   1.157020e+02   1.844000e+00      false       none         62         10          0         11      526      526          0          0          0
72       2.988489e+04   2.369851e+04   2.013201e+04    0.1505   1.174670e+02   1.765000e+00      false       none         62         10          0         11      531      531          0          0          0
73       2.950805e+04   2.369851e+04   2.013605e+04    0.1503   1.193420e+02   1.875000e+00      false       none         62         10          0         11      535      535          0          0          0
74       2.781810e+04   2.369851e+04   2.014410e+04    0.1500   1.210770e+02   1.735000e+00      false       none         62         10          0         11      543      543          0          0          0
75       3.136116e+04   2.369851e+04   2.015580e+04    0.1495   1.228890e+02   1.812000e+00      false       none         62         10          0         11      546      546          0          0          0
76       2.685053e+04   2.369851e+04   2.016575e+04    0.1491   1.246240e+02   1.735000e+00      false       none         62         10          0         11      552      552          0          0          0
77       2.869207e+04   2.369851e+04   2.018360e+04    0.1483   1.264360e+02   1.812000e+00      false       none         62         10          0         11      555      555          0          0          0
78       2.681478e+04   2.369851e+04   2.022715e+04    0.1465   1.281700e+02   1.734000e+00      false       none         62         10          0         11      559      559          0          0          0
79       2.737277e+04   2.369851e+04   2.022715e+04    0.1465   1.300140e+02   1.844000e+00      false       none         62         10          0         11      562      562          0          0          0
80       3.013325e+04   2.369851e+04   2.022715e+04    0.1465   1.318270e+02   1.813000e+00      false       none         62         10          0         11      562      562          0          0          0
81       2.927862e+04   2.369851e+04   2.022715e+04    0.1465   1.336240e+02   1.797000e+00      false       none         62         10          0         11      563      563          0          0          0
82       3.031237e+04   2.369851e+04   2.022715e+04    0.1465   1.354990e+02   1.875000e+00      false       none         62         10          0         11      563      563          0          0          0
83       2.806036e+04   2.369851e+04   2.022715e+04    0.1465   1.372170e+02   1.718000e+00      false       none         62         10          0         11      565      565          0          0          0
84       2.832016e+04   2.369851e+04   2.022715e+04    0.1465   1.389830e+02   1.766000e+00      false       none         62         10          0         11      568      568          0          0          0
85       3.145943e+04   2.369851e+04   2.022715e+04    0.1465   1.408740e+02   1.891000e+00      false       none         62         10          0         11      571      571          0          0          0
86       2.967804e+04   2.369851e+04   2.022715e+04    0.1465   1.427330e+02   1.859000e+00      false       none         62         10          0         11      574      574          0          0          0
87       3.135163e+04   2.369851e+04   2.026313e+04    0.1450   1.445610e+02   1.828000e+00      false       none         62         10          0         11      576      576          0          0          0
88       2.849262e+04   2.369851e+04   2.035688e+04    0.1410   1.463890e+02   1.828000e+00      false       none         62         10          0         11      578      578          0          0          0
89       3.239442e+04   2.369851e+04   2.036210e+04    0.1408   1.481860e+02   1.797000e+00      false       none         62         10          0         11      579      579          0          0          0
90       2.836883e+04   2.369851e+04   2.037098e+04    0.1404   1.499520e+02   1.766000e+00      false       none         62         10          0         11      581      581          0          0          0
91       2.765150e+04   2.369851e+04   2.037315e+04    0.1403   1.518110e+02   1.859000e+00      false       none         62         10          0         11      583      583          0          0          0
92       3.258753e+04   2.369851e+04   2.037315e+04    0.1403   1.536390e+02   1.828000e+00      false       none         62         10          0         11      585      585          0          0          0
93       3.183181e+04   2.369851e+04   2.037315e+04    0.1403   1.554520e+02   1.813000e+00      false       none         62         10          0         11      585      585          0          0          0
94       2.885415e+04   2.369851e+04   2.037315e+04    0.1403   1.572640e+02   1.812000e+00      false       none         62         10          0         11      590      590          0          0          0
95       2.859519e+04   2.369851e+04   2.037315e+04    0.1403   1.589520e+02   1.688000e+00      false       none         62         10          0         11      595      595          0          0          0
96       3.028727e+04   2.369851e+04   2.037315e+04    0.1403   1.607640e+02   1.812000e+00      false       none         62         10          0         11      596      596          0          0          0
97       2.677817e+04   2.369851e+04   2.037315e+04    0.1403   1.624520e+02   1.688000e+00      false       none         62         10          0         11      601      601          0          0          0
98       3.188597e+04   2.369851e+04   2.037315e+04    0.1403   1.643110e+02   1.859000e+00      false       none         62         10          0         11      603      603          0          0          0
99       3.052171e+04   2.369851e+04   2.037315e+04    0.1403   1.662170e+02   1.906000e+00      false       none         62         10          0         11      605      605          0          0          0
100      3.099909e+04   2.369851e+04   2.037315e+04    0.1403   1.680610e+02   1.844000e+00      false       none         62         10          0         11      606      606          0          0          0
101      2.683074e+04   2.369851e+04   2.037315e+04    0.1403   1.698270e+02   1.766000e+00      false       none         62         10          0         11      610      610          0          0          0
102      2.951285e+04   2.369851e+04   2.037315e+04    0.1403   1.716860e+02   1.859000e+00      false       none         62         10          0         11      612      612          0          0          0
103      3.277177e+04   2.369851e+04   2.037315e+04    0.1403   1.735140e+02   1.828000e+00      false       none         62         10          0         11      614      614          0          0          0
104      2.882153e+04   2.369851e+04   2.037315e+04    0.1403   1.754360e+02   1.922000e+00      false       none         62         10          0         11      616      616          0          0          0
105      3.280202e+04   2.369851e+04   2.037315e+04    0.1403   1.773740e+02   1.938000e+00      false       none         62         10          0         11      618      618          0          0          0
106      2.856620e+04   2.369851e+04   2.037315e+04    0.1403   1.791390e+02   1.765000e+00      false       none         62         10          0         11      621      621          0          0          0
107      3.128534e+04   2.369851e+04   2.037315e+04    0.1403   1.810610e+02   1.922000e+00      false       none         62         10          0         11      622      622          0          0          0
108      2.902143e+04   2.369851e+04   2.037315e+04    0.1403   1.829200e+02   1.859000e+00      false       none         62         10          0         11      622      622          0          0          0
109      3.205264e+04   2.369851e+04   2.037315e+04    0.1403   1.847950e+02   1.875000e+00      false       none         62         10          0         11      627      627          0          0          0
110      2.887522e+04   2.369851e+04   2.037315e+04    0.1403   1.867020e+02   1.907000e+00      false       none         62         10          0         11      629      629          0          0          0
111      2.626490e+04   2.369851e+04   2.037315e+04    0.1403   1.885770e+02   1.875000e+00      false       none         62         10          0         11      632      632          0          0          0

Terminating DynamicSDDiP with status: bound_stalling
------------------------------------------------------------------------------
 ────────────────────────────────────────────────────────────────────────────────
                                        Time                    Allocations      
                               ───────────────────────   ────────────────────────
       Tot / % measured:             189s / 100.0%           4.35GiB /  99.9%    

 Section               ncalls     time    %tot     avg     alloc    %tot      avg
 ────────────────────────────────────────────────────────────────────────────────
 loop                       1     189s  100.0%    189s   4.35GiB  100.0%  4.35GiB
   iterations             111     188s   99.9%   1.70s   4.35GiB  100.0%  40.1MiB
     backward_pass        111     183s   97.3%   1.65s   4.32GiB   99.3%  39.8MiB
       solve_BP         33.3k     183s   97.0%  5.49ms   4.27GiB   98.3%   135KiB
         solve_dual     33.3k     181s   96.0%  5.44ms   4.14GiB   95.3%   130KiB
           solver_c...  33.3k     148s   78.7%  4.45ms   73.7MiB    1.7%  2.27KiB
           LP_relax...  33.3k    27.5s   14.6%   825μs   3.00GiB   69.0%  94.5KiB
             solver...  33.3k    13.4s    7.1%   404μs   56.5MiB    1.3%  1.74KiB
         space_change   66.6k   21.1ms    0.0%   317ns     0.00B    0.0%    0.00B
       update_bellman   1.67k   56.3ms    0.0%  33.8μs   5.09MiB    0.1%  3.13KiB
         cut_selection    632    626μs    0.0%   991ns   47.9KiB    0.0%    77.6B
     forward_pass         111    4.57s    2.4%  41.2ms   25.1MiB    0.6%   231KiB
       solve_subpro...  1.78k    4.52s    2.4%  2.54ms   20.3MiB    0.5%  11.7KiB
         solver_cal...  1.78k    4.38s    2.3%  2.46ms   4.70MiB    0.1%  2.71KiB
     calculate_bound      111    320ms    0.2%  2.88ms   2.30MiB    0.1%  21.2KiB
       solver_call_...    111    306ms    0.2%  2.75ms    184KiB    0.0%  1.66KiB
 ────────────────────────────────────────────────────────────────────────────────

||||||||||||||||||||||||||||||||||||||||||||||||||||||||||||||||||||||||||||||||||||||||||||||||||||||||||||||||||||||||||||||||||||||||
LAGRANGIAN DUAL SOLUTION RESULTS
mn_opt: 0 times (NaN%)
conv: 0 times (NaN%)
unbounded: 0 times (NaN%)
bound_issues: 0 times (NaN%)
subgr_stalling: 0 times (NaN%)
opt: 0 times (NaN%)
feas_issues: 0 times (NaN%)
sub: 0 times (NaN%)
mn_iter: 0 times (NaN%)
iter: 0 times (NaN%)
mn_issue: 0 times (NaN%)

||||||||||||||||||||||||||||||||||||||||||||||||||||||||||||||||||||||||||||||||||||||||||||||||||||||||||||||||||||||||||||||||||||||||
SIMULATION RESULTS
DynamicSDDiP.Simulation(DynamicSDDiP.InSampleMonteCarlo(), 1000)
Lower bound: 20373.152614116294
Statistical upper bound (confidence interval): 29469.553511168484 ± 130.9311245869217
Pessimistic upper bound: 29600.484635755405
