

#########################################################################################################################################
#########################################################################################################################################
#########################################################################################################################################
#########################################################################################################################################
#########################################################################################################################################
DynamicSDDiP.jl (c) Christian Füllner, 2021
re-uses code from SDDP.jl (c) Oscar Dowson, 2017-21
||||||||||||||||||||||||||||||||||||||||||||||||||||||||||||||||||||||||||||||||||||||||||||||||||||||||||||||||||||||||||||||||||||||||
PATH
calling 
C:\Users\cg4102\.julia\packages\DynamicSDDiP\jRtdG\src
nothing
DATETIME
2024-11-12T17:23:09.743
||||||||||||||||||||||||||||||||||||||||||||||||||||||||||||||||||||||||||||||||||||||||||||||||||||||||||||||||||||||||||||||||||||||||
STOPPING RULES
SDDP.TimeLimit(10800.0)
SDDP.BoundStalling(20, 0.0001)
||||||||||||||||||||||||||||||||||||||||||||||||||||||||||||||||||||||||||||||||||||||||||||||||||||||||||||||||||||||||||||||||||||||||
REGULARIZATION
DynamicSDDiP.NoRegularization()
||||||||||||||||||||||||||||||||||||||||||||||||||||||||||||||||||||||||||||||||||||||||||||||||||||||||||||||||||||||||||||||||||||||||
CUT GENERATION REGIMES
DynamicSDDiP.CutGenerationRegime(DynamicSDDiP.NoStateApproximation(), DynamicSDDiP.LinearDuality(), 1, Inf, Inf, 0.0, true, 0.0001)

||||||||||||||||||||||||||||||||||||||||||||||||||||||||||||||||||||||||||||||||||||||||||||||||||||||||||||||||||||||||||||||||||||||||
CUT AGGREGATION
DynamicSDDiP.SingleCutRegime()
||||||||||||||||||||||||||||||||||||||||||||||||||||||||||||||||||||||||||||||||||||||||||||||||||||||||||||||||||||||||||||||||||||||||
CUT SELECTION
DynamicSDDiP.NoCutSelection()
||||||||||||||||||||||||||||||||||||||||||||||||||||||||||||||||||||||||||||||||||||||||||||||||||||||||||||||||||||||||||||||||||||||||
LATE BINARIZATION
DynamicSDDiP.NoLateBinarization()
||||||||||||||||||||||||||||||||||||||||||||||||||||||||||||||||||||||||||||||||||||||||||||||||||||||||||||||||||||||||||||||||||||||||
APPLIED SOLVERS (LP, MILP, MIQCP, MINLP, NLP, Lagrange)
DynamicSDDiP.AppliedSolvers(true, "Gurobi", "Gurobi", "Gurobi", "Gurobi", "Gurobi", "Gurobi", "Gurobi", "Gurobi", "Gurobi", 0.0001, 300)
DynamicSDDiP.Direct_Solver()
Numerical focus: false
Silent: true
||||||||||||||||||||||||||||||||||||||||||||||||||||||||||||||||||||||||||||||||||||||||||||||||||||||||||||||||||||||||||||||||||||||||
SAMPLING
Used seed for sampling scenarios: 
11111     
||||||||||||||||||||||||||||||||||||||||||||||||||||||||||||||||||||||||||||||||||||||||||||||||||||||||||||||||||||||||||||||||||||||||
RUN DESCRIPTION

||||||||||||||||||||||||||||||||||||||||||||||||||||||||||||||||||||||||||||||||||||||||||||||||||||||||||||||||||||||||||||||||||||||||
PROBLEM DESCRIPTION
Number of stages: 16
Number of realizations per stage: 20
Seed for scenario tree sampling: 12345
Solver: serial mode

────────────────────────────────────────────────────────────────────────────────────────────────────────────────────────────────────────────────────────────────────────────────────────────────────────
It.#               UB        Best UB             LB       Gap           Time        It_Time           Refinements                            #Var.   #Constr.             #Cuts       Lagrangian Dual                                               
                                                          [%]            [s]            [s]          σ       Bin.      Total      {0,1}          ℤ      Total    Total   Active      # It.    # C-It.  # C-Real.  
────────────────────────────────────────────────────────────────────────────────────────────────────────────────────────────────────────────────────────────────────────────────────────────────────────
1        3.022289e+04   3.022289e+04   1.469064e+04    0.5139   2.200000e-01   2.200000e-01      false       none         62         10          0         11       15       15          0          0          0
2        3.317864e+04   3.022289e+04   1.479087e+04    0.5106   4.229999e-01   2.029998e-01      false       none         62         10          0         11       30       30          0          0          0
3        3.192736e+04   3.022289e+04   1.491231e+04    0.5066   6.110001e-01   1.880002e-01      false       none         62         10          0         11       45       45          0          0          0
4        3.241360e+04   3.022289e+04   1.503621e+04    0.5025   7.979999e-01   1.869998e-01      false       none         62         10          0         11       60       60          0          0          0
5        3.017034e+04   3.017034e+04   1.504969e+04    0.5012   1.001000e+00   2.030001e-01      false       none         62         10          0         11       74       74          0          0          0
6        2.631657e+04   2.631657e+04   1.505055e+04    0.4281   1.189000e+00   1.880000e-01      false       none         62         10          0         11       89       89          0          0          0
7        2.987612e+04   2.631657e+04   1.505071e+04    0.4281   1.439000e+00   2.500000e-01      false       none         62         10          0         11      104      104          0          0          0
8        3.033576e+04   2.631657e+04   1.505087e+04    0.4281   1.626000e+00   1.870000e-01      false       none         62         10          0         11      118      118          0          0          0
9        2.544222e+04   2.544222e+04   1.505956e+04    0.4081   1.845000e+00   2.190001e-01      false       none         62         10          0         11      133      133          0          0          0
10       3.090849e+04   2.544222e+04   1.506261e+04    0.4080   2.032000e+00   1.870000e-01      false       none         62         10          0         11      148      148          0          0          0
11       2.791452e+04   2.544222e+04   1.506515e+04    0.4079   2.204000e+00   1.719999e-01      false       none         62         10          0         11      163      163          0          0          0
12       2.939097e+04   2.544222e+04   1.506801e+04    0.4078   2.392000e+00   1.880000e-01      false       none         62         10          0         11      178      178          0          0          0
13       2.935992e+04   2.544222e+04   1.508562e+04    0.4071   2.595000e+00   2.030001e-01      false       none         62         10          0         11      193      193          0          0          0
14       2.942268e+04   2.544222e+04   1.508844e+04    0.4070   2.782000e+00   1.870000e-01      false       none         62         10          0         11      207      207          0          0          0
15       2.740046e+04   2.544222e+04   1.508914e+04    0.4069   2.970000e+00   1.880000e-01      false       none         62         10          0         11      221      221          0          0          0
16       3.072896e+04   2.544222e+04   1.509483e+04    0.4067   3.173000e+00   2.029998e-01      false       none         62         10          0         11      235      235          0          0          0
17       3.145867e+04   2.544222e+04   1.509552e+04    0.4067   3.360000e+00   1.870000e-01      false       none         62         10          0         11      250      250          0          0          0
18       2.830200e+04   2.544222e+04   1.510248e+04    0.4064   3.548000e+00   1.880000e-01      false       none         62         10          0         11      264      264          0          0          0
19       2.896725e+04   2.544222e+04   1.510403e+04    0.4063   3.736000e+00   1.880002e-01      false       none         62         10          0         11      276      276          0          0          0
20       2.666986e+04   2.544222e+04   1.510435e+04    0.4063   3.954000e+00   2.179999e-01      false       none         62         10          0         11      290      290          0          0          0
21       3.102071e+04   2.544222e+04   1.510484e+04    0.4063   4.142000e+00   1.880000e-01      false       none         62         10          0         11      304      304          0          0          0
22       3.105261e+04   2.544222e+04   1.511182e+04    0.4060   4.329000e+00   1.870000e-01      false       none         62         10          0         11      318      318          0          0          0
23       2.209510e+04   2.209510e+04   1.511343e+04    0.3160   4.517000e+00   1.880000e-01      false       none         62         10          0         11      333      333          0          0          0
24       2.630616e+04   2.209510e+04   1.511406e+04    0.3160   4.736000e+00   2.190001e-01      false       none         62         10          0         11      347      347          0          0          0
25       2.821770e+04   2.209510e+04   1.511436e+04    0.3159   4.923000e+00   1.869998e-01      false       none         62         10          0         11      361      361          0          0          0
26       3.092697e+04   2.209510e+04   1.512119e+04    0.3156   5.126000e+00   2.030001e-01      false       none         62         10          0         11      374      374          0          0          0
27       3.124893e+04   2.209510e+04   1.512200e+04    0.3156   5.345000e+00   2.190001e-01      false       none         62         10          0         11      389      389          0          0          0
28       3.556244e+04   2.209510e+04   1.512220e+04    0.3156   5.548000e+00   2.029998e-01      false       none         62         10          0         11      402      402          0          0          0
29       3.055622e+04   2.209510e+04   1.512434e+04    0.3155   5.735000e+00   1.870000e-01      false       none         62         10          0         11      416      416          0          0          0
30       2.995237e+04   2.209510e+04   1.512622e+04    0.3154   5.939000e+00   2.040000e-01      false       none         62         10          0         11      429      429          0          0          0
31       2.764723e+04   2.209510e+04   1.512737e+04    0.3154   6.157000e+00   2.180002e-01      false       none         62         10          0         11      444      444          0          0          0
32       2.638097e+04   2.209510e+04   1.512848e+04    0.3153   6.360000e+00   2.029998e-01      false       none         62         10          0         11      459      459          0          0          0
33       3.184213e+04   2.209510e+04   1.512857e+04    0.3153   6.548000e+00   1.880000e-01      false       none         62         10          0         11      471      471          0          0          0
34       2.798140e+04   2.209510e+04   1.512895e+04    0.3153   6.735000e+00   1.870000e-01      false       none         62         10          0         11      484      484          0          0          0
35       2.967150e+04   2.209510e+04   1.512969e+04    0.3152   6.954000e+00   2.190001e-01      false       none         62         10          0         11      498      498          0          0          0
36       2.558709e+04   2.209510e+04   1.513074e+04    0.3152   7.142000e+00   1.880000e-01      false       none         62         10          0         11      512      512          0          0          0
37       2.937617e+04   2.209510e+04   1.513089e+04    0.3152   7.345000e+00   2.030001e-01      false       none         62         10          0         11      524      524          0          0          0
38       2.952424e+04   2.209510e+04   1.513089e+04    0.3152   7.532000e+00   1.870000e-01      false       none         62         10          0         11      536      536          0          0          0
39       2.594061e+04   2.209510e+04   1.513100e+04    0.3152   7.751000e+00   2.189999e-01      false       none         62         10          0         11      550      550          0          0          0
40       3.148191e+04   2.209510e+04   1.513003e+04    0.3152   7.954000e+00   2.030001e-01      false       none         62         10          0         11      563      563          0          0          0
41       2.592492e+04   2.209510e+04   1.513233e+04    0.3151   8.142000e+00   1.880000e-01      false       none         62         10          0         11      577      577          0          0          0
42       3.071436e+04   2.209510e+04   1.513414e+04    0.3150   8.361000e+00   2.190001e-01      false       none         62         10          0         11      590      590          0          0          0
43       3.167639e+04   2.209510e+04   1.513472e+04    0.3150   8.548000e+00   1.869998e-01      false       none         62         10          0         11      603      603          0          0          0
44       2.874952e+04   2.209510e+04   1.513472e+04    0.3150   8.751000e+00   2.030001e-01      false       none         62         10          0         11      616      616          0          0          0
45       3.048310e+04   2.209510e+04   1.513472e+04    0.3150   8.939000e+00   1.880000e-01      false       none         62         10          0         11      628      628          0          0          0
46       2.903239e+04   2.209510e+04   1.513472e+04    0.3150   9.157000e+00   2.180002e-01      false       none         62         10          0         11      639      639          0          0          0
47       3.352561e+04   2.209510e+04   1.513472e+04    0.3150   9.345000e+00   1.880000e-01      false       none         62         10          0         11      650      650          0          0          0
48       3.179833e+04   2.209510e+04   1.513472e+04    0.3150   9.548000e+00   2.029998e-01      false       none         62         10          0         11      663      663          0          0          0
49       3.317281e+04   2.209510e+04   1.513472e+04    0.3150   9.751000e+00   2.030001e-01      false       none         62         10          0         11      675      675          0          0          0
50       2.848575e+04   2.209510e+04   1.513560e+04    0.3150   9.954000e+00   2.030001e-01      false       none         62         10          0         11      687      687          0          0          0
51       3.048720e+04   2.209510e+04   1.513582e+04    0.3150   1.015700e+01   2.030001e-01      false       none         62         10          0         11      700      700          0          0          0
52       3.043037e+04   2.209510e+04   1.513609e+04    0.3150   1.036100e+01   2.040000e-01      false       none         62         10          0         11      713      713          0          0          0
53       3.134835e+04   2.209510e+04   1.513612e+04    0.3150   1.057900e+01   2.179999e-01      false       none         62         10          0         11      725      725          0          0          0
54       3.164438e+04   2.209510e+04   1.513612e+04    0.3150   1.078200e+01   2.030001e-01      false       none         62         10          0         11      737      737          0          0          0
55       3.159759e+04   2.209510e+04   1.513612e+04    0.3150   1.098500e+01   2.029998e-01      false       none         62         10          0         11      749      749          0          0          0
56       2.859023e+04   2.209510e+04   1.513612e+04    0.3150   1.118900e+01   2.040000e-01      false       none         62         10          0         11      762      762          0          0          0
57       2.852978e+04   2.209510e+04   1.513612e+04    0.3150   1.140700e+01   2.180002e-01      false       none         62         10          0         11      775      775          0          0          0
58       2.682989e+04   2.209510e+04   1.513612e+04    0.3150   1.161000e+01   2.029998e-01      false       none         62         10          0         11      787      787          0          0          0
59       2.956942e+04   2.209510e+04   1.513612e+04    0.3150   1.181400e+01   2.040000e-01      false       none         62         10          0         11      798      798          0          0          0
60       3.005804e+04   2.209510e+04   1.513612e+04    0.3150   1.201700e+01   2.030001e-01      false       none         62         10          0         11      811      811          0          0          0
61       2.616400e+04   2.209510e+04   1.513612e+04    0.3150   1.223500e+01   2.179999e-01      false       none         62         10          0         11      823      823          0          0          0
62       2.720044e+04   2.209510e+04   1.513612e+04    0.3150   1.243900e+01   2.040000e-01      false       none         62         10          0         11      834      834          0          0          0
63       2.951164e+04   2.209510e+04   1.513621e+04    0.3150   1.264200e+01   2.030001e-01      false       none         62         10          0         11      848      848          0          0          0
64       3.052266e+04   2.209510e+04   1.513639e+04    0.3149   1.286100e+01   2.190001e-01      false       none         62         10          0         11      860      860          0          0          0
65       2.879806e+04   2.209510e+04   1.513745e+04    0.3149   1.306400e+01   2.029998e-01      false       none         62         10          0         11      872      872          0          0          0
66       3.131926e+04   2.209510e+04   1.513745e+04    0.3149   1.326700e+01   2.030001e-01      false       none         62         10          0         11      884      884          0          0          0
67       2.837294e+04   2.209510e+04   1.513745e+04    0.3149   1.347000e+01   2.030001e-01      false       none         62         10          0         11      895      895          0          0          0
68       2.766515e+04   2.209510e+04   1.513745e+04    0.3149   1.370400e+01   2.340000e-01      false       none         62         10          0         11      906      906          0          0          0
69       2.962096e+04   2.209510e+04   1.513745e+04    0.3149   1.390700e+01   2.030001e-01      false       none         62         10          0         11      918      918          0          0          0
70       3.248648e+04   2.209510e+04   1.513745e+04    0.3149   1.411000e+01   2.029998e-01      false       none         62         10          0         11      927      927          0          0          0
71       3.021126e+04   2.209510e+04   1.513830e+04    0.3149   1.431400e+01   2.040000e-01      false       none         62         10          0         11      938      938          0          0          0
72       3.005972e+04   2.209510e+04   1.513843e+04    0.3149   1.453200e+01   2.180002e-01      false       none         62         10          0         11      951      951          0          0          0
73       2.956313e+04   2.209510e+04   1.513964e+04    0.3148   1.473500e+01   2.029998e-01      false       none         62         10          0         11      962      962          0          0          0
74       2.704829e+04   2.209510e+04   1.513967e+04    0.3148   1.493900e+01   2.040000e-01      false       none         62         10          0         11      974      974          0          0          0
75       3.152845e+04   2.209510e+04   1.514041e+04    0.3148   1.514200e+01   2.030001e-01      false       none         62         10          0         11      986      986          0          0          0
76       2.700755e+04   2.209510e+04   1.514041e+04    0.3148   1.536000e+01   2.179999e-01      false       none         62         10          0         11      998      998          0          0          0
77       2.850440e+04   2.209510e+04   1.514041e+04    0.3148   1.557900e+01   2.190001e-01      false       none         62         10          0         11     1011     1011          0          0          0
78       2.700386e+04   2.209510e+04   1.514041e+04    0.3148   1.578200e+01   2.030001e-01      false       none         62         10          0         11     1022     1022          0          0          0
79       2.664835e+04   2.209510e+04   1.514065e+04    0.3148   1.600100e+01   2.189999e-01      false       none         62         10          0         11     1036     1036          0          0          0
80       3.062761e+04   2.209510e+04   1.514065e+04    0.3148   1.622000e+01   2.190001e-01      false       none         62         10          0         11     1048     1048          0          0          0
81       2.870088e+04   2.209510e+04   1.514177e+04    0.3147   1.642300e+01   2.029998e-01      false       none         62         10          0         11     1061     1061          0          0          0
82       3.001676e+04   2.209510e+04   1.514182e+04    0.3147   1.664200e+01   2.190001e-01      false       none         62         10          0         11     1071     1071          0          0          0
83       2.753530e+04   2.209510e+04   1.514182e+04    0.3147   1.686100e+01   2.190001e-01      false       none         62         10          0         11     1085     1085          0          0          0
84       2.707720e+04   2.209510e+04   1.514221e+04    0.3147   1.707900e+01   2.179999e-01      false       none         62         10          0         11     1098     1098          0          0          0
85       3.202375e+04   2.209510e+04   1.514239e+04    0.3147   1.728200e+01   2.030001e-01      false       none         62         10          0         11     1110     1110          0          0          0
86       2.962051e+04   2.209510e+04   1.514239e+04    0.3147   1.750100e+01   2.189999e-01      false       none         62         10          0         11     1122     1122          0          0          0
87       3.124090e+04   2.209510e+04   1.514239e+04    0.3147   1.776200e+01   2.610002e-01      false       none         62         10          0         11     1130     1130          0          0          0
88       2.783518e+04   2.209510e+04   1.514239e+04    0.3147   1.796600e+01   2.040000e-01      false       none         62         10          0         11     1142     1142          0          0          0
89       3.282398e+04   2.209510e+04   1.514239e+04    0.3147   1.818500e+01   2.189999e-01      false       none         62         10          0         11     1154     1154          0          0          0
90       2.827104e+04   2.209510e+04   1.514239e+04    0.3147   1.841900e+01   2.340000e-01      false       none         62         10          0         11     1164     1164          0          0          0
91       2.819110e+04   2.209510e+04   1.514239e+04    0.3147   1.862300e+01   2.040000e-01      false       none         62         10          0         11     1177     1177          0          0          0
92       3.299379e+04   2.209510e+04   1.514239e+04    0.3147   1.884100e+01   2.180002e-01      false       none         62         10          0         11     1188     1188          0          0          0
93       3.237486e+04   2.209510e+04   1.514343e+04    0.3146   1.906000e+01   2.189999e-01      false       none         62         10          0         11     1202     1202          0          0          0
94       2.902174e+04   2.209510e+04   1.514368e+04    0.3146   1.927900e+01   2.190001e-01      false       none         62         10          0         11     1215     1215          0          0          0
95       2.899308e+04   2.209510e+04   1.514368e+04    0.3146   1.949800e+01   2.189999e-01      false       none         62         10          0         11     1226     1226          0          0          0
96       3.022128e+04   2.209510e+04   1.514385e+04    0.3146   1.971600e+01   2.180002e-01      false       none         62         10          0         11     1240     1240          0          0          0
97       2.554811e+04   2.209510e+04   1.514398e+04    0.3146   1.992000e+01   2.040000e-01      false       none         62         10          0         11     1253     1253          0          0          0
98       3.324796e+04   2.209510e+04   1.514398e+04    0.3146   2.015400e+01   2.340000e-01      false       none         62         10          0         11     1263     1263          0          0          0
99       3.095842e+04   2.209510e+04   1.514590e+04    0.3145   2.037300e+01   2.189999e-01      false       none         62         10          0         11     1272     1272          0          0          0
100      3.138904e+04   2.209510e+04   1.514595e+04    0.3145   2.059200e+01   2.190001e-01      false       none         62         10          0         11     1282     1282          0          0          0
101      2.667774e+04   2.209510e+04   1.514665e+04    0.3145   2.079500e+01   2.030001e-01      false       none         62         10          0         11     1294     1294          0          0          0
102      2.963654e+04   2.209510e+04   1.515145e+04    0.3143   2.102900e+01   2.340000e-01      false       none         62         10          0         11     1306     1306          0          0          0
103      3.411324e+04   2.209510e+04   1.515395e+04    0.3141   2.124800e+01   2.189999e-01      false       none         62         10          0         11     1317     1317          0          0          0
104      2.921621e+04   2.209510e+04   1.515454e+04    0.3141   2.146700e+01   2.190001e-01      false       none         62         10          0         11     1330     1330          0          0          0
105      3.356140e+04   2.209510e+04   1.516221e+04    0.3138   2.168600e+01   2.189999e-01      false       none         62         10          0         11     1342     1342          0          0          0
106      2.818841e+04   2.209510e+04   1.516221e+04    0.3138   2.190400e+01   2.180002e-01      false       none         62         10          0         11     1352     1352          0          0          0
107      3.181346e+04   2.209510e+04   1.516221e+04    0.3138   2.212300e+01   2.189999e-01      false       none         62         10          0         11     1361     1361          0          0          0
108      2.926544e+04   2.209510e+04   1.516252e+04    0.3138   2.234200e+01   2.190001e-01      false       none         62         10          0         11     1373     1373          0          0          0
109      3.229573e+04   2.209510e+04   1.516298e+04    0.3137   2.257600e+01   2.340000e-01      false       none         62         10          0         11     1386     1386          0          0          0
110      2.867114e+04   2.209510e+04   1.516363e+04    0.3137   2.278000e+01   2.040000e-01      false       none         62         10          0         11     1398     1398          0          0          0
111      2.612158e+04   2.209510e+04   1.516379e+04    0.3137   2.299800e+01   2.179999e-01      false       none         62         10          0         11     1410     1410          0          0          0
112      3.119520e+04   2.209510e+04   1.516469e+04    0.3137   2.320100e+01   2.030001e-01      false       none         62         10          0         11     1419     1419          0          0          0
113      2.687543e+04   2.209510e+04   1.516529e+04    0.3136   2.343600e+01   2.349999e-01      false       none         62         10          0         11     1433     1433          0          0          0
114      3.138913e+04   2.209510e+04   1.516601e+04    0.3136   2.365500e+01   2.190001e-01      false       none         62         10          0         11     1442     1442          0          0          0
115      3.191006e+04   2.209510e+04   1.516624e+04    0.3136   2.387300e+01   2.179999e-01      false       none         62         10          0         11     1454     1454          0          0          0
116      2.925097e+04   2.209510e+04   1.516741e+04    0.3135   2.410800e+01   2.350001e-01      false       none         62         10          0         11     1466     1466          0          0          0
117      2.937680e+04   2.209510e+04   1.516741e+04    0.3135   2.432600e+01   2.179999e-01      false       none         62         10          0         11     1477     1477          0          0          0
118      3.118314e+04   2.209510e+04   1.516881e+04    0.3135   2.454500e+01   2.190001e-01      false       none         62         10          0         11     1490     1490          0          0          0
119      3.374994e+04   2.209510e+04   1.516923e+04    0.3135   2.476400e+01   2.189999e-01      false       none         62         10          0         11     1500     1500          0          0          0
120      3.348791e+04   2.209510e+04   1.516960e+04    0.3134   2.499800e+01   2.340000e-01      false       none         62         10          0         11     1509     1509          0          0          0
121      3.185901e+04   2.209510e+04   1.517107e+04    0.3134   2.521700e+01   2.190001e-01      false       none         62         10          0         11     1523     1523          0          0          0
122      2.986235e+04   2.209510e+04   1.517252e+04    0.3133   2.543600e+01   2.189999e-01      false       none         62         10          0         11     1533     1533          0          0          0
123      3.496575e+04   2.209510e+04   1.517393e+04    0.3132   2.565500e+01   2.190001e-01      false       none         62         10          0         11     1543     1543          0          0          0
124      3.022763e+04   2.209510e+04   1.517441e+04    0.3132   2.590500e+01   2.500000e-01      false       none         62         10          0         11     1555     1555          0          0          0
125      2.937092e+04   2.209510e+04   1.517712e+04    0.3131   2.612300e+01   2.179999e-01      false       none         62         10          0         11     1568     1568          0          0          0
126      2.687785e+04   2.209510e+04   1.517814e+04    0.3131   2.635800e+01   2.350001e-01      false       none         62         10          0         11     1581     1581          0          0          0
127      3.259324e+04   2.209510e+04   1.517824e+04    0.3130   2.657600e+01   2.179999e-01      false       none         62         10          0         11     1590     1590          0          0          0
128      3.163622e+04   2.209510e+04   1.518054e+04    0.3129   2.681100e+01   2.349999e-01      false       none         62         10          0         11     1601     1601          0          0          0
129      2.954730e+04   2.209510e+04   1.518067e+04    0.3129   2.703000e+01   2.190001e-01      false       none         62         10          0         11     1613     1613          0          0          0
130      3.046682e+04   2.209510e+04   1.518075e+04    0.3129   2.726400e+01   2.340000e-01      false       none         62         10          0         11     1622     1622          0          0          0
131      2.965248e+04   2.209510e+04   1.518075e+04    0.3129   2.751400e+01   2.500000e-01      false       none         62         10          0         11     1633     1633          0          0          0
132      2.681256e+04   2.209510e+04   1.518075e+04    0.3129   2.773300e+01   2.190001e-01      false       none         62         10          0         11     1644     1644          0          0          0
133      2.796698e+04   2.209510e+04   1.518075e+04    0.3129   2.795100e+01   2.179999e-01      false       none         62         10          0         11     1654     1654          0          0          0
134      2.681827e+04   2.209510e+04   1.518114e+04    0.3129   2.817000e+01   2.190001e-01      false       none         62         10          0         11     1664     1664          0          0          0
135      3.003553e+04   2.209510e+04   1.518138e+04    0.3129   2.842000e+01   2.500000e-01      false       none         62         10          0         11     1676     1676          0          0          0
136      2.866827e+04   2.209510e+04   1.518172e+04    0.3129   2.863900e+01   2.189999e-01      false       none         62         10          0         11     1685     1685          0          0          0
137      3.391508e+04   2.209510e+04   1.518211e+04    0.3129   2.885800e+01   2.190001e-01      false       none         62         10          0         11     1692     1692          0          0          0
138      2.817936e+04   2.209510e+04   1.518211e+04    0.3129   2.909200e+01   2.340000e-01      false       none         62         10          0         11     1699     1699          0          0          0
139      2.954321e+04   2.209510e+04   1.518211e+04    0.3129   2.934200e+01   2.500000e-01      false       none         62         10          0         11     1711     1711          0          0          0
140      2.611694e+04   2.209510e+04   1.518211e+04    0.3129   2.957600e+01   2.340000e-01      false       none         62         10          0         11     1721     1721          0          0          0
141      2.572542e+04   2.209510e+04   1.518211e+04    0.3129   2.979500e+01   2.190001e-01      false       none         62         10          0         11     1734     1734          0          0          0
142      3.336985e+04   2.209510e+04   1.518211e+04    0.3129   3.003000e+01   2.349999e-01      false       none         62         10          0         11     1739     1739          0          0          0
143      3.069013e+04   2.209510e+04   1.518279e+04    0.3128   3.026400e+01   2.340000e-01      false       none         62         10          0         11     1749     1749          0          0          0
144      2.984890e+04   2.209510e+04   1.518287e+04    0.3128   3.049800e+01   2.340000e-01      false       none         62         10          0         11     1762     1762          0          0          0
145      2.696337e+04   2.209510e+04   1.518287e+04    0.3128   3.073300e+01   2.350001e-01      false       none         62         10          0         11     1769     1769          0          0          0
146      2.975297e+04   2.209510e+04   1.518306e+04    0.3128   3.098300e+01   2.500000e-01      false       none         62         10          0         11     1782     1782          0          0          0
147      3.167477e+04   2.209510e+04   1.518338e+04    0.3128   3.120100e+01   2.179999e-01      false       none         62         10          0         11     1792     1792          0          0          0
148      2.845891e+04   2.209510e+04   1.518338e+04    0.3128   3.143600e+01   2.349999e-01      false       none         62         10          0         11     1804     1804          0          0          0
149      3.078874e+04   2.209510e+04   1.518338e+04    0.3128   3.167000e+01   2.340002e-01      false       none         62         10          0         11     1812     1812          0          0          0
150      2.713313e+04   2.209510e+04   1.518523e+04    0.3127   3.193600e+01   2.659998e-01      false       none         62         10          0         11     1825     1825          0          0          0
151      3.062424e+04   2.209510e+04   1.518531e+04    0.3127   3.215500e+01   2.190001e-01      false       none         62         10          0         11     1834     1834          0          0          0
152      3.274159e+04   2.209510e+04   1.518598e+04    0.3127   3.238900e+01   2.340000e-01      false       none         62         10          0         11     1844     1844          0          0          0
153      2.859098e+04   2.209510e+04   1.518598e+04    0.3127   3.262300e+01   2.340000e-01      false       none         62         10          0         11     1850     1850          0          0          0
154      3.030606e+04   2.209510e+04   1.518641e+04    0.3127   3.287300e+01   2.500000e-01      false       none         62         10          0         11     1858     1858          0          0          0
155      2.884221e+04   2.209510e+04   1.518664e+04    0.3127   3.310800e+01   2.350001e-01      false       none         62         10          0         11     1869     1869          0          0          0
156      2.920961e+04   2.209510e+04   1.518746e+04    0.3126   3.334200e+01   2.340000e-01      false       none         62         10          0         11     1879     1879          0          0          0
157      3.207240e+04   2.209510e+04   1.518770e+04    0.3126   3.357600e+01   2.340000e-01      false       none         62         10          0         11     1883     1883          0          0          0
158      2.829034e+04   2.209510e+04   1.518770e+04    0.3126   3.382600e+01   2.500000e-01      false       none         62         10          0         11     1891     1891          0          0          0
159      3.029219e+04   2.209510e+04   1.518770e+04    0.3126   3.404500e+01   2.190001e-01      false       none         62         10          0         11     1898     1898          0          0          0
160      2.781587e+04   2.209510e+04   1.518770e+04    0.3126   3.428000e+01   2.349999e-01      false       none         62         10          0         11     1909     1909          0          0          0
161      3.004557e+04   2.209510e+04   1.518770e+04    0.3126   3.454500e+01   2.650001e-01      false       none         62         10          0         11     1919     1919          0          0          0
162      3.005804e+04   2.209510e+04   1.518770e+04    0.3126   3.478000e+01   2.349999e-01      false       none         62         10          0         11     1925     1925          0          0          0
163      3.128989e+04   2.209510e+04   1.518770e+04    0.3126   3.501400e+01   2.340000e-01      false       none         62         10          0         11     1933     1933          0          0          0
164      3.155174e+04   2.209510e+04   1.518770e+04    0.3126   3.524800e+01   2.340000e-01      false       none         62         10          0         11     1942     1942          0          0          0
165      2.976364e+04   2.209510e+04   1.518770e+04    0.3126   3.549800e+01   2.500000e-01      false       none         62         10          0         11     1954     1954          0          0          0
166      2.846980e+04   2.209510e+04   1.518770e+04    0.3126   3.573300e+01   2.350001e-01      false       none         62         10          0         11     1963     1963          0          0          0
167      2.981772e+04   2.209510e+04   1.518770e+04    0.3126   3.596700e+01   2.340000e-01      false       none         62         10          0         11     1971     1971          0          0          0
168      2.845907e+04   2.209510e+04   1.518770e+04    0.3126   3.621700e+01   2.500000e-01      false       none         62         10          0         11     1981     1981          0          0          0
169      3.053375e+04   2.209510e+04   1.518817e+04    0.3126   3.646700e+01   2.500000e-01      false       none         62         10          0         11     1990     1990          0          0          0
170      2.474112e+04   2.209510e+04   1.518936e+04    0.3125   3.671700e+01   2.500000e-01      false       none         62         10          0         11     2003     2003          0          0          0
171      2.798673e+04   2.209510e+04   1.518944e+04    0.3125   3.695100e+01   2.340000e-01      false       none         62         10          0         11     2013     2013          0          0          0
172      2.734533e+04   2.209510e+04   1.518954e+04    0.3125   3.718600e+01   2.349999e-01      false       none         62         10          0         11     2024     2024          0          0          0
173      3.316635e+04   2.209510e+04   1.518965e+04    0.3125   3.745100e+01   2.650001e-01      false       none         62         10          0         11     2034     2034          0          0          0
174      3.147105e+04   2.209510e+04   1.518965e+04    0.3125   3.768600e+01   2.349999e-01      false       none         62         10          0         11     2041     2041          0          0          0
175      3.372062e+04   2.209510e+04   1.518965e+04    0.3125   3.793600e+01   2.500000e-01      false       none         62         10          0         11     2048     2048          0          0          0
176      2.790280e+04   2.209510e+04   1.518965e+04    0.3125   3.818600e+01   2.500000e-01      false       none         62         10          0         11     2056     2056          0          0          0
177      2.874455e+04   2.209510e+04   1.518965e+04    0.3125   3.843600e+01   2.500000e-01      false       none         62         10          0         11     2066     2066          0          0          0
178      2.891478e+04   2.209510e+04   1.518965e+04    0.3125   3.868600e+01   2.500000e-01      false       none         62         10          0         11     2076     2076          0          0          0
179      2.468166e+04   2.209510e+04   1.518965e+04    0.3125   3.892000e+01   2.340002e-01      false       none         62         10          0         11     2088     2088          0          0          0
180      3.236844e+04   2.209510e+04   1.518965e+04    0.3125   3.918600e+01   2.659998e-01      false       none         62         10          0         11     2097     2097          0          0          0
181      2.999089e+04   2.209510e+04   1.518965e+04    0.3125   3.942000e+01   2.340002e-01      false       none         62         10          0         11     2105     2105          0          0          0
182      2.749836e+04   2.209510e+04   1.518965e+04    0.3125   3.965500e+01   2.349999e-01      false       none         62         10          0         11     2114     2114          0          0          0
183      2.707074e+04   2.209510e+04   1.518965e+04    0.3125   3.990500e+01   2.500000e-01      false       none         62         10          0         11     2123     2123          0          0          0
184      3.350474e+04   2.209510e+04   1.518965e+04    0.3125   4.015500e+01   2.500000e-01      false       none         62         10          0         11     2128     2128          0          0          0
185      2.744121e+04   2.209510e+04   1.518965e+04    0.3125   4.040500e+01   2.500000e-01      false       none         62         10          0         11     2138     2138          0          0          0
186      2.811155e+04   2.209510e+04   1.518965e+04    0.3125   4.065500e+01   2.500000e-01      false       none         62         10          0         11     2147     2147          0          0          0
187      2.613206e+04   2.209510e+04   1.518965e+04    0.3125   4.088900e+01   2.340000e-01      false       none         62         10          0         11     2158     2158          0          0          0
188      2.656663e+04   2.209510e+04   1.518965e+04    0.3125   4.115500e+01   2.660000e-01      false       none         62         10          0         11     2171     2171          0          0          0
189      2.756184e+04   2.209510e+04   1.518965e+04    0.3125   4.140500e+01   2.500000e-01      false       none         62         10          0         11     2176     2176          0          0          0
190      3.336167e+04   2.209510e+04   1.518965e+04    0.3125   4.163900e+01   2.340000e-01      false       none         62         10          0         11     2177     2177          0          0          0
191      3.398027e+04   2.209510e+04   1.518965e+04    0.3125   4.190500e+01   2.660000e-01      false       none         62         10          0         11     2185     2185          0          0          0
192      2.877097e+04   2.209510e+04   1.518965e+04    0.3125   4.215500e+01   2.500000e-01      false       none         62         10          0         11     2194     2194          0          0          0
193      2.526933e+04   2.209510e+04   1.518965e+04    0.3125   4.240500e+01   2.500000e-01      false       none         62         10          0         11     2204     2204          0          0          0

Terminating DynamicSDDiP with status: bound_stalling
------------------------------------------------------------------------------
 ────────────────────────────────────────────────────────────────────────────────
                                        Time                    Allocations      
                               ───────────────────────   ────────────────────────
       Tot / % measured:            42.4s /  99.9%           5.64GiB /  99.9%    

 Section               ncalls     time    %tot     avg     alloc    %tot      avg
 ────────────────────────────────────────────────────────────────────────────────
 loop                       1    42.4s  100.0%   42.4s   5.64GiB  100.0%  5.64GiB
   iterations             193    41.8s   98.7%   217ms   5.64GiB  100.0%  29.9MiB
     backward_pass        193    29.9s   70.6%   155ms   5.59GiB   99.1%  29.7MiB
       solve_BP         57.9k    29.4s   69.5%   508μs   5.51GiB   97.6%   100KiB
         solve_dual     57.9k    27.9s   65.9%   483μs   5.28GiB   93.6%  95.6KiB
           LP_relax...  57.9k    27.7s   65.4%   479μs   5.19GiB   92.0%  93.9KiB
             solver...  57.9k    6.60s   15.6%   114μs   38.2MiB    0.7%     692B
         space_change    116k   16.0ms    0.0%   138ns     0.00B    0.0%    0.00B
       update_bellman   2.90k   72.7ms    0.2%  25.1μs   14.2MiB    0.2%  5.02KiB
         cut_selection  2.20k   1.48ms    0.0%   671ns    184KiB    0.0%    85.5B
     forward_pass         193    11.1s   26.2%  57.6ms   43.1MiB    0.7%   229KiB
       solve_subpro...  3.09k    11.0s   26.0%  3.56ms   34.8MiB    0.6%  11.5KiB
         solver_cal...  3.09k    10.7s   25.3%  3.47ms   6.69MiB    0.1%  2.22KiB
     calculate_bound      193    786ms    1.9%  4.07ms   3.98MiB    0.1%  21.1KiB
       solver_call_...    193    763ms    1.8%  3.95ms    298KiB    0.0%  1.55KiB
 ────────────────────────────────────────────────────────────────────────────────

||||||||||||||||||||||||||||||||||||||||||||||||||||||||||||||||||||||||||||||||||||||||||||||||||||||||||||||||||||||||||||||||||||||||
LAGRANGIAN DUAL SOLUTION RESULTS
mn_opt: 0 times (NaN%)
conv: 0 times (NaN%)
unbounded: 0 times (NaN%)
bound_issues: 0 times (NaN%)
subgr_stalling: 0 times (NaN%)
opt: 0 times (NaN%)
feas_issues: 0 times (NaN%)
sub: 0 times (NaN%)
mn_iter: 0 times (NaN%)
iter: 0 times (NaN%)
mn_issue: 0 times (NaN%)

||||||||||||||||||||||||||||||||||||||||||||||||||||||||||||||||||||||||||||||||||||||||||||||||||||||||||||||||||||||||||||||||||||||||
SIMULATION RESULTS
DynamicSDDiP.Simulation(DynamicSDDiP.InSampleMonteCarlo(), 1000)
Lower bound: 15189.651763609409
Statistical upper bound (confidence interval): 29555.926777969915 ± 144.5487711153358
Pessimistic upper bound: 29700.47554908525
