

#########################################################################################################################################
#########################################################################################################################################
#########################################################################################################################################
#########################################################################################################################################
#########################################################################################################################################
DynamicSDDiP.jl (c) Christian Füllner, 2021
re-uses code from SDDP.jl (c) Oscar Dowson, 2017-21
||||||||||||||||||||||||||||||||||||||||||||||||||||||||||||||||||||||||||||||||||||||||||||||||||||||||||||||||||||||||||||||||||||||||
PATH
calling 
C:\Users\cg4102\.julia\packages\DynamicSDDiP\jRtdG\src
nothing
DATETIME
2024-11-14T18:07:10.033
||||||||||||||||||||||||||||||||||||||||||||||||||||||||||||||||||||||||||||||||||||||||||||||||||||||||||||||||||||||||||||||||||||||||
STOPPING RULES
SDDP.TimeLimit(10800.0)
SDDP.BoundStalling(20, 0.0001)
||||||||||||||||||||||||||||||||||||||||||||||||||||||||||||||||||||||||||||||||||||||||||||||||||||||||||||||||||||||||||||||||||||||||
REGULARIZATION
DynamicSDDiP.NoRegularization()
||||||||||||||||||||||||||||||||||||||||||||||||||||||||||||||||||||||||||||||||||||||||||||||||||||||||||||||||||||||||||||||||||||||||
CUT GENERATION REGIMES
DynamicSDDiP.CutGenerationRegime(DynamicSDDiP.NoStateApproximation(), DynamicSDDiP.UnifiedLagrangianDuality(0.0001, 0.0001, 1000, DynamicSDDiP.ZeroDuals(), DynamicSDDiP.BothBounds(), DynamicSDDiP.LevelBundle(0.5, true, false), DynamicSDDiP.StandardChoice(), DynamicSDDiP.Lax(), DynamicSDDiP.L∞_Deep(), DynamicSDDiP.NoDualSpaceRestriction(), DynamicSDDiP.ConvexHullCopy(), nothing, nothing), 1, Inf, Inf, 0.0, true, 0.0001)

||||||||||||||||||||||||||||||||||||||||||||||||||||||||||||||||||||||||||||||||||||||||||||||||||||||||||||||||||||||||||||||||||||||||
CUT AGGREGATION
DynamicSDDiP.MultiCutRegime()
||||||||||||||||||||||||||||||||||||||||||||||||||||||||||||||||||||||||||||||||||||||||||||||||||||||||||||||||||||||||||||||||||||||||
CUT SELECTION
DynamicSDDiP.NoCutSelection()
||||||||||||||||||||||||||||||||||||||||||||||||||||||||||||||||||||||||||||||||||||||||||||||||||||||||||||||||||||||||||||||||||||||||
LATE BINARIZATION
DynamicSDDiP.NoLateBinarization()
||||||||||||||||||||||||||||||||||||||||||||||||||||||||||||||||||||||||||||||||||||||||||||||||||||||||||||||||||||||||||||||||||||||||
APPLIED SOLVERS (LP, MILP, MIQCP, MINLP, NLP, Lagrange)
DynamicSDDiP.AppliedSolvers(true, "Gurobi", "Gurobi", "Gurobi", "Gurobi", "Gurobi", "Gurobi", "Gurobi", "Gurobi", "Gurobi", 0.0001, 300)
DynamicSDDiP.Direct_Solver()
Numerical focus: false
Silent: true
||||||||||||||||||||||||||||||||||||||||||||||||||||||||||||||||||||||||||||||||||||||||||||||||||||||||||||||||||||||||||||||||||||||||
SAMPLING
Used seed for sampling scenarios: 
11111     
||||||||||||||||||||||||||||||||||||||||||||||||||||||||||||||||||||||||||||||||||||||||||||||||||||||||||||||||||||||||||||||||||||||||
RUN DESCRIPTION

||||||||||||||||||||||||||||||||||||||||||||||||||||||||||||||||||||||||||||||||||||||||||||||||||||||||||||||||||||||||||||||||||||||||
PROBLEM DESCRIPTION
Number of stages: 16
Number of realizations per stage: 20
Seed for scenario tree sampling: 12345
Solver: serial mode

────────────────────────────────────────────────────────────────────────────────────────────────────────────────────────────────────────────────────────────────────────────────────────────────────────
It.#               UB        Best UB             LB       Gap           Time        It_Time           Refinements                            #Var.   #Constr.             #Cuts       Lagrangian Dual                                               
                                                          [%]            [s]            [s]          σ       Bin.      Total      {0,1}          ℤ      Total    Total   Active      # It.    # C-It.  # C-Real.  
────────────────────────────────────────────────────────────────────────────────────────────────────────────────────────────────────────────────────────────────────────────────────────────────────────
1        3.022289e+04   3.022289e+04   8.480990e+03    0.7194   1.525000e+01   1.525000e+01      false       none         82         10          0         11      300      300       3634       3634        300
2        3.745126e+04   3.022289e+04   9.350741e+03    0.6906   3.945300e+01   2.420300e+01      false       none         82         10          0         11      600      600       4841       4841        300
3        3.599606e+04   3.022289e+04   1.104292e+04    0.6346   7.345300e+01   3.400000e+01      false       none         82         10          0         11      900      900       5496       5496        300
4        3.567110e+04   3.022289e+04   1.321884e+04    0.5626   1.265940e+02   5.314100e+01      false       none         82         10          0         11     1200     1200       6991       6991        300
5        3.251928e+04   3.022289e+04   1.696953e+04    0.4385   2.076410e+02   8.104700e+01      false       none         82         10          0         11     1500     1500       8795       8795        300
6        2.871475e+04   2.871475e+04   2.024585e+04    0.2949   3.180940e+02   1.104530e+02      false       none         82         10          0         11     1800     1800      10026      10026        300
7        2.976629e+04   2.871475e+04   2.033288e+04    0.2919   4.780000e+02   1.599060e+02      false       none         82         10          0         11     2100     2100      12301      12301        300
8        3.137711e+04   2.871475e+04   2.048942e+04    0.2864   6.764240e+02   1.984240e+02      false       none         82         10          0         11     2399     2399      12620      12620        300
9        2.699016e+04   2.699016e+04   2.060148e+04    0.2367   8.952210e+02   2.187970e+02      false       none         82         10          0         11     2699     2699      12790      12790        300
10       3.185496e+04   2.699016e+04   2.089646e+04    0.2258   1.113432e+03   2.182110e+02      false       none         82         10          0         11     2999     2999      12448      12448        300
11       2.893618e+04   2.699016e+04   2.111182e+04    0.2178   1.350948e+03   2.375160e+02      false       none         82         10          0         11     3299     3299      12788      12788        300
12       2.975820e+04   2.699016e+04   2.132279e+04    0.2100   1.617074e+03   2.661260e+02      false       none         82         10          0         11     3599     3599      11945      11945        300
13       3.067279e+04   2.699016e+04   2.143846e+04    0.2057   1.926685e+03   3.096110e+02      false       none         82         10          0         11     3894     3894      13518      13518        300
14       3.038138e+04   2.699016e+04   2.178110e+04    0.1930   2.263733e+03   3.370480e+02      false       none         82         10          0         11     4193     4193      13719      13719        300
15       2.787688e+04   2.699016e+04   2.189064e+04    0.1889   2.597140e+03   3.334070e+02      false       none         82         10          0         11     4492     4492      13038      13038        300
16       3.054649e+04   2.699016e+04   2.203670e+04    0.1835   2.927516e+03   3.303760e+02      false       none         82         10          0         11     4789     4789      12600      12600        300
17       3.198243e+04   2.699016e+04   2.216323e+04    0.1788   3.303659e+03   3.761430e+02      false       none         82         10          0         11     5088     5088      12873      12873        300
18       2.965127e+04   2.699016e+04   2.224230e+04    0.1759   3.775004e+03   4.713450e+02      false       none         82         10          0         11     5388     5388      14116      14116        300
19       2.939023e+04   2.699016e+04   2.233033e+04    0.1726   4.262646e+03   4.876420e+02      false       none         82         10          0         11     5686     5686      13960      13960        300
20       2.817529e+04   2.699016e+04   2.259717e+04    0.1628   4.774439e+03   5.117930e+02      false       none         82         10          0         11     5986     5986      13722      13722        300
21       3.141185e+04   2.699016e+04   2.263608e+04    0.1613   5.274112e+03   4.996730e+02      false       none         82         10          0         11     6282     6282      13851      13851        300
22       3.171804e+04   2.699016e+04   2.278046e+04    0.1560   5.838589e+03   5.644770e+02      false       none         82         10          0         11     6577     6577      14435      14435        300
23       2.459052e+04   2.459052e+04   2.293501e+04    0.0673   6.380684e+03   5.420950e+02      false       none         82         10          0         11     6874     6874      14324      14324        300
24       2.756606e+04   2.459052e+04   2.303097e+04    0.0634   6.926467e+03   5.457830e+02      false       none         82         10          0         11     7174     7174      13625      13625        300
25       2.894791e+04   2.459052e+04   2.314518e+04    0.0588   7.545610e+03   6.191430e+02      false       none         82         10          0         11     7472     7472      14320      14320        300
26       3.112528e+04   2.459052e+04   2.319367e+04    0.0568   8.142565e+03   5.969550e+02      false       none         82         10          0         11     7767     7767      13105      13105        300
27       3.204024e+04   2.459052e+04   2.329999e+04    0.0525   8.813350e+03   6.707850e+02      false       none         82         10          0         11     8066     8066      14333      14333        300
28       3.619356e+04   2.459052e+04   2.336426e+04    0.0499   9.421650e+03   6.083000e+02      false       none         82         10          0         11     8355     8355      13813      13813        300
29       3.092930e+04   2.459052e+04   2.343785e+04    0.0469   1.017526e+04   7.536090e+02      false       none         82         10          0         11     8648     8648      14527      14527        300
30       3.128816e+04   2.459052e+04   2.360979e+04    0.0399   1.100718e+04   8.319240e+02      false       none         82         10          0         11     8940     8940      14732      14732        300

Terminating DynamicSDDiP with status: time_limit
------------------------------------------------------------------------------
 ────────────────────────────────────────────────────────────────────────────────
                                        Time                    Allocations      
                               ───────────────────────   ────────────────────────
       Tot / % measured:            3.06h / 100.0%           31.2GiB / 100.0%    

 Section               ncalls     time    %tot     avg     alloc    %tot      avg
 ────────────────────────────────────────────────────────────────────────────────
 loop                       1    3.06h  100.0%   3.06h   31.2GiB  100.0%  31.2GiB
   iterations              30    3.06h  100.0%    367s   31.2GiB  100.0%  1.04GiB
     backward_pass         30    3.06h  100.0%    367s   31.2GiB  100.0%  1.04GiB
       solve_BP         9.00k    3.06h  100.0%   1.22s   31.1GiB   99.8%  3.54MiB
         solve_dual     9.00k    3.06h  100.0%   1.22s   31.1GiB   99.7%  3.54MiB
           solve_la...  9.00k    3.03h   99.2%   1.21s   31.1GiB   99.5%  3.53MiB
             inner_sol   363k    2.86h   93.5%  28.3ms   8.78GiB   28.1%  25.3KiB
               solv...   363k    2.84h   93.0%  28.2ms   1.27GiB    4.1%  3.66KiB
             bundle...   363k     400s    3.6%  1.10ms    727MiB    2.3%  2.05KiB
             outer_sol   363k     118s    1.1%   326μs   1.07GiB    3.4%  3.08KiB
             add_cut     363k    18.7s    0.2%  51.4μs   3.72GiB   11.9%  10.7KiB
             init_a...  9.00k    3.16s    0.0%   351μs   1.07GiB    3.4%   125KiB
             relax_...  9.00k    609ms    0.0%  67.7μs    104MiB    0.3%  11.8KiB
             restor...  9.00k    396ms    0.0%  44.0μs   52.9MiB    0.2%  6.02KiB
             conver...  9.00k   39.1ms    0.0%  4.34μs   1.79MiB    0.0%     208B
             minima...  9.00k   4.09ms    0.0%   454ns     0.00B    0.0%    0.00B
           solve_pr...  9.00k    82.5s    0.7%  9.17ms   15.2MiB    0.0%  1.73KiB
           dual_ini...  9.00k   13.7ms    0.0%  1.52μs   1.37MiB    0.0%     160B
         space_change   18.0k   5.17ms    0.0%   287ns     0.00B    0.0%    0.00B
       update_bellman     450    124ms    0.0%   276μs   45.3MiB    0.1%   103KiB
         cut_selection  8.94k   3.09ms    0.0%   345ns    598KiB    0.0%    68.5B
     forward_pass          30    4.22s    0.0%   141ms   12.1MiB    0.0%   411KiB
       solve_subpro...    480    4.21s    0.0%  8.76ms   10.8MiB    0.0%  23.0KiB
         solver_cal...    480    4.13s    0.0%  8.60ms   2.81MiB    0.0%  6.00KiB
     calculate_bound       30    339ms    0.0%  11.3ms    655KiB    0.0%  21.8KiB
       solver_call_...     30    335ms    0.0%  11.2ms   50.8KiB    0.0%  1.69KiB
 ────────────────────────────────────────────────────────────────────────────────

||||||||||||||||||||||||||||||||||||||||||||||||||||||||||||||||||||||||||||||||||||||||||||||||||||||||||||||||||||||||||||||||||||||||
LAGRANGIAN DUAL SOLUTION RESULTS
mn_opt: 0 times (0.0%)
conv: 0 times (0.0%)
unbounded: 0 times (0.0%)
bound_issues: 0 times (0.0%)
subgr_stalling: 0 times (0.0%)
opt: 9000 times (100.0%)
feas_issues: 0 times (0.0%)
sub: 0 times (0.0%)
mn_iter: 0 times (0.0%)
iter: 0 times (0.0%)
mn_issue: 0 times (0.0%)

||||||||||||||||||||||||||||||||||||||||||||||||||||||||||||||||||||||||||||||||||||||||||||||||||||||||||||||||||||||||||||||||||||||||
SIMULATION RESULTS
DynamicSDDiP.Simulation(DynamicSDDiP.InSampleMonteCarlo(), 1000)
Lower bound: 23609.786518294157
Statistical upper bound (confidence interval): 30206.26462983186 ± 126.78739193469055
Pessimistic upper bound: 30333.05202176655
