

#########################################################################################################################################
#########################################################################################################################################
#########################################################################################################################################
#########################################################################################################################################
#########################################################################################################################################
DynamicSDDiP.jl (c) Christian Füllner, 2021
re-uses code from SDDP.jl (c) Oscar Dowson, 2017-21
||||||||||||||||||||||||||||||||||||||||||||||||||||||||||||||||||||||||||||||||||||||||||||||||||||||||||||||||||||||||||||||||||||||||
PATH
calling 
C:\Users\cg4102\.julia\packages\DynamicSDDiP\5cxZB\src
nothing
DATETIME
2024-11-06T00:53:52.726
||||||||||||||||||||||||||||||||||||||||||||||||||||||||||||||||||||||||||||||||||||||||||||||||||||||||||||||||||||||||||||||||||||||||
STOPPING RULES
SDDP.TimeLimit(10800.0)
SDDP.BoundStalling(20, 0.0001)
||||||||||||||||||||||||||||||||||||||||||||||||||||||||||||||||||||||||||||||||||||||||||||||||||||||||||||||||||||||||||||||||||||||||
REGULARIZATION
DynamicSDDiP.NoRegularization()
||||||||||||||||||||||||||||||||||||||||||||||||||||||||||||||||||||||||||||||||||||||||||||||||||||||||||||||||||||||||||||||||||||||||
CUT GENERATION REGIMES
DynamicSDDiP.CutGenerationRegime(DynamicSDDiP.NoStateApproximation(), DynamicSDDiP.UnifiedLagrangianDuality(0.0001, 0.0001, 1000, DynamicSDDiP.ZeroDuals(), DynamicSDDiP.BothBounds(), DynamicSDDiP.LevelBundle(0.5, true, false), DynamicSDDiP.StandardChoice(), DynamicSDDiP.Lax(), DynamicSDDiP.Core_Midpoint(DynamicSDDiP.ConvexHullCopy(), DynamicSDDiP.NoIntegerRelax(), DynamicSDDiP.Unbounded_Opt_SB(true), DynamicSDDiP.NoImprovement(), false), DynamicSDDiP.NoDualSpaceRestriction(), DynamicSDDiP.ConvexHullCopy(), nothing, nothing), 1, Inf, Inf, 0.0, true, 0.0001)

||||||||||||||||||||||||||||||||||||||||||||||||||||||||||||||||||||||||||||||||||||||||||||||||||||||||||||||||||||||||||||||||||||||||
CUT AGGREGATION
DynamicSDDiP.MultiCutRegime()
||||||||||||||||||||||||||||||||||||||||||||||||||||||||||||||||||||||||||||||||||||||||||||||||||||||||||||||||||||||||||||||||||||||||
CUT SELECTION
DynamicSDDiP.NoCutSelection()
||||||||||||||||||||||||||||||||||||||||||||||||||||||||||||||||||||||||||||||||||||||||||||||||||||||||||||||||||||||||||||||||||||||||
LATE BINARIZATION
DynamicSDDiP.NoLateBinarization()
||||||||||||||||||||||||||||||||||||||||||||||||||||||||||||||||||||||||||||||||||||||||||||||||||||||||||||||||||||||||||||||||||||||||
APPLIED SOLVERS (LP, MILP, MIQCP, MINLP, NLP, Lagrange)
DynamicSDDiP.AppliedSolvers(true, "Gurobi", "Gurobi", "Gurobi", "Gurobi", "Gurobi", "Gurobi", "Gurobi", "Gurobi", "Gurobi", 0.0001, 300)
DynamicSDDiP.Direct_Solver()
Numerical focus: false
Silent: true
||||||||||||||||||||||||||||||||||||||||||||||||||||||||||||||||||||||||||||||||||||||||||||||||||||||||||||||||||||||||||||||||||||||||
SAMPLING
Used seed for sampling scenarios: 
11111     
||||||||||||||||||||||||||||||||||||||||||||||||||||||||||||||||||||||||||||||||||||||||||||||||||||||||||||||||||||||||||||||||||||||||
RUN DESCRIPTION

||||||||||||||||||||||||||||||||||||||||||||||||||||||||||||||||||||||||||||||||||||||||||||||||||||||||||||||||||||||||||||||||||||||||
PROBLEM DESCRIPTION
Number of stages: 16
Number of realizations per stage: 20
Seed for scenario tree sampling: 12345
Solver: serial mode

────────────────────────────────────────────────────────────────────────────────────────────────────────────────────────────────────────────────────────────────────────────────────────────────────────
It.#               UB        Best UB             LB       Gap           Time        It_Time           Refinements                            #Var.   #Constr.             #Cuts       Lagrangian Dual                                               
                                                          [%]            [s]            [s]          σ       Bin.      Total      {0,1}          ℤ      Total    Total   Active      # It.    # C-It.  # C-Real.  
────────────────────────────────────────────────────────────────────────────────────────────────────────────────────────────────────────────────────────────────────────────────────────────────────────
1        3.022289e+04   3.022289e+04   1.012731e+03    0.9665   7.356300e+01   7.356300e+01      false       none         82         10          0         11      300      300      12163      12163        300
2        3.744736e+04   3.022289e+04   1.808654e+03    0.9402   2.484380e+02   1.748750e+02      false       none         82         10          0         11      600      600      19037      19037        300
3        3.499323e+04   3.022289e+04   2.726486e+03    0.9098   4.097990e+02   1.613610e+02      false       none         82         10          0         11      899      899      17318      17318        300
4        3.709038e+04   3.022289e+04   3.144475e+03    0.8960   6.603470e+02   2.505480e+02      false       none         82         10          0         11     1181     1181      22836      22836        300
5        3.240222e+04   3.022289e+04   3.627669e+03    0.8800   9.623800e+02   3.020330e+02      false       none         82         10          0         11     1478     1478      24773      24773        300
6        2.896679e+04   2.896679e+04   4.558210e+03    0.8426   1.256621e+03   2.942410e+02      false       none         82         10          0         11     1776     1776      23765      23765        300
7        3.127517e+04   2.896679e+04   5.342664e+03    0.8156   1.608372e+03   3.517510e+02      false       none         82         10          0         11     2071     2071      24893      24893        300
8        3.280967e+04   2.896679e+04   5.919275e+03    0.7957   1.983280e+03   3.749080e+02      false       none         82         10          0         11     2368     2368      24957      24957        300
9        2.677282e+04   2.677282e+04   8.302916e+03    0.6899   2.383110e+03   3.998300e+02      false       none         82         10          0         11     2661     2661      25440      25440        300
10       3.167244e+04   2.677282e+04   8.361106e+03    0.6877   2.849533e+03   4.664230e+02      false       none         82         10          0         11     2950     2950      27548      27548        300
11       2.991327e+04   2.677282e+04   1.035697e+04    0.6132   3.367348e+03   5.178150e+02      false       none         82         10          0         11     3244     3244      28368      28368        300
12       3.168912e+04   2.677282e+04   1.102833e+04    0.5881   3.906531e+03   5.391830e+02      false       none         82         10          0         11     3540     3540      28086      28086        300
13       3.233987e+04   2.677282e+04   1.203596e+04    0.5504   4.547179e+03   6.406480e+02      false       none         82         10          0         11     3833     3833      29800      29800        300
14       3.128270e+04   2.677282e+04   1.276048e+04    0.5234   5.233697e+03   6.865180e+02      false       none         82         10          0         11     4124     4124      30174      30174        300
15       2.927965e+04   2.677282e+04   1.326183e+04    0.5047   5.957214e+03   7.235170e+02      false       none         82         10          0         11     4419     4419      30558      30558        300
16       3.081691e+04   2.677282e+04   1.449614e+04    0.4586   6.755966e+03   7.987520e+02      false       none         82         10          0         11     4713     4713      31724      31724        300
17       3.225817e+04   2.677282e+04   1.754442e+04    0.3447   7.589489e+03   8.335230e+02      false       none         82         10          0         11     5003     5003      32361      32361        300
18       2.934412e+04   2.677282e+04   2.034718e+04    0.2400   8.505209e+03   9.157200e+02      false       none         82         10          0         11     5294     5294      32601      32601        300
19       3.012227e+04   2.677282e+04   2.167646e+04    0.1904   9.434132e+03   9.289230e+02      false       none         82         10          0         11     5586     5586      32792      32792        300
20       2.777602e+04   2.677282e+04   2.205490e+04    0.1762   1.040338e+04   9.692530e+02      false       none         82         10          0         11     5878     5878      32746      32746        300
21       3.233782e+04   2.677282e+04   2.233643e+04    0.1657   1.140409e+04   1.000708e+03      false       none         82         10          0         11     6165     6165      33685      33685        300

Terminating DynamicSDDiP with status: time_limit
------------------------------------------------------------------------------
 ────────────────────────────────────────────────────────────────────────────────
                                        Time                    Allocations      
                               ───────────────────────   ────────────────────────
       Tot / % measured:            3.17h / 100.0%           50.0GiB / 100.0%    

 Section               ncalls     time    %tot     avg     alloc    %tot      avg
 ────────────────────────────────────────────────────────────────────────────────
 loop                       1    3.17h  100.0%   3.17h   50.0GiB  100.0%  50.0GiB
   iterations              21    3.17h  100.0%    543s   50.0GiB  100.0%  2.38GiB
     backward_pass         21    3.17h  100.0%    543s   49.9GiB  100.0%  2.38GiB
       solve_BP         6.30k    3.17h  100.0%   1.81s   49.9GiB   99.9%  8.11MiB
         solve_dual     6.30k    3.17h  100.0%   1.81s   49.9GiB   99.8%  8.11MiB
           solve_la...  6.30k    3.11h   98.1%   1.78s   46.0GiB   92.2%  7.48MiB
             inner_sol   566k    1.97h   62.2%  12.5ms   12.8GiB   25.6%  23.7KiB
               solv...   566k    1.95h   61.5%  12.4ms   1.19GiB    2.4%  2.20KiB
             bundle...   566k    1.02h   32.2%  6.49ms   2.20GiB    4.4%  4.08KiB
             outer_sol   566k     289s    2.5%   511μs   1.35GiB    2.7%  2.50KiB
             add_cut     566k    24.2s    0.2%  42.8μs   5.83GiB   11.7%  10.8KiB
             init_a...  6.30k    1.94s    0.0%   308μs    796MiB    1.6%   129KiB
             restor...  6.30k    277ms    0.0%  43.9μs   37.0MiB    0.1%  6.02KiB
             relax_...  6.30k    261ms    0.0%  41.5μs   79.1MiB    0.2%  12.9KiB
             conver...  6.30k   25.3ms    0.0%  4.01μs   1.25MiB    0.0%     208B
             minima...  6.30k   3.19ms    0.0%   506ns     0.00B    0.0%    0.00B
           solve_pr...  18.9k     189s    1.7%  10.0ms   45.4MiB    0.1%  2.46KiB
           solve_core   6.30k    10.4s    0.1%  1.65ms   10.2MiB    0.0%  1.65KiB
           dual_ini...  6.30k   7.32ms    0.0%  1.16μs   0.96MiB    0.0%     160B
         space_change   12.6k   3.73ms    0.0%   296ns     0.00B    0.0%    0.00B
       update_bellman     315   79.8ms    0.0%   253μs   35.1MiB    0.1%   114KiB
         cut_selection  6.17k   2.17ms    0.0%   352ns    503KiB    0.0%    83.6B
     forward_pass          21    2.25s    0.0%   107ms   8.29MiB    0.0%   404KiB
       solve_subpro...    336    2.24s    0.0%  6.66ms   7.39MiB    0.0%  22.5KiB
         solver_cal...    336    2.20s    0.0%  6.55ms   2.58MiB    0.0%  7.87KiB
     calculate_bound       21    143ms    0.0%  6.82ms    459KiB    0.0%  21.9KiB
       solver_call_...     21    141ms    0.0%  6.69ms   35.8KiB    0.0%  1.71KiB
 ────────────────────────────────────────────────────────────────────────────────

||||||||||||||||||||||||||||||||||||||||||||||||||||||||||||||||||||||||||||||||||||||||||||||||||||||||||||||||||||||||||||||||||||||||
LAGRANGIAN DUAL SOLUTION RESULTS
mn_opt: 0 times (0.0%)
conv: 0 times (0.0%)
unbounded: 0 times (0.0%)
bound_issues: 0 times (0.0%)
subgr_stalling: 0 times (0.0%)
opt: 6300 times (100.0%)
feas_issues: 0 times (0.0%)
sub: 0 times (0.0%)
mn_iter: 0 times (0.0%)
iter: 0 times (0.0%)
mn_issue: 0 times (0.0%)

||||||||||||||||||||||||||||||||||||||||||||||||||||||||||||||||||||||||||||||||||||||||||||||||||||||||||||||||||||||||||||||||||||||||
SIMULATION RESULTS
DynamicSDDiP.Simulation(DynamicSDDiP.InSampleMonteCarlo(), 1000)
Lower bound: 22336.42858347014
Statistical upper bound (confidence interval): 29904.882727486136 ± 136.3812917516921
Pessimistic upper bound: 30041.264019237828
