

#########################################################################################################################################
#########################################################################################################################################
#########################################################################################################################################
#########################################################################################################################################
#########################################################################################################################################
DynamicSDDiP.jl (c) Christian Füllner, 2021
re-uses code from SDDP.jl (c) Oscar Dowson, 2017-21
||||||||||||||||||||||||||||||||||||||||||||||||||||||||||||||||||||||||||||||||||||||||||||||||||||||||||||||||||||||||||||||||||||||||
PATH
calling 
C:\Users\cg4102\.julia\packages\DynamicSDDiP\lmwtn\src
nothing
DATETIME
2025-09-19T17:53:40.901
||||||||||||||||||||||||||||||||||||||||||||||||||||||||||||||||||||||||||||||||||||||||||||||||||||||||||||||||||||||||||||||||||||||||
STOPPING RULES
SDDP.TimeLimit(14400.0)
SDDP.BoundStalling(20, 0.0001)
||||||||||||||||||||||||||||||||||||||||||||||||||||||||||||||||||||||||||||||||||||||||||||||||||||||||||||||||||||||||||||||||||||||||
REGULARIZATION
DynamicSDDiP.NoRegularization()
||||||||||||||||||||||||||||||||||||||||||||||||||||||||||||||||||||||||||||||||||||||||||||||||||||||||||||||||||||||||||||||||||||||||
CUT GENERATION REGIMES
DynamicSDDiP.CutGenerationRegime(DynamicSDDiP.NoStateApproximation(), DynamicSDDiP.UnifiedLagrangianDuality(0.01, 0.01, 100, DynamicSDDiP.ZeroDuals(), DynamicSDDiP.BothBounds(), DynamicSDDiP.LevelBundle(0.5, true, false), DynamicSDDiP.StandardChoice(), DynamicSDDiP.Lax(), DynamicSDDiP.Core_Conv(0.75, DynamicSDDiP.StateSpaceCopy(), DynamicSDDiP.NoIntegerRelax(), DynamicSDDiP.Unbounded_Opt_SB(true), DynamicSDDiP.NoImprovement(), true), DynamicSDDiP.NoDualSpaceRestriction(), DynamicSDDiP.StateSpaceCopy(), nothing, nothing), 21, Inf, Inf, 0.0, true, 0.0001)

DynamicSDDiP.CutGenerationRegime(DynamicSDDiP.NoStateApproximation(), DynamicSDDiP.StrengthenedDuality(), 1, Inf, Inf, 0.0, true, 0.0001)

||||||||||||||||||||||||||||||||||||||||||||||||||||||||||||||||||||||||||||||||||||||||||||||||||||||||||||||||||||||||||||||||||||||||
CUT AGGREGATION
DynamicSDDiP.MultiCutRegime()
||||||||||||||||||||||||||||||||||||||||||||||||||||||||||||||||||||||||||||||||||||||||||||||||||||||||||||||||||||||||||||||||||||||||
CUT SELECTION
DynamicSDDiP.NoCutSelection()
||||||||||||||||||||||||||||||||||||||||||||||||||||||||||||||||||||||||||||||||||||||||||||||||||||||||||||||||||||||||||||||||||||||||
LATE BINARIZATION
DynamicSDDiP.NoLateBinarization()
||||||||||||||||||||||||||||||||||||||||||||||||||||||||||||||||||||||||||||||||||||||||||||||||||||||||||||||||||||||||||||||||||||||||
APPLIED SOLVERS (LP, MILP, MIQCP, MINLP, NLP, Lagrange)
DynamicSDDiP.AppliedSolvers(true, "Gurobi", "Gurobi", "Gurobi", "Gurobi", "Gurobi", "Gurobi", "Gurobi", "Gurobi", "Gurobi", 0.0001, 300)
DynamicSDDiP.Direct_Solver()
Numerical focus: false
Silent: true
||||||||||||||||||||||||||||||||||||||||||||||||||||||||||||||||||||||||||||||||||||||||||||||||||||||||||||||||||||||||||||||||||||||||
SAMPLING
Used seed for sampling scenarios: 
11111     
||||||||||||||||||||||||||||||||||||||||||||||||||||||||||||||||||||||||||||||||||||||||||||||||||||||||||||||||||||||||||||||||||||||||
RUN DESCRIPTION

||||||||||||||||||||||||||||||||||||||||||||||||||||||||||||||||||||||||||||||||||||||||||||||||||||||||||||||||||||||||||||||||||||||||
PROBLEM DESCRIPTION
Number of stages: 100
Number of realizations per stage: 20
Seed for scenario tree sampling: 12345
Solver: serial mode

────────────────────────────────────────────────────────────────────────────────────────────────────────────────────────────────────────────────────────────────────────────────────────────────────────
It.#               UB        Best UB             LB       Gap           Time        It_Time           Refinements                            #Var.   #Constr.             #Cuts       Lagrangian Dual                                               
                                                          [%]            [s]            [s]          σ       Bin.      Total      {0,1}          ℤ      Total    Total   Active      # It.    # C-It.  # C-Real.  
────────────────────────────────────────────────────────────────────────────────────────────────────────────────────────────────────────────────────────────────────────────────────────────────────────
1        7.872916e+04   7.872916e+04   5.554210e+04    0.2945   9.698300e+01   9.698300e+01      false       none        902         48        800         48     1980     1980          0          0          0
2        7.796655e+04   7.796655e+04   5.567001e+04    0.2860   2.304730e+02   1.334900e+02      false       none        902         48        800         48     3960     3960          0          0          0
3        7.873529e+04   7.796655e+04   5.590046e+04    0.2830   3.769610e+02   1.464880e+02      false       none        902         48        800         48     5940     5940          0          0          0
4        7.800547e+04   7.796655e+04   5.602344e+04    0.2814   5.087850e+02   1.318240e+02      false       none        902         48        800         48     7920     7920          0          0          0
5        7.915720e+04   7.796655e+04   5.612614e+04    0.2801   6.503110e+02   1.415260e+02      false       none        902         48        800         48     9900     9900          0          0          0
6        7.651889e+04   7.651889e+04   5.629155e+04    0.2643   8.066610e+02   1.563500e+02      false       none        902         48        800         48    11877    11877          0          0          0
7        7.712939e+04   7.651889e+04   5.642247e+04    0.2626   9.727760e+02   1.661150e+02      false       none        902         48        800         48    13857    13857          0          0          0
8        7.850068e+04   7.651889e+04   5.649387e+04    0.2617   1.142983e+03   1.702070e+02      false       none        902         48        800         48    15836    15836          0          0          0
9        7.949172e+04   7.651889e+04   5.669276e+04    0.2591   1.329533e+03   1.865500e+02      false       none        902         48        800         48    17816    17816          0          0          0
10       7.859975e+04   7.651889e+04   5.681089e+04    0.2576   1.508468e+03   1.789350e+02      false       none        902         48        800         48    19796    19796          0          0          0
11       7.892271e+04   7.651889e+04   5.688754e+04    0.2566   1.698499e+03   1.900310e+02      false       none        902         48        800         48    21776    21776          0          0          0
12       7.964451e+04   7.651889e+04   5.698234e+04    0.2553   1.897653e+03   1.991540e+02      false       none        902         48        800         48    23755    23755          0          0          0
13       7.838926e+04   7.651889e+04   5.711016e+04    0.2536   2.093989e+03   1.963360e+02      false       none        902         48        800         48    25734    25734          0          0          0
14       7.819831e+04   7.651889e+04   5.719182e+04    0.2526   2.298750e+03   2.047610e+02      false       none        902         48        800         48    27710    27710          0          0          0
15       7.900830e+04   7.651889e+04   5.739876e+04    0.2499   2.503236e+03   2.044860e+02      false       none        902         48        800         48    29688    29688          0          0          0
16       7.878035e+04   7.651889e+04   5.757721e+04    0.2475   2.715882e+03   2.126460e+02      false       none        902         48        800         48    31666    31666          0          0          0
17       7.870037e+04   7.651889e+04   5.769298e+04    0.2460   2.932210e+03   2.163280e+02      false       none        902         48        800         48    33644    33644          0          0          0
18       7.579645e+04   7.579645e+04   5.779315e+04    0.2375   3.153283e+03   2.210730e+02      false       none        902         48        800         48    35623    35623          0          0          0
19       7.833603e+04   7.579645e+04   5.791895e+04    0.2359   3.374566e+03   2.212830e+02      false       none        902         48        800         48    37602    37602          0          0          0
20       7.834505e+04   7.579645e+04   5.799448e+04    0.2349   3.589484e+03   2.149180e+02      false       none        902         48        800         48    39580    39580          0          0          0
21       8.059036e+04   7.579645e+04   6.657558e+04    0.1217   5.061832e+03   1.472348e+03      false       none        902         48        800         48    43540    43540      22267      22267       1980
22       7.595716e+04   7.579645e+04   7.225102e+04    0.0468   7.213563e+03   2.151731e+03      false       none        902         48        800         48    47464    47464      27601      27542       1976
23       7.616244e+04   7.579645e+04   7.471301e+04    0.0143   1.022823e+04   3.014666e+03      false       none        902         48        800         48    51324    51324      35532      35461       1974
24       7.557426e+04   7.557426e+04   7.516105e+04    0.0055   1.390789e+04   3.679665e+03      false       none        902         48        800         48    55168    55168      43672      43388       1955
25       7.463107e+04   7.463107e+04   7.516233e+04    0.0071   1.819932e+04   4.291426e+03      false       none        902         48        800         48    55762    55762      51497      50986       1940

Terminating DynamicSDDiP with status: time_limit
------------------------------------------------------------------------------
────────────────────────────────────────────────────────────────────────────────
                                       Time                    Allocations      
                              ───────────────────────   ────────────────────────
      Tot / % measured:            5.06h / 100.0%            208GiB /  99.8%    

Section               ncalls     time    %tot     avg     alloc    %tot      avg
────────────────────────────────────────────────────────────────────────────────
loop                       1    5.06h  100.0%   5.06h    208GiB  100.0%   208GiB
  iterations              25    5.06h  100.0%    728s    208GiB  100.0%  8.30GiB
    backward_pass         25    5.02h   99.3%    723s    207GiB   99.9%  8.29GiB
      solve_BP         59.4k    5.02h   99.3%   304ms    207GiB   99.7%  3.57MiB
        solve_dual     59.4k    5.02h   99.2%   304ms    207GiB   99.5%  3.56MiB
          solve_la...  9.89k    3.54h   70.0%   1.29s   96.6GiB   46.5%  10.0MiB
            inner_sol   181k    3.45h   68.3%  68.9ms   78.2GiB   37.7%   454KiB
              solv...   181k    3.39h   67.1%  67.6ms   2.10GiB    1.0%  12.2KiB
            bundle...   181k     190s    1.0%  1.05ms    375MiB    0.2%  2.13KiB
            outer_sol   181k    59.6s    0.3%   330μs   0.98GiB    0.5%  5.70KiB
            add_cut     181k    8.12s    0.0%  45.0μs   2.23GiB    1.1%  13.0KiB
            init_a...  9.89k    3.19s    0.0%   323μs   1.33GiB    0.6%   141KiB
            restor...  9.89k    841ms    0.0%  85.1μs   96.6MiB    0.0%  10.0KiB
            relax_...  9.89k    826ms    0.0%  83.5μs    229MiB    0.1%  23.7KiB
            conver...  9.89k   30.4ms    0.0%  3.07μs   1.98MiB    0.0%     210B
            minima...  9.82k   6.01ms    0.0%   612ns     0.00B    0.0%    0.00B
          solve_pr...  79.2k    2483s   13.6%  31.3ms    499MiB    0.2%  6.46KiB
          solver_c...  49.5k    1804s    9.9%  36.4ms    322MiB    0.2%  6.65KiB
          solve_core   9.90k     462s    2.5%  46.7ms   77.6MiB    0.0%  8.02KiB
          LP_relax...  49.5k     424s    2.3%  8.57ms   64.7GiB   31.2%  1.34MiB
            solver...  49.5k    97.1s    0.5%  1.96ms    255MiB    0.1%  5.27KiB
          dual_ini...  9.90k   18.6ms    0.0%  1.88μs   1.96MiB    0.0%     208B
        space_change    119k   33.1ms    0.0%   279ns     0.00B    0.0%    0.00B
      update_bellman   2.97k    10.7s    0.1%  3.59ms    456MiB    0.2%   157KiB
        cut_selection  55.8k   47.8ms    0.0%   858ns   3.76MiB    0.0%    70.6B
    forward_pass          25     123s    0.7%   4.93s    193MiB    0.1%  7.70MiB
      solve_subpro...  2.50k     123s    0.7%  49.2ms    186MiB    0.1%  76.2KiB
        solver_cal...  2.50k     123s    0.7%  49.0ms    131MiB    0.1%  53.8KiB
    calculate_bound       25    212ms    0.0%  8.49ms   5.14MiB    0.0%   210KiB
      solver_call_...     25    187ms    0.0%  7.47ms   50.3KiB    0.0%  2.01KiB
────────────────────────────────────────────────────────────────────────────────

||||||||||||||||||||||||||||||||||||||||||||||||||||||||||||||||||||||||||||||||||||||||||||||||||||||||||||||||||||||||||||||||||||||||
LAGRANGIAN DUAL SOLUTION RESULTS
mn_opt: 0 times (0.0%)
conv: 0 times (0.0%)
unbounded: 9 times (0.1%)
bound_issues: 65 times (0.7%)
subgr_stalling: 0 times (0.0%)
opt: 9825 times (99.2%)
feas_issues: 1 times (0.0%)
sub: 0 times (0.0%)
mn_iter: 0 times (0.0%)
iter: 0 times (0.0%)
mn_issue: 0 times (0.0%)
