
#########################################################################################################################################
#########################################################################################################################################
#########################################################################################################################################
#########################################################################################################################################
#########################################################################################################################################
DynamicSDDiP.jl (c) Christian Füllner, 2021
re-uses code from SDDP.jl (c) Oscar Dowson, 2017-21
||||||||||||||||||||||||||||||||||||||||||||||||||||||||||||||||||||||||||||||||||||||||||||||||||||||||||||||||||||||||||||||||||||||||
PATH
calling 
C:\Users\cg4102\.julia\packages\DynamicSDDiP\lmwtn\src
nothing
DATETIME
2025-09-25T06:10:46.07
||||||||||||||||||||||||||||||||||||||||||||||||||||||||||||||||||||||||||||||||||||||||||||||||||||||||||||||||||||||||||||||||||||||||
STOPPING RULES
SDDP.TimeLimit(14400.0)
SDDP.BoundStalling(20, 0.0001)
||||||||||||||||||||||||||||||||||||||||||||||||||||||||||||||||||||||||||||||||||||||||||||||||||||||||||||||||||||||||||||||||||||||||
REGULARIZATION
DynamicSDDiP.NoRegularization()
||||||||||||||||||||||||||||||||||||||||||||||||||||||||||||||||||||||||||||||||||||||||||||||||||||||||||||||||||||||||||||||||||||||||
CUT GENERATION REGIMES
DynamicSDDiP.CutGenerationRegime(DynamicSDDiP.NoStateApproximation(), DynamicSDDiP.UnifiedLagrangianDuality(0.01, 0.01, 100, DynamicSDDiP.ZeroDuals(), DynamicSDDiP.BothBounds(), DynamicSDDiP.LevelBundle(0.5, true, false), DynamicSDDiP.StandardChoice(), DynamicSDDiP.Lax(), DynamicSDDiP.Core_Relint(DynamicSDDiP.StateSpaceCopy(), DynamicSDDiP.IntegerRelax(), DynamicSDDiP.Unbounded_Opt_SB(true), DynamicSDDiP.PrimalObj(), true), DynamicSDDiP.NoDualSpaceRestriction(), DynamicSDDiP.StateSpaceCopy(), nothing, nothing), 21, Inf, Inf, 0.0, true, 0.0001)

DynamicSDDiP.CutGenerationRegime(DynamicSDDiP.NoStateApproximation(), DynamicSDDiP.StrengthenedDuality(), 1, Inf, Inf, 0.0, true, 0.0001)

||||||||||||||||||||||||||||||||||||||||||||||||||||||||||||||||||||||||||||||||||||||||||||||||||||||||||||||||||||||||||||||||||||||||
CUT AGGREGATION
DynamicSDDiP.MultiCutRegime()
||||||||||||||||||||||||||||||||||||||||||||||||||||||||||||||||||||||||||||||||||||||||||||||||||||||||||||||||||||||||||||||||||||||||
CUT SELECTION
DynamicSDDiP.NoCutSelection()
||||||||||||||||||||||||||||||||||||||||||||||||||||||||||||||||||||||||||||||||||||||||||||||||||||||||||||||||||||||||||||||||||||||||
LATE BINARIZATION
DynamicSDDiP.NoLateBinarization()
||||||||||||||||||||||||||||||||||||||||||||||||||||||||||||||||||||||||||||||||||||||||||||||||||||||||||||||||||||||||||||||||||||||||
APPLIED SOLVERS (LP, MILP, MIQCP, MINLP, NLP, Lagrange)
DynamicSDDiP.AppliedSolvers(true, "Gurobi", "Gurobi", "Gurobi", "Gurobi", "Gurobi", "Gurobi", "Gurobi", "Gurobi", "Gurobi", 0.0001, 300)
DynamicSDDiP.Direct_Solver()
Numerical focus: false
Silent: true
||||||||||||||||||||||||||||||||||||||||||||||||||||||||||||||||||||||||||||||||||||||||||||||||||||||||||||||||||||||||||||||||||||||||
SAMPLING
Used seed for sampling scenarios: 
11111     
||||||||||||||||||||||||||||||||||||||||||||||||||||||||||||||||||||||||||||||||||||||||||||||||||||||||||||||||||||||||||||||||||||||||
RUN DESCRIPTION

||||||||||||||||||||||||||||||||||||||||||||||||||||||||||||||||||||||||||||||||||||||||||||||||||||||||||||||||||||||||||||||||||||||||
PROBLEM DESCRIPTION
Number of stages: 100
Number of realizations per stage: 20
Seed for scenario tree sampling: 12345
Solver: serial mode

────────────────────────────────────────────────────────────────────────────────────────────────────────────────────────────────────────────────────────────────────────────────────────────────────────
It.#               UB        Best UB             LB       Gap           Time        It_Time           Refinements                            #Var.   #Constr.             #Cuts       Lagrangian Dual                                               
                                                          [%]            [s]            [s]          σ       Bin.      Total      {0,1}          ℤ      Total    Total   Active      # It.    # C-It.  # C-Real.  
────────────────────────────────────────────────────────────────────────────────────────────────────────────────────────────────────────────────────────────────────────────────────────────────────────
1        7.872916e+04   7.872916e+04   5.554210e+04    0.2945   8.225400e+01   8.225400e+01      false       none        902         48        800         48     1980     1980          0          0          0
2        7.796655e+04   7.796655e+04   5.567001e+04    0.2860   1.960940e+02   1.138400e+02      false       none        902         48        800         48     3960     3960          0          0          0
3        7.873529e+04   7.796655e+04   5.590046e+04    0.2830   3.238150e+02   1.277210e+02      false       none        902         48        800         48     5940     5940          0          0          0
4        7.800547e+04   7.796655e+04   5.602344e+04    0.2814   4.440330e+02   1.202180e+02      false       none        902         48        800         48     7920     7920          0          0          0
5        7.915720e+04   7.796655e+04   5.612614e+04    0.2801   5.747350e+02   1.307020e+02      false       none        902         48        800         48     9900     9900          0          0          0
6        7.651889e+04   7.651889e+04   5.629155e+04    0.2643   8.242860e+02   2.495510e+02      false       none        902         48        800         48    11877    11877          0          0          0
7        7.712939e+04   7.651889e+04   5.642247e+04    0.2626   1.078329e+03   2.540430e+02      false       none        902         48        800         48    13857    13857          0          0          0
8        7.850068e+04   7.651889e+04   5.649387e+04    0.2617   1.334975e+03   2.566460e+02      false       none        902         48        800         48    15836    15836          0          0          0
9        7.949172e+04   7.651889e+04   5.669276e+04    0.2591   1.615700e+03   2.807250e+02      false       none        902         48        800         48    17816    17816          0          0          0
10       7.859975e+04   7.651889e+04   5.681089e+04    0.2576   1.886922e+03   2.712220e+02      false       none        902         48        800         48    19796    19796          0          0          0
11       7.892271e+04   7.651889e+04   5.688754e+04    0.2566   2.170655e+03   2.837330e+02      false       none        902         48        800         48    21776    21776          0          0          0
12       7.964451e+04   7.651889e+04   5.698234e+04    0.2553   2.464546e+03   2.938910e+02      false       none        902         48        800         48    23755    23755          0          0          0
13       7.838926e+04   7.651889e+04   5.711016e+04    0.2536   2.749726e+03   2.851800e+02      false       none        902         48        800         48    25734    25734          0          0          0
14       7.819831e+04   7.651889e+04   5.719182e+04    0.2526   3.049743e+03   3.000170e+02      false       none        902         48        800         48    27710    27710          0          0          0
15       7.900830e+04   7.651889e+04   5.739876e+04    0.2499   3.352632e+03   3.028890e+02      false       none        902         48        800         48    29688    29688          0          0          0
16       7.878035e+04   7.651889e+04   5.757721e+04    0.2475   3.667080e+03   3.144480e+02      false       none        902         48        800         48    31666    31666          0          0          0
17       7.870037e+04   7.651889e+04   5.769298e+04    0.2460   3.983990e+03   3.169100e+02      false       none        902         48        800         48    33644    33644          0          0          0
18       7.579645e+04   7.579645e+04   5.779315e+04    0.2375   4.307771e+03   3.237810e+02      false       none        902         48        800         48    35623    35623          0          0          0
19       7.833603e+04   7.579645e+04   5.791895e+04    0.2359   4.633172e+03   3.254010e+02      false       none        902         48        800         48    37602    37602          0          0          0
20       7.834505e+04   7.579645e+04   5.799448e+04    0.2349   4.950565e+03   3.173930e+02      false       none        902         48        800         48    39580    39580          0          0          0
21       8.059036e+04   7.579645e+04   7.206224e+04    0.0493   7.771348e+03   2.820783e+03      false       none        902         48        800         48    43540    43540      21753      21737       1826
22       7.473747e+04   7.473747e+04   7.209282e+04    0.0354   8.928350e+03   1.157002e+03      false       none        902         48        800         48    47410    47410       2143       2143        113
23       7.638854e+04   7.473747e+04   7.211361e+04    0.0351   1.008314e+04   1.154790e+03      false       none        902         48        800         48    51265    51265       2105       2105        106
24       7.632766e+04   7.473747e+04   7.213586e+04    0.0348   1.121855e+04   1.135408e+03      false       none        902         48        800         48    55059    55059       1781       1781         85
25       7.510673e+04   7.473747e+04   7.215177e+04    0.0346   1.235058e+04   1.132030e+03      false       none        902         48        800         48    58793    58793       1641       1641         82
26       7.485832e+04   7.473747e+04   7.215794e+04    0.0345   1.351270e+04   1.162118e+03      false       none        902         48        800         48    62587    62587       1579       1579         79
27       7.604420e+04   7.473747e+04   7.216219e+04    0.0345   1.468781e+04   1.175114e+03      false       none        902         48        800         48    66347    66347       1688       1644         80

Terminating DynamicSDDiP with status: time_limit
------------------------------------------------------------------------------
────────────────────────────────────────────────────────────────────────────────
                                       Time                    Allocations      
                              ───────────────────────   ────────────────────────
      Tot / % measured:            4.08h / 100.0%            370GiB /  99.9%    

Section               ncalls     time    %tot     avg     alloc    %tot      avg
────────────────────────────────────────────────────────────────────────────────
loop                       1    4.08h  100.0%   4.08h    370GiB  100.0%   370GiB
  iterations              27    4.08h  100.0%    544s    370GiB  100.0%  13.7GiB		
    backward_pass         27    4.03h   98.7%    537s    370GiB   99.9%  13.7GiB
      solve_BP         67.3k    4.02h   98.6%   215ms    369GiB   99.8%  5.61MiB
        solve_dual     67.3k    4.02h   98.6%   215ms    369GiB   99.7%  5.61MiB
          solve_pr...   107k    1.60h   39.2%  54.0ms   1.03GiB    0.3%  10.1KiB
          solver_c...  64.9k    1.11h   27.2%  61.5ms    614MiB    0.2%  9.68KiB
          solve_la...  2.38k    1.00h   24.6%   1.52s   18.0GiB    4.9%  7.75MiB
            inner_sol  32.7k    3538s   24.1%   108ms   14.4GiB    3.9%   461KiB
              solv...  32.7k    3496s   23.8%   107ms    619MiB    0.2%  19.4KiB
            bundle...  32.7k    46.7s    0.3%  1.43ms   72.2MiB    0.0%  2.26KiB
            outer_sol  32.7k    13.3s    0.1%   408μs    225MiB    0.1%  7.06KiB
            add_cut    32.7k    1.61s    0.0%  49.2μs    465MiB    0.1%  14.6KiB
            init_a...  2.38k    798ms    0.0%   336μs    326MiB    0.1%   141KiB
            relax_...  2.38k    220ms    0.0%  92.7μs   98.1MiB    0.0%  42.3KiB
            restor...  2.38k    209ms    0.0%  87.8μs   20.9MiB    0.0%  9.00KiB
            conver...  2.38k   9.46ms    0.0%  3.98μs    483KiB    0.0%     208B
            minima...  2.37k   1.27ms    0.0%   536ns     0.00B    0.0%    0.00B
          LP_relax...  64.9k     575s    3.9%  8.85ms   84.9GiB   23.0%  1.34MiB
            solver...  64.9k     144s    1.0%  2.21ms    341MiB    0.1%  5.37KiB
          solve_core   13.9k    27.0s    0.2%  1.95ms   50.3MiB    0.0%  3.71KiB
          dual_ini...  13.9k   17.4ms    0.0%  1.25μs   2.75MiB    0.0%     208B
        space_change    135k   42.5ms    0.0%   316ns     0.00B    0.0%    0.00B
      update_bellman   3.37k    6.29s    0.0%  1.87ms    353MiB    0.1%   107KiB
        cut_selection  66.3k   46.2ms    0.0%   697ns   5.74MiB    0.0%    90.8B
    forward_pass          27     196s    1.3%   7.26s    203MiB    0.1%  7.52MiB
      solve_subpro...  2.70k     196s    1.3%  72.6ms    196MiB    0.1%  74.4KiB
        solver_cal...  2.70k     196s    1.3%  72.4ms    138MiB    0.0%  52.3KiB
    calculate_bound       27    274ms    0.0%  10.1ms   5.55MiB    0.0%   210KiB
      solver_call_...     27    247ms    0.0%  9.15ms   57.1KiB    0.0%  2.11KiB
────────────────────────────────────────────────────────────────────────────────

||||||||||||||||||||||||||||||||||||||||||||||||||||||||||||||||||||||||||||||||||||||||||||||||||||||||||||||||||||||||||||||||||||||||
LAGRANGIAN DUAL SOLUTION RESULTS
mn_opt: 0 times (0.0%)
conv: 0 times (0.0%)
unbounded: 11485 times (82.9%)
bound_issues: 4 times (0.0%)
subgr_stalling: 0 times (0.0%)
opt: 2371 times (17.1%)
feas_issues: 0 times (0.0%)
sub: 0 times (0.0%)
mn_iter: 0 times (0.0%)
iter: 0 times (0.0%)
mn_issue: 0 times (0.0%)

||||||||||||||||||||||||||||||||||||||||||||||||||||||||||||||||||||||||||||||||||||||||||||||||||||||||||||||||||||||||||||||||||||||||
SIMULATION RESULTS
DynamicSDDiP.Simulation(DynamicSDDiP.InSampleMonteCarlo(), 1000)
Lower bound: 72162.19177854752
Statistical upper bound (confidence interval): 76283.8784765805 ± 70.73283290796553
Pessimistic upper bound: 76354.61130948846
