

#########################################################################################################################################
#########################################################################################################################################
#########################################################################################################################################
#########################################################################################################################################
#########################################################################################################################################
DynamicSDDiP.jl (c) Christian Füllner, 2021
re-uses code from SDDP.jl (c) Oscar Dowson, 2017-21
||||||||||||||||||||||||||||||||||||||||||||||||||||||||||||||||||||||||||||||||||||||||||||||||||||||||||||||||||||||||||||||||||||||||
PATH
calling 
C:\Users\cg4102\.julia\packages\DynamicSDDiP\OjAtg\src
nothing
DATETIME
2024-09-25T13:52:00.911
||||||||||||||||||||||||||||||||||||||||||||||||||||||||||||||||||||||||||||||||||||||||||||||||||||||||||||||||||||||||||||||||||||||||
STOPPING RULES
SDDP.TimeLimit(14400.0)
SDDP.BoundStalling(20, 0.0001)
||||||||||||||||||||||||||||||||||||||||||||||||||||||||||||||||||||||||||||||||||||||||||||||||||||||||||||||||||||||||||||||||||||||||
REGULARIZATION
DynamicSDDiP.NoRegularization()
||||||||||||||||||||||||||||||||||||||||||||||||||||||||||||||||||||||||||||||||||||||||||||||||||||||||||||||||||||||||||||||||||||||||
CUT GENERATION REGIMES
DynamicSDDiP.CutGenerationRegime(DynamicSDDiP.NoStateApproximation(), DynamicSDDiP.StrengthenedDuality(), 1, Inf, Inf, 0.0, true, 0.0001)

DynamicSDDiP.CutGenerationRegime(DynamicSDDiP.NoStateApproximation(), DynamicSDDiP.LagrangianDuality(0.01, 0.01, 100, DynamicSDDiP.ZeroDuals(), DynamicSDDiP.BothBounds(), DynamicSDDiP.LevelBundle(0.5, true, false), DynamicSDDiP.StandardChoice(), DynamicSDDiP.Lax(), DynamicSDDiP.StateSpaceCopy(), false), 21, Inf, Inf, 0.0, true, 0.0001)

||||||||||||||||||||||||||||||||||||||||||||||||||||||||||||||||||||||||||||||||||||||||||||||||||||||||||||||||||||||||||||||||||||||||
CUT AGGREGATION
DynamicSDDiP.SingleCutRegime()
||||||||||||||||||||||||||||||||||||||||||||||||||||||||||||||||||||||||||||||||||||||||||||||||||||||||||||||||||||||||||||||||||||||||
CUT SELECTION
DynamicSDDiP.NoCutSelection()
||||||||||||||||||||||||||||||||||||||||||||||||||||||||||||||||||||||||||||||||||||||||||||||||||||||||||||||||||||||||||||||||||||||||
LATE BINARIZATION
DynamicSDDiP.NoLateBinarization()
||||||||||||||||||||||||||||||||||||||||||||||||||||||||||||||||||||||||||||||||||||||||||||||||||||||||||||||||||||||||||||||||||||||||
APPLIED SOLVERS (LP, MILP, MIQCP, MINLP, NLP, Lagrange)
DynamicSDDiP.AppliedSolvers(true, "Gurobi", "Gurobi", "Gurobi", "Gurobi", "Gurobi", "Gurobi", "Gurobi", "Gurobi", "Gurobi", 0.0001, 300)
DynamicSDDiP.Direct_Solver()
Numerical focus: false
Silent: true
||||||||||||||||||||||||||||||||||||||||||||||||||||||||||||||||||||||||||||||||||||||||||||||||||||||||||||||||||||||||||||||||||||||||
SAMPLING
Used seed for sampling scenarios: 
11111     
||||||||||||||||||||||||||||||||||||||||||||||||||||||||||||||||||||||||||||||||||||||||||||||||||||||||||||||||||||||||||||||||||||||||
RUN DESCRIPTION

||||||||||||||||||||||||||||||||||||||||||||||||||||||||||||||||||||||||||||||||||||||||||||||||||||||||||||||||||||||||||||||||||||||||
PROBLEM DESCRIPTION
Number of stages: 100
Number of realizations per stage: 20
Seed for scenario tree sampling: 12345
Solver: serial mode

────────────────────────────────────────────────────────────────────────────────────────────────────────────────────────────────────────────────────────────────────────────────────────────────────────
It.#               UB        Best UB             LB       Gap           Time        It_Time           Refinements                            #Var.   #Constr.             #Cuts       Lagrangian Dual                                               
                                                          [%]            [s]            [s]          σ       Bin.      Total      {0,1}          ℤ      Total    Total   Active      # It.    # C-It.  # C-Real.  
────────────────────────────────────────────────────────────────────────────────────────────────────────────────────────────────────────────────────────────────────────────────────────────────────────
1        7.872916e+04   7.872916e+04   5.554753e+04    0.2944   5.553500e+01   5.553500e+01      false       none        882         48        800         48       99       99          0          0          0
2        7.796655e+04   7.796655e+04   5.564153e+04    0.2863   1.270360e+02   7.150100e+01      false       none        882         48        800         48      198      198          0          0          0
3        7.880870e+04   7.796655e+04   5.579089e+04    0.2844   2.102230e+02   8.318700e+01      false       none        882         48        800         48      297      297          0          0          0
4        7.850541e+04   7.796655e+04   5.587161e+04    0.2834   2.928800e+02   8.265700e+01      false       none        882         48        800         48      396      396          0          0          0
5        8.085036e+04   7.796655e+04   5.593737e+04    0.2825   3.803800e+02   8.750000e+01      false       none        882         48        800         48      495      495          0          0          0
6        7.747362e+04   7.747362e+04   5.602849e+04    0.2768   4.707240e+02   9.034400e+01      false       none        882         48        800         48      594      594          0          0          0
7        7.539182e+04   7.539182e+04   5.610091e+04    0.2559   5.672090e+02   9.648500e+01      false       none        882         48        800         48      693      693          0          0          0
8        7.918568e+04   7.539182e+04   5.610698e+04    0.2558   6.720060e+02   1.047970e+02      false       none        882         48        800         48      792      792          0          0          0
9        8.157449e+04   7.539182e+04   5.622887e+04    0.2542   7.761620e+02   1.041560e+02      false       none        882         48        800         48      891      891          0          0          0
10       7.848355e+04   7.539182e+04   5.626722e+04    0.2537   8.827720e+02   1.066100e+02      false       none        882         48        800         48      990      990          0          0          0
11       7.856995e+04   7.539182e+04   5.634339e+04    0.2527   9.893190e+02   1.065470e+02      false       none        882         48        800         48     1089     1089          0          0          0
12       8.048215e+04   7.539182e+04   5.640162e+04    0.2519   1.103256e+03   1.139370e+02      false       none        882         48        800         48     1188     1188          0          0          0
13       7.859412e+04   7.539182e+04   5.641203e+04    0.2517   1.214944e+03   1.116880e+02      false       none        882         48        800         48     1287     1287          0          0          0
14       7.921495e+04   7.539182e+04   5.645541e+04    0.2512   1.330022e+03   1.150780e+02      false       none        882         48        800         48     1386     1386          0          0          0
15       7.997886e+04   7.539182e+04   5.652207e+04    0.2503   1.443632e+03   1.136100e+02      false       none        882         48        800         48     1485     1485          0          0          0
16       7.930348e+04   7.539182e+04   5.652736e+04    0.2502   1.562585e+03   1.189530e+02      false       none        882         48        800         48     1584     1584          0          0          0
17       7.902530e+04   7.539182e+04   5.662982e+04    0.2489   1.677663e+03   1.150780e+02      false       none        882         48        800         48     1683     1683          0          0          0
18       7.703033e+04   7.539182e+04   5.667887e+04    0.2482   1.788070e+03   1.104070e+02      false       none        882         48        800         48     1782     1782          0          0          0
19       7.973108e+04   7.539182e+04   5.672625e+04    0.2476   1.904789e+03   1.167190e+02      false       none        882         48        800         48     1881     1881          0          0          0
20       7.804708e+04   7.539182e+04   5.681664e+04    0.2464   2.021851e+03   1.170620e+02      false       none        882         48        800         48     1980     1980          0          0          0
21       8.087432e+04   7.539182e+04   6.207106e+04    0.1767   2.400680e+03   3.788290e+02      false       none        882         48        800         48     2178     2178       3107       3107       1979
22       7.483572e+04   7.483572e+04   6.251441e+04    0.1646   2.819712e+03   4.190320e+02      false       none        882         48        800         48     2376     2376       3118       3118       1979
23       7.759348e+04   7.483572e+04   6.261819e+04    0.1633   3.239400e+03   4.196880e+02      false       none        882         48        800         48     2574     2574       3105       3105       1979
24       7.634871e+04   7.483572e+04   6.269898e+04    0.1622   3.656651e+03   4.172510e+02      false       none        882         48        800         48     2771     2771       3061       3061       1979
25       7.615883e+04   7.483572e+04   6.270304e+04    0.1621   4.081542e+03   4.248910e+02      false       none        882         48        800         48     2969     2969       3098       3098       1979
26       7.565233e+04   7.483572e+04   6.274220e+04    0.1616   4.508136e+03   4.265940e+02      false       none        882         48        800         48     3166     3166       3099       3099       1979
27       7.591511e+04   7.483572e+04   6.281619e+04    0.1606   4.932230e+03   4.240940e+02      false       none        882         48        800         48     3364     3364       3061       3061       1979
28       7.744545e+04   7.483572e+04   6.284657e+04    0.1602   5.362293e+03   4.300630e+02      false       none        882         48        800         48     3556     3556       3060       3060       1979
29       7.884714e+04   7.483572e+04   6.288398e+04    0.1597   5.795466e+03   4.331730e+02      false       none        882         48        800         48     3754     3754       3058       3058       1979
30       7.782573e+04   7.483572e+04   6.298626e+04    0.1583   6.222794e+03   4.273280e+02      false       none        882         48        800         48     3952     3952       3066       3066       1979
31       7.715072e+04   7.483572e+04   6.300619e+04    0.1581   6.654420e+03   4.316260e+02      false       none        882         48        800         48     4145     4145       3071       3071       1979
32       7.757870e+04   7.483572e+04   6.304550e+04    0.1575   7.100014e+03   4.455940e+02      false       none        882         48        800         48     4342     4342       3090       3090       1979
33       7.705162e+04   7.483572e+04   6.310943e+04    0.1567   7.531843e+03   4.318290e+02      false       none        882         48        800         48     4538     4538       3045       3045       1979
34       7.819433e+04   7.483572e+04   6.312121e+04    0.1565   7.977718e+03   4.458750e+02      false       none        882         48        800         48     4735     4735       3080       3080       1979
35       7.700642e+04   7.483572e+04   6.312628e+04    0.1565   8.419719e+03   4.420010e+02      false       none        882         48        800         48     4931     4931       3028       3028       1979
36       7.607870e+04   7.483572e+04   6.317749e+04    0.1558   8.862782e+03   4.430630e+02      false       none        882         48        800         48     5125     5125       3056       3056       1979
37       7.657863e+04   7.483572e+04   6.319482e+04    0.1556   9.296408e+03   4.336260e+02      false       none        882         48        800         48     5321     5321       3040       3040       1979
38       7.514927e+04   7.483572e+04   6.322474e+04    0.1552   9.720924e+03   4.245160e+02      false       none        882         48        800         48     5507     5507       3053       3053       1979
39       7.751695e+04   7.483572e+04   6.323271e+04    0.1550   1.016219e+04   4.412660e+02      false       none        882         48        800         48     5699     5699       3083       3083       1979
40       7.672796e+04   7.483572e+04   6.324733e+04    0.1549   1.059778e+04   4.355940e+02      false       none        882         48        800         48     5889     5889       3015       3015       1979
41       7.857876e+04   7.483572e+04   6.327635e+04    0.1545   1.104027e+04   4.424850e+02      false       none        882         48        800         48     6071     6071       3012       3012       1979
42       7.606642e+04   7.483572e+04   6.328913e+04    0.1543   1.148150e+04   4.412350e+02      false       none        882         48        800         48     6254     6254       3037       3037       1979
43       7.871483e+04   7.483572e+04   6.330757e+04    0.1540   1.192568e+04   4.441730e+02      false       none        882         48        800         48     6446     6446       3056       3056       1979
44       7.727869e+04   7.483572e+04   6.333974e+04    0.1536   1.236299e+04   4.373130e+02      false       none        882         48        800         48     6639     6639       3022       3022       1979
45       7.704122e+04   7.483572e+04   6.334640e+04    0.1535   1.280138e+04   4.383910e+02      false       none        882         48        800         48     6814     6814       3038       3038       1979
46       7.907630e+04   7.483572e+04   6.336567e+04    0.1533   1.324813e+04   4.467510e+02      false       none        882         48        800         48     7006     7006       3080       3080       1979
47       7.715258e+04   7.483572e+04   6.340154e+04    0.1528   1.368660e+04   4.384690e+02      false       none        882         48        800         48     7196     7196       3011       3011       1979
48       7.350529e+04   7.350529e+04   6.341184e+04    0.1373   1.413034e+04   4.437350e+02      false       none        882         48        800         48     7387     7387       3051       3051       1979
49       7.864987e+04   7.350529e+04   6.344477e+04    0.1369   1.458312e+04   4.527820e+02      false       none        882         48        800         48     7583     7583       3059       3059       1979

Terminating DynamicSDDiP with status: time_limit
------------------------------------------------------------------------------
 ────────────────────────────────────────────────────────────────────────────────
                                        Time                    Allocations      
                               ───────────────────────   ────────────────────────
       Tot / % measured:            4.05h / 100.0%            198GiB /  99.8%    

 Section               ncalls     time    %tot     avg     alloc    %tot      avg
 ────────────────────────────────────────────────────────────────────────────────
 loop                       1    4.05h  100.0%   4.05h    198GiB  100.0%   198GiB
   iterations              49    4.05h  100.0%    298s    198GiB  100.0%  4.03GiB
     backward_pass         49    3.96h   97.8%    291s    197GiB   99.9%  4.03GiB
       solve_BP          154k    3.96h   97.8%  92.4ms    197GiB   99.8%  1.31MiB
         solve_dual      154k    3.96h   97.8%  92.4ms    196GiB   99.4%  1.30MiB
           solver_c...  97.0k    1.61h   39.7%  59.8ms   1.08GiB    0.5%  11.7KiB
           solve_pr...  57.4k    1.15h   28.3%  71.8ms    805MiB    0.4%  14.4KiB
           solve_la...  57.4k    1.01h   24.9%  63.4ms   41.6GiB   21.1%   761KiB
             inner_sol  88.8k    3507s   24.0%  39.5ms   21.9GiB   11.1%   259KiB
               solv...  88.8k    3473s   23.8%  39.1ms    594MiB    0.3%  6.85KiB
             bundle...  88.8k    44.0s    0.3%   496μs    154MiB    0.1%  1.78KiB
             outer_sol  88.8k    32.6s    0.2%   367μs   4.26GiB    2.2%  50.4KiB
             init_a...  57.4k    17.9s    0.1%   311μs   7.32GiB    3.7%   134KiB
             relax_...  57.4k    6.92s    0.0%   121μs   1.21GiB    0.6%  22.1KiB
             restor...  57.4k    4.30s    0.0%  75.0μs    551MiB    0.3%  9.83KiB
             add_cut    88.8k    3.43s    0.0%  38.6μs   0.94GiB    0.5%  11.1KiB
             conver...  57.4k    123ms    0.0%  2.14μs   10.5MiB    0.0%     192B
             minima...  57.4k   58.7ms    0.0%  1.02μs     0.00B    0.0%    0.00B
           LP_relax...  97.0k     653s    4.5%  6.74ms    124GiB   62.9%  1.31MiB
             solver...  97.0k     138s    0.9%  1.42ms    436MiB    0.2%  4.61KiB
           dual_ini...  57.4k   54.8ms    0.0%   955ns   11.4MiB    0.0%     208B
         space_change    309k    136ms    0.0%   442ns     0.00B    0.0%    0.00B
       update_bellman   7.72k    401ms    0.0%  51.9μs   44.0MiB    0.0%  5.83KiB
         cut_selection  7.58k   7.77ms    0.0%  1.02μs    656KiB    0.0%    88.5B
     forward_pass          49     313s    2.1%   6.39s    250MiB    0.1%  5.10MiB
       solve_subpro...  4.90k     313s    2.1%  63.8ms    237MiB    0.1%  49.6KiB
         solver_cal...  4.90k     312s    2.1%  63.7ms    167MiB    0.1%  35.0KiB
     calculate_bound       49    606ms    0.0%  12.4ms   10.1MiB    0.0%   210KiB
       solver_call_...     49    558ms    0.0%  11.4ms    110KiB    0.0%  2.25KiB
 ────────────────────────────────────────────────────────────────────────────────

||||||||||||||||||||||||||||||||||||||||||||||||||||||||||||||||||||||||||||||||||||||||||||||||||||||||||||||||||||||||||||||||||||||||
LAGRANGIAN DUAL SOLUTION RESULTS
mn_opt: 0 times (0.0%)
conv: 0 times (0.0%)
unbounded: 0 times (0.0%)
bound_issues: 0 times (0.0%)
subgr_stalling: 0 times (0.0%)
opt: 57391 times (100.0%)
feas_issues: 0 times (0.0%)
sub: 0 times (0.0%)
mn_iter: 0 times (0.0%)
iter: 0 times (0.0%)
mn_issue: 0 times (0.0%)

||||||||||||||||||||||||||||||||||||||||||||||||||||||||||||||||||||||||||||||||||||||||||||||||||||||||||||||||||||||||||||||||||||||||
SIMULATION RESULTS
DynamicSDDiP.Simulation(DynamicSDDiP.InSampleMonteCarlo(), 1000)
Lower bound: 63444.7693725999
Statistical upper bound (confidence interval): 77152.14400119038 ± 70.03748144755657
Pessimistic upper bound: 77222.18148263793
