

#########################################################################################################################################
#########################################################################################################################################
#########################################################################################################################################
#########################################################################################################################################
#########################################################################################################################################
DynamicSDDiP.jl (c) Christian Füllner, 2021
re-uses code from SDDP.jl (c) Oscar Dowson, 2017-21
||||||||||||||||||||||||||||||||||||||||||||||||||||||||||||||||||||||||||||||||||||||||||||||||||||||||||||||||||||||||||||||||||||||||
PATH
calling 
C:\Users\cg4102\.julia\packages\DynamicSDDiP\lmwtn\src
nothing
DATETIME
2025-09-25T00:45:15.796
||||||||||||||||||||||||||||||||||||||||||||||||||||||||||||||||||||||||||||||||||||||||||||||||||||||||||||||||||||||||||||||||||||||||
STOPPING RULES
SDDP.TimeLimit(14400.0)
SDDP.BoundStalling(20, 0.0001)
||||||||||||||||||||||||||||||||||||||||||||||||||||||||||||||||||||||||||||||||||||||||||||||||||||||||||||||||||||||||||||||||||||||||
REGULARIZATION
DynamicSDDiP.NoRegularization()
||||||||||||||||||||||||||||||||||||||||||||||||||||||||||||||||||||||||||||||||||||||||||||||||||||||||||||||||||||||||||||||||||||||||
CUT GENERATION REGIMES
DynamicSDDiP.CutGenerationRegime(DynamicSDDiP.NoStateApproximation(), DynamicSDDiP.UnifiedLagrangianDuality(0.01, 0.01, 100, DynamicSDDiP.ZeroDuals(), DynamicSDDiP.BothBounds(), DynamicSDDiP.LevelBundle(0.5, true, false), DynamicSDDiP.StandardChoice(), DynamicSDDiP.Lax(), DynamicSDDiP.Core_Epsilon(0.01, DynamicSDDiP.StateSpaceCopy(), DynamicSDDiP.IntegerRelax(), DynamicSDDiP.Unbounded_Opt_SB(true), DynamicSDDiP.PrimalObj(), false), DynamicSDDiP.NoDualSpaceRestriction(), DynamicSDDiP.StateSpaceCopy(), nothing, nothing), 21, Inf, Inf, 0.0, true, 0.0001)

DynamicSDDiP.CutGenerationRegime(DynamicSDDiP.NoStateApproximation(), DynamicSDDiP.StrengthenedDuality(), 1, Inf, Inf, 0.0, true, 0.0001)

||||||||||||||||||||||||||||||||||||||||||||||||||||||||||||||||||||||||||||||||||||||||||||||||||||||||||||||||||||||||||||||||||||||||
CUT AGGREGATION
DynamicSDDiP.MultiCutRegime()
||||||||||||||||||||||||||||||||||||||||||||||||||||||||||||||||||||||||||||||||||||||||||||||||||||||||||||||||||||||||||||||||||||||||
CUT SELECTION
DynamicSDDiP.NoCutSelection()
||||||||||||||||||||||||||||||||||||||||||||||||||||||||||||||||||||||||||||||||||||||||||||||||||||||||||||||||||||||||||||||||||||||||
LATE BINARIZATION
DynamicSDDiP.NoLateBinarization()
||||||||||||||||||||||||||||||||||||||||||||||||||||||||||||||||||||||||||||||||||||||||||||||||||||||||||||||||||||||||||||||||||||||||
APPLIED SOLVERS (LP, MILP, MIQCP, MINLP, NLP, Lagrange)
DynamicSDDiP.AppliedSolvers(true, "Gurobi", "Gurobi", "Gurobi", "Gurobi", "Gurobi", "Gurobi", "Gurobi", "Gurobi", "Gurobi", 0.0001, 300)
DynamicSDDiP.Direct_Solver()
Numerical focus: false
Silent: true
||||||||||||||||||||||||||||||||||||||||||||||||||||||||||||||||||||||||||||||||||||||||||||||||||||||||||||||||||||||||||||||||||||||||
SAMPLING
Used seed for sampling scenarios: 
11111     
||||||||||||||||||||||||||||||||||||||||||||||||||||||||||||||||||||||||||||||||||||||||||||||||||||||||||||||||||||||||||||||||||||||||
RUN DESCRIPTION

||||||||||||||||||||||||||||||||||||||||||||||||||||||||||||||||||||||||||||||||||||||||||||||||||||||||||||||||||||||||||||||||||||||||
PROBLEM DESCRIPTION
Number of stages: 100
Number of realizations per stage: 20
Seed for scenario tree sampling: 12345
Solver: serial mode

────────────────────────────────────────────────────────────────────────────────────────────────────────────────────────────────────────────────────────────────────────────────────────────────────────
It.#               UB        Best UB             LB       Gap           Time        It_Time           Refinements                            #Var.   #Constr.             #Cuts       Lagrangian Dual                                               
                                                          [%]            [s]            [s]          σ       Bin.      Total      {0,1}          ℤ      Total    Total   Active      # It.    # C-It.  # C-Real.  
────────────────────────────────────────────────────────────────────────────────────────────────────────────────────────────────────────────────────────────────────────────────────────────────────────
1        7.872916e+04   7.872916e+04   5.554210e+04    0.2945   1.015820e+02   1.015820e+02      false       none        902         48        800         48     1980     1980          0          0          0
2        7.796655e+04   7.796655e+04   5.567001e+04    0.2860   2.367270e+02   1.351450e+02      false       none        902         48        800         48     3960     3960          0          0          0
3        7.873529e+04   7.796655e+04   5.590046e+04    0.2830   4.570670e+02   2.203400e+02      false       none        902         48        800         48     5940     5940          0          0          0
4        7.800547e+04   7.796655e+04   5.602344e+04    0.2814   6.902570e+02   2.331900e+02      false       none        902         48        800         48     7920     7920          0          0          0
5        7.915720e+04   7.796655e+04   5.612614e+04    0.2801   9.401530e+02   2.498960e+02      false       none        902         48        800         48     9900     9900          0          0          0
6        7.651889e+04   7.651889e+04   5.629155e+04    0.2643   1.220421e+03   2.802680e+02      false       none        902         48        800         48    11877    11877          0          0          0
7        7.712939e+04   7.651889e+04   5.642247e+04    0.2626   1.515035e+03   2.946140e+02      false       none        902         48        800         48    13857    13857          0          0          0
8        7.850068e+04   7.651889e+04   5.649387e+04    0.2617   1.813411e+03   2.983760e+02      false       none        902         48        800         48    15836    15836          0          0          0
9        7.949172e+04   7.651889e+04   5.669276e+04    0.2591   2.133719e+03   3.203080e+02      false       none        902         48        800         48    17816    17816          0          0          0
10       7.859975e+04   7.651889e+04   5.681089e+04    0.2576   2.444546e+03   3.108270e+02      false       none        902         48        800         48    19796    19796          0          0          0
11       7.892271e+04   7.651889e+04   5.688754e+04    0.2566   2.767960e+03   3.234140e+02      false       none        902         48        800         48    21776    21776          0          0          0
12       7.964451e+04   7.651889e+04   5.698234e+04    0.2553   3.101848e+03   3.338880e+02      false       none        902         48        800         48    23755    23755          0          0          0
13       7.838926e+04   7.651889e+04   5.711016e+04    0.2536   3.427441e+03   3.255930e+02      false       none        902         48        800         48    25734    25734          0          0          0
14       7.819831e+04   7.651889e+04   5.719182e+04    0.2526   3.764089e+03   3.366480e+02      false       none        902         48        800         48    27710    27710          0          0          0
15       7.900830e+04   7.651889e+04   5.739876e+04    0.2499   4.105121e+03   3.410320e+02      false       none        902         48        800         48    29688    29688          0          0          0
16       7.878035e+04   7.651889e+04   5.757721e+04    0.2475   4.459030e+03   3.539090e+02      false       none        902         48        800         48    31666    31666          0          0          0
17       7.870037e+04   7.651889e+04   5.769298e+04    0.2460   4.817024e+03   3.579940e+02      false       none        902         48        800         48    33644    33644          0          0          0
18       7.579645e+04   7.579645e+04   5.779315e+04    0.2375   5.183372e+03   3.663480e+02      false       none        902         48        800         48    35623    35623          0          0          0
19       7.833603e+04   7.579645e+04   5.791895e+04    0.2359   5.550603e+03   3.672310e+02      false       none        902         48        800         48    37602    37602          0          0          0
20       7.834505e+04   7.579645e+04   5.799448e+04    0.2349   5.907203e+03   3.566000e+02      false       none        902         48        800         48    39580    39580          0          0          0
21       8.059036e+04   7.579645e+04   5.847014e+04    0.2286   1.047795e+04   4.570746e+03      false       none        902         48        800         48    43540    43540      46533      46533       1975
22       7.638350e+04   7.579645e+04   5.898725e+04    0.2218   1.498042e+04   4.502468e+03      false       none        902         48        800         48    47486    47486      46685      46685       1977

Terminating DynamicSDDiP with status: time_limit
------------------------------------------------------------------------------
────────────────────────────────────────────────────────────────────────────────
                                       Time                    Allocations      
                              ───────────────────────   ────────────────────────
      Tot / % measured:            4.16h / 100.0%            137GiB /  99.8%    

Section               ncalls     time    %tot     avg     alloc    %tot      avg
────────────────────────────────────────────────────────────────────────────────
loop                       1    4.16h  100.0%   4.16h    136GiB  100.0%   136GiB
  iterations              22    4.16h  100.0%    681s    136GiB  100.0%  6.20GiB
    backward_pass         22    4.11h   98.7%    672s    136GiB   99.9%  6.19GiB
      solve_BP         47.5k    4.10h   98.6%   311ms    136GiB   99.6%  2.93MiB
        solve_dual     47.5k    4.10h   98.6%   311ms    136GiB   99.5%  2.92MiB
          solve_la...  3.95k    2.36h   56.6%   2.15s   48.8GiB   35.8%  12.7MiB
            inner_sol  93.2k    2.30h   55.3%  88.8ms   39.9GiB   29.2%   449KiB
              solv...  93.2k    2.27h   54.5%  87.6ms   1.01GiB    0.7%  11.4KiB
            bundle...  93.2k     133s    0.9%  1.43ms    184MiB    0.1%  2.03KiB
            outer_sol  93.2k    40.4s    0.3%   433μs    430MiB    0.3%  4.72KiB
            add_cut    93.2k    3.91s    0.0%  41.9μs   1.07GiB    0.8%  12.0KiB
            init_a...  3.95k    1.31s    0.0%   331μs    542MiB    0.4%   141KiB
            restor...  3.95k    335ms    0.0%  84.7μs   39.6MiB    0.0%  10.3KiB
            relax_...  3.95k    326ms    0.0%  82.4μs   93.6MiB    0.1%  24.2KiB
            conver...  3.95k   14.8ms    0.0%  3.75μs    803KiB    0.0%     208B
            minima...  3.95k   2.34ms    0.0%   593ns     0.00B    0.0%    0.00B
          solve_pr...  55.4k    3080s   20.6%  55.6ms    386MiB    0.3%  7.12KiB
          solver_c...  43.6k    2716s   18.1%  62.3ms    305MiB    0.2%  7.16KiB
          LP_relax...  43.6k     380s    2.5%  8.73ms   56.9GiB   41.7%  1.34MiB
            solver...  43.6k    92.0s    0.6%  2.11ms    227MiB    0.2%  5.33KiB
          solve_core   3.96k    10.4s    0.1%  2.62ms   21.1MiB    0.0%  5.46KiB
          dual_ini...  3.96k   3.95ms    0.0%   997ns    804KiB    0.0%     208B
        space_change   95.0k   30.5ms    0.0%   321ns     0.00B    0.0%    0.00B
      update_bellman   2.38k    4.97s    0.0%  2.09ms    258MiB    0.2%   111KiB
        cut_selection  47.5k   32.9ms    0.0%   693ns   3.50MiB    0.0%    77.4B
    forward_pass          22     200s    1.3%   9.08s    187MiB    0.1%  8.50MiB
      solve_subpro...  2.20k     200s    1.3%  90.7ms    181MiB    0.1%  84.5KiB
        solver_cal...  2.20k     199s    1.3%  90.6ms    131MiB    0.1%  61.1KiB
    calculate_bound       22    276ms    0.0%  12.5ms   4.52MiB    0.0%   210KiB
      solver_call_...     22    256ms    0.0%  11.6ms   46.4KiB    0.0%  2.11KiB
────────────────────────────────────────────────────────────────────────────────

||||||||||||||||||||||||||||||||||||||||||||||||||||||||||||||||||||||||||||||||||||||||||||||||||||||||||||||||||||||||||||||||||||||||
LAGRANGIAN DUAL SOLUTION RESULTS
mn_opt: 0 times (0.0%)
conv: 0 times (0.0%)
unbounded: 8 times (0.2%)
bound_issues: 0 times (0.0%)
subgr_stalling: 0 times (0.0%)
opt: 3952 times (99.8%)
feas_issues: 0 times (0.0%)
sub: 0 times (0.0%)
mn_iter: 0 times (0.0%)
iter: 0 times (0.0%)
mn_issue: 0 times (0.0%)

||||||||||||||||||||||||||||||||||||||||||||||||||||||||||||||||||||||||||||||||||||||||||||||||||||||||||||||||||||||||||||||||||||||||
SIMULATION RESULTS
DynamicSDDiP.Simulation(DynamicSDDiP.InSampleMonteCarlo(), 1000)
Lower bound: 58987.24614333854
Statistical upper bound (confidence interval): 77853.03705846235 ± 67.2234581600467
Pessimistic upper bound: 77920.2605166224
