

#########################################################################################################################################
#########################################################################################################################################
#########################################################################################################################################
#########################################################################################################################################
#########################################################################################################################################
DynamicSDDiP.jl (c) Christian Füllner, 2021
re-uses code from SDDP.jl (c) Oscar Dowson, 2017-21
||||||||||||||||||||||||||||||||||||||||||||||||||||||||||||||||||||||||||||||||||||||||||||||||||||||||||||||||||||||||||||||||||||||||
PATH
calling 
C:\Users\cg4102\.julia\packages\DynamicSDDiP\OjAtg\src
nothing
DATETIME
2024-09-26T00:40:10.891
||||||||||||||||||||||||||||||||||||||||||||||||||||||||||||||||||||||||||||||||||||||||||||||||||||||||||||||||||||||||||||||||||||||||
STOPPING RULES
SDDP.TimeLimit(14400.0)
SDDP.BoundStalling(20, 0.0001)
||||||||||||||||||||||||||||||||||||||||||||||||||||||||||||||||||||||||||||||||||||||||||||||||||||||||||||||||||||||||||||||||||||||||
REGULARIZATION
DynamicSDDiP.NoRegularization()
||||||||||||||||||||||||||||||||||||||||||||||||||||||||||||||||||||||||||||||||||||||||||||||||||||||||||||||||||||||||||||||||||||||||
CUT GENERATION REGIMES
DynamicSDDiP.CutGenerationRegime(DynamicSDDiP.NoStateApproximation(), DynamicSDDiP.StrengthenedDuality(), 1, Inf, Inf, 0.0, true, 0.0001)

DynamicSDDiP.CutGenerationRegime(DynamicSDDiP.NoStateApproximation(), DynamicSDDiP.UnifiedLagrangianDuality(0.01, 0.01, 100, DynamicSDDiP.ZeroDuals(), DynamicSDDiP.BothBounds(), DynamicSDDiP.LevelBundle(0.5, true, false), DynamicSDDiP.StandardChoice(), DynamicSDDiP.Lax(), DynamicSDDiP.L₁_Deep(), DynamicSDDiP.NoDualSpaceRestriction(), DynamicSDDiP.StateSpaceCopy(), nothing, nothing), 21, Inf, Inf, 0.0, true, 0.0001)

||||||||||||||||||||||||||||||||||||||||||||||||||||||||||||||||||||||||||||||||||||||||||||||||||||||||||||||||||||||||||||||||||||||||
CUT AGGREGATION
DynamicSDDiP.MultiCutRegime()
||||||||||||||||||||||||||||||||||||||||||||||||||||||||||||||||||||||||||||||||||||||||||||||||||||||||||||||||||||||||||||||||||||||||
CUT SELECTION
DynamicSDDiP.NoCutSelection()
||||||||||||||||||||||||||||||||||||||||||||||||||||||||||||||||||||||||||||||||||||||||||||||||||||||||||||||||||||||||||||||||||||||||
LATE BINARIZATION
DynamicSDDiP.NoLateBinarization()
||||||||||||||||||||||||||||||||||||||||||||||||||||||||||||||||||||||||||||||||||||||||||||||||||||||||||||||||||||||||||||||||||||||||
APPLIED SOLVERS (LP, MILP, MIQCP, MINLP, NLP, Lagrange)
DynamicSDDiP.AppliedSolvers(true, "Gurobi", "Gurobi", "Gurobi", "Gurobi", "Gurobi", "Gurobi", "Gurobi", "Gurobi", "Gurobi", 0.0001, 300)
DynamicSDDiP.Direct_Solver()
Numerical focus: false
Silent: true
||||||||||||||||||||||||||||||||||||||||||||||||||||||||||||||||||||||||||||||||||||||||||||||||||||||||||||||||||||||||||||||||||||||||
SAMPLING
Used seed for sampling scenarios: 
11111     
||||||||||||||||||||||||||||||||||||||||||||||||||||||||||||||||||||||||||||||||||||||||||||||||||||||||||||||||||||||||||||||||||||||||
RUN DESCRIPTION

||||||||||||||||||||||||||||||||||||||||||||||||||||||||||||||||||||||||||||||||||||||||||||||||||||||||||||||||||||||||||||||||||||||||
PROBLEM DESCRIPTION
Number of stages: 100
Number of realizations per stage: 20
Seed for scenario tree sampling: 12345
Solver: serial mode

────────────────────────────────────────────────────────────────────────────────────────────────────────────────────────────────────────────────────────────────────────────────────────────────────────
It.#               UB        Best UB             LB       Gap           Time        It_Time           Refinements                            #Var.   #Constr.             #Cuts       Lagrangian Dual                                               
                                                          [%]            [s]            [s]          σ       Bin.      Total      {0,1}          ℤ      Total    Total   Active      # It.    # C-It.  # C-Real.  
────────────────────────────────────────────────────────────────────────────────────────────────────────────────────────────────────────────────────────────────────────────────────────────────────────
1        7.872916e+04   7.872916e+04   5.554753e+04    0.2944   4.637600e+01   4.637600e+01      false       none        902         48        800         48     1980     1980          0          0          0
2        7.796655e+04   7.796655e+04   5.567516e+04    0.2859   1.049540e+02   5.857800e+01      false       none        902         48        800         48     3960     3960          0          0          0
3        7.876673e+04   7.796655e+04   5.590444e+04    0.2830   1.733600e+02   6.840600e+01      false       none        902         48        800         48     5940     5940          0          0          0
4        7.802403e+04   7.796655e+04   5.602776e+04    0.2814   2.402040e+02   6.684400e+01      false       none        902         48        800         48     7920     7920          0          0          0
5        7.916194e+04   7.796655e+04   5.612646e+04    0.2801   3.112820e+02   7.107800e+01      false       none        902         48        800         48     9900     9900          0          0          0
6        7.656107e+04   7.656107e+04   5.629295e+04    0.2647   3.867670e+02   7.548500e+01      false       none        902         48        800         48    11877    11877          0          0          0
7        7.695479e+04   7.656107e+04   5.642391e+04    0.2630   4.666420e+02   7.987500e+01      false       none        902         48        800         48    13857    13857          0          0          0
8        7.820964e+04   7.656107e+04   5.649058e+04    0.2622   5.470480e+02   8.040600e+01      false       none        902         48        800         48    15836    15836          0          0          0
9        7.922868e+04   7.656107e+04   5.665170e+04    0.2600   6.871420e+02   1.400940e+02      false       none        902         48        800         48    17816    17816          0          0          0
10       7.874603e+04   7.656107e+04   5.678979e+04    0.2582   8.148770e+02   1.277350e+02      false       none        902         48        800         48    19796    19796          0          0          0
11       7.881847e+04   7.656107e+04   5.692583e+04    0.2565   9.433300e+02   1.284530e+02      false       none        902         48        800         48    21776    21776          0          0          0
12       7.950817e+04   7.656107e+04   5.701206e+04    0.2553   1.077549e+03   1.342190e+02      false       none        902         48        800         48    23755    23755          0          0          0
13       7.910329e+04   7.656107e+04   5.715114e+04    0.2535   1.214252e+03   1.367030e+02      false       none        902         48        800         48    25734    25734          0          0          0
14       7.897654e+04   7.656107e+04   5.721445e+04    0.2527   1.351205e+03   1.369530e+02      false       none        902         48        800         48    27709    27709          0          0          0
15       8.017442e+04   7.656107e+04   5.730585e+04    0.2515   1.488877e+03   1.376720e+02      false       none        902         48        800         48    29687    29687          0          0          0
16       7.867035e+04   7.656107e+04   5.745686e+04    0.2495   1.630440e+03   1.415630e+02      false       none        902         48        800         48    31665    31665          0          0          0
17       7.866990e+04   7.656107e+04   5.757817e+04    0.2479   1.768815e+03   1.383750e+02      false       none        902         48        800         48    33643    33643          0          0          0
18       7.696431e+04   7.656107e+04   5.772199e+04    0.2461   1.914019e+03   1.452040e+02      false       none        902         48        800         48    35622    35622          0          0          0
19       7.877741e+04   7.656107e+04   5.789510e+04    0.2438   2.057534e+03   1.435150e+02      false       none        902         48        800         48    37601    37601          0          0          0
20       7.832969e+04   7.656107e+04   5.800393e+04    0.2424   2.196956e+03   1.394220e+02      false       none        902         48        800         48    39579    39579          0          0          0
21       8.026455e+04   7.656107e+04   6.303075e+04    0.1767   2.821567e+03   6.246110e+02      false       none        902         48        800         48    43539    43539       5160       5160       1979
22       7.533708e+04   7.533708e+04   6.353785e+04    0.1566   3.503287e+03   6.817200e+02      false       none        902         48        800         48    47495    47495       5389       5389       1979
23       7.747404e+04   7.533708e+04   6.368326e+04    0.1547   4.158272e+03   6.549850e+02      false       none        902         48        800         48    51454    51454       5663       5663       1979
24       7.648539e+04   7.533708e+04   6.383948e+04    0.1526   4.828023e+03   6.697510e+02      false       none        902         48        800         48    55411    55411       5778       5778       1979
25       7.714399e+04   7.533708e+04   6.391036e+04    0.1517   5.537477e+03   7.094540e+02      false       none        902         48        800         48    59366    59366       6197       6197       1979
26       7.545586e+04   7.533708e+04   6.399398e+04    0.1506   6.302774e+03   7.652970e+02      false       none        902         48        800         48    63293    63293       6820       6820       1979
27       7.764664e+04   7.533708e+04   6.406737e+04    0.1496   7.064150e+03   7.613760e+02      false       none        902         48        800         48    67245    67245       6716       6716       1979
28       7.706459e+04   7.533708e+04   6.414391e+04    0.1486   7.874105e+03   8.099550e+02      false       none        902         48        800         48    71176    71176       7310       7310       1979
29       7.823750e+04   7.533708e+04   6.421999e+04    0.1476   8.702965e+03   8.288600e+02      false       none        902         48        800         48    75114    75114       7437       7437       1979
30       7.798044e+04   7.533708e+04   6.427854e+04    0.1468   9.580873e+03   8.779080e+02      false       none        902         48        800         48    79046    79046       8130       8130       1979
31       7.774746e+04   7.533708e+04   6.432776e+04    0.1461   1.046745e+04   8.865790e+02      false       none        902         48        800         48    82968    82968       7879       7879       1979
32       7.743650e+04   7.533708e+04   6.441753e+04    0.1449   1.136814e+04   9.006890e+02      false       none        902         48        800         48    86888    86888       8390       8390       1979
33       7.670179e+04   7.533708e+04   6.446419e+04    0.1443   1.225369e+04   8.855480e+02      false       none        902         48        800         48    90808    90808       8027       8027       1979
34       7.704609e+04   7.533708e+04   6.453009e+04    0.1434   1.321149e+04   9.577990e+02      false       none        902         48        800         48    94741    94741       8544       8544       1979
35       7.680259e+04   7.533708e+04   6.461391e+04    0.1423   1.414143e+04   9.299380e+02      false       none        902         48        800         48    98662    98662       8243       8243       1979
36       7.620275e+04   7.533708e+04   6.466458e+04    0.1417   1.506179e+04   9.203610e+02      false       none        902         48        800         48   102594   102594       9080       9080       1979

Terminating DynamicSDDiP with status: time_limit
------------------------------------------------------------------------------
 ────────────────────────────────────────────────────────────────────────────────
                                        Time                    Allocations      
                               ───────────────────────   ────────────────────────
       Tot / % measured:            4.18h / 100.0%            185GiB /  99.8%    

 Section               ncalls     time    %tot     avg     alloc    %tot      avg
 ────────────────────────────────────────────────────────────────────────────────
 loop                       1    4.18h  100.0%   4.18h    184GiB  100.0%   184GiB
   iterations              36    4.18h  100.0%    418s    184GiB  100.0%  5.12GiB
     backward_pass         36    4.12h   98.4%    412s    184GiB   99.9%  5.11GiB
       solve_BP          103k    4.11h   98.3%   144ms    183GiB   99.6%  1.83MiB
         solve_dual      103k    4.11h   98.3%   144ms    183GiB   99.3%  1.82MiB
           solve_la...  31.7k    2.01h   48.0%   228ms   67.8GiB   36.8%  2.19MiB
             inner_sol   115k    1.96h   46.8%  61.4ms   48.2GiB   26.2%   440KiB
               solv...   115k    1.92h   45.9%  60.2ms    904MiB    0.5%  8.06KiB
             bundle...   115k    89.9s    0.6%   784μs    205MiB    0.1%  1.83KiB
             outer_sol   115k    37.2s    0.2%   324μs   2.54GiB    1.4%  23.2KiB
             init_a...  31.7k    10.1s    0.1%   319μs   4.24GiB    2.3%   140KiB
             add_cut     115k    4.37s    0.0%  38.1μs   1.22GiB    0.7%  11.2KiB
             relax_...  31.7k    3.74s    0.0%   118μs    702MiB    0.4%  22.7KiB
             restor...  31.7k    2.37s    0.0%  74.7μs    304MiB    0.2%  9.83KiB
             conver...  31.7k   88.5ms    0.0%  2.80μs   7.70MiB    0.0%     255B
             minima...  31.7k   19.0ms    0.0%   599ns     0.00B    0.0%    0.00B
           solver_c...  71.2k    1.24h   29.6%  62.6ms    701MiB    0.4%  10.1KiB
           solve_pr...  31.7k    2539s   16.9%  80.2ms    424MiB    0.2%  13.7KiB
           LP_relax...  71.2k     540s    3.6%  7.58ms   93.0GiB   50.5%  1.34MiB
             solver...  71.2k     150s    1.0%  2.11ms    381MiB    0.2%  5.47KiB
           dual_ini...  31.7k   33.3ms    0.0%  1.05μs   6.28MiB    0.0%     208B
         space_change    206k   92.1ms    0.0%   448ns     0.00B    0.0%    0.00B
       update_bellman   5.15k    1.10s    0.0%   213μs    397MiB    0.2%  79.0KiB
         cut_selection   103k   43.0ms    0.0%   419ns   7.24MiB    0.0%    74.0B
     forward_pass          36     246s    1.6%   6.83s    232MiB    0.1%  6.45MiB
       solve_subpro...  3.60k     246s    1.6%  68.2ms    223MiB    0.1%  63.5KiB
         solver_cal...  3.60k     245s    1.6%  68.1ms    149MiB    0.1%  42.5KiB
     calculate_bound       36    350ms    0.0%  9.72ms   7.40MiB    0.0%   210KiB
       solver_call_...     36    317ms    0.0%  8.80ms   72.2KiB    0.0%  2.01KiB
 ────────────────────────────────────────────────────────────────────────────────

||||||||||||||||||||||||||||||||||||||||||||||||||||||||||||||||||||||||||||||||||||||||||||||||||||||||||||||||||||||||||||||||||||||||
LAGRANGIAN DUAL SOLUTION RESULTS
mn_opt: 0 times (0.0%)
conv: 0 times (0.0%)
unbounded: 0 times (0.0%)
bound_issues: 0 times (0.0%)
subgr_stalling: 0 times (0.0%)
opt: 31664 times (100.0%)
feas_issues: 0 times (0.0%)
sub: 0 times (0.0%)
mn_iter: 0 times (0.0%)
iter: 0 times (0.0%)
mn_issue: 0 times (0.0%)
