
#########################################################################################################################################
#########################################################################################################################################
#########################################################################################################################################
#########################################################################################################################################
#########################################################################################################################################
DynamicSDDiP.jl (c) Christian Füllner, 2021
re-uses code from SDDP.jl (c) Oscar Dowson, 2017-21
||||||||||||||||||||||||||||||||||||||||||||||||||||||||||||||||||||||||||||||||||||||||||||||||||||||||||||||||||||||||||||||||||||||||
PATH
calling 
C:\Users\cg4102\.julia\packages\DynamicSDDiP\lmwtn\src
nothing
DATETIME
2025-09-25T12:21:11.303
||||||||||||||||||||||||||||||||||||||||||||||||||||||||||||||||||||||||||||||||||||||||||||||||||||||||||||||||||||||||||||||||||||||||
STOPPING RULES
SDDP.TimeLimit(14400.0)
SDDP.BoundStalling(20, 0.0001)
||||||||||||||||||||||||||||||||||||||||||||||||||||||||||||||||||||||||||||||||||||||||||||||||||||||||||||||||||||||||||||||||||||||||
REGULARIZATION
DynamicSDDiP.NoRegularization()
||||||||||||||||||||||||||||||||||||||||||||||||||||||||||||||||||||||||||||||||||||||||||||||||||||||||||||||||||||||||||||||||||||||||
CUT GENERATION REGIMES
DynamicSDDiP.CutGenerationRegime(DynamicSDDiP.NoStateApproximation(), DynamicSDDiP.UnifiedLagrangianDuality(0.01, 0.01, 100, DynamicSDDiP.ZeroDuals(), DynamicSDDiP.BothBounds(), DynamicSDDiP.LevelBundle(0.5, true, false), DynamicSDDiP.StandardChoice(), DynamicSDDiP.Lax(), DynamicSDDiP.Core_Midpoint(DynamicSDDiP.StateSpaceCopy(), DynamicSDDiP.IntegerRelax(), DynamicSDDiP.Unbounded_Opt_SB(true), DynamicSDDiP.PrimalObj(), true), DynamicSDDiP.NoDualSpaceRestriction(), DynamicSDDiP.StateSpaceCopy(), nothing, nothing), 21, Inf, Inf, 0.0, true, 0.0001)

DynamicSDDiP.CutGenerationRegime(DynamicSDDiP.NoStateApproximation(), DynamicSDDiP.StrengthenedDuality(), 1, Inf, Inf, 0.0, true, 0.0001)

||||||||||||||||||||||||||||||||||||||||||||||||||||||||||||||||||||||||||||||||||||||||||||||||||||||||||||||||||||||||||||||||||||||||
CUT AGGREGATION
DynamicSDDiP.MultiCutRegime()
||||||||||||||||||||||||||||||||||||||||||||||||||||||||||||||||||||||||||||||||||||||||||||||||||||||||||||||||||||||||||||||||||||||||
CUT SELECTION
DynamicSDDiP.NoCutSelection()
||||||||||||||||||||||||||||||||||||||||||||||||||||||||||||||||||||||||||||||||||||||||||||||||||||||||||||||||||||||||||||||||||||||||
LATE BINARIZATION
DynamicSDDiP.NoLateBinarization()
||||||||||||||||||||||||||||||||||||||||||||||||||||||||||||||||||||||||||||||||||||||||||||||||||||||||||||||||||||||||||||||||||||||||
APPLIED SOLVERS (LP, MILP, MIQCP, MINLP, NLP, Lagrange)
DynamicSDDiP.AppliedSolvers(true, "Gurobi", "Gurobi", "Gurobi", "Gurobi", "Gurobi", "Gurobi", "Gurobi", "Gurobi", "Gurobi", 0.0001, 300)
DynamicSDDiP.Direct_Solver()
Numerical focus: false
Silent: true
||||||||||||||||||||||||||||||||||||||||||||||||||||||||||||||||||||||||||||||||||||||||||||||||||||||||||||||||||||||||||||||||||||||||
SAMPLING
Used seed for sampling scenarios: 
11111     
||||||||||||||||||||||||||||||||||||||||||||||||||||||||||||||||||||||||||||||||||||||||||||||||||||||||||||||||||||||||||||||||||||||||
RUN DESCRIPTION

||||||||||||||||||||||||||||||||||||||||||||||||||||||||||||||||||||||||||||||||||||||||||||||||||||||||||||||||||||||||||||||||||||||||
PROBLEM DESCRIPTION
Number of stages: 100
Number of realizations per stage: 20
Seed for scenario tree sampling: 12345
Solver: serial mode

────────────────────────────────────────────────────────────────────────────────────────────────────────────────────────────────────────────────────────────────────────────────────────────────────────
It.#               UB        Best UB             LB       Gap           Time        It_Time           Refinements                            #Var.   #Constr.             #Cuts       Lagrangian Dual                                               
                                                          [%]            [s]            [s]          σ       Bin.      Total      {0,1}          ℤ      Total    Total   Active      # It.    # C-It.  # C-Real.  
────────────────────────────────────────────────────────────────────────────────────────────────────────────────────────────────────────────────────────────────────────────────────────────────────────
1        7.872916e+04   7.872916e+04   5.554210e+04    0.2945   1.166350e+02   1.166350e+02      false       none        902         48        800         48     1980     1980          0          0          0
2        7.796655e+04   7.796655e+04   5.567001e+04    0.2860   2.736240e+02   1.569890e+02      false       none        902         48        800         48     3960     3960          0          0          0
3        7.873529e+04   7.796655e+04   5.590046e+04    0.2830   4.409680e+02   1.673440e+02      false       none        902         48        800         48     5940     5940          0          0          0
4        7.800547e+04   7.796655e+04   5.602344e+04    0.2814   5.899600e+02   1.489920e+02      false       none        902         48        800         48     7920     7920          0          0          0
5        7.915720e+04   7.796655e+04   5.612614e+04    0.2801   7.484730e+02   1.585130e+02      false       none        902         48        800         48     9900     9900          0          0          0
6        7.651889e+04   7.651889e+04   5.629155e+04    0.2643   9.210890e+02   1.726160e+02      false       none        902         48        800         48    11877    11877          0          0          0
7        7.712939e+04   7.651889e+04   5.642247e+04    0.2626   1.104463e+03   1.833740e+02      false       none        902         48        800         48    13857    13857          0          0          0
8        7.850068e+04   7.651889e+04   5.649387e+04    0.2617   1.292626e+03   1.881630e+02      false       none        902         48        800         48    15836    15836          0          0          0
9        7.949172e+04   7.651889e+04   5.669276e+04    0.2591   1.496949e+03   2.043230e+02      false       none        902         48        800         48    17816    17816          0          0          0
10       7.859975e+04   7.651889e+04   5.681089e+04    0.2576   1.697240e+03   2.002910e+02      false       none        902         48        800         48    19796    19796          0          0          0
11       7.892271e+04   7.651889e+04   5.688754e+04    0.2566   1.912569e+03   2.153290e+02      false       none        902         48        800         48    21776    21776          0          0          0
12       7.964451e+04   7.651889e+04   5.698234e+04    0.2553   2.138620e+03   2.260510e+02      false       none        902         48        800         48    23755    23755          0          0          0
13       7.838926e+04   7.651889e+04   5.711016e+04    0.2536   2.359416e+03   2.207960e+02      false       none        902         48        800         48    25734    25734          0          0          0
14       7.819831e+04   7.651889e+04   5.719182e+04    0.2526   2.589959e+03   2.305430e+02      false       none        902         48        800         48    27710    27710          0          0          0
15       7.900830e+04   7.651889e+04   5.739876e+04    0.2499   2.823524e+03   2.335650e+02      false       none        902         48        800         48    29688    29688          0          0          0
16       7.878035e+04   7.651889e+04   5.757721e+04    0.2475   3.066632e+03   2.431080e+02      false       none        902         48        800         48    31666    31666          0          0          0
17       7.870037e+04   7.651889e+04   5.769298e+04    0.2460   3.312454e+03   2.458220e+02      false       none        902         48        800         48    33644    33644          0          0          0
18       7.579645e+04   7.579645e+04   5.779315e+04    0.2375   3.563577e+03   2.511230e+02      false       none        902         48        800         48    35623    35623          0          0          0
19       7.833603e+04   7.579645e+04   5.791895e+04    0.2359   3.816114e+03   2.525370e+02      false       none        902         48        800         48    37602    37602          0          0          0
20       7.834505e+04   7.579645e+04   5.799448e+04    0.2349   4.060629e+03   2.445150e+02      false       none        902         48        800         48    39580    39580          0          0          0
21       8.059036e+04   7.579645e+04   7.054558e+04    0.0693   6.465023e+03   2.404394e+03      false       none        902         48        800         48    43540    43540      29096      29006       1950
22       7.682308e+04   7.579645e+04   7.421416e+04    0.0209   8.265057e+03   1.800034e+03      false       none        902         48        800         48    47456    47456      18009      17980       1215
23       7.590396e+04   7.579645e+04   7.421987e+04    0.0208   9.070108e+03   8.050510e+02      false       none        902         48        800         48    50442    50442       1764       1764         86
24       7.541129e+04   7.541129e+04   7.423073e+04    0.0157   9.820234e+03   7.501260e+02      false       none        902         48        800         48    53406    53406       1130       1130         63
25       7.440494e+04   7.440494e+04   7.424438e+04    0.0022   1.057093e+04   7.506930e+02      false       none        902         48        800         48    56340    56340        906        906         54
26       7.419952e+04   7.419952e+04   7.424247e+04    0.0006   1.136304e+04   7.921100e+02      false       none        902         48        800         48    59313    59313       1149       1149         60
27       7.540570e+04   7.419952e+04   7.424570e+04    0.0006   1.219141e+04   8.283730e+02      false       none        902         48        800         48    62371    62371       1143       1143         56
28       7.647162e+04   7.419952e+04   7.424687e+04    0.0006   1.304738e+04   8.559660e+02      false       none        902         48        800         48    65395    65395       1272       1272         63
29       7.676102e+04   7.419952e+04   7.424687e+04    0.0006   1.385242e+04   8.050450e+02      false       none        902         48        800         48    68199    68199       1211       1211         73
30       7.658476e+04   7.419952e+04   7.424728e+04    0.0006   1.470008e+04   8.476610e+02      false       none        902         48        800         48    70947    70947       1037       1037         58

Terminating DynamicSDDiP with status: time_limit
------------------------------------------------------------------------------
────────────────────────────────────────────────────────────────────────────────
                                       Time                    Allocations      
                              ───────────────────────   ────────────────────────
      Tot / % measured:            4.08h / 100.0%            239GiB /  99.9%    

Section               ncalls     time    %tot     avg     alloc    %tot      avg
────────────────────────────────────────────────────────────────────────────────
loop                       1    4.08h  100.0%   4.08h    239GiB  100.0%   239GiB
  iterations              30    4.08h  100.0%    490s    239GiB  100.0%  7.95GiB
    backward_pass         30    4.03h   98.7%    484s    238GiB   99.9%  7.95GiB
      solve_BP         79.2k    4.03h   98.7%   183ms    238GiB   99.7%  3.08MiB
        solve_dual     79.2k    4.03h   98.7%   183ms    237GiB   99.5%  3.07MiB
          solve_pr...   135k    1.60h   39.3%  42.8ms   1.04GiB    0.4%  8.05KiB
          solve_la...  3.69k    1.14h   28.0%   1.11s   30.6GiB   12.8%  8.49MiB
            inner_sol  56.7k    1.11h   27.2%  70.4ms   24.6GiB   10.3%   454KiB
              solv...  56.7k    1.09h   26.7%  69.2ms    687MiB    0.3%  12.4KiB
            bundle...  56.7k    76.9s    0.5%  1.36ms    130MiB    0.1%  2.35KiB
            outer_sol  56.7k    19.5s    0.1%   344μs    357MiB    0.1%  6.45KiB
            add_cut    56.7k    2.58s    0.0%  45.6μs    779MiB    0.3%  14.1KiB
            init_a...  3.69k    1.24s    0.0%   337μs    506MiB    0.2%   141KiB
            restor...  3.69k    310ms    0.0%  84.1μs   35.7MiB    0.0%  9.91KiB
            relax_...  3.69k    302ms    0.0%  81.9μs   83.1MiB    0.0%  23.1KiB
            conver...  3.69k   14.7ms    0.0%  3.98μs    751KiB    0.0%     209B
            minima...  3.68k   2.26ms    0.0%   614ns     0.00B    0.0%    0.00B
          solver_c...  75.5k    3522s   24.0%  46.6ms    571MiB    0.2%  7.75KiB
          LP_relax...  75.5k     660s    4.5%  8.74ms   98.8GiB   41.4%  1.34MiB
            solver...  75.5k     161s    1.1%  2.13ms    385MiB    0.2%  5.22KiB
          solve_core   19.8k    52.2s    0.4%  2.64ms    110MiB    0.0%  5.67KiB
          dual_ini...  19.8k   26.3ms    0.0%  1.33μs   3.93MiB    0.0%     208B
        space_change    158k   50.8ms    0.0%   321ns     0.00B    0.0%    0.00B
      update_bellman   3.96k    7.41s    0.1%  1.87ms    418MiB    0.2%   108KiB
        cut_selection  70.9k   47.5ms    0.0%   670ns   5.73MiB    0.0%    84.6B
    forward_pass          30     184s    1.3%   6.13s    209MiB    0.1%  6.98MiB
      solve_subpro...  3.00k     184s    1.3%  61.3ms    202MiB    0.1%  68.8KiB
        solver_cal...  3.00k     183s    1.2%  61.2ms    138MiB    0.1%  47.0KiB
    calculate_bound       30    384ms    0.0%  12.8ms   6.17MiB    0.0%   211KiB
      solver_call_...     30    357ms    0.0%  11.9ms   68.2KiB    0.0%  2.27KiB
────────────────────────────────────────────────────────────────────────────────

||||||||||||||||||||||||||||||||||||||||||||||||||||||||||||||||||||||||||||||||||||||||||||||||||||||||||||||||||||||||||||||||||||||||
LAGRANGIAN DUAL SOLUTION RESULTS
mn_opt: 0 times (0.0%)
conv: 0 times (0.0%)
unbounded: 16113 times (81.4%)
bound_issues: 9 times (0.0%)
subgr_stalling: 0 times (0.0%)
opt: 3678 times (18.6%)
feas_issues: 0 times (0.0%)
sub: 0 times (0.0%)
mn_iter: 0 times (0.0%)
iter: 0 times (0.0%)
mn_issue: 0 times (0.0%)

||||||||||||||||||||||||||||||||||||||||||||||||||||||||||||||||||||||||||||||||||||||||||||||||||||||||||||||||||||||||||||||||||||||||
SIMULATION RESULTS
DynamicSDDiP.Simulation(DynamicSDDiP.InSampleMonteCarlo(), 1000)
Lower bound: 74247.28149458203
Statistical upper bound (confidence interval): 75614.32015997845 ± 68.45398721079619
Pessimistic upper bound: 75682.77414718925
