

#########################################################################################################################################
#########################################################################################################################################
#########################################################################################################################################
#########################################################################################################################################
#########################################################################################################################################
DynamicSDDiP.jl (c) Christian Füllner, 2021
re-uses code from SDDP.jl (c) Oscar Dowson, 2017-21
||||||||||||||||||||||||||||||||||||||||||||||||||||||||||||||||||||||||||||||||||||||||||||||||||||||||||||||||||||||||||||||||||||||||
PATH
calling 
C:\Users\cg4102\.julia\packages\DynamicSDDiP\tOIar\src
nothing
DATETIME
2024-02-06T19:37:31.459
||||||||||||||||||||||||||||||||||||||||||||||||||||||||||||||||||||||||||||||||||||||||||||||||||||||||||||||||||||||||||||||||||||||||
STOPPING RULES
SDDP.TimeLimit(14400.0)
SDDP.BoundStalling(20, 0.0001)
||||||||||||||||||||||||||||||||||||||||||||||||||||||||||||||||||||||||||||||||||||||||||||||||||||||||||||||||||||||||||||||||||||||||
REGULARIZATION
DynamicSDDiP.NoRegularization()
||||||||||||||||||||||||||||||||||||||||||||||||||||||||||||||||||||||||||||||||||||||||||||||||||||||||||||||||||||||||||||||||||||||||
CUT GENERATION REGIMES
DynamicSDDiP.CutGenerationRegime(DynamicSDDiP.NoStateApproximation(), DynamicSDDiP.StrengthenedDuality(), 1, Inf, Inf, 0.0, true, 0.0001)

DynamicSDDiP.CutGenerationRegime(DynamicSDDiP.NoStateApproximation(), DynamicSDDiP.LagrangianDuality(0.01, 0.01, 1000, DynamicSDDiP.ZeroDuals(), DynamicSDDiP.BothBounds(), DynamicSDDiP.LevelBundle(0.5, true, false), DynamicSDDiP.StandardChoice(), DynamicSDDiP.Lax(), DynamicSDDiP.StateSpaceCopy(), false), 20, Inf, Inf, 0.0, true, 0.0001)

||||||||||||||||||||||||||||||||||||||||||||||||||||||||||||||||||||||||||||||||||||||||||||||||||||||||||||||||||||||||||||||||||||||||
CUT AGGREGATION
DynamicSDDiP.MultiCutRegime()
||||||||||||||||||||||||||||||||||||||||||||||||||||||||||||||||||||||||||||||||||||||||||||||||||||||||||||||||||||||||||||||||||||||||
CUT SELECTION
DynamicSDDiP.NoCutSelection()
||||||||||||||||||||||||||||||||||||||||||||||||||||||||||||||||||||||||||||||||||||||||||||||||||||||||||||||||||||||||||||||||||||||||
LATE BINARIZATION
DynamicSDDiP.NoLateBinarization()
||||||||||||||||||||||||||||||||||||||||||||||||||||||||||||||||||||||||||||||||||||||||||||||||||||||||||||||||||||||||||||||||||||||||
APPLIED SOLVERS (LP, MILP, MIQCP, MINLP, NLP, Lagrange)
DynamicSDDiP.AppliedSolvers(true, "Gurobi", "Gurobi", "Gurobi", "Gurobi", "Gurobi", "Gurobi", "Gurobi", "Gurobi", "Gurobi", 0.0001, 300)
DynamicSDDiP.Direct_Solver()
Numerical focus: false
Silent: true
||||||||||||||||||||||||||||||||||||||||||||||||||||||||||||||||||||||||||||||||||||||||||||||||||||||||||||||||||||||||||||||||||||||||
SAMPLING
Used seed for sampling scenarios: 
11111     
||||||||||||||||||||||||||||||||||||||||||||||||||||||||||||||||||||||||||||||||||||||||||||||||||||||||||||||||||||||||||||||||||||||||
RUN DESCRIPTION

||||||||||||||||||||||||||||||||||||||||||||||||||||||||||||||||||||||||||||||||||||||||||||||||||||||||||||||||||||||||||||||||||||||||
PROBLEM DESCRIPTION
Number of stages: 100
Number of realizations per stage: 20
Seed for scenario tree sampling: 12345
Solver: serial mode

────────────────────────────────────────────────────────────────────────────────────────────────────────────────────────────────────────────────────────────────────────────────────────────────────────
It.#               UB        Best UB             LB       Gap           Time        It_Time           Refinements                            #Var.   #Constr.             #Cuts       Lagrangian Dual                                               
                                                          [%]            [s]            [s]          σ       Bin.      Total      {0,1}          ℤ      Total    Total   Active      # It.    # C-It.  # C-Real.  
────────────────────────────────────────────────────────────────────────────────────────────────────────────────────────────────────────────────────────────────────────────────────────────────────────
1        7.872916e+04   7.872916e+04   5.554753e+04    0.2944   4.906300e+01   4.906300e+01      false       none        902         64        800         48     1980     1980          0          0          0
2        7.796655e+04   7.796655e+04   5.567516e+04    0.2859   1.106570e+02   6.159400e+01      false       none        902         64        800         48     3960     3960          0          0          0
3        7.876673e+04   7.796655e+04   5.590444e+04    0.2830   1.810940e+02   7.043700e+01      false       none        902         64        800         48     5940     5940          0          0          0
4        7.802403e+04   7.796655e+04   5.602776e+04    0.2814   2.494540e+02   6.836000e+01      false       none        902         64        800         48     7920     7920          0          0          0
5        7.916194e+04   7.796655e+04   5.612646e+04    0.2801   3.222510e+02   7.279700e+01      false       none        902         64        800         48     9900     9900          0          0          0
6        7.656107e+04   7.656107e+04   5.629295e+04    0.2647   4.024850e+02   8.023400e+01      false       none        902         64        800         48    11877    11877          0          0          0
7        7.695479e+04   7.656107e+04   5.642391e+04    0.2630   4.973140e+02   9.482900e+01      false       none        902         64        800         48    13857    13857          0          0          0
8        7.820964e+04   7.656107e+04   5.649058e+04    0.2622   5.891420e+02   9.182800e+01      false       none        902         64        800         48    15836    15836          0          0          0
9        7.922868e+04   7.656107e+04   5.665170e+04    0.2600   6.881270e+02   9.898500e+01      false       none        902         64        800         48    17816    17816          0          0          0
10       7.874603e+04   7.656107e+04   5.678979e+04    0.2582   7.855490e+02   9.742200e+01      false       none        902         64        800         48    19796    19796          0          0          0
11       7.881847e+04   7.656107e+04   5.692583e+04    0.2565   8.881590e+02   1.026100e+02      false       none        902         64        800         48    21776    21776          0          0          0
12       7.950817e+04   7.656107e+04   5.701066e+04    0.2554   9.960650e+02   1.079060e+02      false       none        902         64        800         48    23755    23755          0          0          0
13       7.910236e+04   7.656107e+04   5.715125e+04    0.2535   1.105315e+03   1.092500e+02      false       none        902         64        800         48    25734    25734          0          0          0
14       7.897684e+04   7.656107e+04   5.721277e+04    0.2527   1.215487e+03   1.101720e+02      false       none        902         64        800         48    27709    27709          0          0          0
15       8.009910e+04   7.656107e+04   5.732864e+04    0.2512   1.325519e+03   1.100320e+02      false       none        902         64        800         48    29687    29687          0          0          0
16       7.867029e+04   7.656107e+04   5.744649e+04    0.2497   1.440269e+03   1.147500e+02      false       none        902         64        800         48    31665    31665          0          0          0
17       7.862907e+04   7.656107e+04   5.758080e+04    0.2479   1.552051e+03   1.117820e+02      false       none        902         64        800         48    33643    33643          0          0          0
18       7.692237e+04   7.656107e+04   5.774161e+04    0.2458   1.669942e+03   1.178910e+02      false       none        902         64        800         48    35622    35622          0          0          0
19       7.896405e+04   7.656107e+04   5.790064e+04    0.2437   1.787161e+03   1.172190e+02      false       none        902         64        800         48    37601    37601          0          0          0
20       7.842462e+04   7.656107e+04   6.296415e+04    0.1776   2.176818e+03   3.896570e+02      false       none        902         64        800         48    41554    41554       3073       3073       1979
21       7.843719e+04   7.656107e+04   6.349543e+04    0.1707   2.596663e+03   4.198450e+02      false       none        902         64        800         48    45509    45509       3076       3076       1979
22       7.677299e+04   7.656107e+04   6.360354e+04    0.1692   3.016773e+03   4.201100e+02      false       none        902         64        800         48    49458    49458       3071       3071       1979
23       7.701192e+04   7.656107e+04   6.369199e+04    0.1681   3.439383e+03   4.226100e+02      false       none        902         64        800         48    53378    53378       3059       3059       1979
24       7.674812e+04   7.656107e+04   6.377442e+04    0.1670   3.864524e+03   4.251410e+02      false       none        902         64        800         48    57286    57286       3082       3082       1979
25       7.730857e+04   7.656107e+04   6.387734e+04    0.1657   4.301525e+03   4.370010e+02      false       none        902         64        800         48    61192    61192       3074       3074       1979
26       7.668987e+04   7.656107e+04   6.395959e+04    0.1646   4.742120e+03   4.405950e+02      false       none        902         64        800         48    65039    65039       3096       3096       1979
27       7.795014e+04   7.656107e+04   6.401397e+04    0.1639   5.176464e+03   4.343440e+02      false       none        902         64        800         48    68857    68857       3061       3061       1979
28       7.693595e+04   7.656107e+04   6.407700e+04    0.1631   5.626294e+03   4.498300e+02      false       none        902         64        800         48    72672    72672       3104       3104       1979
29       7.869964e+04   7.656107e+04   6.416794e+04    0.1619   6.068279e+03   4.419850e+02      false       none        902         64        800         48    76453    76453       3026       3026       1979
30       7.777120e+04   7.656107e+04   6.422403e+04    0.1611   6.521639e+03   4.533600e+02      false       none        902         64        800         48    80231    80231       3041       3041       1979
31       7.746420e+04   7.656107e+04   6.427546e+04    0.1605   6.971984e+03   4.503450e+02      false       none        902         64        800         48    83938    83938       3046       3046       1979
32       7.754233e+04   7.656107e+04   6.432093e+04    0.1599   7.421594e+03   4.496100e+02      false       none        902         64        800         48    87725    87725       3014       3014       1979
33       7.677865e+04   7.656107e+04   6.438280e+04    0.1591   7.878173e+03   4.565790e+02      false       none        902         64        800         48    91491    91491       3068       3068       1979
34       7.778638e+04   7.656107e+04   6.441246e+04    0.1587   8.343221e+03   4.650480e+02      false       none        902         64        800         48    95221    95221       3073       3073       1979
35       7.768831e+04   7.656107e+04   6.444737e+04    0.1582   8.810097e+03   4.668760e+02      false       none        902         64        800         48    98972    98972       3035       3035       1979
36       7.618558e+04   7.618558e+04   6.452609e+04    0.1530   9.268974e+03   4.588770e+02      false       none        902         64        800         48   102654   102654       3042       3042       1979
37       7.741811e+04   7.618558e+04   6.456088e+04    0.1526   9.731506e+03   4.625320e+02      false       none        902         64        800         48   106324   106324       3041       3041       1979
38       7.580937e+04   7.580937e+04   6.459745e+04    0.1479   1.021008e+04   4.785790e+02      false       none        902         64        800         48   110019   110019       3052       3052       1979
39       7.723489e+04   7.580937e+04   6.462087e+04    0.1476   1.069974e+04   4.896570e+02      false       none        902         64        800         48   113683   113683       3042       3042       1979
40       7.690073e+04   7.580937e+04   6.467563e+04    0.1469   1.118638e+04   4.866420e+02      false       none        902         64        800         48   117309   117309       3010       3010       1979
41       7.976886e+04   7.580937e+04   6.472331e+04    0.1462   1.167318e+04   4.867980e+02      false       none        902         64        800         48   120903   120903       3055       3055       1979
42       7.685878e+04   7.580937e+04   6.476523e+04    0.1457   1.216514e+04   4.919540e+02      false       none        902         64        800         48   124500   124500       3016       3016       1979
43       7.950634e+04   7.580937e+04   6.482452e+04    0.1449   1.267385e+04   5.087190e+02      false       none        902         64        800         48   128099   128099       3021       3021       1979
44       7.818471e+04   7.580937e+04   6.486757e+04    0.1443   1.319473e+04   5.208770e+02      false       none        902         64        800         48   131697   131697       3043       3043       1979
45       7.655038e+04   7.580937e+04   6.491713e+04    0.1437   1.371076e+04   5.160320e+02      false       none        902         64        800         48   135226   135226       3051       3051       1979
46       7.945610e+04   7.580937e+04   6.493801e+04    0.1434   1.422123e+04   5.104700e+02      false       none        902         64        800         48   138755   138755       3046       3046       1979
47       7.707536e+04   7.580937e+04   6.496421e+04    0.1431   1.474270e+04   5.214700e+02      false       none        902         64        800         48   142253   142253       3029       3029       1979

Terminating DynamicSDDiP with status: time_limit
------------------------------------------------------------------------------
 ────────────────────────────────────────────────────────────────────────────────
                                        Time                    Allocations      
                               ───────────────────────   ────────────────────────
       Tot / % measured:            4.10h / 100.0%            193GiB /  99.8%    

 Section               ncalls     time    %tot     avg     alloc    %tot      avg
 ────────────────────────────────────────────────────────────────────────────────
 loop                       1    4.10h  100.0%   4.10h    193GiB  100.0%   193GiB
   iterations              47    4.10h  100.0%    314s    193GiB  100.0%  4.11GiB
     backward_pass         47    4.01h   98.0%    307s    193GiB   99.9%  4.10GiB
       solve_BP          148k    4.01h   97.9%  97.3ms    192GiB   99.5%  1.33MiB
         solve_dual      148k    4.01h   97.9%  97.2ms    191GiB   99.1%  1.32MiB
           solver_c...  93.0k    1.52h   37.1%  58.8ms   1.03GiB    0.5%  11.6KiB
           solve_la...  55.4k    1.17h   28.7%  76.2ms   40.1GiB   20.8%   759KiB
             inner_sol  85.4k    1.14h   27.8%  47.9ms   21.2GiB   11.0%   260KiB
               solv...  85.4k    1.13h   27.5%  47.5ms    667MiB    0.3%  7.99KiB
             bundle...  85.4k    47.4s    0.3%   555μs    148MiB    0.1%  1.77KiB
             outer_sol  85.4k    31.7s    0.2%   372μs   4.11GiB    2.1%  50.5KiB
             init_a...  55.4k    17.5s    0.1%   315μs   7.04GiB    3.6%   133KiB
             relax_...  55.4k    6.73s    0.0%   122μs   1.16GiB    0.6%  22.0KiB
             restor...  55.4k    4.20s    0.0%  75.8μs    532MiB    0.3%  9.83KiB
             add_cut    85.4k    3.04s    0.0%  35.6μs    891MiB    0.5%  10.7KiB
             conver...  55.4k    185ms    0.0%  3.35μs   10.1MiB    0.0%     192B
             minima...  55.4k   55.2ms    0.0%   995ns     0.00B    0.0%    0.00B
           solve_pr...  55.4k    1.10h   26.9%  71.5ms    779MiB    0.4%  14.4KiB
           LP_relax...  93.0k     724s    4.9%  7.79ms    122GiB   63.2%  1.34MiB
             solver...  93.0k     206s    1.4%  2.21ms    515MiB    0.3%  5.67KiB
           dual_ini...  55.4k   71.8ms    0.0%  1.30μs   11.0MiB    0.0%     208B
         space_change    297k   84.7ms    0.0%   285ns     0.00B    0.0%    0.00B
       update_bellman   7.42k    1.50s    0.0%   202μs    499MiB    0.3%  68.8KiB
         cut_selection   142k   60.2ms    0.0%   424ns   12.5MiB    0.0%    91.9B
     forward_pass          47     297s    2.0%   6.32s    272MiB    0.1%  5.79MiB
       solve_subpro...  4.70k     297s    2.0%  63.1ms    260MiB    0.1%  56.6KiB
         solver_cal...  4.70k     296s    2.0%  63.0ms    166MiB    0.1%  36.2KiB
     calculate_bound       47    540ms    0.0%  11.5ms   9.66MiB    0.0%   211KiB
       solver_call_...     47    494ms    0.0%  10.5ms    103KiB    0.0%  2.19KiB
 ────────────────────────────────────────────────────────────────────────────────

||||||||||||||||||||||||||||||||||||||||||||||||||||||||||||||||||||||||||||||||||||||||||||||||||||||||||||||||||||||||||||||||||||||||
LAGRANGIAN DUAL SOLUTION RESULTS
mn_opt: 0 times (0.0%)
conv: 0 times (0.0%)
unbounded: 0 times (0.0%)
bound_issues: 0 times (0.0%)
subgr_stalling: 0 times (0.0%)
opt: 55412 times (100.0%)
feas_issues: 0 times (0.0%)
sub: 0 times (0.0%)
mn_iter: 0 times (0.0%)
iter: 0 times (0.0%)
mn_issue: 0 times (0.0%)
