

#########################################################################################################################################
#########################################################################################################################################
#########################################################################################################################################
#########################################################################################################################################
#########################################################################################################################################
DynamicSDDiP.jl (c) Christian Füllner, 2021
re-uses code from SDDP.jl (c) Oscar Dowson, 2017-21
||||||||||||||||||||||||||||||||||||||||||||||||||||||||||||||||||||||||||||||||||||||||||||||||||||||||||||||||||||||||||||||||||||||||
PATH
calling 
C:\Users\cg4102\.julia\packages\DynamicSDDiP\OjAtg\src
nothing
DATETIME
2024-09-26T04:56:53.819
||||||||||||||||||||||||||||||||||||||||||||||||||||||||||||||||||||||||||||||||||||||||||||||||||||||||||||||||||||||||||||||||||||||||
STOPPING RULES
SDDP.TimeLimit(14400.0)
SDDP.BoundStalling(20, 0.0001)
||||||||||||||||||||||||||||||||||||||||||||||||||||||||||||||||||||||||||||||||||||||||||||||||||||||||||||||||||||||||||||||||||||||||
REGULARIZATION
DynamicSDDiP.NoRegularization()
||||||||||||||||||||||||||||||||||||||||||||||||||||||||||||||||||||||||||||||||||||||||||||||||||||||||||||||||||||||||||||||||||||||||
CUT GENERATION REGIMES
DynamicSDDiP.CutGenerationRegime(DynamicSDDiP.NoStateApproximation(), DynamicSDDiP.StrengthenedDuality(), 1, Inf, Inf, 0.0, true, 0.0001)

DynamicSDDiP.CutGenerationRegime(DynamicSDDiP.NoStateApproximation(), DynamicSDDiP.UnifiedLagrangianDuality(0.01, 0.01, 100, DynamicSDDiP.ZeroDuals(), DynamicSDDiP.BothBounds(), DynamicSDDiP.LevelBundle(0.5, true, false), DynamicSDDiP.StandardChoice(), DynamicSDDiP.Lax(), DynamicSDDiP.L∞_Deep(), DynamicSDDiP.NoDualSpaceRestriction(), DynamicSDDiP.StateSpaceCopy(), nothing, nothing), 21, Inf, Inf, 0.0, true, 0.0001)

||||||||||||||||||||||||||||||||||||||||||||||||||||||||||||||||||||||||||||||||||||||||||||||||||||||||||||||||||||||||||||||||||||||||
CUT AGGREGATION
DynamicSDDiP.MultiCutRegime()
||||||||||||||||||||||||||||||||||||||||||||||||||||||||||||||||||||||||||||||||||||||||||||||||||||||||||||||||||||||||||||||||||||||||
CUT SELECTION
DynamicSDDiP.NoCutSelection()
||||||||||||||||||||||||||||||||||||||||||||||||||||||||||||||||||||||||||||||||||||||||||||||||||||||||||||||||||||||||||||||||||||||||
LATE BINARIZATION
DynamicSDDiP.NoLateBinarization()
||||||||||||||||||||||||||||||||||||||||||||||||||||||||||||||||||||||||||||||||||||||||||||||||||||||||||||||||||||||||||||||||||||||||
APPLIED SOLVERS (LP, MILP, MIQCP, MINLP, NLP, Lagrange)
DynamicSDDiP.AppliedSolvers(true, "Gurobi", "Gurobi", "Gurobi", "Gurobi", "Gurobi", "Gurobi", "Gurobi", "Gurobi", "Gurobi", 0.0001, 300)
DynamicSDDiP.Direct_Solver()
Numerical focus: false
Silent: true
||||||||||||||||||||||||||||||||||||||||||||||||||||||||||||||||||||||||||||||||||||||||||||||||||||||||||||||||||||||||||||||||||||||||
SAMPLING
Used seed for sampling scenarios: 
11111     
||||||||||||||||||||||||||||||||||||||||||||||||||||||||||||||||||||||||||||||||||||||||||||||||||||||||||||||||||||||||||||||||||||||||
RUN DESCRIPTION

||||||||||||||||||||||||||||||||||||||||||||||||||||||||||||||||||||||||||||||||||||||||||||||||||||||||||||||||||||||||||||||||||||||||
PROBLEM DESCRIPTION
Number of stages: 100
Number of realizations per stage: 20
Seed for scenario tree sampling: 12345
Solver: serial mode

────────────────────────────────────────────────────────────────────────────────────────────────────────────────────────────────────────────────────────────────────────────────────────────────────────
It.#               UB        Best UB             LB       Gap           Time        It_Time           Refinements                            #Var.   #Constr.             #Cuts       Lagrangian Dual                                               
                                                          [%]            [s]            [s]          σ       Bin.      Total      {0,1}          ℤ      Total    Total   Active      # It.    # C-It.  # C-Real.  
────────────────────────────────────────────────────────────────────────────────────────────────────────────────────────────────────────────────────────────────────────────────────────────────────────
1        7.872916e+04   7.872916e+04   5.554753e+04    0.2944   4.801600e+01   4.801600e+01      false       none        902         48        800         48     1980     1980          0          0          0
2        7.796655e+04   7.796655e+04   5.567516e+04    0.2859   1.082500e+02   6.023400e+01      false       none        902         48        800         48     3960     3960          0          0          0
3        7.876673e+04   7.796655e+04   5.590444e+04    0.2830   1.775780e+02   6.932800e+01      false       none        902         48        800         48     5940     5940          0          0          0
4        7.802403e+04   7.796655e+04   5.602776e+04    0.2814   2.637820e+02   8.620400e+01      false       none        902         48        800         48     7920     7920          0          0          0
5        7.916194e+04   7.796655e+04   5.612646e+04    0.2801   3.661570e+02   1.023750e+02      false       none        902         48        800         48     9900     9900          0          0          0
6        7.656107e+04   7.656107e+04   5.629295e+04    0.2647   4.672660e+02   1.011090e+02      false       none        902         48        800         48    11877    11877          0          0          0
7        7.695479e+04   7.656107e+04   5.642391e+04    0.2630   5.730160e+02   1.057500e+02      false       none        902         48        800         48    13857    13857          0          0          0
8        7.820964e+04   7.656107e+04   5.649058e+04    0.2622   6.798600e+02   1.068440e+02      false       none        902         48        800         48    15836    15836          0          0          0
9        7.922868e+04   7.656107e+04   5.665170e+04    0.2600   7.954540e+02   1.155940e+02      false       none        902         48        800         48    17816    17816          0          0          0
10       7.874603e+04   7.656107e+04   5.678979e+04    0.2582   9.096570e+02   1.142030e+02      false       none        902         48        800         48    19796    19796          0          0          0
11       7.881847e+04   7.656107e+04   5.692583e+04    0.2565   1.030845e+03   1.211880e+02      false       none        902         48        800         48    21776    21776          0          0          0
12       7.950817e+04   7.656107e+04   5.701206e+04    0.2553   1.158345e+03   1.275000e+02      false       none        902         48        800         48    23755    23755          0          0          0
13       7.910329e+04   7.656107e+04   5.715114e+04    0.2535   1.288548e+03   1.302030e+02      false       none        902         48        800         48    25734    25734          0          0          0
14       7.897654e+04   7.656107e+04   5.721445e+04    0.2527   1.419439e+03   1.308910e+02      false       none        902         48        800         48    27709    27709          0          0          0
15       8.017442e+04   7.656107e+04   5.730585e+04    0.2515   1.548392e+03   1.289530e+02      false       none        902         48        800         48    29687    29687          0          0          0
16       7.867035e+04   7.656107e+04   5.745686e+04    0.2495   1.681408e+03   1.330160e+02      false       none        902         48        800         48    31665    31665          0          0          0
17       7.866990e+04   7.656107e+04   5.757817e+04    0.2479   1.811753e+03   1.303450e+02      false       none        902         48        800         48    33643    33643          0          0          0
18       7.696431e+04   7.656107e+04   5.772199e+04    0.2461   1.949550e+03   1.377970e+02      false       none        902         48        800         48    35622    35622          0          0          0
19       7.877741e+04   7.656107e+04   5.789510e+04    0.2438   2.085394e+03   1.358440e+02      false       none        902         48        800         48    37601    37601          0          0          0
20       7.832969e+04   7.656107e+04   5.800393e+04    0.2424   2.218456e+03   1.330620e+02      false       none        902         48        800         48    39579    39579          0          0          0
21       8.026455e+04   7.656107e+04   6.299727e+04    0.1772   2.782644e+03   5.641880e+02      false       none        902         48        800         48    43539    43539       5407       5407       1979
22       7.517964e+04   7.517964e+04   6.349249e+04    0.1555   3.415255e+03   6.326110e+02      false       none        902         48        800         48    47497    47497       6031       6031       1979
23       7.873483e+04   7.517964e+04   6.363811e+04    0.1535   4.079380e+03   6.641250e+02      false       none        902         48        800         48    51457    51457       7543       7543       1979
24       7.621293e+04   7.517964e+04   6.379431e+04    0.1514   4.773303e+03   6.939230e+02      false       none        902         48        800         48    55415    55415       7914       7914       1979
25       7.716380e+04   7.517964e+04   6.386546e+04    0.1505   5.535367e+03   7.620640e+02      false       none        902         48        800         48    59359    59359       8879       8879       1979
26       7.601428e+04   7.517964e+04   6.393395e+04    0.1496   6.316024e+03   7.806570e+02      false       none        902         48        800         48    63307    63307       8933       8933       1979
27       7.654931e+04   7.517964e+04   6.401214e+04    0.1485   7.158947e+03   8.429230e+02      false       none        902         48        800         48    67260    67260       9649       9649       1979
28       7.726529e+04   7.517964e+04   6.407372e+04    0.1477   8.051589e+03   8.926420e+02      false       none        902         48        800         48    71189    71189      10105      10105       1979
29       7.906034e+04   7.517964e+04   6.413452e+04    0.1469   8.909184e+03   8.575950e+02      false       none        902         48        800         48    75137    75137       9690       9690       1979
30       7.838373e+04   7.517964e+04   6.421031e+04    0.1459   9.832232e+03   9.230480e+02      false       none        902         48        800         48    79082    79082      10292      10292       1979
31       7.651312e+04   7.517964e+04   6.427810e+04    0.1450   1.081050e+04   9.782670e+02      false       none        902         48        800         48    83009    83009      10918      10918       1979
32       7.831077e+04   7.517964e+04   6.437312e+04    0.1437   1.180647e+04   9.959700e+02      false       none        902         48        800         48    86940    86940      10808      10808       1979
33       7.671519e+04   7.517964e+04   6.443153e+04    0.1430   1.281264e+04   1.006173e+03      false       none        902         48        800         48    90884    90884      11024      11024       1979
34       7.732623e+04   7.517964e+04   6.450161e+04    0.1420   1.383333e+04   1.020689e+03      false       none        902         48        800         48    94819    94819      10996      10996       1979
35       7.659707e+04   7.517964e+04   6.455789e+04    0.1413   1.489643e+04   1.063095e+03      false       none        902         48        800         48    98753    98753      11231      11231       1979

Terminating DynamicSDDiP with status: time_limit
------------------------------------------------------------------------------
 ────────────────────────────────────────────────────────────────────────────────
                                        Time                    Allocations      
                               ───────────────────────   ────────────────────────
       Tot / % measured:            4.14h / 100.0%            193GiB /  99.8%    

 Section               ncalls     time    %tot     avg     alloc    %tot      avg
 ────────────────────────────────────────────────────────────────────────────────
 loop                       1    4.14h  100.0%   4.14h    193GiB  100.0%   193GiB
   iterations              35    4.14h  100.0%    426s    193GiB  100.0%  5.50GiB
     backward_pass         35    4.07h   98.4%    419s    192GiB   99.9%  5.50GiB
       solve_BP         99.0k    4.07h   98.4%   148ms    192GiB   99.6%  1.99MiB
         solve_dual     99.0k    4.07h   98.4%   148ms    191GiB   99.4%  1.98MiB
           solve_la...  29.7k    2.15h   52.0%   261ms   79.5GiB   41.3%  2.74MiB
             inner_sol   139k    2.10h   50.8%  54.2ms   58.8GiB   30.5%   442KiB
               solv...   139k    2.05h   49.6%  53.0ms   0.99GiB    0.5%  7.41KiB
             bundle...   139k    89.7s    0.6%   643μs    259MiB    0.1%  1.90KiB
             outer_sol   139k    37.0s    0.2%   265μs   2.40GiB    1.2%  18.0KiB
             init_a...  29.7k    9.15s    0.1%   308μs   3.84GiB    2.0%   136KiB
             add_cut     139k    5.30s    0.0%  38.0μs   1.44GiB    0.7%  10.8KiB
             relax_...  29.7k    3.52s    0.0%   119μs    660MiB    0.3%  22.8KiB
             restor...  29.7k    2.23s    0.0%  75.2μs    285MiB    0.1%  9.83KiB
             conver...  29.7k   85.9ms    0.0%  2.89μs   5.89MiB    0.0%     208B
             minima...  29.7k   16.6ms    0.0%   558ns     0.00B    0.0%    0.00B
           solver_c...  69.3k    1.14h   27.5%  59.1ms    674MiB    0.3%  10.0KiB
           solve_pr...  29.7k    2253s   15.1%  75.9ms    400MiB    0.2%  13.8KiB
           LP_relax...  69.3k     528s    3.5%  7.62ms   90.4GiB   47.0%  1.34MiB
             solver...  69.3k     150s    1.0%  2.17ms    377MiB    0.2%  5.57KiB
           dual_ini...  29.7k   31.1ms    0.0%  1.05μs   5.89MiB    0.0%     208B
         space_change    198k   88.7ms    0.0%   448ns     0.00B    0.0%    0.00B
       update_bellman   4.95k    1.02s    0.0%   207μs    376MiB    0.2%  77.8KiB
         cut_selection  98.8k   41.3ms    0.0%   419ns   7.12MiB    0.0%    75.6B
     forward_pass          35     234s    1.6%   6.67s    229MiB    0.1%  6.53MiB
       solve_subpro...  3.50k     233s    1.6%  66.7ms    220MiB    0.1%  64.3KiB
         solver_cal...  3.50k     233s    1.6%  66.5ms    148MiB    0.1%  43.2KiB
     calculate_bound       35    348ms    0.0%  9.95ms   7.19MiB    0.0%   210KiB
       solver_call_...     35    316ms    0.0%  9.03ms   70.3KiB    0.0%  2.01KiB
 ────────────────────────────────────────────────────────────────────────────────

||||||||||||||||||||||||||||||||||||||||||||||||||||||||||||||||||||||||||||||||||||||||||||||||||||||||||||||||||||||||||||||||||||||||
LAGRANGIAN DUAL SOLUTION RESULTS
mn_opt: 0 times (0.0%)
conv: 0 times (0.0%)
unbounded: 0 times (0.0%)
bound_issues: 0 times (0.0%)
subgr_stalling: 0 times (0.0%)
opt: 29685 times (100.0%)
feas_issues: 0 times (0.0%)
sub: 0 times (0.0%)
mn_iter: 0 times (0.0%)
iter: 0 times (0.0%)
mn_issue: 0 times (0.0%)
