
#########################################################################################################################################
#########################################################################################################################################
#########################################################################################################################################
#########################################################################################################################################
#########################################################################################################################################
DynamicSDDiP.jl (c) Christian Füllner, 2021
re-uses code from SDDP.jl (c) Oscar Dowson, 2017-21
||||||||||||||||||||||||||||||||||||||||||||||||||||||||||||||||||||||||||||||||||||||||||||||||||||||||||||||||||||||||||||||||||||||||
PATH
calling 
C:\Users\cg4102\.julia\packages\DynamicSDDiP\lmwtn\src
nothing
DATETIME
2025-09-19T11:48:39.743
||||||||||||||||||||||||||||||||||||||||||||||||||||||||||||||||||||||||||||||||||||||||||||||||||||||||||||||||||||||||||||||||||||||||
STOPPING RULES
SDDP.TimeLimit(14400.0)
SDDP.BoundStalling(20, 0.0001)
||||||||||||||||||||||||||||||||||||||||||||||||||||||||||||||||||||||||||||||||||||||||||||||||||||||||||||||||||||||||||||||||||||||||
REGULARIZATION
DynamicSDDiP.NoRegularization()
||||||||||||||||||||||||||||||||||||||||||||||||||||||||||||||||||||||||||||||||||||||||||||||||||||||||||||||||||||||||||||||||||||||||
CUT GENERATION REGIMES
DynamicSDDiP.CutGenerationRegime(DynamicSDDiP.NoStateApproximation(), DynamicSDDiP.UnifiedLagrangianDuality(0.01, 0.01, 100, DynamicSDDiP.ZeroDuals(), DynamicSDDiP.BothBounds(), DynamicSDDiP.LevelBundle(0.5, true, false), DynamicSDDiP.StandardChoice(), DynamicSDDiP.Lax(), DynamicSDDiP.Core_Conv(0.5, DynamicSDDiP.StateSpaceCopy(), DynamicSDDiP.NoIntegerRelax(), DynamicSDDiP.Unbounded_Opt_SB(true), DynamicSDDiP.NoImprovement(), true), DynamicSDDiP.NoDualSpaceRestriction(), DynamicSDDiP.StateSpaceCopy(), nothing, nothing), 21, Inf, Inf, 0.0, true, 0.0001)

DynamicSDDiP.CutGenerationRegime(DynamicSDDiP.NoStateApproximation(), DynamicSDDiP.StrengthenedDuality(), 1, Inf, Inf, 0.0, true, 0.0001)

||||||||||||||||||||||||||||||||||||||||||||||||||||||||||||||||||||||||||||||||||||||||||||||||||||||||||||||||||||||||||||||||||||||||
CUT AGGREGATION
DynamicSDDiP.MultiCutRegime()
||||||||||||||||||||||||||||||||||||||||||||||||||||||||||||||||||||||||||||||||||||||||||||||||||||||||||||||||||||||||||||||||||||||||
CUT SELECTION
DynamicSDDiP.NoCutSelection()
||||||||||||||||||||||||||||||||||||||||||||||||||||||||||||||||||||||||||||||||||||||||||||||||||||||||||||||||||||||||||||||||||||||||
LATE BINARIZATION
DynamicSDDiP.NoLateBinarization()
||||||||||||||||||||||||||||||||||||||||||||||||||||||||||||||||||||||||||||||||||||||||||||||||||||||||||||||||||||||||||||||||||||||||
APPLIED SOLVERS (LP, MILP, MIQCP, MINLP, NLP, Lagrange)
DynamicSDDiP.AppliedSolvers(true, "Gurobi", "Gurobi", "Gurobi", "Gurobi", "Gurobi", "Gurobi", "Gurobi", "Gurobi", "Gurobi", 0.0001, 300)
DynamicSDDiP.Direct_Solver()
Numerical focus: false
Silent: true
||||||||||||||||||||||||||||||||||||||||||||||||||||||||||||||||||||||||||||||||||||||||||||||||||||||||||||||||||||||||||||||||||||||||
SAMPLING
Used seed for sampling scenarios: 
11111     
||||||||||||||||||||||||||||||||||||||||||||||||||||||||||||||||||||||||||||||||||||||||||||||||||||||||||||||||||||||||||||||||||||||||
RUN DESCRIPTION

||||||||||||||||||||||||||||||||||||||||||||||||||||||||||||||||||||||||||||||||||||||||||||||||||||||||||||||||||||||||||||||||||||||||
PROBLEM DESCRIPTION
Number of stages: 100
Number of realizations per stage: 20
Seed for scenario tree sampling: 12345
Solver: serial mode

────────────────────────────────────────────────────────────────────────────────────────────────────────────────────────────────────────────────────────────────────────────────────────────────────────
It.#               UB        Best UB             LB       Gap           Time        It_Time           Refinements                            #Var.   #Constr.             #Cuts       Lagrangian Dual                                               
                                                          [%]            [s]            [s]          σ       Bin.      Total      {0,1}          ℤ      Total    Total   Active      # It.    # C-It.  # C-Real.  
────────────────────────────────────────────────────────────────────────────────────────────────────────────────────────────────────────────────────────────────────────────────────────────────────────
1        7.872916e+04   7.872916e+04   5.554210e+04    0.2945   8.551700e+01   8.551700e+01      false       none        902         48        800         48     1980     1980          0          0          0
2        7.796655e+04   7.796655e+04   5.567001e+04    0.2860   1.897750e+02   1.042580e+02      false       none        902         48        800         48     3960     3960          0          0          0
3        7.873529e+04   7.796655e+04   5.590046e+04    0.2830   3.077310e+02   1.179560e+02      false       none        902         48        800         48     5940     5940          0          0          0
4        7.800547e+04   7.796655e+04   5.602344e+04    0.2814   4.216470e+02   1.139160e+02      false       none        902         48        800         48     7920     7920          0          0          0
5        7.915720e+04   7.796655e+04   5.612614e+04    0.2801   5.454080e+02   1.237610e+02      false       none        902         48        800         48     9900     9900          0          0          0
6        7.651889e+04   7.651889e+04   5.629155e+04    0.2643   6.820890e+02   1.366810e+02      false       none        902         48        800         48    11877    11877          0          0          0
7        7.712939e+04   7.651889e+04   5.642247e+04    0.2626   8.263450e+02   1.442560e+02      false       none        902         48        800         48    13857    13857          0          0          0
8        7.850068e+04   7.651889e+04   5.649387e+04    0.2617   9.731630e+02   1.468180e+02      false       none        902         48        800         48    15836    15836          0          0          0
9        7.949172e+04   7.651889e+04   5.669276e+04    0.2591   1.133260e+03   1.600970e+02      false       none        902         48        800         48    17816    17816          0          0          0
10       7.859975e+04   7.651889e+04   5.681089e+04    0.2576   1.291906e+03   1.586460e+02      false       none        902         48        800         48    19796    19796          0          0          0
11       7.892271e+04   7.651889e+04   5.688754e+04    0.2566   1.457400e+03   1.654940e+02      false       none        902         48        800         48    21776    21776          0          0          0
12       7.964451e+04   7.651889e+04   5.698234e+04    0.2553   1.630718e+03   1.733180e+02      false       none        902         48        800         48    23755    23755          0          0          0
13       7.838926e+04   7.651889e+04   5.711016e+04    0.2536   1.800514e+03   1.697960e+02      false       none        902         48        800         48    25734    25734          0          0          0
14       7.819831e+04   7.651889e+04   5.719182e+04    0.2526   1.978466e+03   1.779520e+02      false       none        902         48        800         48    27710    27710          0          0          0
15       7.900830e+04   7.651889e+04   5.739876e+04    0.2499   2.156432e+03   1.779660e+02      false       none        902         48        800         48    29688    29688          0          0          0
16       7.878035e+04   7.651889e+04   5.757721e+04    0.2475   2.341296e+03   1.848640e+02      false       none        902         48        800         48    31666    31666          0          0          0
17       7.870037e+04   7.651889e+04   5.769298e+04    0.2460   2.528963e+03   1.876670e+02      false       none        902         48        800         48    33644    33644          0          0          0
18       7.579645e+04   7.579645e+04   5.779315e+04    0.2375   2.722010e+03   1.930470e+02      false       none        902         48        800         48    35623    35623          0          0          0
19       7.833603e+04   7.579645e+04   5.791895e+04    0.2359   2.917470e+03   1.954600e+02      false       none        902         48        800         48    37602    37602          0          0          0
20       7.834505e+04   7.579645e+04   5.799448e+04    0.2349   3.108143e+03   1.906730e+02      false       none        902         48        800         48    39580    39580          0          0          0
21       8.059036e+04   7.579645e+04   6.945281e+04    0.0837   5.042960e+03   1.934817e+03      false       none        902         48        800         48    43540    43540      30073      29735       1956
22       7.565336e+04   7.565336e+04   7.418975e+04    0.0193   7.510473e+03   2.467513e+03      false       none        902         48        800         48    47478    47478      33369      33219       1968
23       7.632086e+04   7.565336e+04   7.500681e+04    0.0085   1.065942e+04   3.148947e+03      false       none        902         48        800         48    51373    51373      39952      39771       1963
24       7.549601e+04   7.549601e+04   7.517298e+04    0.0043   1.435257e+04   3.693150e+03      false       none        902         48        800         48    55142    55142      46689      46515       1962
25       7.472342e+04   7.472342e+04   7.520683e+04    0.0064   1.838685e+04   4.034281e+03      false       none        902         48        800         48    58836    58836      50487      50210       1956

Terminating DynamicSDDiP with status: time_limit
------------------------------------------------------------------------------
────────────────────────────────────────────────────────────────────────────────
                                       Time                    Allocations      
                              ───────────────────────   ────────────────────────
      Tot / % measured:            5.11h / 100.0%            221GiB /  99.7%    

Section               ncalls     time    %tot     avg     alloc    %tot      avg
────────────────────────────────────────────────────────────────────────────────
loop                       1    5.11h  100.0%   5.11h    220GiB  100.0%   220GiB
  iterations              25    5.11h  100.0%    735s    220GiB  100.0%  8.80GiB
    backward_pass         25    5.07h   99.4%    731s    219GiB   99.3%  8.75GiB
      solve_BP         59.4k    5.07h   99.3%   307ms    218GiB   99.0%  3.76MiB
        solve_dual     59.4k    5.07h   99.3%   307ms    218GiB   98.9%  3.75MiB
          solve_la...  9.88k    3.72h   72.8%   1.35s    107GiB   48.7%  11.1MiB
            inner_sol   201k    3.62h   70.9%  65.0ms   86.9GiB   39.5%   454KiB
              solv...   201k    3.55h   69.6%  63.8ms   2.28GiB    1.0%  11.9KiB
            bundle...   201k     218s    1.2%  1.09ms    445MiB    0.2%  2.27KiB
            outer_sol   201k    60.8s    0.3%   303μs   1.01GiB    0.5%  5.29KiB
            add_cut     201k    9.46s    0.1%  47.1μs   2.74GiB    1.2%  14.3KiB
            init_a...  9.88k    3.43s    0.0%   347μs   1.36GiB    0.6%   144KiB
            restor...  9.88k    838ms    0.0%  84.8μs   96.5MiB    0.0%  10.0KiB
            relax_...  9.88k    801ms    0.0%  81.0μs    228MiB    0.1%  23.6KiB
            conver...  9.88k    114ms    0.0%  11.6μs   18.3MiB    0.0%  1.89KiB
            minima...  9.80k   6.69ms    0.0%   683ns     0.00B    0.0%    0.00B
          solve_pr...  79.2k    2238s   12.2%  28.2ms    514MiB    0.2%  6.64KiB
          solver_c...  49.5k    1592s    8.7%  32.2ms    325MiB    0.1%  6.72KiB
          solve_core   9.90k     471s    2.6%  47.5ms   87.4MiB    0.0%  9.04KiB
          LP_relax...  49.5k     419s    2.3%  8.45ms   64.8GiB   29.4%  1.34MiB
            solver...  49.5k    92.6s    0.5%  1.87ms    256MiB    0.1%  5.30KiB
          dual_ini...  9.90k   17.9ms    0.0%  1.80μs   1.96MiB    0.0%     208B
        space_change    119k   33.4ms    0.0%   281ns     0.00B    0.0%    0.00B
      update_bellman   2.97k    10.7s    0.1%  3.61ms    490MiB    0.2%   169KiB
        cut_selection  58.8k   49.6ms    0.0%   843ns   3.85MiB    0.0%    68.6B
    forward_pass          25     114s    0.6%   4.54s   1.40GiB    0.6%  57.4MiB
      solve_subpro...  2.50k     113s    0.6%  45.4ms   1.39GiB    0.6%   585KiB
        solver_cal...  2.50k     112s    0.6%  44.9ms   1.28GiB    0.6%   537KiB
    calculate_bound       25    296ms    0.0%  11.8ms   15.1MiB    0.0%   617KiB
      solver_call_...     25    170ms    0.0%  6.80ms   50.5KiB    0.0%  2.02KiB
────────────────────────────────────────────────────────────────────────────────

||||||||||||||||||||||||||||||||||||||||||||||||||||||||||||||||||||||||||||||||||||||||||||||||||||||||||||||||||||||||||||||||||||||||
LAGRANGIAN DUAL SOLUTION RESULTS
mn_opt: 0 times (0.0%)
conv: 0 times (0.0%)
unbounded: 16 times (0.2%)
bound_issues: 79 times (0.8%)
subgr_stalling: 0 times (0.0%)
opt: 9805 times (99.0%)
feas_issues: 0 times (0.0%)
sub: 0 times (0.0%)
mn_iter: 0 times (0.0%)
iter: 0 times (0.0%)
mn_issue: 0 times (0.0%)

||||||||||||||||||||||||||||||||||||||||||||||||||||||||||||||||||||||||||||||||||||||||||||||||||||||||||||||||||||||||||||||||||||||||
SIMULATION RESULTS
DynamicSDDiP.Simulation(DynamicSDDiP.InSampleMonteCarlo(), 1000)
Lower bound: 75206.82685619323
Statistical upper bound (confidence interval): 75372.224564849 ± 70.1072752884841
Pessimistic upper bound: 75442.33184013749
