

#########################################################################################################################################
#########################################################################################################################################
#########################################################################################################################################
#########################################################################################################################################
#########################################################################################################################################
DynamicSDDiP.jl (c) Christian Füllner, 2021
re-uses code from SDDP.jl (c) Oscar Dowson, 2017-21
||||||||||||||||||||||||||||||||||||||||||||||||||||||||||||||||||||||||||||||||||||||||||||||||||||||||||||||||||||||||||||||||||||||||
PATH
calling 
C:\Users\cg4102\.julia\packages\DynamicSDDiP\lmwtn\src
nothing
DATETIME
2025-09-19T22:59:12.554
||||||||||||||||||||||||||||||||||||||||||||||||||||||||||||||||||||||||||||||||||||||||||||||||||||||||||||||||||||||||||||||||||||||||
STOPPING RULES
SDDP.TimeLimit(14400.0)
SDDP.BoundStalling(20, 0.0001)
||||||||||||||||||||||||||||||||||||||||||||||||||||||||||||||||||||||||||||||||||||||||||||||||||||||||||||||||||||||||||||||||||||||||
REGULARIZATION
DynamicSDDiP.NoRegularization()
||||||||||||||||||||||||||||||||||||||||||||||||||||||||||||||||||||||||||||||||||||||||||||||||||||||||||||||||||||||||||||||||||||||||
CUT GENERATION REGIMES
DynamicSDDiP.CutGenerationRegime(DynamicSDDiP.NoStateApproximation(), DynamicSDDiP.UnifiedLagrangianDuality(0.01, 0.01, 100, DynamicSDDiP.ZeroDuals(), DynamicSDDiP.BothBounds(), DynamicSDDiP.LevelBundle(0.5, true, false), DynamicSDDiP.StandardChoice(), DynamicSDDiP.Lax(), DynamicSDDiP.Core_Conv(0.9, DynamicSDDiP.StateSpaceCopy(), DynamicSDDiP.NoIntegerRelax(), DynamicSDDiP.Unbounded_Opt_SB(true), DynamicSDDiP.NoImprovement(), true), DynamicSDDiP.NoDualSpaceRestriction(), DynamicSDDiP.StateSpaceCopy(), nothing, nothing), 21, Inf, Inf, 0.0, true, 0.0001)

DynamicSDDiP.CutGenerationRegime(DynamicSDDiP.NoStateApproximation(), DynamicSDDiP.StrengthenedDuality(), 1, Inf, Inf, 0.0, true, 0.0001)

||||||||||||||||||||||||||||||||||||||||||||||||||||||||||||||||||||||||||||||||||||||||||||||||||||||||||||||||||||||||||||||||||||||||
CUT AGGREGATION
DynamicSDDiP.MultiCutRegime()
||||||||||||||||||||||||||||||||||||||||||||||||||||||||||||||||||||||||||||||||||||||||||||||||||||||||||||||||||||||||||||||||||||||||
CUT SELECTION
DynamicSDDiP.NoCutSelection()
||||||||||||||||||||||||||||||||||||||||||||||||||||||||||||||||||||||||||||||||||||||||||||||||||||||||||||||||||||||||||||||||||||||||
LATE BINARIZATION
DynamicSDDiP.NoLateBinarization()
||||||||||||||||||||||||||||||||||||||||||||||||||||||||||||||||||||||||||||||||||||||||||||||||||||||||||||||||||||||||||||||||||||||||
APPLIED SOLVERS (LP, MILP, MIQCP, MINLP, NLP, Lagrange)
DynamicSDDiP.AppliedSolvers(true, "Gurobi", "Gurobi", "Gurobi", "Gurobi", "Gurobi", "Gurobi", "Gurobi", "Gurobi", "Gurobi", 0.0001, 300)
DynamicSDDiP.Direct_Solver()
Numerical focus: false
Silent: true
||||||||||||||||||||||||||||||||||||||||||||||||||||||||||||||||||||||||||||||||||||||||||||||||||||||||||||||||||||||||||||||||||||||||
SAMPLING
Used seed for sampling scenarios: 
11111     
||||||||||||||||||||||||||||||||||||||||||||||||||||||||||||||||||||||||||||||||||||||||||||||||||||||||||||||||||||||||||||||||||||||||
RUN DESCRIPTION

||||||||||||||||||||||||||||||||||||||||||||||||||||||||||||||||||||||||||||||||||||||||||||||||||||||||||||||||||||||||||||||||||||||||
PROBLEM DESCRIPTION
Number of stages: 100
Number of realizations per stage: 20
Seed for scenario tree sampling: 12345
Solver: serial mode

────────────────────────────────────────────────────────────────────────────────────────────────────────────────────────────────────────────────────────────────────────────────────────────────────────
It.#               UB        Best UB             LB       Gap           Time        It_Time           Refinements                            #Var.   #Constr.             #Cuts       Lagrangian Dual                                               
                                                          [%]            [s]            [s]          σ       Bin.      Total      {0,1}          ℤ      Total    Total   Active      # It.    # C-It.  # C-Real.  
────────────────────────────────────────────────────────────────────────────────────────────────────────────────────────────────────────────────────────────────────────────────────────────────────────
1        7.872916e+04   7.872916e+04   5.554210e+04    0.2945   6.891500e+01   6.891500e+01      false       none        902         48        800         48     1980     1980          0          0          0
2        7.796655e+04   7.796655e+04   5.567001e+04    0.2860   1.700800e+02   1.011650e+02      false       none        902         48        800         48     3960     3960          0          0          0
3        7.873529e+04   7.796655e+04   5.590046e+04    0.2830   2.857000e+02   1.156200e+02      false       none        902         48        800         48     5940     5940          0          0          0
4        7.800547e+04   7.796655e+04   5.602344e+04    0.2814   3.978820e+02   1.121820e+02      false       none        902         48        800         48     7920     7920          0          0          0
5        7.915720e+04   7.796655e+04   5.612614e+04    0.2801   5.189730e+02   1.210910e+02      false       none        902         48        800         48     9900     9900          0          0          0
6        7.651889e+04   7.651889e+04   5.629155e+04    0.2643   6.522970e+02   1.333240e+02      false       none        902         48        800         48    11877    11877          0          0          0
7        7.712939e+04   7.651889e+04   5.642247e+04    0.2626   8.277470e+02   1.754500e+02      false       none        902         48        800         48    13857    13857          0          0          0
8        7.850068e+04   7.651889e+04   5.649387e+04    0.2617   1.025535e+03   1.977880e+02      false       none        902         48        800         48    15836    15836          0          0          0
9        7.949172e+04   7.651889e+04   5.669276e+04    0.2591   1.225598e+03   2.000630e+02      false       none        902         48        800         48    17816    17816          0          0          0
10       7.859975e+04   7.651889e+04   5.681089e+04    0.2576   1.419732e+03   1.941340e+02      false       none        902         48        800         48    19796    19796          0          0          0
11       7.892271e+04   7.651889e+04   5.688754e+04    0.2566   1.626318e+03   2.065860e+02      false       none        902         48        800         48    21776    21776          0          0          0
12       7.964451e+04   7.651889e+04   5.698234e+04    0.2553   1.847399e+03   2.210810e+02      false       none        902         48        800         48    23755    23755          0          0          0
13       7.838926e+04   7.651889e+04   5.711016e+04    0.2536   2.060725e+03   2.133260e+02      false       none        902         48        800         48    25734    25734          0          0          0
14       7.819831e+04   7.651889e+04   5.719182e+04    0.2526   2.281059e+03   2.203340e+02      false       none        902         48        800         48    27710    27710          0          0          0
15       7.900830e+04   7.651889e+04   5.739876e+04    0.2499   2.501169e+03   2.201100e+02      false       none        902         48        800         48    29688    29688          0          0          0
16       7.878035e+04   7.651889e+04   5.757721e+04    0.2475   2.729880e+03   2.287110e+02      false       none        902         48        800         48    31666    31666          0          0          0
17       7.870037e+04   7.651889e+04   5.769298e+04    0.2460   2.959596e+03   2.297160e+02      false       none        902         48        800         48    33644    33644          0          0          0
18       7.579645e+04   7.579645e+04   5.779315e+04    0.2375   3.192382e+03   2.327860e+02      false       none        902         48        800         48    35623    35623          0          0          0
19       7.833603e+04   7.579645e+04   5.791895e+04    0.2359   3.426602e+03   2.342200e+02      false       none        902         48        800         48    37602    37602          0          0          0
20       7.834505e+04   7.579645e+04   5.799448e+04    0.2349   3.653849e+03   2.272470e+02      false       none        902         48        800         48    39580    39580          0          0          0
21       8.059036e+04   7.579645e+04   6.246575e+04    0.1759   5.242364e+03   1.588515e+03      false       none        902         48        800         48    43540    43540      24511      24494       1979
22       7.677262e+04   7.579645e+04   6.630687e+04    0.1252   7.064932e+03   1.822568e+03      false       none        902         48        800         48    47466    47466      26619      26578       1977
23       7.660462e+04   7.579645e+04   6.938451e+04    0.0846   9.278068e+03   2.213136e+03      false       none        902         48        800         48    51349    51349      30582      30569       1978
24       7.595812e+04   7.579645e+04   7.207722e+04    0.0491   1.202975e+04   2.751682e+03      false       none        902         48        800         48    55254    55254      33566      33463       1972
25       7.585982e+04   7.579645e+04   7.383104e+04    0.0259   1.528263e+04   3.252885e+03      false       none        902         48        800         48    58423    58423      38090      37942       1965

Terminating DynamicSDDiP with status: time_limit
------------------------------------------------------------------------------
────────────────────────────────────────────────────────────────────────────────
                                       Time                    Allocations      
                              ───────────────────────   ────────────────────────
      Tot / % measured:            4.25h / 100.0%            193GiB /  99.8%    

Section               ncalls     time    %tot     avg     alloc    %tot      avg
────────────────────────────────────────────────────────────────────────────────
loop                       1    4.25h  100.0%   4.25h    193GiB  100.0%   193GiB
  iterations              25    4.25h  100.0%    611s    193GiB  100.0%  7.73GiB
    backward_pass         25    4.21h   99.2%    606s    193GiB   99.9%  7.72GiB
      solve_BP         59.4k    4.21h   99.1%   255ms    192GiB   99.6%  3.32MiB
        solve_dual     59.4k    4.21h   99.1%   255ms    192GiB   99.5%  3.31MiB
          solve_la...  9.90k    2.77h   65.3%   1.01s   82.2GiB   42.5%  8.50MiB
            inner_sol   153k    2.70h   63.7%  63.5ms   66.2GiB   34.2%   452KiB
              solv...   153k    2.65h   62.4%  62.2ms   1.55GiB    0.8%  10.6KiB
            bundle...   153k     151s    1.0%   984μs    309MiB    0.2%  2.06KiB
            outer_sol   153k    50.3s    0.3%   328μs   0.94GiB    0.5%  6.44KiB
            add_cut     153k    6.69s    0.0%  43.6μs   1.83GiB    0.9%  12.5KiB
            init_a...  9.90k    3.29s    0.0%   332μs   1.33GiB    0.7%   141KiB
            relax_...  9.90k    939ms    0.0%  94.9μs    230MiB    0.1%  23.8KiB
            restor...  9.90k    842ms    0.0%  85.1μs   96.6MiB    0.0%  10.0KiB
            conver...  9.90k   30.9ms    0.0%  3.13μs   1.97MiB    0.0%     209B
            minima...  9.87k   5.29ms    0.0%   536ns     0.00B    0.0%    0.00B
          solve_pr...  79.2k    2358s   15.4%  29.8ms    475MiB    0.2%  6.14KiB
          solver_c...  49.5k    1795s   11.7%  36.3ms    317MiB    0.2%  6.55KiB
          solve_core   9.90k     433s    2.8%  43.7ms   68.4MiB    0.0%  7.08KiB
          LP_relax...  49.5k     426s    2.8%  8.61ms   64.7GiB   33.5%  1.34MiB
            solver...  49.5k    97.1s    0.6%  1.96ms    253MiB    0.1%  5.24KiB
          dual_ini...  9.90k   17.7ms    0.0%  1.79μs   1.96MiB    0.0%     208B
        space_change    119k   29.4ms    0.0%   247ns     0.00B    0.0%    0.00B
      update_bellman   2.97k    10.6s    0.1%  3.57ms    468MiB    0.2%   161KiB
        cut_selection  58.4k   51.3ms    0.0%   877ns   3.84MiB    0.0%    68.9B
    forward_pass          25     122s    0.8%   4.87s    192MiB    0.1%  7.69MiB
      solve_subpro...  2.50k     122s    0.8%  48.6ms    186MiB    0.1%  76.1KiB
        solver_cal...  2.50k     121s    0.8%  48.5ms    131MiB    0.1%  53.7KiB
    calculate_bound       25    235ms    0.0%  9.41ms   5.14MiB    0.0%   210KiB
      solver_call_...     25    210ms    0.0%  8.38ms   51.0KiB    0.0%  2.04KiB
────────────────────────────────────────────────────────────────────────────────

||||||||||||||||||||||||||||||||||||||||||||||||||||||||||||||||||||||||||||||||||||||||||||||||||||||||||||||||||||||||||||||||||||||||
LAGRANGIAN DUAL SOLUTION RESULTS
mn_opt: 0 times (0.0%)
conv: 0 times (0.0%)
unbounded: 4 times (0.0%)
bound_issues: 25 times (0.3%)
subgr_stalling: 0 times (0.0%)
opt: 9871 times (99.7%)
feas_issues: 0 times (0.0%)
sub: 0 times (0.0%)
mn_iter: 0 times (0.0%)
iter: 0 times (0.0%)
mn_issue: 0 times (0.0%)
