

#########################################################################################################################################
#########################################################################################################################################
#########################################################################################################################################
#########################################################################################################################################
#########################################################################################################################################
DynamicSDDiP.jl (c) Christian Füllner, 2021
re-uses code from SDDP.jl (c) Oscar Dowson, 2017-21
||||||||||||||||||||||||||||||||||||||||||||||||||||||||||||||||||||||||||||||||||||||||||||||||||||||||||||||||||||||||||||||||||||||||
PATH
calling 
C:\Users\cg4102\.julia\packages\DynamicSDDiP\lmwtn\src
nothing
DATETIME
2025-09-20T03:14:22.96
||||||||||||||||||||||||||||||||||||||||||||||||||||||||||||||||||||||||||||||||||||||||||||||||||||||||||||||||||||||||||||||||||||||||
STOPPING RULES
SDDP.TimeLimit(14400.0)
SDDP.BoundStalling(20, 0.0001)
||||||||||||||||||||||||||||||||||||||||||||||||||||||||||||||||||||||||||||||||||||||||||||||||||||||||||||||||||||||||||||||||||||||||
REGULARIZATION
DynamicSDDiP.NoRegularization()
||||||||||||||||||||||||||||||||||||||||||||||||||||||||||||||||||||||||||||||||||||||||||||||||||||||||||||||||||||||||||||||||||||||||
CUT GENERATION REGIMES
DynamicSDDiP.CutGenerationRegime(DynamicSDDiP.NoStateApproximation(), DynamicSDDiP.UnifiedLagrangianDuality(0.01, 0.01, 100, DynamicSDDiP.ZeroDuals(), DynamicSDDiP.BothBounds(), DynamicSDDiP.LevelBundle(0.5, true, false), DynamicSDDiP.StandardChoice(), DynamicSDDiP.Lax(), DynamicSDDiP.Core_Conv(0.99, DynamicSDDiP.StateSpaceCopy(), DynamicSDDiP.NoIntegerRelax(), DynamicSDDiP.Unbounded_Opt_SB(true), DynamicSDDiP.NoImprovement(), true), DynamicSDDiP.NoDualSpaceRestriction(), DynamicSDDiP.StateSpaceCopy(), nothing, nothing), 21, Inf, Inf, 0.0, true, 0.0001)

DynamicSDDiP.CutGenerationRegime(DynamicSDDiP.NoStateApproximation(), DynamicSDDiP.StrengthenedDuality(), 1, Inf, Inf, 0.0, true, 0.0001)

||||||||||||||||||||||||||||||||||||||||||||||||||||||||||||||||||||||||||||||||||||||||||||||||||||||||||||||||||||||||||||||||||||||||
CUT AGGREGATION
DynamicSDDiP.MultiCutRegime()
||||||||||||||||||||||||||||||||||||||||||||||||||||||||||||||||||||||||||||||||||||||||||||||||||||||||||||||||||||||||||||||||||||||||
CUT SELECTION
DynamicSDDiP.NoCutSelection()
||||||||||||||||||||||||||||||||||||||||||||||||||||||||||||||||||||||||||||||||||||||||||||||||||||||||||||||||||||||||||||||||||||||||
LATE BINARIZATION
DynamicSDDiP.NoLateBinarization()
||||||||||||||||||||||||||||||||||||||||||||||||||||||||||||||||||||||||||||||||||||||||||||||||||||||||||||||||||||||||||||||||||||||||
APPLIED SOLVERS (LP, MILP, MIQCP, MINLP, NLP, Lagrange)
DynamicSDDiP.AppliedSolvers(true, "Gurobi", "Gurobi", "Gurobi", "Gurobi", "Gurobi", "Gurobi", "Gurobi", "Gurobi", "Gurobi", 0.0001, 300)
DynamicSDDiP.Direct_Solver()
Numerical focus: false
Silent: true
||||||||||||||||||||||||||||||||||||||||||||||||||||||||||||||||||||||||||||||||||||||||||||||||||||||||||||||||||||||||||||||||||||||||
SAMPLING
Used seed for sampling scenarios: 
11111     
||||||||||||||||||||||||||||||||||||||||||||||||||||||||||||||||||||||||||||||||||||||||||||||||||||||||||||||||||||||||||||||||||||||||
RUN DESCRIPTION

||||||||||||||||||||||||||||||||||||||||||||||||||||||||||||||||||||||||||||||||||||||||||||||||||||||||||||||||||||||||||||||||||||||||
PROBLEM DESCRIPTION
Number of stages: 100
Number of realizations per stage: 20
Seed for scenario tree sampling: 12345
Solver: serial mode

────────────────────────────────────────────────────────────────────────────────────────────────────────────────────────────────────────────────────────────────────────────────────────────────────────
It.#               UB        Best UB             LB       Gap           Time        It_Time           Refinements                            #Var.   #Constr.             #Cuts       Lagrangian Dual                                               
                                                          [%]            [s]            [s]          σ       Bin.      Total      {0,1}          ℤ      Total    Total   Active      # It.    # C-It.  # C-Real.  
────────────────────────────────────────────────────────────────────────────────────────────────────────────────────────────────────────────────────────────────────────────────────────────────────────
1        7.872916e+04   7.872916e+04   5.554210e+04    0.2945   7.028100e+01   7.028100e+01      false       none        902         48        800         48     1980     1980          0          0          0
2        7.796655e+04   7.796655e+04   5.567001e+04    0.2860   1.729640e+02   1.026830e+02      false       none        902         48        800         48     3960     3960          0          0          0
3        7.873529e+04   7.796655e+04   5.590046e+04    0.2830   2.902090e+02   1.172450e+02      false       none        902         48        800         48     5940     5940          0          0          0
4        7.800547e+04   7.796655e+04   5.602344e+04    0.2814   4.517620e+02   1.615530e+02      false       none        902         48        800         48     7920     7920          0          0          0
5        7.915720e+04   7.796655e+04   5.612614e+04    0.2801   6.083180e+02   1.565560e+02      false       none        902         48        800         48     9900     9900          0          0          0
6        7.651889e+04   7.651889e+04   5.629155e+04    0.2643   7.772460e+02   1.689280e+02      false       none        902         48        800         48    11877    11877          0          0          0
7        7.712939e+04   7.651889e+04   5.642247e+04    0.2626   9.536240e+02   1.763780e+02      false       none        902         48        800         48    13857    13857          0          0          0
8        7.850068e+04   7.651889e+04   5.649387e+04    0.2617   1.133650e+03   1.800260e+02      false       none        902         48        800         48    15836    15836          0          0          0
9        7.949172e+04   7.651889e+04   5.669276e+04    0.2591   1.331631e+03   1.979810e+02      false       none        902         48        800         48    17816    17816          0          0          0
10       7.859975e+04   7.651889e+04   5.681089e+04    0.2576   1.523099e+03   1.914680e+02      false       none        902         48        800         48    19796    19796          0          0          0
11       7.892271e+04   7.651889e+04   5.688754e+04    0.2566   1.725991e+03   2.028920e+02      false       none        902         48        800         48    21776    21776          0          0          0
12       7.964451e+04   7.651889e+04   5.698234e+04    0.2553   1.938398e+03   2.124070e+02      false       none        902         48        800         48    23755    23755          0          0          0
13       7.838926e+04   7.651889e+04   5.711016e+04    0.2536   2.147369e+03   2.089710e+02      false       none        902         48        800         48    25734    25734          0          0          0
14       7.819831e+04   7.651889e+04   5.719182e+04    0.2526   2.362050e+03   2.146810e+02      false       none        902         48        800         48    27710    27710          0          0          0
15       7.900830e+04   7.651889e+04   5.739876e+04    0.2499   2.575543e+03   2.134930e+02      false       none        902         48        800         48    29688    29688          0          0          0
16       7.878035e+04   7.651889e+04   5.757721e+04    0.2475   2.795997e+03   2.204540e+02      false       none        902         48        800         48    31666    31666          0          0          0
17       7.870037e+04   7.651889e+04   5.769298e+04    0.2460   3.019476e+03   2.234790e+02      false       none        902         48        800         48    33644    33644          0          0          0
18       7.579645e+04   7.579645e+04   5.779315e+04    0.2375   3.248300e+03   2.288240e+02      false       none        902         48        800         48    35623    35623          0          0          0
19       7.833603e+04   7.579645e+04   5.791895e+04    0.2359   3.477684e+03   2.293840e+02      false       none        902         48        800         48    37602    37602          0          0          0
20       7.834505e+04   7.579645e+04   5.799448e+04    0.2349   3.699746e+03   2.220620e+02      false       none        902         48        800         48    39580    39580          0          0          0
21       8.059036e+04   7.579645e+04   5.842119e+04    0.2292   6.008402e+03   2.308656e+03      false       none        902         48        800         48    43540    43540      31262      31262       1980
22       7.703490e+04   7.579645e+04   5.868242e+04    0.2258   8.572734e+03   2.564332e+03      false       none        902         48        800         48    47466    47466      32082      32082       1980
23       7.742360e+04   7.579645e+04   5.892456e+04    0.2226   1.131821e+04   2.745474e+03      false       none        902         48        800         48    51404    51404      32474      32474       1980
24       7.659281e+04   7.579645e+04   5.920480e+04    0.2189   1.409460e+04   2.776392e+03      false       none        902         48        800         48    55352    55352      32847      32847       1980
25       7.655050e+04   7.579645e+04   5.951746e+04    0.2148   1.681277e+04   2.718166e+03      false       none        902         48        800         48    59266    59266      32995      32981       1979

Terminating DynamicSDDiP with status: time_limit
------------------------------------------------------------------------------
────────────────────────────────────────────────────────────────────────────────
                                       Time                    Allocations      
                              ───────────────────────   ────────────────────────
      Tot / % measured:            4.67h / 100.0%            198GiB /  99.8%    

Section               ncalls     time    %tot     avg     alloc    %tot      avg
────────────────────────────────────────────────────────────────────────────────
loop                       1    4.67h  100.0%   4.67h    198GiB  100.0%   198GiB
  iterations              25    4.67h  100.0%    672s    198GiB  100.0%  7.92GiB
    backward_pass         25    4.64h   99.2%    667s    198GiB   99.9%  7.92GiB
      solve_BP         59.4k    4.63h   99.2%   281ms    197GiB   99.6%  3.40MiB
        solve_dual     59.4k    4.63h   99.2%   281ms    197GiB   99.5%  3.40MiB
          solve_la...  9.90k    3.18h   68.0%   1.16s   87.0GiB   43.9%  9.00MiB
            inner_sol   162k    3.11h   66.6%  69.2ms   70.4GiB   35.6%   457KiB
              solv...   162k    3.05h   65.4%  68.0ms   2.31GiB    1.2%  15.0KiB
            bundle...   162k     143s    0.8%   882μs    328MiB    0.2%  2.08KiB
            outer_sol   162k    48.4s    0.3%   299μs   0.95GiB    0.5%  6.16KiB
            add_cut     162k    7.03s    0.0%  43.5μs   1.80GiB    0.9%  11.7KiB
            init_a...  9.90k    3.27s    0.0%   330μs   1.33GiB    0.7%   141KiB
            restor...  9.90k    862ms    0.0%  87.0μs   96.7MiB    0.0%  10.0KiB
            relax_...  9.90k    835ms    0.0%  84.3μs    230MiB    0.1%  23.8KiB
            conver...  9.90k   30.7ms    0.0%  3.10μs   1.96MiB    0.0%     208B
            minima...  9.90k   6.30ms    0.0%   636ns     0.00B    0.0%    0.00B
          solve_pr...  79.2k    2215s   13.2%  28.0ms    466MiB    0.2%  6.03KiB
          solver_c...  49.5k    1766s   10.5%  35.7ms    313MiB    0.2%  6.47KiB
          solve_core   9.90k     681s    4.0%  68.8ms    143MiB    0.1%  14.8KiB
          LP_relax...  49.5k     427s    2.5%  8.64ms   64.7GiB   32.7%  1.34MiB
            solver...  49.5k    98.9s    0.6%  2.00ms    258MiB    0.1%  5.35KiB
          dual_ini...  9.90k   18.7ms    0.0%  1.89μs   1.96MiB    0.0%     208B
        space_change    119k   33.7ms    0.0%   284ns     0.00B    0.0%    0.00B
      update_bellman   2.97k    10.8s    0.1%  3.65ms    473MiB    0.2%   163KiB
        cut_selection  59.3k   51.1ms    0.0%   863ns   3.86MiB    0.0%    68.3B
    forward_pass          25     126s    0.7%   5.03s    193MiB    0.1%  7.72MiB
      solve_subpro...  2.50k     126s    0.7%  50.3ms    187MiB    0.1%  76.4KiB
        solver_cal...  2.50k     125s    0.7%  50.2ms    132MiB    0.1%  54.0KiB
    calculate_bound       25    225ms    0.0%  9.00ms   5.14MiB    0.0%   210KiB
      solver_call_...     25    200ms    0.0%  8.01ms   51.6KiB    0.0%  2.06KiB
────────────────────────────────────────────────────────────────────────────────

||||||||||||||||||||||||||||||||||||||||||||||||||||||||||||||||||||||||||||||||||||||||||||||||||||||||||||||||||||||||||||||||||||||||
LAGRANGIAN DUAL SOLUTION RESULTS
mn_opt: 0 times (0.0%)
conv: 0 times (0.0%)
unbounded: 0 times (0.0%)
bound_issues: 1 times (0.0%)
subgr_stalling: 0 times (0.0%)
opt: 9899 times (100.0%)
feas_issues: 0 times (0.0%)
sub: 0 times (0.0%)
mn_iter: 0 times (0.0%)
iter: 0 times (0.0%)
mn_issue: 0 times (0.0%)

||||||||||||||||||||||||||||||||||||||||||||||||||||||||||||||||||||||||||||||||||||||||||||||||||||||||||||||||||||||||||||||||||||||||
SIMULATION RESULTS
DynamicSDDiP.Simulation(DynamicSDDiP.InSampleMonteCarlo(), 1000)
Lower bound: 59517.45789593876
Statistical upper bound (confidence interval): 77366.58650582092 ± 70.88960272223122
Pessimistic upper bound: 77437.47610854315
